2026-03-16T23:45:27.488+0700 [INFO] [org.gradle.internal.nativeintegration.services.NativeServices] Initialized native services in: C:\Users\USER\.gradle\native
2026-03-16T23:45:27.529+0700 [INFO] [org.gradle.internal.nativeintegration.services.NativeServices] Initialized jansi services in: C:\Users\USER\.gradle\native
2026-03-16T23:45:27.550+0700 [LIFECYCLE] [org.gradle.launcher.cli.DebugLoggerWarningAction] 
#############################################################################
   WARNING WARNING WARNING WARNING WARNING WARNING WARNING WARNING WARNING

   Debug level logging will leak security sensitive information!

   For more details, please refer to https://docs.gradle.org/9.3.1/userguide/logging.html#sec:debug_security in the Gradle documentation.
#############################################################################

2026-03-16T23:45:27.645+0700 [DEBUG] [org.gradle.internal.remote.internal.inet.InetAddresses] Adding IP addresses for network interface Realtek PCIe GbE Family Controller-WFP Native MAC Layer LightWeight Filter-0000
2026-03-16T23:45:27.645+0700 [DEBUG] [org.gradle.internal.remote.internal.inet.InetAddresses] Is this a loopback interface? false
2026-03-16T23:45:27.645+0700 [DEBUG] [org.gradle.internal.remote.internal.inet.InetAddresses] Adding IP addresses for network interface Realtek PCIe GbE Family Controller-VirtualBox NDIS Light-Weight Filter-0000
2026-03-16T23:45:27.646+0700 [DEBUG] [org.gradle.internal.remote.internal.inet.InetAddresses] Is this a loopback interface? false
2026-03-16T23:45:27.646+0700 [DEBUG] [org.gradle.internal.remote.internal.inet.InetAddresses] Adding IP addresses for network interface Realtek PCIe GbE Family Controller-QoS Packet Scheduler-0000
2026-03-16T23:45:27.647+0700 [DEBUG] [org.gradle.internal.remote.internal.inet.InetAddresses] Is this a loopback interface? false
2026-03-16T23:45:27.647+0700 [DEBUG] [org.gradle.internal.remote.internal.inet.InetAddresses] Adding IP addresses for network interface Realtek PCIe GbE Family Controller-WFP 802.3 MAC Layer LightWeight Filter-0000
2026-03-16T23:45:27.647+0700 [DEBUG] [org.gradle.internal.remote.internal.inet.InetAddresses] Is this a loopback interface? false
2026-03-16T23:45:27.647+0700 [DEBUG] [org.gradle.internal.remote.internal.inet.InetAddresses] Adding IP addresses for network interface WAN Miniport (IP)-WFP Native MAC Layer LightWeight Filter-0000
2026-03-16T23:45:27.647+0700 [DEBUG] [org.gradle.internal.remote.internal.inet.InetAddresses] Is this a loopback interface? false
2026-03-16T23:45:27.647+0700 [DEBUG] [org.gradle.internal.remote.internal.inet.InetAddresses] Adding IP addresses for network interface WAN Miniport (IP)-QoS Packet Scheduler-0000
2026-03-16T23:45:27.647+0700 [DEBUG] [org.gradle.internal.remote.internal.inet.InetAddresses] Is this a loopback interface? false
2026-03-16T23:45:27.647+0700 [DEBUG] [org.gradle.internal.remote.internal.inet.InetAddresses] Adding IP addresses for network interface WAN Miniport (IPv6)-WFP Native MAC Layer LightWeight Filter-0000
2026-03-16T23:45:27.647+0700 [DEBUG] [org.gradle.internal.remote.internal.inet.InetAddresses] Is this a loopback interface? false
2026-03-16T23:45:27.647+0700 [DEBUG] [org.gradle.internal.remote.internal.inet.InetAddresses] Adding IP addresses for network interface WAN Miniport (IPv6)-QoS Packet Scheduler-0000
2026-03-16T23:45:27.647+0700 [DEBUG] [org.gradle.internal.remote.internal.inet.InetAddresses] Is this a loopback interface? false
2026-03-16T23:45:27.647+0700 [DEBUG] [org.gradle.internal.remote.internal.inet.InetAddresses] Adding IP addresses for network interface WAN Miniport (Network Monitor)-WFP Native MAC Layer LightWeight Filter-0000
2026-03-16T23:45:27.647+0700 [DEBUG] [org.gradle.internal.remote.internal.inet.InetAddresses] Is this a loopback interface? false
2026-03-16T23:45:27.647+0700 [DEBUG] [org.gradle.internal.remote.internal.inet.InetAddresses] Adding IP addresses for network interface WAN Miniport (Network Monitor)-QoS Packet Scheduler-0000
2026-03-16T23:45:27.647+0700 [DEBUG] [org.gradle.internal.remote.internal.inet.InetAddresses] Is this a loopback interface? false
2026-03-16T23:45:27.648+0700 [DEBUG] [org.gradle.internal.remote.internal.inet.InetAddresses] Adding IP addresses for network interface Microsoft Kernel Debug Network Adapter
2026-03-16T23:45:27.648+0700 [DEBUG] [org.gradle.internal.remote.internal.inet.InetAddresses] Is this a loopback interface? false
2026-03-16T23:45:27.648+0700 [DEBUG] [org.gradle.internal.remote.internal.inet.InetAddresses] Adding IP addresses for network interface Bluetooth Device (Personal Area Network)
2026-03-16T23:45:27.648+0700 [DEBUG] [org.gradle.internal.remote.internal.inet.InetAddresses] Is this a loopback interface? false
2026-03-16T23:45:27.648+0700 [DEBUG] [org.gradle.internal.remote.internal.inet.InetAddresses] Adding remote address /fe80:0:0:0:65b9:21b2:3d84:b781%ethernet_32769
2026-03-16T23:45:27.648+0700 [DEBUG] [org.gradle.internal.remote.internal.inet.InetAddresses] Adding IP addresses for network interface Realtek PCIe GbE Family Controller
2026-03-16T23:45:27.648+0700 [DEBUG] [org.gradle.internal.remote.internal.inet.InetAddresses] Is this a loopback interface? false
2026-03-16T23:45:27.649+0700 [DEBUG] [org.gradle.internal.remote.internal.inet.InetAddresses] Adding remote address /fe80:0:0:0:b382:f086:46d4:6987%ethernet_32770
2026-03-16T23:45:27.649+0700 [DEBUG] [org.gradle.internal.remote.internal.inet.InetAddresses] Adding IP addresses for network interface WAN Miniport (IP)
2026-03-16T23:45:27.649+0700 [DEBUG] [org.gradle.internal.remote.internal.inet.InetAddresses] Is this a loopback interface? false
2026-03-16T23:45:27.649+0700 [DEBUG] [org.gradle.internal.remote.internal.inet.InetAddresses] Adding IP addresses for network interface WAN Miniport (IPv6)
2026-03-16T23:45:27.649+0700 [DEBUG] [org.gradle.internal.remote.internal.inet.InetAddresses] Is this a loopback interface? false
2026-03-16T23:45:27.649+0700 [DEBUG] [org.gradle.internal.remote.internal.inet.InetAddresses] Adding IP addresses for network interface WAN Miniport (Network Monitor)
2026-03-16T23:45:27.649+0700 [DEBUG] [org.gradle.internal.remote.internal.inet.InetAddresses] Is this a loopback interface? false
2026-03-16T23:45:27.649+0700 [DEBUG] [org.gradle.internal.remote.internal.inet.InetAddresses] Adding IP addresses for network interface VMware Virtual Ethernet Adapter for VMnet1
2026-03-16T23:45:27.649+0700 [DEBUG] [org.gradle.internal.remote.internal.inet.InetAddresses] Is this a loopback interface? false
2026-03-16T23:45:27.649+0700 [DEBUG] [org.gradle.internal.remote.internal.inet.InetAddresses] Adding remote address /192.168.12.12
2026-03-16T23:45:27.649+0700 [DEBUG] [org.gradle.internal.remote.internal.inet.InetAddresses] Adding IP addresses for network interface VMware Virtual Ethernet Adapter for VMnet8
2026-03-16T23:45:27.649+0700 [DEBUG] [org.gradle.internal.remote.internal.inet.InetAddresses] Is this a loopback interface? false
2026-03-16T23:45:27.649+0700 [DEBUG] [org.gradle.internal.remote.internal.inet.InetAddresses] Adding IP addresses for network interface VirtualBox Host-Only Ethernet Adapter
2026-03-16T23:45:27.649+0700 [DEBUG] [org.gradle.internal.remote.internal.inet.InetAddresses] Is this a loopback interface? false
2026-03-16T23:45:27.649+0700 [DEBUG] [org.gradle.internal.remote.internal.inet.InetAddresses] Adding IP addresses for network interface WAN Miniport (PPPOE)
2026-03-16T23:45:27.649+0700 [DEBUG] [org.gradle.internal.remote.internal.inet.InetAddresses] Is this a loopback interface? false
2026-03-16T23:45:27.649+0700 [DEBUG] [org.gradle.internal.remote.internal.inet.InetAddresses] Adding IP addresses for network interface Software Loopback Interface 1
2026-03-16T23:45:27.649+0700 [DEBUG] [org.gradle.internal.remote.internal.inet.InetAddresses] Is this a loopback interface? true
2026-03-16T23:45:27.649+0700 [DEBUG] [org.gradle.internal.remote.internal.inet.InetAddresses] Adding loopback address /0:0:0:0:0:0:0:1
2026-03-16T23:45:27.649+0700 [DEBUG] [org.gradle.internal.remote.internal.inet.InetAddresses] Adding loopback address /127.0.0.1
2026-03-16T23:45:27.649+0700 [DEBUG] [org.gradle.internal.remote.internal.inet.InetAddresses] Adding IP addresses for network interface TAP-Windows Adapter V9-WFP Native MAC Layer LightWeight Filter-0000
2026-03-16T23:45:27.649+0700 [DEBUG] [org.gradle.internal.remote.internal.inet.InetAddresses] Is this a loopback interface? false
2026-03-16T23:45:27.649+0700 [DEBUG] [org.gradle.internal.remote.internal.inet.InetAddresses] Adding IP addresses for network interface TAP-Windows Adapter V9-VirtualBox NDIS Light-Weight Filter-0000
2026-03-16T23:45:27.649+0700 [DEBUG] [org.gradle.internal.remote.internal.inet.InetAddresses] Is this a loopback interface? false
2026-03-16T23:45:27.649+0700 [DEBUG] [org.gradle.internal.remote.internal.inet.InetAddresses] Adding IP addresses for network interface TAP-Windows Adapter V9-QoS Packet Scheduler-0000
2026-03-16T23:45:27.650+0700 [DEBUG] [org.gradle.internal.remote.internal.inet.InetAddresses] Is this a loopback interface? false
2026-03-16T23:45:27.650+0700 [DEBUG] [org.gradle.internal.remote.internal.inet.InetAddresses] Adding IP addresses for network interface TAP-Windows Adapter V9-WFP 802.3 MAC Layer LightWeight Filter-0000
2026-03-16T23:45:27.650+0700 [DEBUG] [org.gradle.internal.remote.internal.inet.InetAddresses] Is this a loopback interface? false
2026-03-16T23:45:27.650+0700 [DEBUG] [org.gradle.internal.remote.internal.inet.InetAddresses] Adding IP addresses for network interface TAP-Windows Adapter V9
2026-03-16T23:45:27.650+0700 [DEBUG] [org.gradle.internal.remote.internal.inet.InetAddresses] Is this a loopback interface? false
2026-03-16T23:45:27.650+0700 [DEBUG] [org.gradle.internal.remote.internal.inet.InetAddresses] Adding remote address /fe80:0:0:0:9583:a755:87da:9560%iftype53_32768
2026-03-16T23:45:27.650+0700 [DEBUG] [org.gradle.internal.remote.internal.inet.InetAddresses] Adding IP addresses for network interface Intel(R) Wi-Fi 6 AX201 160MHz-WFP Native MAC Layer LightWeight Filter-0000
2026-03-16T23:45:27.650+0700 [DEBUG] [org.gradle.internal.remote.internal.inet.InetAddresses] Is this a loopback interface? false
2026-03-16T23:45:27.650+0700 [DEBUG] [org.gradle.internal.remote.internal.inet.InetAddresses] Adding IP addresses for network interface Intel(R) Wi-Fi 6 AX201 160MHz-Virtual WiFi Filter Driver-0000
2026-03-16T23:45:27.650+0700 [DEBUG] [org.gradle.internal.remote.internal.inet.InetAddresses] Is this a loopback interface? false
2026-03-16T23:45:27.660+0700 [DEBUG] [org.gradle.internal.remote.internal.inet.InetAddresses] Adding IP addresses for network interface Intel(R) Wi-Fi 6 AX201 160MHz-Native WiFi Filter Driver-0000
2026-03-16T23:45:27.661+0700 [DEBUG] [org.gradle.internal.remote.internal.inet.InetAddresses] Is this a loopback interface? false
2026-03-16T23:45:27.661+0700 [DEBUG] [org.gradle.internal.remote.internal.inet.InetAddresses] Adding IP addresses for network interface Intel(R) Wi-Fi 6 AX201 160MHz-VirtualBox NDIS Light-Weight Filter-0000
2026-03-16T23:45:27.661+0700 [DEBUG] [org.gradle.internal.remote.internal.inet.InetAddresses] Is this a loopback interface? false
2026-03-16T23:45:27.661+0700 [DEBUG] [org.gradle.internal.remote.internal.inet.InetAddresses] Adding IP addresses for network interface Intel(R) Wi-Fi 6 AX201 160MHz-QoS Packet Scheduler-0000
2026-03-16T23:45:27.661+0700 [DEBUG] [org.gradle.internal.remote.internal.inet.InetAddresses] Is this a loopback interface? false
2026-03-16T23:45:27.661+0700 [DEBUG] [org.gradle.internal.remote.internal.inet.InetAddresses] Adding IP addresses for network interface Intel(R) Wi-Fi 6 AX201 160MHz-WFP 802.3 MAC Layer LightWeight Filter-0000
2026-03-16T23:45:27.661+0700 [DEBUG] [org.gradle.internal.remote.internal.inet.InetAddresses] Is this a loopback interface? false
2026-03-16T23:45:27.661+0700 [DEBUG] [org.gradle.internal.remote.internal.inet.InetAddresses] Adding IP addresses for network interface Microsoft Wi-Fi Direct Virtual Adapter #3-WFP Native MAC Layer LightWeight Filter-0000
2026-03-16T23:45:27.661+0700 [DEBUG] [org.gradle.internal.remote.internal.inet.InetAddresses] Is this a loopback interface? false
2026-03-16T23:45:27.661+0700 [DEBUG] [org.gradle.internal.remote.internal.inet.InetAddresses] Adding IP addresses for network interface Microsoft Wi-Fi Direct Virtual Adapter #3-Native WiFi Filter Driver-0000
2026-03-16T23:45:27.661+0700 [DEBUG] [org.gradle.internal.remote.internal.inet.InetAddresses] Is this a loopback interface? false
2026-03-16T23:45:27.661+0700 [DEBUG] [org.gradle.internal.remote.internal.inet.InetAddresses] Adding IP addresses for network interface Microsoft Wi-Fi Direct Virtual Adapter #3-VirtualBox NDIS Light-Weight Filter-0000
2026-03-16T23:45:27.661+0700 [DEBUG] [org.gradle.internal.remote.internal.inet.InetAddresses] Is this a loopback interface? false
2026-03-16T23:45:27.661+0700 [DEBUG] [org.gradle.internal.remote.internal.inet.InetAddresses] Adding IP addresses for network interface Microsoft Wi-Fi Direct Virtual Adapter #3-QoS Packet Scheduler-0000
2026-03-16T23:45:27.661+0700 [DEBUG] [org.gradle.internal.remote.internal.inet.InetAddresses] Is this a loopback interface? false
2026-03-16T23:45:27.661+0700 [DEBUG] [org.gradle.internal.remote.internal.inet.InetAddresses] Adding IP addresses for network interface Microsoft Wi-Fi Direct Virtual Adapter #3-WFP 802.3 MAC Layer LightWeight Filter-0000
2026-03-16T23:45:27.661+0700 [DEBUG] [org.gradle.internal.remote.internal.inet.InetAddresses] Is this a loopback interface? false
2026-03-16T23:45:27.661+0700 [DEBUG] [org.gradle.internal.remote.internal.inet.InetAddresses] Adding IP addresses for network interface Microsoft Wi-Fi Direct Virtual Adapter #4-WFP Native MAC Layer LightWeight Filter-0000
2026-03-16T23:45:27.661+0700 [DEBUG] [org.gradle.internal.remote.internal.inet.InetAddresses] Is this a loopback interface? false
2026-03-16T23:45:27.661+0700 [DEBUG] [org.gradle.internal.remote.internal.inet.InetAddresses] Adding IP addresses for network interface Microsoft Wi-Fi Direct Virtual Adapter #4-Native WiFi Filter Driver-0000
2026-03-16T23:45:27.661+0700 [DEBUG] [org.gradle.internal.remote.internal.inet.InetAddresses] Is this a loopback interface? false
2026-03-16T23:45:27.661+0700 [DEBUG] [org.gradle.internal.remote.internal.inet.InetAddresses] Adding IP addresses for network interface Microsoft Wi-Fi Direct Virtual Adapter #4-VirtualBox NDIS Light-Weight Filter-0000
2026-03-16T23:45:27.661+0700 [DEBUG] [org.gradle.internal.remote.internal.inet.InetAddresses] Is this a loopback interface? false
2026-03-16T23:45:27.661+0700 [DEBUG] [org.gradle.internal.remote.internal.inet.InetAddresses] Adding IP addresses for network interface Microsoft Wi-Fi Direct Virtual Adapter #4-QoS Packet Scheduler-0000
2026-03-16T23:45:27.661+0700 [DEBUG] [org.gradle.internal.remote.internal.inet.InetAddresses] Is this a loopback interface? false
2026-03-16T23:45:27.661+0700 [DEBUG] [org.gradle.internal.remote.internal.inet.InetAddresses] Adding IP addresses for network interface Microsoft Wi-Fi Direct Virtual Adapter #4-WFP 802.3 MAC Layer LightWeight Filter-0000
2026-03-16T23:45:27.661+0700 [DEBUG] [org.gradle.internal.remote.internal.inet.InetAddresses] Is this a loopback interface? false
2026-03-16T23:45:27.661+0700 [DEBUG] [org.gradle.internal.remote.internal.inet.InetAddresses] Adding IP addresses for network interface Intel(R) Wi-Fi 6 AX201 160MHz
2026-03-16T23:45:27.662+0700 [DEBUG] [org.gradle.internal.remote.internal.inet.InetAddresses] Is this a loopback interface? false
2026-03-16T23:45:27.662+0700 [DEBUG] [org.gradle.internal.remote.internal.inet.InetAddresses] Adding remote address /fe80:0:0:0:f987:2a0c:3f01:a25f%wireless_32768
2026-03-16T23:45:27.662+0700 [DEBUG] [org.gradle.internal.remote.internal.inet.InetAddresses] Adding remote address /192.168.2.11
2026-03-16T23:45:27.662+0700 [DEBUG] [org.gradle.internal.remote.internal.inet.InetAddresses] Adding IP addresses for network interface Microsoft Wi-Fi Direct Virtual Adapter
2026-03-16T23:45:27.662+0700 [DEBUG] [org.gradle.internal.remote.internal.inet.InetAddresses] Is this a loopback interface? false
2026-03-16T23:45:27.662+0700 [DEBUG] [org.gradle.internal.remote.internal.inet.InetAddresses] Adding IP addresses for network interface Microsoft Wi-Fi Direct Virtual Adapter #2
2026-03-16T23:45:27.662+0700 [DEBUG] [org.gradle.internal.remote.internal.inet.InetAddresses] Is this a loopback interface? false
2026-03-16T23:45:27.662+0700 [DEBUG] [org.gradle.internal.remote.internal.inet.InetAddresses] Adding IP addresses for network interface Microsoft Wi-Fi Direct Virtual Adapter #3
2026-03-16T23:45:27.662+0700 [DEBUG] [org.gradle.internal.remote.internal.inet.InetAddresses] Is this a loopback interface? false
2026-03-16T23:45:27.662+0700 [DEBUG] [org.gradle.internal.remote.internal.inet.InetAddresses] Adding remote address /fe80:0:0:0:b204:cc4d:f867:ef5e%wireless_32771
2026-03-16T23:45:27.662+0700 [DEBUG] [org.gradle.internal.remote.internal.inet.InetAddresses] Adding IP addresses for network interface Microsoft Wi-Fi Direct Virtual Adapter #4
2026-03-16T23:45:27.662+0700 [DEBUG] [org.gradle.internal.remote.internal.inet.InetAddresses] Is this a loopback interface? false
2026-03-16T23:45:27.662+0700 [DEBUG] [org.gradle.internal.remote.internal.inet.InetAddresses] Adding remote address /fe80:0:0:0:c47f:a53f:e463:15bd%wireless_32772
2026-03-16T23:45:27.662+0700 [DEBUG] [org.gradle.internal.remote.internal.inet.InetAddresses] Adding IP addresses for network interface Microsoft Teredo Tunneling Adapter
2026-03-16T23:45:27.662+0700 [DEBUG] [org.gradle.internal.remote.internal.inet.InetAddresses] Is this a loopback interface? false
2026-03-16T23:45:27.662+0700 [DEBUG] [org.gradle.internal.remote.internal.inet.InetAddresses] Adding IP addresses for network interface Microsoft IP-HTTPS Platform Adapter
2026-03-16T23:45:27.662+0700 [DEBUG] [org.gradle.internal.remote.internal.inet.InetAddresses] Is this a loopback interface? false
2026-03-16T23:45:27.662+0700 [DEBUG] [org.gradle.internal.remote.internal.inet.InetAddresses] Adding IP addresses for network interface Microsoft 6to4 Adapter
2026-03-16T23:45:27.662+0700 [DEBUG] [org.gradle.internal.remote.internal.inet.InetAddresses] Is this a loopback interface? false
2026-03-16T23:45:27.662+0700 [DEBUG] [org.gradle.internal.remote.internal.inet.InetAddresses] Adding IP addresses for network interface WAN Miniport (SSTP)
2026-03-16T23:45:27.662+0700 [DEBUG] [org.gradle.internal.remote.internal.inet.InetAddresses] Is this a loopback interface? false
2026-03-16T23:45:27.662+0700 [DEBUG] [org.gradle.internal.remote.internal.inet.InetAddresses] Adding IP addresses for network interface WAN Miniport (IKEv2)
2026-03-16T23:45:27.662+0700 [DEBUG] [org.gradle.internal.remote.internal.inet.InetAddresses] Is this a loopback interface? false
2026-03-16T23:45:27.662+0700 [DEBUG] [org.gradle.internal.remote.internal.inet.InetAddresses] Adding IP addresses for network interface WAN Miniport (L2TP)
2026-03-16T23:45:27.662+0700 [DEBUG] [org.gradle.internal.remote.internal.inet.InetAddresses] Is this a loopback interface? false
2026-03-16T23:45:27.662+0700 [DEBUG] [org.gradle.internal.remote.internal.inet.InetAddresses] Adding IP addresses for network interface WAN Miniport (PPTP)
2026-03-16T23:45:27.662+0700 [DEBUG] [org.gradle.internal.remote.internal.inet.InetAddresses] Is this a loopback interface? false
2026-03-16T23:45:27.702+0700 [DEBUG] [org.gradle.cache.internal.DefaultCacheCoordinator] Creating new cache for metadata, path C:\Users\USER\.gradle\caches\9.3.1\jvms\metadata.bin, access org.gradle.cache.internal.DefaultCacheCoordinator@6f44a157
2026-03-16T23:45:27.766+0700 [DEBUG] [org.gradle.launcher.daemon.client.DaemonClient] Executing build 35914c15-44d5-4426-ac6f-87a96401d538 in daemon client {pid=8156}
2026-03-16T23:45:27.770+0700 [DEBUG] [org.gradle.cache.internal.DefaultFileLockManager] Waiting to acquire shared lock on daemon addresses registry.
2026-03-16T23:45:27.772+0700 [DEBUG] [org.gradle.cache.internal.DefaultFileLockManager] Lock acquired on daemon addresses registry.
2026-03-16T23:45:27.782+0700 [DEBUG] [org.gradle.cache.internal.DefaultFileLockManager] Releasing lock on daemon addresses registry.
2026-03-16T23:45:27.785+0700 [DEBUG] [org.gradle.internal.remote.internal.inet.TcpOutgoingConnector] Attempting to connect to [b9f39e0f-41c8-4e41-9fe6-503cdd462b0a port:58426, addresses:[/127.0.0.1]].
2026-03-16T23:45:27.785+0700 [DEBUG] [org.gradle.internal.remote.internal.inet.TcpOutgoingConnector] Trying to connect to address /127.0.0.1.
2026-03-16T23:45:27.787+0700 [DEBUG] [org.gradle.internal.remote.internal.inet.TcpOutgoingConnector] Connected to address /127.0.0.1:58426.
2026-03-16T23:45:27.817+0700 [DEBUG] [org.gradle.launcher.daemon.client.DaemonClient] Connected to daemon DaemonInfo{pid=33984, address=[b9f39e0f-41c8-4e41-9fe6-503cdd462b0a port:58426, addresses:[/127.0.0.1]], state=Idle, lastBusy=1773679409690, context=DefaultDaemonContext[uid=06f531bd-5e7d-448b-908d-d98f7ae92f3c,javaHome=C:\Program Files\Java\jdk-24,javaVersion=24,javaVendor=Oracle Corporation,daemonRegistryDir=C:\Users\USER\.gradle\daemon,pid=33984,idleTimeout=10800000,priority=NORMAL,applyInstrumentationAgent=true,nativeServicesMode=ENABLED,daemonOpts=-Xmx2048m,-Dfile.encoding=UTF-8,-Duser.country=US,-Duser.language=en,-Duser.variant]}. Dispatching request Build{id=35914c15-44d5-4426-ac6f-87a96401d538, currentDir=D:\Projects\HealthCareFitness_Android}.
2026-03-16T23:45:27.817+0700 [DEBUG] [org.gradle.launcher.daemon.client.DaemonClientConnection] thread 3: dispatching class org.gradle.launcher.daemon.protocol.Build
2026-03-16T23:45:27.829+0700 [DEBUG] [org.gradle.launcher.daemon.client.DaemonClient] Received result org.gradle.launcher.daemon.protocol.BuildStarted@2a5b3fee from daemon DaemonInfo{pid=33984, address=[b9f39e0f-41c8-4e41-9fe6-503cdd462b0a port:58426, addresses:[/127.0.0.1]], state=Idle, lastBusy=1773679409690, context=DefaultDaemonContext[uid=06f531bd-5e7d-448b-908d-d98f7ae92f3c,javaHome=C:\Program Files\Java\jdk-24,javaVersion=24,javaVendor=Oracle Corporation,daemonRegistryDir=C:\Users\USER\.gradle\daemon,pid=33984,idleTimeout=10800000,priority=NORMAL,applyInstrumentationAgent=true,nativeServicesMode=ENABLED,daemonOpts=-Xmx2048m,-Dfile.encoding=UTF-8,-Duser.country=US,-Duser.language=en,-Duser.variant]} (build should be starting).
2026-03-16T23:45:27.835+0700 [INFO] [org.gradle.launcher.daemon.server.exec.LogToClient] The client will now receive all logging from the daemon (pid: 33984). The daemon log file: C:\Users\USER\.gradle\daemon\9.3.1\daemon-33984.out.log
2026-03-16T23:45:27.837+0700 [INFO] [org.gradle.launcher.daemon.server.exec.LogAndCheckHealth] Starting 8th build in daemon [uptime: 24 mins 31.006 secs, performance: 99%, GC rate: 0.00/s, heap usage: 0% of 2 GiB]
2026-03-16T23:45:27.839+0700 [DEBUG] [org.gradle.launcher.daemon.server.exec.ExecuteBuild] The daemon has started executing the build.
2026-03-16T23:45:27.839+0700 [DEBUG] [org.gradle.launcher.daemon.server.exec.ExecuteBuild] Executing build with daemon context: DefaultDaemonContext[uid=06f531bd-5e7d-448b-908d-d98f7ae92f3c,javaHome=C:\Program Files\Java\jdk-24,javaVersion=24,javaVendor=Oracle Corporation,daemonRegistryDir=C:\Users\USER\.gradle\daemon,pid=33984,idleTimeout=10800000,priority=NORMAL,applyInstrumentationAgent=true,nativeServicesMode=ENABLED,daemonOpts=-Xmx2048m,-Dfile.encoding=UTF-8,-Duser.country=US,-Duser.language=en,-Duser.variant]
2026-03-16T23:45:27.844+0700 [INFO] [org.gradle.internal.work.DefaultWorkerLeaseService] Using 12 worker leases.
2026-03-16T23:45:27.844+0700 [DEBUG] [org.gradle.internal.resources.AbstractTrackedResourceLock] Daemon worker Thread 4: acquired lock on worker lease
2026-03-16T23:45:27.844+0700 [DEBUG] [org.gradle.internal.operations.DefaultBuildOperationRunner] Build operation 'Run build' started
2026-03-16T23:45:27.845+0700 [INFO] [org.gradle.internal.buildtree.BuildTreeModelControllerServices] Operational build model parameters: {requiresToolingModels=false, parallelProjectExecution=false, configureOnDemand=false, configurationCache=false, configurationCacheParallelStore=false, configurationCacheParallelLoad=true, isolatedProjects=false, parallelProjectConfiguration=false, intermediateModelCache=false, parallelToolingApiActions=false, invalidateCoupledProjects=false, modelAsProjectDependency=false, resilientModelBuilding=false}
2026-03-16T23:45:27.853+0700 [DEBUG] [org.gradle.cache.internal.DefaultCacheCoordinator] Creating new cache for fileHashes, path D:\Projects\HealthCareFitness_Android\.gradle\9.3.1\fileHashes\fileHashes.bin, access org.gradle.cache.internal.DefaultCacheCoordinator@5edaaa5
2026-03-16T23:45:27.855+0700 [DEBUG] [org.gradle.cache.internal.LockOnDemandCrossProcessCacheAccess] Acquiring file lock for file hash cache (D:\Projects\HealthCareFitness_Android\.gradle\9.3.1\fileHashes)
2026-03-16T23:45:27.858+0700 [DEBUG] [org.gradle.cache.internal.DefaultFileLockManager] Waiting to acquire exclusive lock on file hash cache (D:\Projects\HealthCareFitness_Android\.gradle\9.3.1\fileHashes).
2026-03-16T23:45:27.859+0700 [DEBUG] [org.gradle.cache.internal.DefaultFileLockManager] Lock acquired on file hash cache (D:\Projects\HealthCareFitness_Android\.gradle\9.3.1\fileHashes).
2026-03-16T23:45:27.861+0700 [DEBUG] [org.gradle.cache.internal.DefaultCacheCoordinator] Creating new cache for outputFiles, path D:\Projects\HealthCareFitness_Android\.gradle\buildOutputCleanup\outputFiles.bin, access org.gradle.cache.internal.DefaultCacheCoordinator@13468877
2026-03-16T23:45:27.861+0700 [DEBUG] [org.gradle.cache.internal.LockOnDemandCrossProcessCacheAccess] Acquiring file lock for Build Output Cleanup Cache (D:\Projects\HealthCareFitness_Android\.gradle\buildOutputCleanup)
2026-03-16T23:45:27.864+0700 [DEBUG] [org.gradle.cache.internal.DefaultFileLockManager] Waiting to acquire exclusive lock on Build Output Cleanup Cache (D:\Projects\HealthCareFitness_Android\.gradle\buildOutputCleanup).
2026-03-16T23:45:27.865+0700 [DEBUG] [org.gradle.cache.internal.DefaultFileLockManager] Lock acquired on Build Output Cleanup Cache (D:\Projects\HealthCareFitness_Android\.gradle\buildOutputCleanup).
2026-03-16T23:45:27.865+0700 [DEBUG] [org.gradle.cache.internal.DefaultCacheCoordinator] Creating new cache for resourceHashesCache, path D:\Projects\HealthCareFitness_Android\.gradle\9.3.1\fileHashes\resourceHashesCache.bin, access org.gradle.cache.internal.DefaultCacheCoordinator@5edaaa5
2026-03-16T23:45:27.867+0700 [INFO] [org.gradle.internal.watch.registry.impl.WatchableHierarchies] Now considering [D:\Projects\HealthCareFitness_Android] as hierarchies to watch
2026-03-16T23:45:27.871+0700 [INFO] [org.gradle.tooling.internal.provider.FileSystemWatchingBuildActionRunner] Watching the file system is configured to be enabled if available
2026-03-16T23:45:27.871+0700 [DEBUG] [org.gradle.tooling.internal.provider.FileSystemWatchingBuildActionRunner] Watching the file system computed to be enabled if available
2026-03-16T23:45:27.871+0700 [DEBUG] [org.gradle.internal.operations.DefaultBuildOperationRunner] Build operation 'Build started for file system watching' started
2026-03-16T23:45:27.872+0700 [DEBUG] [org.gradle.internal.watch.vfs.impl.DefaultWatchableFileSystemDetector] Detected NTFS: C:\ from \Device\HarddiskVolume3 (remote: false)
2026-03-16T23:45:27.872+0700 [DEBUG] [org.gradle.internal.watch.vfs.impl.DefaultWatchableFileSystemDetector] Detected NTFS: D:\ from \Device\HarddiskVolume4 (remote: false)
2026-03-16T23:45:27.873+0700 [DEBUG] [org.gradle.internal.operations.DefaultBuildOperationRunner] Completing Build operation 'Build started for file system watching'
2026-03-16T23:45:27.874+0700 [DEBUG] [org.gradle.internal.operations.DefaultBuildOperationRunner] Build operation 'Build started for file system watching' completed
2026-03-16T23:45:27.874+0700 [INFO] [org.gradle.tooling.internal.provider.FileSystemWatchingBuildActionRunner] File system watching is active
2026-03-16T23:45:27.874+0700 [DEBUG] [org.gradle.internal.operations.DefaultBuildOperationRunner] Build operation 'Load build' started
2026-03-16T23:45:27.876+0700 [DEBUG] [org.gradle.initialization.properties.DefaultGradlePropertiesLoader] Found env project properties: []
2026-03-16T23:45:27.876+0700 [DEBUG] [org.gradle.initialization.properties.DefaultGradlePropertiesLoader] Found system project properties: []
2026-03-16T23:45:27.878+0700 [DEBUG] [org.gradle.initialization.DefaultSettingsLoader] Loading build definition for build: ':'
2026-03-16T23:45:27.878+0700 [DEBUG] [org.gradle.internal.operations.DefaultBuildOperationRunner] Build operation 'Evaluate settings' started
2026-03-16T23:45:27.880+0700 [DEBUG] [org.gradle.cache.internal.DefaultCacheCoordinator] Creating new cache for workingDirs, path D:\Projects\HealthCareFitness_Android\.gradle\9.3.1\vcsMetadata\workingDirs.bin, access org.gradle.cache.internal.DefaultCacheCoordinator@54efd814
2026-03-16T23:45:27.880+0700 [DEBUG] [org.gradle.internal.locking.LockFileReaderWriter] Lockfiles root: D:\Projects\HealthCareFitness_Android\gradle\dependency-locks
2026-03-16T23:45:27.880+0700 [DEBUG] [org.gradle.cache.internal.DefaultCacheCoordinator] Creating new cache for md5-checksums, path D:\Projects\HealthCareFitness_Android\.gradle\9.3.1\checksums\md5-checksums.bin, access org.gradle.cache.internal.DefaultCacheCoordinator@3007f448
2026-03-16T23:45:27.881+0700 [DEBUG] [org.gradle.cache.internal.LockOnDemandCrossProcessCacheAccess] Acquiring file lock for checksums cache (D:\Projects\HealthCareFitness_Android\.gradle\9.3.1\checksums)
2026-03-16T23:45:27.882+0700 [DEBUG] [org.gradle.cache.internal.DefaultFileLockManager] Waiting to acquire exclusive lock on checksums cache (D:\Projects\HealthCareFitness_Android\.gradle\9.3.1\checksums).
2026-03-16T23:45:27.882+0700 [DEBUG] [org.gradle.cache.internal.DefaultFileLockManager] Lock acquired on checksums cache (D:\Projects\HealthCareFitness_Android\.gradle\9.3.1\checksums).
2026-03-16T23:45:27.882+0700 [DEBUG] [org.gradle.cache.internal.DefaultCacheCoordinator] Creating new cache for sha1-checksums, path D:\Projects\HealthCareFitness_Android\.gradle\9.3.1\checksums\sha1-checksums.bin, access org.gradle.cache.internal.DefaultCacheCoordinator@3007f448
2026-03-16T23:45:27.882+0700 [DEBUG] [org.gradle.cache.internal.DefaultCacheCoordinator] Creating new cache for sha256-checksums, path D:\Projects\HealthCareFitness_Android\.gradle\9.3.1\checksums\sha256-checksums.bin, access org.gradle.cache.internal.DefaultCacheCoordinator@3007f448
2026-03-16T23:45:27.882+0700 [DEBUG] [org.gradle.cache.internal.DefaultCacheCoordinator] Creating new cache for sha512-checksums, path D:\Projects\HealthCareFitness_Android\.gradle\9.3.1\checksums\sha512-checksums.bin, access org.gradle.cache.internal.DefaultCacheCoordinator@3007f448
2026-03-16T23:45:27.883+0700 [DEBUG] [org.gradle.api.internal.artifacts.mvnsettings.DefaultLocalMavenRepositoryLocator] No local repository in Settings file defined. Using default path: C:\Users\USER\.m2\repository
2026-03-16T23:45:27.890+0700 [DEBUG] [org.gradle.cache.internal.DefaultCacheCoordinator] Creating new cache for md-supplier, path C:\Users\USER\.gradle\caches\9.3.1\md-supplier\md-supplier.bin, access org.gradle.cache.internal.DefaultCacheCoordinator@f8764ae
2026-03-16T23:45:27.891+0700 [DEBUG] [org.gradle.cache.internal.LockOnDemandCrossProcessCacheAccess] Acquiring file lock for cache directory md-supplier (C:\Users\USER\.gradle\caches\9.3.1\md-supplier)
2026-03-16T23:45:27.894+0700 [DEBUG] [org.gradle.cache.internal.DefaultFileLockManager] Waiting to acquire exclusive lock on cache directory md-supplier (C:\Users\USER\.gradle\caches\9.3.1\md-supplier).
2026-03-16T23:45:27.895+0700 [DEBUG] [org.gradle.cache.internal.DefaultFileLockManager] Lock acquired on cache directory md-supplier (C:\Users\USER\.gradle\caches\9.3.1\md-supplier).
2026-03-16T23:45:27.896+0700 [DEBUG] [org.gradle.cache.internal.DefaultCacheCoordinator] Creating new cache for md-rule, path C:\Users\USER\.gradle\caches\9.3.1\md-rule\md-rule.bin, access org.gradle.cache.internal.DefaultCacheCoordinator@4663ca0a
2026-03-16T23:45:27.897+0700 [DEBUG] [org.gradle.cache.internal.LockOnDemandCrossProcessCacheAccess] Acquiring file lock for cache directory md-rule (C:\Users\USER\.gradle\caches\9.3.1\md-rule)
2026-03-16T23:45:27.899+0700 [DEBUG] [org.gradle.cache.internal.DefaultFileLockManager] Waiting to acquire exclusive lock on cache directory md-rule (C:\Users\USER\.gradle\caches\9.3.1\md-rule).
2026-03-16T23:45:27.899+0700 [DEBUG] [org.gradle.cache.internal.DefaultFileLockManager] Lock acquired on cache directory md-rule (C:\Users\USER\.gradle\caches\9.3.1\md-rule).
2026-03-16T23:45:27.901+0700 [INFO] [org.gradle.internal.buildevents.BuildLogger] Starting Build
2026-03-16T23:45:27.901+0700 [DEBUG] [org.gradle.internal.buildevents.BuildLogger] Gradle user home: C:\Users\USER\.gradle
2026-03-16T23:45:27.902+0700 [DEBUG] [org.gradle.internal.buildevents.BuildLogger] Current dir: D:\Projects\HealthCareFitness_Android
2026-03-16T23:45:27.907+0700 [DEBUG] [org.gradle.internal.operations.DefaultBuildOperationRunner] Build operation 'Apply settings file 'settings.gradle.kts' to settings 'HealthCareFitness_Android'' started
2026-03-16T23:45:27.907+0700 [DEBUG] [org.gradle.kotlin.dsl.provider.KotlinScriptPlugin] Applying Kotlin script to settings 'HealthCareFitness_Android'
2026-03-16T23:45:27.922+0700 [DEBUG] [org.gradle.internal.operations.DefaultBuildOperationRunner] Build operation 'Resolve dependencies of detachedConfiguration1' started
2026-03-16T23:45:27.936+0700 [DEBUG] [org.gradle.api.internal.artifacts.ivyservice.modulecache.ResolvedArtifactCaches] Creating new in-memory cache for repo 'Google' [d4e342018b23d58be902a60e67105aa1].
2026-03-16T23:45:27.937+0700 [DEBUG] [org.gradle.api.internal.artifacts.ivyservice.modulecache.ResolvedArtifactCaches] Creating new in-memory cache for repo 'MavenRepo' [26c913274550a0b2221f47a0fe2d2358].
2026-03-16T23:45:27.938+0700 [DEBUG] [org.gradle.api.internal.artifacts.ivyservice.modulecache.ResolvedArtifactCaches] Creating new in-memory cache for repo 'Gradle Central Plugin Repository' [2f8748e965ecb2135dad092e9ef808de].
2026-03-16T23:45:27.939+0700 [DEBUG] [org.gradle.api.internal.artifacts.ivyservice.ivyresolve.RepositoryChainComponentMetaDataResolver] Attempting to resolve component for org.gradle.toolchains.foojay-resolver-convention:org.gradle.toolchains.foojay-resolver-convention.gradle.plugin:1.0.0 using repositories [Google, MavenRepo, Gradle Central Plugin Repository]
2026-03-16T23:45:27.940+0700 [DEBUG] [org.gradle.api.internal.artifacts.ivyservice.ivyresolve.CachingModuleComponentRepository] Detected non-existence of module 'org.gradle.toolchains.foojay-resolver-convention:org.gradle.toolchains.foojay-resolver-convention.gradle.plugin:1.0.0' in resolver cache 'MavenRepo'
2026-03-16T23:45:27.943+0700 [DEBUG] [org.gradle.api.internal.artifacts.ivyservice.ivyresolve.CachingModuleComponentRepository] Using cached module metadata for module 'org.gradle.toolchains.foojay-resolver-convention:org.gradle.toolchains.foojay-resolver-convention.gradle.plugin:1.0.0' in 'Gradle Central Plugin Repository'
2026-03-16T23:45:27.943+0700 [DEBUG] [org.gradle.api.internal.artifacts.ivyservice.ivyresolve.RepositoryChainComponentMetaDataResolver] Using org.gradle.toolchains.foojay-resolver-convention:org.gradle.toolchains.foojay-resolver-convention.gradle.plugin:1.0.0 from Maven repository 'Gradle Central Plugin Repository'
2026-03-16T23:45:27.952+0700 [DEBUG] [org.gradle.api.internal.attributes.matching.DefaultAttributeMatcher] Selected matches [1] from candidates [{org.gradle.category=library, org.gradle.libraryelements=jar, org.gradle.status=release, org.gradle.usage=java-api}, {org.gradle.category=library, org.gradle.libraryelements=jar, org.gradle.status=release, org.gradle.usage=java-runtime}, {org.gradle.category=documentation, org.gradle.dependency.bundling=external, org.gradle.docstype=sources, org.gradle.status=release, org.gradle.usage=java-runtime}, {org.gradle.category=documentation, org.gradle.dependency.bundling=external, org.gradle.docstype=javadoc, org.gradle.status=release, org.gradle.usage=java-runtime}, {org.gradle.category=platform, org.gradle.status=release, org.gradle.usage=java-api}, {org.gradle.category=platform, org.gradle.status=release, org.gradle.usage=java-runtime}, {org.gradle.category=enforced-platform, org.gradle.status=release, org.gradle.usage=java-api}, {org.gradle.category=enforced-platform, org.gradle.status=release, org.gradle.usage=java-runtime}] for {}
2026-03-16T23:45:27.962+0700 [DEBUG] [org.gradle.internal.operations.DefaultBuildOperationRunner] Completing Build operation 'Resolve dependencies of detachedConfiguration1'
2026-03-16T23:45:27.963+0700 [DEBUG] [org.gradle.internal.operations.DefaultBuildOperationRunner] Build operation 'Resolve dependencies of detachedConfiguration1' completed
2026-03-16T23:45:27.967+0700 [DEBUG] [org.gradle.internal.component.model.LoggingAttributeMatchingExplanationBuilder] Selected match {artifactType=jar, org.gradle.category=library, org.gradle.libraryelements=jar, org.gradle.status=release, org.gradle.usage=java-runtime} from candidates [{artifactType=jar, org.gradle.category=library, org.gradle.libraryelements=jar, org.gradle.status=release, org.gradle.usage=java-runtime}] for {}
2026-03-16T23:45:27.968+0700 [DEBUG] [org.gradle.api.internal.artifacts.ivyservice.ivyresolve.CachingModuleComponentRepository] Detected non-existence of artifact 'org.gradle.toolchains.foojay-resolver-convention.gradle.plugin-1.0.0.jar (org.gradle.toolchains.foojay-resolver-convention:org.gradle.toolchains.foojay-resolver-convention.gradle.plugin:1.0.0)' in resolver cache
2026-03-16T23:45:27.969+0700 [DEBUG] [org.gradle.internal.operations.DefaultBuildOperationRunner] Build operation 'Resolve files of configuration 'detachedConfiguration1'' started
2026-03-16T23:45:27.970+0700 [DEBUG] [org.gradle.internal.operations.DefaultBuildOperationRunner] Completing Build operation 'Resolve files of configuration 'detachedConfiguration1''
2026-03-16T23:45:27.970+0700 [DEBUG] [org.gradle.internal.operations.DefaultBuildOperationRunner] Build operation 'Resolve files of configuration 'detachedConfiguration1'' completed
2026-03-16T23:45:27.970+0700 [INFO] [org.gradle.plugin.use.internal.DefaultPluginRequestApplicator] Resolved plugin [id: 'org.gradle.toolchains.foojay-resolver-convention', version: '1.0.0']
2026-03-16T23:45:27.973+0700 [DEBUG] [org.gradle.api.internal.artifacts.ivyservice.resolveengine.graph.builder.NodeState] org.gradle.toolchains.foojay-resolver-convention:org.gradle.toolchains.foojay-resolver-convention.gradle.plugin:1.0.0 is filtered.
2026-03-16T23:45:27.973+0700 [DEBUG] [org.gradle.api.internal.artifacts.ivyservice.resolveengine.graph.builder.NodeState] org.apache.logging.log4j:log4j-core:{require 2.17.1; reject [2.0, 2.17.1)} is filtered.
2026-03-16T23:45:27.973+0700 [DEBUG] [org.gradle.api.internal.artifacts.ivyservice.resolveengine.graph.builder.NodeState] org.jetbrains.kotlin:kotlin-stdlib:{strictly 2.2.21} is filtered.
2026-03-16T23:45:27.974+0700 [DEBUG] [org.gradle.api.internal.artifacts.ivyservice.resolveengine.graph.builder.NodeState] org.jetbrains.kotlin:kotlin-reflect:{strictly 2.2.21} is filtered.
2026-03-16T23:45:27.974+0700 [DEBUG] [org.gradle.api.internal.artifacts.ivyservice.resolveengine.graph.builder.NodeState] org.jetbrains:annotations:{strictly 13.0} is filtered.
2026-03-16T23:45:27.976+0700 [DEBUG] [org.gradle.internal.operations.DefaultBuildOperationRunner] Build operation 'Resolve dependencies of classpath' started
2026-03-16T23:45:27.978+0700 [DEBUG] [org.gradle.api.internal.artifacts.ivyservice.modulecache.ResolvedArtifactCaches] Reusing in-memory cache for repo 'Google' [d4e342018b23d58be902a60e67105aa1].
2026-03-16T23:45:27.979+0700 [DEBUG] [org.gradle.api.internal.artifacts.ivyservice.modulecache.ResolvedArtifactCaches] Reusing in-memory cache for repo 'MavenRepo' [26c913274550a0b2221f47a0fe2d2358].
2026-03-16T23:45:27.980+0700 [DEBUG] [org.gradle.api.internal.artifacts.ivyservice.modulecache.ResolvedArtifactCaches] Reusing in-memory cache for repo 'Gradle Central Plugin Repository' [2f8748e965ecb2135dad092e9ef808de].
2026-03-16T23:45:27.981+0700 [DEBUG] [org.gradle.api.internal.artifacts.ivyservice.ivyresolve.RepositoryChainComponentMetaDataResolver] Attempting to resolve component for org.gradle.toolchains.foojay-resolver-convention:org.gradle.toolchains.foojay-resolver-convention.gradle.plugin:1.0.0 using repositories [Google, MavenRepo, Gradle Central Plugin Repository]
2026-03-16T23:45:27.981+0700 [DEBUG] [org.gradle.api.internal.artifacts.ivyservice.ivyresolve.CachingModuleComponentRepository] Detected non-existence of module 'org.gradle.toolchains.foojay-resolver-convention:org.gradle.toolchains.foojay-resolver-convention.gradle.plugin:1.0.0' in resolver cache 'MavenRepo'
2026-03-16T23:45:27.981+0700 [DEBUG] [org.gradle.api.internal.artifacts.ivyservice.ivyresolve.CachingModuleComponentRepository] Using cached module metadata for module 'org.gradle.toolchains.foojay-resolver-convention:org.gradle.toolchains.foojay-resolver-convention.gradle.plugin:1.0.0' in 'Gradle Central Plugin Repository'
2026-03-16T23:45:27.981+0700 [DEBUG] [org.gradle.api.internal.artifacts.ivyservice.ivyresolve.RepositoryChainComponentMetaDataResolver] Using org.gradle.toolchains.foojay-resolver-convention:org.gradle.toolchains.foojay-resolver-convention.gradle.plugin:1.0.0 from Maven repository 'Gradle Central Plugin Repository'
2026-03-16T23:45:27.981+0700 [DEBUG] [org.gradle.internal.component.model.LoggingAttributeMatchingExplanationBuilder] Candidate {org.gradle.category=library, org.gradle.libraryelements=jar, org.gradle.status=release, org.gradle.usage=java-api} attribute org.gradle.usage value org.gradle.usage=java-api doesn't requested value java-runtime
2026-03-16T23:45:27.982+0700 [DEBUG] [org.gradle.internal.component.model.LoggingAttributeMatchingExplanationBuilder] Candidate {org.gradle.category=library, org.gradle.libraryelements=jar, org.gradle.status=release, org.gradle.usage=java-runtime} doesn't have attribute org.gradle.dependency.bundling
2026-03-16T23:45:27.982+0700 [DEBUG] [org.gradle.internal.component.model.LoggingAttributeMatchingExplanationBuilder] Candidate {org.gradle.category=library, org.gradle.libraryelements=jar, org.gradle.status=release, org.gradle.usage=java-runtime} doesn't have attribute org.gradle.jvm.version
2026-03-16T23:45:27.982+0700 [DEBUG] [org.gradle.internal.component.model.LoggingAttributeMatchingExplanationBuilder] Candidate {org.gradle.category=library, org.gradle.libraryelements=jar, org.gradle.status=release, org.gradle.usage=java-runtime} doesn't have attribute org.gradle.plugin.api-version
2026-03-16T23:45:27.982+0700 [DEBUG] [org.gradle.internal.component.model.LoggingAttributeMatchingExplanationBuilder] Candidate {org.gradle.category=documentation, org.gradle.dependency.bundling=external, org.gradle.docstype=sources, org.gradle.status=release, org.gradle.usage=java-runtime} attribute org.gradle.category value org.gradle.category=documentation doesn't requested value library
2026-03-16T23:45:27.982+0700 [DEBUG] [org.gradle.internal.component.model.LoggingAttributeMatchingExplanationBuilder] Candidate {org.gradle.category=documentation, org.gradle.dependency.bundling=external, org.gradle.docstype=javadoc, org.gradle.status=release, org.gradle.usage=java-runtime} attribute org.gradle.category value org.gradle.category=documentation doesn't requested value library
2026-03-16T23:45:27.983+0700 [DEBUG] [org.gradle.internal.component.model.LoggingAttributeMatchingExplanationBuilder] Candidate {org.gradle.category=platform, org.gradle.status=release, org.gradle.usage=java-api} attribute org.gradle.usage value org.gradle.usage=java-api doesn't requested value java-runtime
2026-03-16T23:45:27.983+0700 [DEBUG] [org.gradle.internal.component.model.LoggingAttributeMatchingExplanationBuilder] Candidate {org.gradle.category=platform, org.gradle.status=release, org.gradle.usage=java-runtime} attribute org.gradle.category value org.gradle.category=platform doesn't requested value library
2026-03-16T23:45:27.983+0700 [DEBUG] [org.gradle.internal.component.model.LoggingAttributeMatchingExplanationBuilder] Candidate {org.gradle.category=enforced-platform, org.gradle.status=release, org.gradle.usage=java-api} attribute org.gradle.usage value org.gradle.usage=java-api doesn't requested value java-runtime
2026-03-16T23:45:27.983+0700 [DEBUG] [org.gradle.internal.component.model.LoggingAttributeMatchingExplanationBuilder] Candidate {org.gradle.category=enforced-platform, org.gradle.status=release, org.gradle.usage=java-runtime} attribute org.gradle.category value org.gradle.category=enforced-platform doesn't requested value library
2026-03-16T23:45:27.984+0700 [DEBUG] [org.gradle.api.internal.attributes.matching.DefaultAttributeMatcher] Selected matches [1] from candidates [{org.gradle.category=library, org.gradle.libraryelements=jar, org.gradle.status=release, org.gradle.usage=java-api}, {org.gradle.category=library, org.gradle.libraryelements=jar, org.gradle.status=release, org.gradle.usage=java-runtime}, {org.gradle.category=documentation, org.gradle.dependency.bundling=external, org.gradle.docstype=sources, org.gradle.status=release, org.gradle.usage=java-runtime}, {org.gradle.category=documentation, org.gradle.dependency.bundling=external, org.gradle.docstype=javadoc, org.gradle.status=release, org.gradle.usage=java-runtime}, {org.gradle.category=platform, org.gradle.status=release, org.gradle.usage=java-api}, {org.gradle.category=platform, org.gradle.status=release, org.gradle.usage=java-runtime}, {org.gradle.category=enforced-platform, org.gradle.status=release, org.gradle.usage=java-api}, {org.gradle.category=enforced-platform, org.gradle.status=release, org.gradle.usage=java-runtime}] for {org.gradle.category=library, org.gradle.dependency.bundling=external, org.gradle.jvm.version=24, org.gradle.libraryelements=jar, org.gradle.plugin.api-version=9.3.1, org.gradle.usage=java-runtime}
2026-03-16T23:45:27.984+0700 [DEBUG] [org.gradle.api.internal.artifacts.ivyservice.ivyresolve.RepositoryChainComponentMetaDataResolver] Attempting to resolve component for org.gradle.toolchains:foojay-resolver:1.0.0 using repositories [Google, MavenRepo, Gradle Central Plugin Repository]
2026-03-16T23:45:27.985+0700 [DEBUG] [org.gradle.api.internal.artifacts.ivyservice.ivyresolve.CachingModuleComponentRepository] Detected non-existence of module 'org.gradle.toolchains:foojay-resolver:1.0.0' in resolver cache 'MavenRepo'
2026-03-16T23:45:27.986+0700 [DEBUG] [org.gradle.api.internal.artifacts.ivyservice.ivyresolve.CachingModuleComponentRepository] Using cached module metadata for module 'org.gradle.toolchains:foojay-resolver:1.0.0' in 'Gradle Central Plugin Repository'
2026-03-16T23:45:27.986+0700 [DEBUG] [org.gradle.api.internal.artifacts.ivyservice.ivyresolve.RepositoryChainComponentMetaDataResolver] Using org.gradle.toolchains:foojay-resolver:1.0.0 from Maven repository 'Gradle Central Plugin Repository'
2026-03-16T23:45:27.987+0700 [DEBUG] [org.gradle.internal.component.model.LoggingAttributeMatchingExplanationBuilder] Candidate {org.gradle.category=documentation, org.gradle.dependency.bundling=external, org.gradle.docstype=javadoc, org.gradle.status=release, org.gradle.usage=java-runtime} attribute org.gradle.category value org.gradle.category=documentation doesn't requested value library
2026-03-16T23:45:27.987+0700 [DEBUG] [org.gradle.internal.component.model.LoggingAttributeMatchingExplanationBuilder] Candidate {org.gradle.category=documentation, org.gradle.dependency.bundling=external, org.gradle.docstype=sources, org.gradle.status=release, org.gradle.usage=java-runtime} attribute org.gradle.category value org.gradle.category=documentation doesn't requested value library
2026-03-16T23:45:27.988+0700 [DEBUG] [org.gradle.api.internal.attributes.matching.DefaultAttributeMatcher] Selected matches [0] from candidates [{org.gradle.category=library, org.gradle.dependency.bundling=shadowed, org.gradle.jvm.environment=standard-jvm, org.gradle.jvm.version=17, org.gradle.libraryelements=jar, org.gradle.plugin.api-version=7.6, org.gradle.status=release, org.gradle.usage=java-runtime}, {org.gradle.category=documentation, org.gradle.dependency.bundling=external, org.gradle.docstype=javadoc, org.gradle.status=release, org.gradle.usage=java-runtime}, {org.gradle.category=documentation, org.gradle.dependency.bundling=external, org.gradle.docstype=sources, org.gradle.status=release, org.gradle.usage=java-runtime}] for {org.gradle.category=library, org.gradle.dependency.bundling=external, org.gradle.jvm.version=24, org.gradle.libraryelements=jar, org.gradle.plugin.api-version=9.3.1, org.gradle.usage=java-runtime}
2026-03-16T23:45:27.990+0700 [DEBUG] [org.gradle.internal.operations.DefaultBuildOperationRunner] Completing Build operation 'Resolve dependencies of classpath'
2026-03-16T23:45:27.990+0700 [DEBUG] [org.gradle.internal.operations.DefaultBuildOperationRunner] Build operation 'Resolve dependencies of classpath' completed
2026-03-16T23:45:27.990+0700 [DEBUG] [org.gradle.internal.component.model.LoggingAttributeMatchingExplanationBuilder] Selected match {artifactType=jar, org.gradle.category=library, org.gradle.internal.instrumented=not-instrumented, org.gradle.libraryelements=jar, org.gradle.status=release, org.gradle.usage=java-runtime} from candidates [{artifactType=jar, org.gradle.category=library, org.gradle.internal.instrumented=not-instrumented, org.gradle.libraryelements=jar, org.gradle.status=release, org.gradle.usage=java-runtime}] for {org.gradle.category=library, org.gradle.dependency.bundling=external, org.gradle.jvm.version=24, org.gradle.libraryelements=jar, org.gradle.plugin.api-version=9.3.1, org.gradle.usage=java-runtime}
2026-03-16T23:45:27.991+0700 [DEBUG] [org.gradle.internal.component.model.LoggingAttributeMatchingExplanationBuilder] Selected match {artifactType=jar, org.gradle.category=library, org.gradle.dependency.bundling=shadowed, org.gradle.internal.instrumented=not-instrumented, org.gradle.jvm.environment=standard-jvm, org.gradle.jvm.version=17, org.gradle.libraryelements=jar, org.gradle.plugin.api-version=7.6, org.gradle.status=release, org.gradle.usage=java-runtime} from candidates [{artifactType=jar, org.gradle.category=library, org.gradle.dependency.bundling=shadowed, org.gradle.internal.instrumented=not-instrumented, org.gradle.jvm.environment=standard-jvm, org.gradle.jvm.version=17, org.gradle.libraryelements=jar, org.gradle.plugin.api-version=7.6, org.gradle.status=release, org.gradle.usage=java-runtime}] for {org.gradle.category=library, org.gradle.dependency.bundling=external, org.gradle.jvm.version=24, org.gradle.libraryelements=jar, org.gradle.plugin.api-version=9.3.1, org.gradle.usage=java-runtime}
2026-03-16T23:45:27.991+0700 [DEBUG] [org.gradle.internal.operations.DefaultBuildOperationRunner] Build operation 'Resolve files of configuration 'classpath'' started
2026-03-16T23:45:27.992+0700 [DEBUG] [org.gradle.internal.operations.DefaultBuildOperationRunner] Build operation 'Resolve foojay-resolver-1.0.0.jar (org.gradle.toolchains:foojay-resolver:1.0.0)' started
2026-03-16T23:45:27.993+0700 [DEBUG] [org.gradle.api.internal.artifacts.ivyservice.ivyresolve.CachingModuleComponentRepository] Found artifact 'org.gradle.internal.component.external.model.UrlBackedArtifactMetadata@505cd0aa' in resolver cache: C:\Users\USER\.gradle\caches\modules-2\files-2.1\org.gradle.toolchains\foojay-resolver\1.0.0\72c0af50bc9156fb2a9429ed152abb4417bb6eaf\foojay-resolver-1.0.0.jar
2026-03-16T23:45:27.993+0700 [DEBUG] [org.gradle.internal.operations.DefaultBuildOperationRunner] Completing Build operation 'Resolve foojay-resolver-1.0.0.jar (org.gradle.toolchains:foojay-resolver:1.0.0)'
2026-03-16T23:45:27.993+0700 [DEBUG] [org.gradle.internal.operations.DefaultBuildOperationRunner] Build operation 'Resolve foojay-resolver-1.0.0.jar (org.gradle.toolchains:foojay-resolver:1.0.0)' completed
2026-03-16T23:45:27.994+0700 [DEBUG] [org.gradle.internal.operations.DefaultBuildOperationRunner] Completing Build operation 'Resolve files of configuration 'classpath''
2026-03-16T23:45:27.994+0700 [DEBUG] [org.gradle.internal.operations.DefaultBuildOperationRunner] Build operation 'Resolve files of configuration 'classpath'' completed
2026-03-16T23:45:27.995+0700 [DEBUG] [org.gradle.internal.component.model.LoggingAttributeMatchingExplanationBuilder] Candidate {artifactType=jar, org.gradle.category=library, org.gradle.internal.instrumented=not-instrumented, org.gradle.libraryelements=jar, org.gradle.status=release, org.gradle.usage=java-runtime} doesn't match attributes {org.gradle.category=library, org.gradle.dependency.bundling=external, org.gradle.internal.instrumented=instrumented-and-upgraded, org.gradle.jvm.version=24, org.gradle.libraryelements=jar, org.gradle.plugin.api-version=9.3.1, org.gradle.usage=java-runtime}
2026-03-16T23:45:27.996+0700 [DEBUG] [org.gradle.internal.component.model.LoggingAttributeMatchingExplanationBuilder] Candidate {artifactType=jar, org.gradle.category=library, org.gradle.dependency.bundling=shadowed, org.gradle.internal.instrumented=not-instrumented, org.gradle.jvm.environment=standard-jvm, org.gradle.jvm.version=17, org.gradle.libraryelements=jar, org.gradle.plugin.api-version=7.6, org.gradle.status=release, org.gradle.usage=java-runtime} doesn't match attributes {org.gradle.category=library, org.gradle.dependency.bundling=external, org.gradle.internal.instrumented=instrumented-and-upgraded, org.gradle.jvm.version=24, org.gradle.libraryelements=jar, org.gradle.plugin.api-version=9.3.1, org.gradle.usage=java-runtime}
2026-03-16T23:45:27.997+0700 [DEBUG] [org.gradle.internal.operations.DefaultBuildOperationRunner] Build operation 'Resolve files of configuration 'classpath'' started
2026-03-16T23:45:27.997+0700 [DEBUG] [org.gradle.internal.operations.DefaultBuildOperationRunner] Build operation 'Fingerprint transform inputs' started
2026-03-16T23:45:27.998+0700 [DEBUG] [org.gradle.internal.operations.DefaultBuildOperationRunner] Completing Build operation 'Fingerprint transform inputs'
2026-03-16T23:45:27.998+0700 [DEBUG] [org.gradle.internal.operations.DefaultBuildOperationRunner] Build operation 'Fingerprint transform inputs' completed
2026-03-16T23:45:27.998+0700 [DEBUG] [org.gradle.internal.component.model.LoggingAttributeMatchingExplanationBuilder] Candidate {artifactType=jar, org.gradle.category=library, org.gradle.internal.instrumented=not-instrumented, org.gradle.libraryelements=jar, org.gradle.status=release, org.gradle.usage=java-runtime} doesn't match attributes {org.gradle.category=library, org.gradle.dependency.bundling=external, org.gradle.internal.instrumented=analyzed-artifact, org.gradle.jvm.version=24, org.gradle.libraryelements=classes, org.gradle.plugin.api-version=9.3.1, org.gradle.usage=java-runtime}
2026-03-16T23:45:27.999+0700 [DEBUG] [org.gradle.internal.component.model.LoggingAttributeMatchingExplanationBuilder] Candidate {artifactType=jar, org.gradle.category=library, org.gradle.dependency.bundling=shadowed, org.gradle.internal.instrumented=not-instrumented, org.gradle.jvm.environment=standard-jvm, org.gradle.jvm.version=17, org.gradle.libraryelements=jar, org.gradle.plugin.api-version=7.6, org.gradle.status=release, org.gradle.usage=java-runtime} doesn't match attributes {org.gradle.category=library, org.gradle.dependency.bundling=external, org.gradle.internal.instrumented=analyzed-artifact, org.gradle.jvm.version=24, org.gradle.libraryelements=classes, org.gradle.plugin.api-version=9.3.1, org.gradle.usage=java-runtime}
2026-03-16T23:45:27.999+0700 [DEBUG] [org.gradle.internal.operations.DefaultBuildOperationRunner] Build operation 'Resolve files of configuration 'classpath'' started
2026-03-16T23:45:28.000+0700 [DEBUG] [org.gradle.internal.operations.DefaultBuildOperationRunner] Completing Build operation 'Resolve files of configuration 'classpath''
2026-03-16T23:45:28.000+0700 [DEBUG] [org.gradle.internal.operations.DefaultBuildOperationRunner] Build operation 'Resolve files of configuration 'classpath'' completed
2026-03-16T23:45:28.001+0700 [DEBUG] [org.gradle.internal.operations.DefaultBuildOperationRunner] Build operation 'Fingerprint transform inputs' started
2026-03-16T23:45:28.002+0700 [DEBUG] [org.gradle.internal.operations.DefaultBuildOperationRunner] Completing Build operation 'Fingerprint transform inputs'
2026-03-16T23:45:28.002+0700 [DEBUG] [org.gradle.internal.operations.DefaultBuildOperationRunner] Build operation 'Fingerprint transform inputs' completed
2026-03-16T23:45:28.003+0700 [DEBUG] [org.gradle.internal.operations.DefaultBuildOperationRunner] Build operation 'Fingerprint transform inputs' started
2026-03-16T23:45:28.004+0700 [DEBUG] [org.gradle.internal.operations.DefaultBuildOperationRunner] Completing Build operation 'Fingerprint transform inputs'
2026-03-16T23:45:28.004+0700 [DEBUG] [org.gradle.internal.operations.DefaultBuildOperationRunner] Build operation 'Fingerprint transform inputs' completed
2026-03-16T23:45:28.005+0700 [DEBUG] [org.gradle.internal.operations.DefaultBuildOperationRunner] Build operation 'Execute transform chain: foojay-resolver-1.0.0.jar (org.gradle.toolchains:foojay-resolver:1.0.0)' started
2026-03-16T23:45:28.006+0700 [DEBUG] [org.gradle.internal.operations.DefaultBuildOperationRunner] Completing Build operation 'Execute transform chain: foojay-resolver-1.0.0.jar (org.gradle.toolchains:foojay-resolver:1.0.0)'
2026-03-16T23:45:28.007+0700 [DEBUG] [org.gradle.internal.operations.DefaultBuildOperationRunner] Build operation 'Execute transform chain: foojay-resolver-1.0.0.jar (org.gradle.toolchains:foojay-resolver:1.0.0)' completed
2026-03-16T23:45:28.008+0700 [DEBUG] [org.gradle.internal.operations.DefaultBuildOperationRunner] Completing Build operation 'Resolve files of configuration 'classpath''
2026-03-16T23:45:28.009+0700 [DEBUG] [org.gradle.internal.operations.DefaultBuildOperationRunner] Build operation 'Resolve files of configuration 'classpath'' completed
2026-03-16T23:45:28.010+0700 [DEBUG] [org.gradle.internal.operations.DefaultBuildOperationRunner] Build operation 'Resolve files of configuration 'classpath'' started
2026-03-16T23:45:28.011+0700 [DEBUG] [org.gradle.internal.operations.DefaultBuildOperationRunner] Completing Build operation 'Resolve files of configuration 'classpath''
2026-03-16T23:45:28.011+0700 [DEBUG] [org.gradle.internal.operations.DefaultBuildOperationRunner] Build operation 'Resolve files of configuration 'classpath'' completed
2026-03-16T23:45:28.014+0700 [DEBUG] [org.gradle.internal.operations.DefaultBuildOperationRunner] Build operation 'Apply plugin org.gradle.toolchains.foojay-resolver-convention to settings 'HealthCareFitness_Android'' started
2026-03-16T23:45:28.015+0700 [DEBUG] [org.gradle.internal.operations.DefaultBuildOperationRunner] Build operation 'Apply plugin org.gradle.toolchains.foojay.FoojayToolchainsPlugin to settings 'HealthCareFitness_Android'' started
2026-03-16T23:45:28.015+0700 [DEBUG] [org.gradle.internal.operations.DefaultBuildOperationRunner] Build operation 'Apply plugin org.gradle.jvm-toolchain-management to settings 'HealthCareFitness_Android'' started
2026-03-16T23:45:28.016+0700 [DEBUG] [org.gradle.internal.operations.DefaultBuildOperationRunner] Completing Build operation 'Apply plugin org.gradle.jvm-toolchain-management to settings 'HealthCareFitness_Android''
2026-03-16T23:45:28.017+0700 [DEBUG] [org.gradle.internal.operations.DefaultBuildOperationRunner] Build operation 'Apply plugin org.gradle.jvm-toolchain-management to settings 'HealthCareFitness_Android'' completed
2026-03-16T23:45:28.017+0700 [DEBUG] [org.gradle.internal.operations.DefaultBuildOperationRunner] Completing Build operation 'Apply plugin org.gradle.toolchains.foojay.FoojayToolchainsPlugin to settings 'HealthCareFitness_Android''
2026-03-16T23:45:28.017+0700 [DEBUG] [org.gradle.internal.operations.DefaultBuildOperationRunner] Build operation 'Apply plugin org.gradle.toolchains.foojay.FoojayToolchainsPlugin to settings 'HealthCareFitness_Android'' completed
2026-03-16T23:45:28.018+0700 [DEBUG] [org.gradle.internal.operations.DefaultBuildOperationRunner] Completing Build operation 'Apply plugin org.gradle.toolchains.foojay-resolver-convention to settings 'HealthCareFitness_Android''
2026-03-16T23:45:28.018+0700 [DEBUG] [org.gradle.internal.operations.DefaultBuildOperationRunner] Build operation 'Apply plugin org.gradle.toolchains.foojay-resolver-convention to settings 'HealthCareFitness_Android'' completed
2026-03-16T23:45:28.126+0700 [DEBUG] [org.gradle.api.internal.runtimeshaded.RuntimeShadedJarFactory] Using Gradle runtime shaded JAR file: C:\Users\USER\.gradle\caches\9.3.1\generated-gradle-jars\gradle-api-9.3.1.jar
2026-03-16T23:45:28.134+0700 [DEBUG] [org.gradle.internal.locking.LockFileReaderWriter] Lockfiles root: D:\Projects\HealthCareFitness_Android\gradle\dependency-locks
2026-03-16T23:45:28.137+0700 [DEBUG] [org.gradle.internal.operations.DefaultBuildOperationRunner] Completing Build operation 'Apply settings file 'settings.gradle.kts' to settings 'HealthCareFitness_Android''
2026-03-16T23:45:28.137+0700 [DEBUG] [org.gradle.internal.operations.DefaultBuildOperationRunner] Build operation 'Apply settings file 'settings.gradle.kts' to settings 'HealthCareFitness_Android'' completed
2026-03-16T23:45:28.137+0700 [DEBUG] [org.gradle.initialization.ScriptEvaluatingSettingsProcessor] Timing: Processing settings took: 0.258 secs
2026-03-16T23:45:28.138+0700 [INFO] [org.gradle.internal.buildevents.BuildLogger] Settings evaluated using settings file 'D:\Projects\HealthCareFitness_Android\settings.gradle.kts'.
2026-03-16T23:45:28.138+0700 [DEBUG] [org.gradle.caching.configuration.internal.DefaultBuildCacheConfiguration] Found class org.gradle.caching.local.internal.DirectoryBuildCacheServiceFactory registered for class org.gradle.caching.local.DirectoryBuildCache
2026-03-16T23:45:28.138+0700 [DEBUG] [org.gradle.internal.operations.DefaultBuildOperationRunner] Build operation 'Finalize build cache configuration' started
2026-03-16T23:45:28.139+0700 [DEBUG] [org.gradle.internal.operations.DefaultBuildOperationRunner] Completing Build operation 'Finalize build cache configuration'
2026-03-16T23:45:28.139+0700 [DEBUG] [org.gradle.internal.operations.DefaultBuildOperationRunner] Build operation 'Finalize build cache configuration' completed
2026-03-16T23:45:28.139+0700 [DEBUG] [org.gradle.internal.operations.DefaultBuildOperationRunner] Completing Build operation 'Evaluate settings'
2026-03-16T23:45:28.139+0700 [DEBUG] [org.gradle.internal.operations.DefaultBuildOperationRunner] Build operation 'Evaluate settings' completed
2026-03-16T23:45:28.140+0700 [DEBUG] [org.gradle.internal.operations.DefaultBuildOperationRunner] Completing Build operation 'Load build'
2026-03-16T23:45:28.140+0700 [DEBUG] [org.gradle.internal.operations.DefaultBuildOperationRunner] Build operation 'Load build' completed
2026-03-16T23:45:28.140+0700 [DEBUG] [org.gradle.internal.operations.DefaultBuildOperationRunner] Build operation 'Configure build' started
2026-03-16T23:45:28.141+0700 [DEBUG] [org.gradle.internal.operations.DefaultBuildOperationRunner] Build operation 'Execute container callback action' started
2026-03-16T23:45:28.141+0700 [DEBUG] [org.gradle.internal.operations.DefaultBuildOperationRunner] Completing Build operation 'Execute container callback action'
2026-03-16T23:45:28.141+0700 [DEBUG] [org.gradle.internal.operations.DefaultBuildOperationRunner] Build operation 'Execute container callback action' completed
2026-03-16T23:45:28.143+0700 [DEBUG] [org.gradle.internal.operations.DefaultBuildOperationRunner] Build operation 'Resolve dependencies of incomingCatalogForLibs0' started
2026-03-16T23:45:28.147+0700 [DEBUG] [org.gradle.api.internal.artifacts.ivyservice.modulecache.ResolvedArtifactCaches] Reusing in-memory cache for repo 'Google' [d4e342018b23d58be902a60e67105aa1].
2026-03-16T23:45:28.148+0700 [DEBUG] [org.gradle.api.internal.artifacts.ivyservice.modulecache.ResolvedArtifactCaches] Reusing in-memory cache for repo 'MavenRepo' [26c913274550a0b2221f47a0fe2d2358].
2026-03-16T23:45:28.151+0700 [DEBUG] [org.gradle.api.internal.artifacts.ivyservice.modulecache.ResolvedArtifactCaches] Creating new in-memory cache for repo 'maven' [6adecb6037dccc64d8e6aa598d7b6c1a].
2026-03-16T23:45:28.155+0700 [DEBUG] [org.gradle.internal.operations.DefaultBuildOperationRunner] Completing Build operation 'Resolve dependencies of incomingCatalogForLibs0'
2026-03-16T23:45:28.156+0700 [DEBUG] [org.gradle.internal.operations.DefaultBuildOperationRunner] Build operation 'Resolve dependencies of incomingCatalogForLibs0' completed
2026-03-16T23:45:28.156+0700 [DEBUG] [org.gradle.internal.operations.DefaultBuildOperationRunner] Build operation 'Resolve files of configuration 'incomingCatalogForLibs0'' started
2026-03-16T23:45:28.157+0700 [DEBUG] [org.gradle.internal.component.model.LoggingAttributeMatchingExplanationBuilder] Selected match {artifactType=toml} from candidates [{artifactType=toml}] for {org.gradle.category=platform, org.gradle.usage=version-catalog}
2026-03-16T23:45:28.157+0700 [DEBUG] [org.gradle.internal.operations.DefaultBuildOperationRunner] Completing Build operation 'Resolve files of configuration 'incomingCatalogForLibs0''
2026-03-16T23:45:28.157+0700 [DEBUG] [org.gradle.internal.operations.DefaultBuildOperationRunner] Build operation 'Resolve files of configuration 'incomingCatalogForLibs0'' completed
2026-03-16T23:45:28.166+0700 [DEBUG] [org.gradle.cache.internal.LockOnDemandCrossProcessCacheAccess] Acquiring file lock for cache directory 19666b7ee7477488faba75fa6199859f9eeb0a35 (C:\Users\USER\.gradle\caches\9.3.1\dependencies-accessors\19666b7ee7477488faba75fa6199859f9eeb0a35)
2026-03-16T23:45:28.168+0700 [DEBUG] [org.gradle.cache.internal.DefaultFileLockManager] Waiting to acquire exclusive lock on cache directory 19666b7ee7477488faba75fa6199859f9eeb0a35 (C:\Users\USER\.gradle\caches\9.3.1\dependencies-accessors\19666b7ee7477488faba75fa6199859f9eeb0a35).
2026-03-16T23:45:28.169+0700 [DEBUG] [org.gradle.cache.internal.DefaultFileLockManager] Lock acquired on cache directory 19666b7ee7477488faba75fa6199859f9eeb0a35 (C:\Users\USER\.gradle\caches\9.3.1\dependencies-accessors\19666b7ee7477488faba75fa6199859f9eeb0a35).
2026-03-16T23:45:28.170+0700 [DEBUG] [org.gradle.internal.operations.DefaultBuildOperationRunner] Build operation 'Load projects' started
2026-03-16T23:45:28.176+0700 [DEBUG] [org.gradle.internal.operations.DefaultBuildOperationRunner] Completing Build operation 'Load projects'
2026-03-16T23:45:28.176+0700 [DEBUG] [org.gradle.internal.operations.DefaultBuildOperationRunner] Build operation 'Load projects' completed
2026-03-16T23:45:28.176+0700 [DEBUG] [org.gradle.internal.operations.DefaultBuildOperationRunner] Build operation 'Notify projectsLoaded listeners' started
2026-03-16T23:45:28.177+0700 [INFO] [org.gradle.internal.buildevents.BuildLogger] Projects loaded. Root project using build file 'D:\Projects\HealthCareFitness_Android\build.gradle.kts'.
2026-03-16T23:45:28.177+0700 [INFO] [org.gradle.internal.buildevents.BuildLogger] Included projects: [root project 'App', project ':app']
2026-03-16T23:45:28.177+0700 [DEBUG] [org.gradle.internal.operations.DefaultBuildOperationRunner] Completing Build operation 'Notify projectsLoaded listeners'
2026-03-16T23:45:28.177+0700 [DEBUG] [org.gradle.internal.operations.DefaultBuildOperationRunner] Build operation 'Notify projectsLoaded listeners' completed
2026-03-16T23:45:28.178+0700 [DEBUG] [org.gradle.internal.operations.DefaultBuildOperationRunner] Build operation 'Configure project :' started
2026-03-16T23:45:28.178+0700 [DEBUG] [org.gradle.internal.operations.DefaultBuildOperationRunner] Build operation 'Notify beforeEvaluate listeners of :' started
2026-03-16T23:45:28.179+0700 [DEBUG] [org.gradle.internal.operations.DefaultBuildOperationRunner] Completing Build operation 'Notify beforeEvaluate listeners of :'
2026-03-16T23:45:28.180+0700 [DEBUG] [org.gradle.internal.operations.DefaultBuildOperationRunner] Build operation 'Apply plugin org.gradle.help-tasks to root project 'App'' started
2026-03-16T23:45:28.181+0700 [DEBUG] [org.gradle.internal.operations.DefaultBuildOperationRunner] Build operation 'Register task :help' started
2026-03-16T23:45:28.181+0700 [DEBUG] [org.gradle.internal.operations.DefaultBuildOperationRunner] Completing Build operation 'Register task :help'
2026-03-16T23:45:28.181+0700 [DEBUG] [org.gradle.internal.operations.DefaultBuildOperationRunner] Build operation 'Register task :projects' started
2026-03-16T23:45:28.181+0700 [DEBUG] [org.gradle.internal.operations.DefaultBuildOperationRunner] Completing Build operation 'Register task :projects'
2026-03-16T23:45:28.182+0700 [DEBUG] [org.gradle.internal.operations.DefaultBuildOperationRunner] Build operation 'Register task :tasks' started
2026-03-16T23:45:28.182+0700 [DEBUG] [org.gradle.internal.operations.DefaultBuildOperationRunner] Completing Build operation 'Register task :tasks'
2026-03-16T23:45:28.182+0700 [DEBUG] [org.gradle.internal.operations.DefaultBuildOperationRunner] Build operation 'Register task :properties' started
2026-03-16T23:45:28.182+0700 [DEBUG] [org.gradle.internal.operations.DefaultBuildOperationRunner] Completing Build operation 'Register task :properties'
2026-03-16T23:45:28.182+0700 [DEBUG] [org.gradle.internal.operations.DefaultBuildOperationRunner] Completing Build operation 'Apply plugin org.gradle.help-tasks to root project 'App''
2026-03-16T23:45:28.182+0700 [DEBUG] [org.gradle.internal.operations.DefaultBuildOperationRunner] Build operation 'Apply plugin org.gradle.software-reporting-tasks to root project 'App'' started
2026-03-16T23:45:28.183+0700 [DEBUG] [org.gradle.internal.operations.DefaultBuildOperationRunner] Build operation 'Register task :dependencyInsight' started
2026-03-16T23:45:28.183+0700 [DEBUG] [org.gradle.internal.operations.DefaultBuildOperationRunner] Completing Build operation 'Register task :dependencyInsight'
2026-03-16T23:45:28.183+0700 [DEBUG] [org.gradle.internal.operations.DefaultBuildOperationRunner] Build operation 'Register task :dependencies' started
2026-03-16T23:45:28.183+0700 [DEBUG] [org.gradle.internal.operations.DefaultBuildOperationRunner] Completing Build operation 'Register task :dependencies'
2026-03-16T23:45:28.184+0700 [DEBUG] [org.gradle.internal.operations.DefaultBuildOperationRunner] Build operation 'Register task :buildEnvironment' started
2026-03-16T23:45:28.184+0700 [DEBUG] [org.gradle.internal.operations.DefaultBuildOperationRunner] Completing Build operation 'Register task :buildEnvironment'
2026-03-16T23:45:28.184+0700 [DEBUG] [org.gradle.internal.operations.DefaultBuildOperationRunner] Build operation 'Register task :outgoingVariants' started
2026-03-16T23:45:28.184+0700 [DEBUG] [org.gradle.internal.operations.DefaultBuildOperationRunner] Completing Build operation 'Register task :outgoingVariants'
2026-03-16T23:45:28.184+0700 [DEBUG] [org.gradle.internal.operations.DefaultBuildOperationRunner] Build operation 'Register task :resolvableConfigurations' started
2026-03-16T23:45:28.184+0700 [DEBUG] [org.gradle.internal.operations.DefaultBuildOperationRunner] Completing Build operation 'Register task :resolvableConfigurations'
2026-03-16T23:45:28.184+0700 [DEBUG] [org.gradle.internal.operations.DefaultBuildOperationRunner] Build operation 'Register task :artifactTransforms' started
2026-03-16T23:45:28.184+0700 [DEBUG] [org.gradle.internal.operations.DefaultBuildOperationRunner] Completing Build operation 'Register task :artifactTransforms'
2026-03-16T23:45:28.185+0700 [DEBUG] [org.gradle.internal.operations.DefaultBuildOperationRunner] Completing Build operation 'Apply plugin org.gradle.software-reporting-tasks to root project 'App''
2026-03-16T23:45:28.185+0700 [DEBUG] [org.gradle.internal.operations.DefaultBuildOperationRunner] Build operation 'Apply plugin org.gradle.build-init to root project 'App'' started
2026-03-16T23:45:28.186+0700 [DEBUG] [org.gradle.internal.operations.DefaultBuildOperationRunner] Build operation 'Register task :init' started
2026-03-16T23:45:28.186+0700 [DEBUG] [org.gradle.internal.operations.DefaultBuildOperationRunner] Completing Build operation 'Register task :init'
2026-03-16T23:45:28.186+0700 [DEBUG] [org.gradle.internal.operations.DefaultBuildOperationRunner] Completing Build operation 'Apply plugin org.gradle.build-init to root project 'App''
2026-03-16T23:45:28.187+0700 [DEBUG] [org.gradle.internal.operations.DefaultBuildOperationRunner] Build operation 'Apply plugin org.gradle.wrapper to root project 'App'' started
2026-03-16T23:45:28.187+0700 [DEBUG] [org.gradle.internal.operations.DefaultBuildOperationRunner] Build operation 'Register task :wrapper' started
2026-03-16T23:45:28.187+0700 [DEBUG] [org.gradle.internal.operations.DefaultBuildOperationRunner] Completing Build operation 'Register task :wrapper'
2026-03-16T23:45:28.188+0700 [DEBUG] [org.gradle.internal.operations.DefaultBuildOperationRunner] Completing Build operation 'Apply plugin org.gradle.wrapper to root project 'App''
2026-03-16T23:45:28.188+0700 [DEBUG] [org.gradle.internal.operations.DefaultBuildOperationRunner] Build operation 'Register task :updateDaemonJvm' started
2026-03-16T23:45:28.188+0700 [DEBUG] [org.gradle.internal.operations.DefaultBuildOperationRunner] Completing Build operation 'Register task :updateDaemonJvm'
2026-03-16T23:45:28.188+0700 [DEBUG] [org.gradle.internal.operations.DefaultBuildOperationRunner] Build operation 'Register task :javaToolchains' started
2026-03-16T23:45:28.188+0700 [DEBUG] [org.gradle.internal.operations.DefaultBuildOperationRunner] Completing Build operation 'Register task :javaToolchains'
2026-03-16T23:45:28.188+0700 [DEBUG] [org.gradle.internal.operations.DefaultBuildOperationRunner] Build operation 'Register task :prepareKotlinBuildScriptModel' started
2026-03-16T23:45:28.189+0700 [DEBUG] [org.gradle.internal.operations.DefaultBuildOperationRunner] Completing Build operation 'Register task :prepareKotlinBuildScriptModel'
2026-03-16T23:45:28.191+0700 [DEBUG] [org.gradle.internal.operations.DefaultBuildOperationRunner] Build operation 'Apply build file 'build.gradle.kts' to root project 'App'' started
2026-03-16T23:45:28.200+0700 [DEBUG] [org.gradle.internal.operations.DefaultBuildOperationRunner] Build operation 'Resolve dependencies of detachedConfiguration1' started
2026-03-16T23:45:28.207+0700 [DEBUG] [org.gradle.internal.operations.DefaultBuildOperationRunner] Completing Build operation 'Resolve dependencies of detachedConfiguration1'
2026-03-16T23:45:28.208+0700 [DEBUG] [org.gradle.internal.operations.DefaultBuildOperationRunner] Build operation 'Resolve files of configuration 'detachedConfiguration1'' started
2026-03-16T23:45:28.208+0700 [DEBUG] [org.gradle.internal.operations.DefaultBuildOperationRunner] Completing Build operation 'Resolve files of configuration 'detachedConfiguration1''
2026-03-16T23:45:28.212+0700 [DEBUG] [org.gradle.internal.operations.DefaultBuildOperationRunner] Build operation 'Resolve dependencies of classpath' started
2026-03-16T23:45:28.551+0700 [DEBUG] [org.gradle.internal.operations.DefaultBuildOperationRunner] Completing Build operation 'Resolve dependencies of classpath'
2026-03-16T23:45:28.568+0700 [DEBUG] [org.gradle.internal.operations.DefaultBuildOperationRunner] Build operation 'Resolve files of configuration 'classpath'' started
2026-03-16T23:45:28.571+0700 [DEBUG] [org.gradle.internal.operations.DefaultBuildOperationRunner] Build operation 'Resolve gradle-common-api-9.1.0.jar (com.android.tools.build:gradle-common-api:9.1.0)' started
2026-03-16T23:45:28.572+0700 [DEBUG] [org.gradle.internal.operations.DefaultBuildOperationRunner] Build operation 'Resolve builder-9.1.0.jar (com.android.tools.build:builder:9.1.0)' started
2026-03-16T23:45:28.573+0700 [DEBUG] [org.gradle.internal.operations.DefaultBuildOperationRunner] Build operation 'Resolve gradle-work-action-api-32.1.0.jar (com.android.tools.utp:gradle-work-action-api:32.1.0)' started
2026-03-16T23:45:28.572+0700 [DEBUG] [org.gradle.internal.operations.DefaultBuildOperationRunner] Build operation 'Resolve databinding-compiler-common-9.1.0.jar (androidx.databinding:databinding-compiler-common:9.1.0)' started
2026-03-16T23:45:28.573+0700 [DEBUG] [org.gradle.internal.operations.DefaultBuildOperationRunner] Build operation 'Resolve aaptcompiler-9.1.0.jar (com.android.tools.build:aaptcompiler:9.1.0)' started
2026-03-16T23:45:28.573+0700 [DEBUG] [org.gradle.internal.operations.DefaultBuildOperationRunner] Completing Build operation 'Resolve gradle-common-api-9.1.0.jar (com.android.tools.build:gradle-common-api:9.1.0)'
2026-03-16T23:45:28.574+0700 [DEBUG] [org.gradle.internal.operations.DefaultBuildOperationRunner] Build operation 'Resolve manifest-merger-32.1.0.jar (com.android.tools.build:manifest-merger:32.1.0)' started
2026-03-16T23:45:28.574+0700 [DEBUG] [org.gradle.internal.operations.DefaultBuildOperationRunner] Completing Build operation 'Resolve aaptcompiler-9.1.0.jar (com.android.tools.build:aaptcompiler:9.1.0)'
2026-03-16T23:45:28.574+0700 [DEBUG] [org.gradle.internal.operations.DefaultBuildOperationRunner] Completing Build operation 'Resolve manifest-merger-32.1.0.jar (com.android.tools.build:manifest-merger:32.1.0)'
2026-03-16T23:45:28.574+0700 [DEBUG] [org.gradle.internal.operations.DefaultBuildOperationRunner] Completing Build operation 'Resolve gradle-work-action-api-32.1.0.jar (com.android.tools.utp:gradle-work-action-api:32.1.0)'
2026-03-16T23:45:28.574+0700 [DEBUG] [org.gradle.internal.operations.DefaultBuildOperationRunner] Completing Build operation 'Resolve builder-9.1.0.jar (com.android.tools.build:builder:9.1.0)'
2026-03-16T23:45:28.575+0700 [DEBUG] [org.gradle.internal.operations.DefaultBuildOperationRunner] Build operation 'Resolve sdklib-32.1.0.jar (com.android.tools:sdklib:32.1.0)' started
2026-03-16T23:45:28.573+0700 [DEBUG] [org.gradle.internal.operations.DefaultBuildOperationRunner] Build operation 'Resolve gradle-9.1.0.jar (com.android.tools.build:gradle:9.1.0)' started
2026-03-16T23:45:28.576+0700 [DEBUG] [org.gradle.internal.operations.DefaultBuildOperationRunner] Completing Build operation 'Resolve sdklib-32.1.0.jar (com.android.tools:sdklib:32.1.0)'
2026-03-16T23:45:28.576+0700 [DEBUG] [org.gradle.internal.operations.DefaultBuildOperationRunner] Build operation 'Resolve repository-32.1.0.jar (com.android.tools:repository:32.1.0)' started
2026-03-16T23:45:28.575+0700 [DEBUG] [org.gradle.internal.operations.DefaultBuildOperationRunner] Build operation 'Resolve gradle-settings-api-9.1.0.jar (com.android.tools.build:gradle-settings-api:9.1.0)' started
2026-03-16T23:45:28.577+0700 [DEBUG] [org.gradle.internal.operations.DefaultBuildOperationRunner] Completing Build operation 'Resolve repository-32.1.0.jar (com.android.tools:repository:32.1.0)'
2026-03-16T23:45:28.578+0700 [DEBUG] [org.gradle.internal.operations.DefaultBuildOperationRunner] Build operation 'Resolve tracker-32.1.0.jar (com.android.tools.analytics-library:tracker:32.1.0)' started
2026-03-16T23:45:28.574+0700 [DEBUG] [org.gradle.internal.operations.DefaultBuildOperationRunner] Build operation 'Resolve sdk-common-32.1.0.jar (com.android.tools:sdk-common:32.1.0)' started
2026-03-16T23:45:28.578+0700 [DEBUG] [org.gradle.internal.operations.DefaultBuildOperationRunner] Build operation 'Resolve shared-32.1.0.jar (com.android.tools.analytics-library:shared:32.1.0)' started
2026-03-16T23:45:28.578+0700 [DEBUG] [org.gradle.internal.operations.DefaultBuildOperationRunner] Completing Build operation 'Resolve sdk-common-32.1.0.jar (com.android.tools:sdk-common:32.1.0)'
2026-03-16T23:45:28.578+0700 [DEBUG] [org.gradle.internal.operations.DefaultBuildOperationRunner] Build operation 'Resolve builder-test-api-9.1.0.jar (com.android.tools.build:builder-test-api:9.1.0)' started
2026-03-16T23:45:28.578+0700 [DEBUG] [org.gradle.internal.operations.DefaultBuildOperationRunner] Completing Build operation 'Resolve databinding-compiler-common-9.1.0.jar (androidx.databinding:databinding-compiler-common:9.1.0)'
2026-03-16T23:45:28.579+0700 [DEBUG] [org.gradle.internal.operations.DefaultBuildOperationRunner] Build operation 'Resolve ddmlib-32.1.0.jar (com.android.tools.ddms:ddmlib:32.1.0)' started
2026-03-16T23:45:28.579+0700 [DEBUG] [org.gradle.internal.operations.DefaultBuildOperationRunner] Build operation 'Resolve layoutlib-api-32.1.0.jar (com.android.tools.layoutlib:layoutlib-api:32.1.0)' started
2026-03-16T23:45:28.580+0700 [DEBUG] [org.gradle.internal.operations.DefaultBuildOperationRunner] Completing Build operation 'Resolve shared-32.1.0.jar (com.android.tools.analytics-library:shared:32.1.0)'
2026-03-16T23:45:28.581+0700 [DEBUG] [org.gradle.internal.operations.DefaultBuildOperationRunner] Completing Build operation 'Resolve tracker-32.1.0.jar (com.android.tools.analytics-library:tracker:32.1.0)'
2026-03-16T23:45:28.581+0700 [DEBUG] [org.gradle.internal.operations.DefaultBuildOperationRunner] Build operation 'Resolve common-32.1.0.jar (com.android.tools:common:32.1.0)' started
2026-03-16T23:45:28.582+0700 [DEBUG] [org.gradle.internal.operations.DefaultBuildOperationRunner] Completing Build operation 'Resolve gradle-settings-api-9.1.0.jar (com.android.tools.build:gradle-settings-api:9.1.0)'
2026-03-16T23:45:28.582+0700 [DEBUG] [org.gradle.internal.operations.DefaultBuildOperationRunner] Build operation 'Resolve kotlin-stdlib-jdk8-2.2.10.jar (org.jetbrains.kotlin:kotlin-stdlib-jdk8:2.2.10)' started
2026-03-16T23:45:28.582+0700 [DEBUG] [org.gradle.internal.operations.DefaultBuildOperationRunner] Completing Build operation 'Resolve gradle-9.1.0.jar (com.android.tools.build:gradle:9.1.0)'
2026-03-16T23:45:28.583+0700 [DEBUG] [org.gradle.internal.operations.DefaultBuildOperationRunner] Build operation 'Resolve kotlin-reflect-2.2.21.jar (org.jetbrains.kotlin:kotlin-reflect:2.2.21)' started
2026-03-16T23:45:28.584+0700 [DEBUG] [org.gradle.internal.operations.DefaultBuildOperationRunner] Completing Build operation 'Resolve kotlin-stdlib-jdk8-2.2.10.jar (org.jetbrains.kotlin:kotlin-stdlib-jdk8:2.2.10)'
2026-03-16T23:45:28.584+0700 [DEBUG] [org.gradle.internal.operations.DefaultBuildOperationRunner] Build operation 'Resolve kotlin-gradle-plugin-model-2.2.10.jar (org.jetbrains.kotlin:kotlin-gradle-plugin-model:2.2.10)' started
2026-03-16T23:45:28.585+0700 [DEBUG] [org.gradle.internal.operations.DefaultBuildOperationRunner] Completing Build operation 'Resolve kotlin-gradle-plugin-model-2.2.10.jar (org.jetbrains.kotlin:kotlin-gradle-plugin-model:2.2.10)'
2026-03-16T23:45:28.585+0700 [DEBUG] [org.gradle.internal.operations.DefaultBuildOperationRunner] Build operation 'Resolve fus-statistics-gradle-plugin-2.2.10-gradle813.jar (org.jetbrains.kotlin:fus-statistics-gradle-plugin:2.2.10)' started
2026-03-16T23:45:28.580+0700 [DEBUG] [org.gradle.internal.operations.DefaultBuildOperationRunner] Build operation 'Resolve dvlib-32.1.0.jar (com.android.tools:dvlib:32.1.0)' started
2026-03-16T23:45:28.586+0700 [DEBUG] [org.gradle.internal.operations.DefaultBuildOperationRunner] Completing Build operation 'Resolve layoutlib-api-32.1.0.jar (com.android.tools.layoutlib:layoutlib-api:32.1.0)'
2026-03-16T23:45:28.586+0700 [DEBUG] [org.gradle.internal.operations.DefaultBuildOperationRunner] Build operation 'Resolve kotlin-gradle-plugin-api-2.2.10.jar (org.jetbrains.kotlin:kotlin-gradle-plugin-api:2.2.10)' started
2026-03-16T23:45:28.580+0700 [DEBUG] [org.gradle.internal.operations.DefaultBuildOperationRunner] Completing Build operation 'Resolve builder-test-api-9.1.0.jar (com.android.tools.build:builder-test-api:9.1.0)'
2026-03-16T23:45:28.587+0700 [DEBUG] [org.gradle.internal.operations.DefaultBuildOperationRunner] Build operation 'Resolve kotlin-gradle-plugin-api-2.2.10-gradle813.jar (org.jetbrains.kotlin:kotlin-gradle-plugin-api:2.2.10)' started
2026-03-16T23:45:28.587+0700 [DEBUG] [org.gradle.internal.operations.DefaultBuildOperationRunner] Completing Build operation 'Resolve ddmlib-32.1.0.jar (com.android.tools.ddms:ddmlib:32.1.0)'
2026-03-16T23:45:28.588+0700 [DEBUG] [org.gradle.internal.operations.DefaultBuildOperationRunner] Build operation 'Resolve kotlin-gradle-plugin-2.2.10-gradle813.jar (org.jetbrains.kotlin:kotlin-gradle-plugin:2.2.10)' started
2026-03-16T23:45:28.588+0700 [DEBUG] [org.gradle.internal.operations.DefaultBuildOperationRunner] Completing Build operation 'Resolve kotlin-gradle-plugin-api-2.2.10.jar (org.jetbrains.kotlin:kotlin-gradle-plugin-api:2.2.10)'
2026-03-16T23:45:28.588+0700 [DEBUG] [org.gradle.internal.operations.DefaultBuildOperationRunner] Completing Build operation 'Resolve dvlib-32.1.0.jar (com.android.tools:dvlib:32.1.0)'
2026-03-16T23:45:28.588+0700 [DEBUG] [org.gradle.internal.operations.DefaultBuildOperationRunner] Build operation 'Resolve kotlinx-coroutines-core-jvm-1.9.0.jar (org.jetbrains.kotlinx:kotlinx-coroutines-core-jvm:1.9.0)' started
2026-03-16T23:45:28.589+0700 [DEBUG] [org.gradle.internal.operations.DefaultBuildOperationRunner] Completing Build operation 'Resolve fus-statistics-gradle-plugin-2.2.10-gradle813.jar (org.jetbrains.kotlin:fus-statistics-gradle-plugin:2.2.10)'
2026-03-16T23:45:28.589+0700 [DEBUG] [org.gradle.internal.operations.DefaultBuildOperationRunner] Build operation 'Resolve kotlin-stdlib-jdk7-2.2.10.jar (org.jetbrains.kotlin:kotlin-stdlib-jdk7:2.2.10)' started
2026-03-16T23:45:28.585+0700 [DEBUG] [org.gradle.internal.operations.DefaultBuildOperationRunner] Completing Build operation 'Resolve common-32.1.0.jar (com.android.tools:common:32.1.0)'
2026-03-16T23:45:28.589+0700 [DEBUG] [org.gradle.internal.operations.DefaultBuildOperationRunner] Completing Build operation 'Resolve kotlin-stdlib-jdk7-2.2.10.jar (org.jetbrains.kotlin:kotlin-stdlib-jdk7:2.2.10)'
2026-03-16T23:45:28.589+0700 [DEBUG] [org.gradle.internal.operations.DefaultBuildOperationRunner] Build operation 'Resolve annotations-13.0.jar (org.jetbrains:annotations:13.0)' started
2026-03-16T23:45:28.590+0700 [DEBUG] [org.gradle.internal.operations.DefaultBuildOperationRunner] Completing Build operation 'Resolve annotations-13.0.jar (org.jetbrains:annotations:13.0)'
2026-03-16T23:45:28.590+0700 [DEBUG] [org.gradle.internal.operations.DefaultBuildOperationRunner] Build operation 'Resolve bundletool-1.18.3.jar (com.android.tools.build:bundletool:1.18.3)' started
2026-03-16T23:45:28.583+0700 [DEBUG] [org.gradle.internal.operations.DefaultBuildOperationRunner] Build operation 'Resolve gradle-api-9.1.0.jar (com.android.tools.build:gradle-api:9.1.0)' started
2026-03-16T23:45:28.591+0700 [DEBUG] [org.gradle.internal.operations.DefaultBuildOperationRunner] Build operation 'Resolve lint-model-32.1.0.jar (com.android.tools.lint:lint-model:32.1.0)' started
2026-03-16T23:45:28.591+0700 [DEBUG] [org.gradle.internal.operations.DefaultBuildOperationRunner] Build operation 'Resolve builder-model-9.1.0.jar (com.android.tools.build:builder-model:9.1.0)' started
2026-03-16T23:45:28.590+0700 [DEBUG] [org.gradle.internal.operations.DefaultBuildOperationRunner] Completing Build operation 'Resolve kotlin-reflect-2.2.21.jar (org.jetbrains.kotlin:kotlin-reflect:2.2.21)'
2026-03-16T23:45:28.589+0700 [DEBUG] [org.gradle.internal.operations.DefaultBuildOperationRunner] Build operation 'Resolve kotlin-stdlib-2.2.21.jar (org.jetbrains.kotlin:kotlin-stdlib:2.2.21)' started
2026-03-16T23:45:28.594+0700 [DEBUG] [org.gradle.internal.operations.DefaultBuildOperationRunner] Completing Build operation 'Resolve kotlinx-coroutines-core-jvm-1.9.0.jar (org.jetbrains.kotlinx:kotlinx-coroutines-core-jvm:1.9.0)'
2026-03-16T23:45:28.595+0700 [DEBUG] [org.gradle.internal.operations.DefaultBuildOperationRunner] Build operation 'Resolve crash-32.1.0.jar (com.android.tools.analytics-library:crash:32.1.0)' started
2026-03-16T23:45:28.588+0700 [DEBUG] [org.gradle.internal.operations.DefaultBuildOperationRunner] Completing Build operation 'Resolve kotlin-gradle-plugin-2.2.10-gradle813.jar (org.jetbrains.kotlin:kotlin-gradle-plugin:2.2.10)'
2026-03-16T23:45:28.595+0700 [DEBUG] [org.gradle.internal.operations.DefaultBuildOperationRunner] Build operation 'Resolve lint-typedef-remover-32.1.0.jar (com.android.tools.lint:lint-typedef-remover:32.1.0)' started
2026-03-16T23:45:28.588+0700 [DEBUG] [org.gradle.internal.operations.DefaultBuildOperationRunner] Build operation 'Resolve kotlin-compiler-runner-2.2.10.jar (org.jetbrains.kotlin:kotlin-compiler-runner:2.2.10)' started
2026-03-16T23:45:28.596+0700 [DEBUG] [org.gradle.internal.operations.DefaultBuildOperationRunner] Completing Build operation 'Resolve kotlin-gradle-plugin-api-2.2.10-gradle813.jar (org.jetbrains.kotlin:kotlin-gradle-plugin-api:2.2.10)'
2026-03-16T23:45:28.597+0700 [DEBUG] [org.gradle.internal.operations.DefaultBuildOperationRunner] Completing Build operation 'Resolve kotlin-compiler-runner-2.2.10.jar (org.jetbrains.kotlin:kotlin-compiler-runner:2.2.10)'
2026-03-16T23:45:28.597+0700 [DEBUG] [org.gradle.internal.operations.DefaultBuildOperationRunner] Completing Build operation 'Resolve lint-typedef-remover-32.1.0.jar (com.android.tools.lint:lint-typedef-remover:32.1.0)'
2026-03-16T23:45:28.598+0700 [DEBUG] [org.gradle.internal.operations.DefaultBuildOperationRunner] Completing Build operation 'Resolve crash-32.1.0.jar (com.android.tools.analytics-library:crash:32.1.0)'
2026-03-16T23:45:28.598+0700 [DEBUG] [org.gradle.internal.operations.DefaultBuildOperationRunner] Completing Build operation 'Resolve kotlin-stdlib-2.2.21.jar (org.jetbrains.kotlin:kotlin-stdlib:2.2.21)'
2026-03-16T23:45:28.598+0700 [DEBUG] [org.gradle.internal.operations.DefaultBuildOperationRunner] Build operation 'Resolve commons-io-2.16.1.jar (commons-io:commons-io:2.16.1)' started
2026-03-16T23:45:28.593+0700 [DEBUG] [org.gradle.internal.operations.DefaultBuildOperationRunner] Build operation 'Resolve aapt2-proto-9.1.0-14792394.jar (com.android.tools.build:aapt2-proto:9.1.0-14792394)' started
2026-03-16T23:45:28.599+0700 [DEBUG] [org.gradle.internal.operations.DefaultBuildOperationRunner] Completing Build operation 'Resolve builder-model-9.1.0.jar (com.android.tools.build:builder-model:9.1.0)'
2026-03-16T23:45:28.600+0700 [DEBUG] [org.gradle.internal.operations.DefaultBuildOperationRunner] Build operation 'Resolve asm-commons-9.9.jar (org.ow2.asm:asm-commons:9.9)' started
2026-03-16T23:45:28.593+0700 [DEBUG] [org.gradle.internal.operations.DefaultBuildOperationRunner] Completing Build operation 'Resolve bundletool-1.18.3.jar (com.android.tools.build:bundletool:1.18.3)'
2026-03-16T23:45:28.600+0700 [DEBUG] [org.gradle.internal.operations.DefaultBuildOperationRunner] Build operation 'Resolve asm-util-9.9.jar (org.ow2.asm:asm-util:9.9)' started
2026-03-16T23:45:28.601+0700 [DEBUG] [org.gradle.internal.operations.DefaultBuildOperationRunner] Completing Build operation 'Resolve lint-model-32.1.0.jar (com.android.tools.lint:lint-model:32.1.0)'
2026-03-16T23:45:28.602+0700 [DEBUG] [org.gradle.internal.operations.DefaultBuildOperationRunner] Completing Build operation 'Resolve gradle-api-9.1.0.jar (com.android.tools.build:gradle-api:9.1.0)'
2026-03-16T23:45:28.602+0700 [DEBUG] [org.gradle.internal.operations.DefaultBuildOperationRunner] Build operation 'Resolve jetifier-core-1.0.0-beta10.jar (com.android.tools.build.jetifier:jetifier-core:1.0.0-beta10)' started
2026-03-16T23:45:28.602+0700 [DEBUG] [org.gradle.internal.operations.DefaultBuildOperationRunner] Build operation 'Resolve asm-tree-9.9.jar (org.ow2.asm:asm-tree:9.9)' started
2026-03-16T23:45:28.601+0700 [DEBUG] [org.gradle.internal.operations.DefaultBuildOperationRunner] Build operation 'Resolve asm-analysis-9.9.jar (org.ow2.asm:asm-analysis:9.9)' started
2026-03-16T23:45:28.603+0700 [DEBUG] [org.gradle.internal.operations.DefaultBuildOperationRunner] Completing Build operation 'Resolve asm-tree-9.9.jar (org.ow2.asm:asm-tree:9.9)'
2026-03-16T23:45:28.604+0700 [DEBUG] [org.gradle.internal.operations.DefaultBuildOperationRunner] Completing Build operation 'Resolve asm-commons-9.9.jar (org.ow2.asm:asm-commons:9.9)'
2026-03-16T23:45:28.604+0700 [DEBUG] [org.gradle.internal.operations.DefaultBuildOperationRunner] Completing Build operation 'Resolve aapt2-proto-9.1.0-14792394.jar (com.android.tools.build:aapt2-proto:9.1.0-14792394)'
2026-03-16T23:45:28.604+0700 [DEBUG] [org.gradle.internal.operations.DefaultBuildOperationRunner] Completing Build operation 'Resolve commons-io-2.16.1.jar (commons-io:commons-io:2.16.1)'
2026-03-16T23:45:28.604+0700 [DEBUG] [org.gradle.internal.operations.DefaultBuildOperationRunner] Build operation 'Resolve javapoet-1.13.0.jar (com.squareup:javapoet:1.13.0)' started
2026-03-16T23:45:28.598+0700 [DEBUG] [org.gradle.internal.operations.DefaultBuildOperationRunner] Build operation 'Resolve commons-compress-1.27.1.jar (org.apache.commons:commons-compress:1.27.1)' started
2026-03-16T23:45:28.597+0700 [DEBUG] [org.gradle.internal.operations.DefaultBuildOperationRunner] Build operation 'Resolve httpmime-4.5.6.jar (org.apache.httpcomponents:httpmime:4.5.6)' started
2026-03-16T23:45:28.597+0700 [DEBUG] [org.gradle.internal.operations.DefaultBuildOperationRunner] Build operation 'Resolve baseLibrary-9.1.0.jar (com.android.databinding:baseLibrary:9.1.0)' started
2026-03-16T23:45:28.597+0700 [DEBUG] [org.gradle.internal.operations.DefaultBuildOperationRunner] Build operation 'Resolve databinding-common-9.1.0.jar (androidx.databinding:databinding-common:9.1.0)' started
2026-03-16T23:45:28.606+0700 [DEBUG] [org.gradle.internal.operations.DefaultBuildOperationRunner] Completing Build operation 'Resolve baseLibrary-9.1.0.jar (com.android.databinding:baseLibrary:9.1.0)'
2026-03-16T23:45:28.607+0700 [DEBUG] [org.gradle.internal.operations.DefaultBuildOperationRunner] Build operation 'Resolve protobuf-java-util-3.25.5.jar (com.google.protobuf:protobuf-java-util:3.25.5)' started
2026-03-16T23:45:28.607+0700 [DEBUG] [org.gradle.internal.operations.DefaultBuildOperationRunner] Completing Build operation 'Resolve commons-compress-1.27.1.jar (org.apache.commons:commons-compress:1.27.1)'
2026-03-16T23:45:28.607+0700 [DEBUG] [org.gradle.internal.operations.DefaultBuildOperationRunner] Build operation 'Resolve tink-1.7.0.jar (com.google.crypto.tink:tink:1.7.0)' started
2026-03-16T23:45:28.608+0700 [DEBUG] [org.gradle.internal.operations.DefaultBuildOperationRunner] Completing Build operation 'Resolve javapoet-1.13.0.jar (com.squareup:javapoet:1.13.0)'
2026-03-16T23:45:28.604+0700 [DEBUG] [org.gradle.internal.operations.DefaultBuildOperationRunner] Build operation 'Resolve jopt-simple-4.9.jar (net.sf.jopt-simple:jopt-simple:4.9)' started
2026-03-16T23:45:28.604+0700 [DEBUG] [org.gradle.internal.operations.DefaultBuildOperationRunner] Build operation 'Resolve jaxb-runtime-2.3.2.jar (org.glassfish.jaxb:jaxb-runtime:2.3.2)' started
2026-03-16T23:45:28.609+0700 [DEBUG] [org.gradle.internal.operations.DefaultBuildOperationRunner] Completing Build operation 'Resolve jopt-simple-4.9.jar (net.sf.jopt-simple:jopt-simple:4.9)'
2026-03-16T23:45:28.609+0700 [DEBUG] [org.gradle.internal.operations.DefaultBuildOperationRunner] Build operation 'Resolve protobuf-java-3.25.5.jar (com.google.protobuf:protobuf-java:3.25.5)' started
2026-03-16T23:45:28.603+0700 [DEBUG] [org.gradle.internal.operations.DefaultBuildOperationRunner] Completing Build operation 'Resolve asm-util-9.9.jar (org.ow2.asm:asm-util:9.9)'
2026-03-16T23:45:28.611+0700 [DEBUG] [org.gradle.internal.operations.DefaultBuildOperationRunner] Build operation 'Resolve kotlin-build-statistics-2.2.10.jar (org.jetbrains.kotlin:kotlin-build-statistics:2.2.10)' started
2026-03-16T23:45:28.603+0700 [DEBUG] [org.gradle.internal.operations.DefaultBuildOperationRunner] Build operation 'Resolve asm-9.9.jar (org.ow2.asm:asm:9.9)' started
2026-03-16T23:45:28.612+0700 [DEBUG] [org.gradle.internal.operations.DefaultBuildOperationRunner] Completing Build operation 'Resolve asm-analysis-9.9.jar (org.ow2.asm:asm-analysis:9.9)'
2026-03-16T23:45:28.613+0700 [DEBUG] [org.gradle.internal.operations.DefaultBuildOperationRunner] Build operation 'Resolve gson-2.11.0.jar (com.google.code.gson:gson:2.11.0)' started
2026-03-16T23:45:28.614+0700 [DEBUG] [org.gradle.internal.operations.DefaultBuildOperationRunner] Completing Build operation 'Resolve jetifier-core-1.0.0-beta10.jar (com.android.tools.build.jetifier:jetifier-core:1.0.0-beta10)'
2026-03-16T23:45:28.615+0700 [DEBUG] [org.gradle.internal.operations.DefaultBuildOperationRunner] Build operation 'Resolve tensorflow-lite-metadata-0.2.0.jar (org.tensorflow:tensorflow-lite-metadata:0.2.0)' started
2026-03-16T23:45:28.616+0700 [DEBUG] [org.gradle.internal.operations.DefaultBuildOperationRunner] Completing Build operation 'Resolve gson-2.11.0.jar (com.google.code.gson:gson:2.11.0)'
2026-03-16T23:45:28.617+0700 [DEBUG] [org.gradle.internal.operations.DefaultBuildOperationRunner] Completing Build operation 'Resolve kotlin-build-statistics-2.2.10.jar (org.jetbrains.kotlin:kotlin-build-statistics:2.2.10)'
2026-03-16T23:45:28.618+0700 [DEBUG] [org.gradle.internal.operations.DefaultBuildOperationRunner] Build operation 'Resolve apkzlib-9.1.0.jar (com.android.tools.build:apkzlib:9.1.0)' started
2026-03-16T23:45:28.619+0700 [DEBUG] [org.gradle.internal.operations.DefaultBuildOperationRunner] Completing Build operation 'Resolve asm-9.9.jar (org.ow2.asm:asm:9.9)'
2026-03-16T23:45:28.620+0700 [DEBUG] [org.gradle.internal.operations.DefaultBuildOperationRunner] Build operation 'Resolve guava-33.3.1-jre.jar (com.google.guava:guava:33.3.1-jre)' started
2026-03-16T23:45:28.620+0700 [DEBUG] [org.gradle.internal.operations.DefaultBuildOperationRunner] Completing Build operation 'Resolve protobuf-java-3.25.5.jar (com.google.protobuf:protobuf-java:3.25.5)'
2026-03-16T23:45:28.620+0700 [DEBUG] [org.gradle.internal.operations.DefaultBuildOperationRunner] Build operation 'Resolve dagger-2.28.3.jar (com.google.dagger:dagger:2.28.3)' started
2026-03-16T23:45:28.621+0700 [DEBUG] [org.gradle.internal.operations.DefaultBuildOperationRunner] Completing Build operation 'Resolve dagger-2.28.3.jar (com.google.dagger:dagger:2.28.3)'
2026-03-16T23:45:28.621+0700 [DEBUG] [org.gradle.internal.operations.DefaultBuildOperationRunner] Build operation 'Resolve javax.inject-1.jar (javax.inject:javax.inject:1)' started
2026-03-16T23:45:28.622+0700 [DEBUG] [org.gradle.internal.operations.DefaultBuildOperationRunner] Completing Build operation 'Resolve javax.inject-1.jar (javax.inject:javax.inject:1)'
2026-03-16T23:45:28.622+0700 [DEBUG] [org.gradle.internal.operations.DefaultBuildOperationRunner] Build operation 'Resolve kxml2-2.3.0.jar (net.sf.kxml:kxml2:2.3.0)' started
2026-03-16T23:45:28.623+0700 [DEBUG] [org.gradle.internal.operations.DefaultBuildOperationRunner] Completing Build operation 'Resolve kxml2-2.3.0.jar (net.sf.kxml:kxml2:2.3.0)'
2026-03-16T23:45:28.624+0700 [DEBUG] [org.gradle.internal.operations.DefaultBuildOperationRunner] Completing Build operation 'Resolve jaxb-runtime-2.3.2.jar (org.glassfish.jaxb:jaxb-runtime:2.3.2)'
2026-03-16T23:45:28.608+0700 [DEBUG] [org.gradle.internal.operations.DefaultBuildOperationRunner] Build operation 'Resolve protos-32.1.0.jar (com.android.tools.analytics-library:protos:32.1.0)' started
2026-03-16T23:45:28.624+0700 [DEBUG] [org.gradle.internal.operations.DefaultBuildOperationRunner] Completing Build operation 'Resolve tink-1.7.0.jar (com.google.crypto.tink:tink:1.7.0)'
2026-03-16T23:45:28.625+0700 [DEBUG] [org.gradle.internal.operations.DefaultBuildOperationRunner] Build operation 'Resolve bcprov-jdk18on-1.79.jar (org.bouncycastle:bcprov-jdk18on:1.79)' started
2026-03-16T23:45:28.625+0700 [DEBUG] [org.gradle.internal.operations.DefaultBuildOperationRunner] Completing Build operation 'Resolve databinding-common-9.1.0.jar (androidx.databinding:databinding-common:9.1.0)'
2026-03-16T23:45:28.626+0700 [DEBUG] [org.gradle.internal.operations.DefaultBuildOperationRunner] Build operation 'Resolve httpclient-4.5.14.jar (org.apache.httpcomponents:httpclient:4.5.14)' started
2026-03-16T23:45:28.606+0700 [DEBUG] [org.gradle.internal.operations.DefaultBuildOperationRunner] Completing Build operation 'Resolve httpmime-4.5.6.jar (org.apache.httpcomponents:httpmime:4.5.6)'
2026-03-16T23:45:28.626+0700 [DEBUG] [org.gradle.internal.operations.DefaultBuildOperationRunner] Completing Build operation 'Resolve bcprov-jdk18on-1.79.jar (org.bouncycastle:bcprov-jdk18on:1.79)'
2026-03-16T23:45:28.626+0700 [DEBUG] [org.gradle.internal.operations.DefaultBuildOperationRunner] Build operation 'Resolve signflinger-9.1.0.jar (com.android:signflinger:9.1.0)' started
2026-03-16T23:45:28.625+0700 [DEBUG] [org.gradle.internal.operations.DefaultBuildOperationRunner] Completing Build operation 'Resolve protobuf-java-util-3.25.5.jar (com.google.protobuf:protobuf-java-util:3.25.5)'
2026-03-16T23:45:28.627+0700 [DEBUG] [org.gradle.internal.operations.DefaultBuildOperationRunner] Build operation 'Resolve zipflinger-9.1.0.jar (com.android:zipflinger:9.1.0)' started
2026-03-16T23:45:28.624+0700 [DEBUG] [org.gradle.internal.operations.DefaultBuildOperationRunner] Build operation 'Resolve bcutil-jdk18on-1.79.jar (org.bouncycastle:bcutil-jdk18on:1.79)' started
2026-03-16T23:45:28.623+0700 [DEBUG] [org.gradle.internal.operations.DefaultBuildOperationRunner] Build operation 'Resolve bcpkix-jdk18on-1.79.jar (org.bouncycastle:bcpkix-jdk18on:1.79)' started
2026-03-16T23:45:28.628+0700 [DEBUG] [org.gradle.internal.operations.DefaultBuildOperationRunner] Completing Build operation 'Resolve guava-33.3.1-jre.jar (com.google.guava:guava:33.3.1-jre)'
2026-03-16T23:45:28.628+0700 [DEBUG] [org.gradle.internal.operations.DefaultBuildOperationRunner] Build operation 'Resolve annotations-32.1.0.jar (com.android.tools:annotations:32.1.0)' started
2026-03-16T23:45:28.629+0700 [DEBUG] [org.gradle.internal.operations.DefaultBuildOperationRunner] Completing Build operation 'Resolve annotations-32.1.0.jar (com.android.tools:annotations:32.1.0)'
2026-03-16T23:45:28.629+0700 [DEBUG] [org.gradle.internal.operations.DefaultBuildOperationRunner] Build operation 'Resolve jna-platform-5.6.0.jar (net.java.dev.jna:jna-platform:5.6.0)' started
2026-03-16T23:45:28.630+0700 [DEBUG] [org.gradle.internal.operations.DefaultBuildOperationRunner] Completing Build operation 'Resolve tensorflow-lite-metadata-0.2.0.jar (org.tensorflow:tensorflow-lite-metadata:0.2.0)'
2026-03-16T23:45:28.630+0700 [DEBUG] [org.gradle.internal.operations.DefaultBuildOperationRunner] Build operation 'Resolve juniversalchardet-1.0.3.jar (com.googlecode.juniversalchardet:juniversalchardet:1.0.3)' started
2026-03-16T23:45:28.617+0700 [DEBUG] [org.gradle.internal.operations.DefaultBuildOperationRunner] Build operation 'Resolve jimfs-1.1.jar (com.google.jimfs:jimfs:1.1)' started
2026-03-16T23:45:28.631+0700 [DEBUG] [org.gradle.internal.operations.DefaultBuildOperationRunner] Completing Build operation 'Resolve juniversalchardet-1.0.3.jar (com.googlecode.juniversalchardet:juniversalchardet:1.0.3)'
2026-03-16T23:45:28.631+0700 [DEBUG] [org.gradle.internal.operations.DefaultBuildOperationRunner] Build operation 'Resolve stax-ex-1.8.1.jar (org.jvnet.staxex:stax-ex:1.8.1)' started
2026-03-16T23:45:28.615+0700 [DEBUG] [org.gradle.internal.operations.DefaultBuildOperationRunner] Build operation 'Resolve jetifier-processor-1.0.0-beta10.jar (com.android.tools.build.jetifier:jetifier-processor:1.0.0-beta10)' started
2026-03-16T23:45:28.632+0700 [DEBUG] [org.gradle.internal.operations.DefaultBuildOperationRunner] Completing Build operation 'Resolve jimfs-1.1.jar (com.google.jimfs:jimfs:1.1)'
2026-03-16T23:45:28.632+0700 [DEBUG] [org.gradle.internal.operations.DefaultBuildOperationRunner] Completing Build operation 'Resolve jna-platform-5.6.0.jar (net.java.dev.jna:jna-platform:5.6.0)'
2026-03-16T23:45:28.633+0700 [DEBUG] [org.gradle.internal.operations.DefaultBuildOperationRunner] Build operation 'Resolve txw2-2.3.2.jar (org.glassfish.jaxb:txw2:2.3.2)' started
2026-03-16T23:45:28.629+0700 [DEBUG] [org.gradle.internal.operations.DefaultBuildOperationRunner] Completing Build operation 'Resolve apkzlib-9.1.0.jar (com.android.tools.build:apkzlib:9.1.0)'
2026-03-16T23:45:28.633+0700 [DEBUG] [org.gradle.internal.operations.DefaultBuildOperationRunner] Build operation 'Resolve istack-commons-runtime-3.0.8.jar (com.sun.istack:istack-commons-runtime:3.0.8)' started
2026-03-16T23:45:28.633+0700 [DEBUG] [org.gradle.internal.operations.DefaultBuildOperationRunner] Completing Build operation 'Resolve bcpkix-jdk18on-1.79.jar (org.bouncycastle:bcpkix-jdk18on:1.79)'
2026-03-16T23:45:28.633+0700 [DEBUG] [org.gradle.internal.operations.DefaultBuildOperationRunner] Build operation 'Resolve FastInfoset-1.2.16.jar (com.sun.xml.fastinfoset:FastInfoset:1.2.16)' started
2026-03-16T23:45:28.634+0700 [DEBUG] [org.gradle.internal.operations.DefaultBuildOperationRunner] Completing Build operation 'Resolve bcutil-jdk18on-1.79.jar (org.bouncycastle:bcutil-jdk18on:1.79)'
2026-03-16T23:45:28.634+0700 [DEBUG] [org.gradle.internal.operations.DefaultBuildOperationRunner] Completing Build operation 'Resolve zipflinger-9.1.0.jar (com.android:zipflinger:9.1.0)'
2026-03-16T23:45:28.635+0700 [DEBUG] [org.gradle.internal.operations.DefaultBuildOperationRunner] Build operation 'Resolve auto-value-annotations-1.6.2.jar (com.google.auto.value:auto-value-annotations:1.6.2)' started
2026-03-16T23:45:28.627+0700 [DEBUG] [org.gradle.internal.operations.DefaultBuildOperationRunner] Completing Build operation 'Resolve protos-32.1.0.jar (com.android.tools.analytics-library:protos:32.1.0)'
2026-03-16T23:45:28.635+0700 [DEBUG] [org.gradle.internal.operations.DefaultBuildOperationRunner] Completing Build operation 'Resolve signflinger-9.1.0.jar (com.android:signflinger:9.1.0)'
2026-03-16T23:45:28.635+0700 [DEBUG] [org.gradle.internal.operations.DefaultBuildOperationRunner] Completing Build operation 'Resolve httpclient-4.5.14.jar (org.apache.httpcomponents:httpclient:4.5.14)'
2026-03-16T23:45:28.626+0700 [DEBUG] [org.gradle.internal.operations.DefaultBuildOperationRunner] Build operation 'Resolve httpcore-4.4.16.jar (org.apache.httpcomponents:httpcore:4.4.16)' started
2026-03-16T23:45:28.635+0700 [DEBUG] [org.gradle.internal.operations.DefaultBuildOperationRunner] Build operation 'Resolve slf4j-api-1.7.30.jar (org.slf4j:slf4j-api:1.7.30)' started
2026-03-16T23:45:28.635+0700 [DEBUG] [org.gradle.internal.operations.DefaultBuildOperationRunner] Build operation 'Resolve jose4j-0.9.5.jar (org.bitbucket.b_c:jose4j:0.9.5)' started
2026-03-16T23:45:28.636+0700 [DEBUG] [org.gradle.internal.operations.DefaultBuildOperationRunner] Completing Build operation 'Resolve auto-value-annotations-1.6.2.jar (com.google.auto.value:auto-value-annotations:1.6.2)'
2026-03-16T23:45:28.636+0700 [DEBUG] [org.gradle.internal.operations.DefaultBuildOperationRunner] Build operation 'Resolve jdom2-2.0.6.jar (org.jdom:jdom2:2.0.6)' started
2026-03-16T23:45:28.635+0700 [DEBUG] [org.gradle.internal.operations.DefaultBuildOperationRunner] Build operation 'Resolve error_prone_annotations-2.28.0.jar (com.google.errorprone:error_prone_annotations:2.28.0)' started
2026-03-16T23:45:28.634+0700 [DEBUG] [org.gradle.internal.operations.DefaultBuildOperationRunner] Build operation 'Resolve jakarta.activation-api-1.2.1.jar (jakarta.activation:jakarta.activation-api:1.2.1)' started
2026-03-16T23:45:28.636+0700 [DEBUG] [org.gradle.internal.operations.DefaultBuildOperationRunner] Completing Build operation 'Resolve FastInfoset-1.2.16.jar (com.sun.xml.fastinfoset:FastInfoset:1.2.16)'
2026-03-16T23:45:28.636+0700 [DEBUG] [org.gradle.internal.operations.DefaultBuildOperationRunner] Completing Build operation 'Resolve jakarta.activation-api-1.2.1.jar (jakarta.activation:jakarta.activation-api:1.2.1)'
2026-03-16T23:45:28.636+0700 [DEBUG] [org.gradle.internal.operations.DefaultBuildOperationRunner] Build operation 'Resolve kotlin-gradle-plugin-idea-2.2.10.jar (org.jetbrains.kotlin:kotlin-gradle-plugin-idea:2.2.10)' started
2026-03-16T23:45:28.637+0700 [DEBUG] [org.gradle.internal.operations.DefaultBuildOperationRunner] Completing Build operation 'Resolve kotlin-gradle-plugin-idea-2.2.10.jar (org.jetbrains.kotlin:kotlin-gradle-plugin-idea:2.2.10)'
2026-03-16T23:45:28.637+0700 [DEBUG] [org.gradle.internal.operations.DefaultBuildOperationRunner] Build operation 'Resolve kotlin-klib-commonizer-api-2.2.10.jar (org.jetbrains.kotlin:kotlin-klib-commonizer-api:2.2.10)' started
2026-03-16T23:45:28.638+0700 [DEBUG] [org.gradle.internal.operations.DefaultBuildOperationRunner] Completing Build operation 'Resolve txw2-2.3.2.jar (org.glassfish.jaxb:txw2:2.3.2)'
2026-03-16T23:45:28.638+0700 [DEBUG] [org.gradle.internal.operations.DefaultBuildOperationRunner] Completing Build operation 'Resolve stax-ex-1.8.1.jar (org.jvnet.staxex:stax-ex:1.8.1)'
2026-03-16T23:45:28.632+0700 [DEBUG] [org.gradle.internal.operations.DefaultBuildOperationRunner] Build operation 'Resolve jakarta.xml.bind-api-2.3.2.jar (jakarta.xml.bind:jakarta.xml.bind-api:2.3.2)' started
2026-03-16T23:45:28.639+0700 [DEBUG] [org.gradle.internal.operations.DefaultBuildOperationRunner] Completing Build operation 'Resolve jetifier-processor-1.0.0-beta10.jar (com.android.tools.build.jetifier:jetifier-processor:1.0.0-beta10)'
2026-03-16T23:45:28.639+0700 [DEBUG] [org.gradle.internal.operations.DefaultBuildOperationRunner] Completing Build operation 'Resolve jakarta.xml.bind-api-2.3.2.jar (jakarta.xml.bind:jakarta.xml.bind-api:2.3.2)'
2026-03-16T23:45:28.638+0700 [DEBUG] [org.gradle.internal.operations.DefaultBuildOperationRunner] Build operation 'Resolve abi-tools-api-2.2.10.jar (org.jetbrains.kotlin:abi-tools-api:2.2.10)' started
2026-03-16T23:45:28.638+0700 [DEBUG] [org.gradle.internal.operations.DefaultBuildOperationRunner] Build operation 'Resolve kotlin-util-klib-metadata-2.2.10.jar (org.jetbrains.kotlin:kotlin-util-klib-metadata:2.2.10)' started
2026-03-16T23:45:28.640+0700 [DEBUG] [org.gradle.internal.operations.DefaultBuildOperationRunner] Completing Build operation 'Resolve kotlin-klib-commonizer-api-2.2.10.jar (org.jetbrains.kotlin:kotlin-klib-commonizer-api:2.2.10)'
2026-03-16T23:45:28.640+0700 [DEBUG] [org.gradle.internal.operations.DefaultBuildOperationRunner] Completing Build operation 'Resolve kotlin-util-klib-metadata-2.2.10.jar (org.jetbrains.kotlin:kotlin-util-klib-metadata:2.2.10)'
2026-03-16T23:45:28.637+0700 [DEBUG] [org.gradle.internal.operations.DefaultBuildOperationRunner] Completing Build operation 'Resolve istack-commons-runtime-3.0.8.jar (com.sun.istack:istack-commons-runtime:3.0.8)'
2026-03-16T23:45:28.636+0700 [DEBUG] [org.gradle.internal.operations.DefaultBuildOperationRunner] Build operation 'Resolve kotlin-gradle-plugin-idea-proto-2.2.10.jar (org.jetbrains.kotlin:kotlin-gradle-plugin-idea-proto:2.2.10)' started
2026-03-16T23:45:28.641+0700 [DEBUG] [org.gradle.internal.operations.DefaultBuildOperationRunner] Completing Build operation 'Resolve error_prone_annotations-2.28.0.jar (com.google.errorprone:error_prone_annotations:2.28.0)'
2026-03-16T23:45:28.642+0700 [DEBUG] [org.gradle.internal.operations.DefaultBuildOperationRunner] Completing Build operation 'Resolve jdom2-2.0.6.jar (org.jdom:jdom2:2.0.6)'
2026-03-16T23:45:28.642+0700 [DEBUG] [org.gradle.internal.operations.DefaultBuildOperationRunner] Build operation 'Resolve apksig-9.1.0.jar (com.android.tools.build:apksig:9.1.0)' started
2026-03-16T23:45:28.643+0700 [DEBUG] [org.gradle.internal.operations.DefaultBuildOperationRunner] Completing Build operation 'Resolve jose4j-0.9.5.jar (org.bitbucket.b_c:jose4j:0.9.5)'
2026-03-16T23:45:28.643+0700 [DEBUG] [org.gradle.internal.operations.DefaultBuildOperationRunner] Completing Build operation 'Resolve slf4j-api-1.7.30.jar (org.slf4j:slf4j-api:1.7.30)'
2026-03-16T23:45:28.644+0700 [DEBUG] [org.gradle.internal.operations.DefaultBuildOperationRunner] Build operation 'Resolve failureaccess-1.0.2.jar (com.google.guava:failureaccess:1.0.2)' started
2026-03-16T23:45:28.644+0700 [DEBUG] [org.gradle.internal.operations.DefaultBuildOperationRunner] Completing Build operation 'Resolve httpcore-4.4.16.jar (org.apache.httpcomponents:httpcore:4.4.16)'
2026-03-16T23:45:28.644+0700 [DEBUG] [org.gradle.internal.operations.DefaultBuildOperationRunner] Build operation 'Resolve listenablefuture-9999.0-empty-to-avoid-conflict-with-guava.jar (com.google.guava:listenablefuture:9999.0-empty-to-avoid-conflict-with-guava)' started
2026-03-16T23:45:28.643+0700 [DEBUG] [org.gradle.internal.operations.DefaultBuildOperationRunner] Build operation 'Resolve javawriter-2.5.0.jar (com.squareup:javawriter:2.5.0)' started
2026-03-16T23:45:28.645+0700 [DEBUG] [org.gradle.internal.operations.DefaultBuildOperationRunner] Completing Build operation 'Resolve apksig-9.1.0.jar (com.android.tools.build:apksig:9.1.0)'
2026-03-16T23:45:28.642+0700 [DEBUG] [org.gradle.internal.operations.DefaultBuildOperationRunner] Build operation 'Resolve flatbuffers-java-1.12.0.jar (com.google.flatbuffers:flatbuffers-java:1.12.0)' started
2026-03-16T23:45:28.646+0700 [DEBUG] [org.gradle.internal.operations.DefaultBuildOperationRunner] Completing Build operation 'Resolve kotlin-gradle-plugin-idea-proto-2.2.10.jar (org.jetbrains.kotlin:kotlin-gradle-plugin-idea-proto:2.2.10)'
2026-03-16T23:45:28.641+0700 [DEBUG] [org.gradle.internal.operations.DefaultBuildOperationRunner] Build operation 'Resolve checker-qual-3.43.0.jar (org.checkerframework:checker-qual:3.43.0)' started
2026-03-16T23:45:28.641+0700 [DEBUG] [org.gradle.internal.operations.DefaultBuildOperationRunner] Build operation 'Resolve j2objc-annotations-3.0.0.jar (com.google.j2objc:j2objc-annotations:3.0.0)' started
2026-03-16T23:45:28.647+0700 [DEBUG] [org.gradle.internal.operations.DefaultBuildOperationRunner] Build operation 'Resolve commons-logging-1.2.jar (commons-logging:commons-logging:1.2)' started
2026-03-16T23:45:28.647+0700 [DEBUG] [org.gradle.internal.operations.DefaultBuildOperationRunner] Completing Build operation 'Resolve checker-qual-3.43.0.jar (org.checkerframework:checker-qual:3.43.0)'
2026-03-16T23:45:28.648+0700 [DEBUG] [org.gradle.internal.operations.DefaultBuildOperationRunner] Build operation 'Resolve jna-5.6.0.jar (net.java.dev.jna:jna:5.6.0)' started
2026-03-16T23:45:28.648+0700 [DEBUG] [org.gradle.internal.operations.DefaultBuildOperationRunner] Completing Build operation 'Resolve abi-tools-api-2.2.10.jar (org.jetbrains.kotlin:abi-tools-api:2.2.10)'
2026-03-16T23:45:28.639+0700 [DEBUG] [org.gradle.internal.operations.DefaultBuildOperationRunner] Build operation 'Resolve jsr305-3.0.2.jar (com.google.code.findbugs:jsr305:3.0.2)' started
2026-03-16T23:45:28.648+0700 [DEBUG] [org.gradle.internal.operations.DefaultBuildOperationRunner] Build operation 'Resolve kotlin-tooling-core-2.2.10.jar (org.jetbrains.kotlin:kotlin-tooling-core:2.2.10)' started
2026-03-16T23:45:28.651+0700 [DEBUG] [org.gradle.internal.operations.DefaultBuildOperationRunner] Completing Build operation 'Resolve j2objc-annotations-3.0.0.jar (com.google.j2objc:j2objc-annotations:3.0.0)'
2026-03-16T23:45:28.646+0700 [DEBUG] [org.gradle.internal.operations.DefaultBuildOperationRunner] Build operation 'Resolve commons-lang3-3.16.0.jar (org.apache.commons:commons-lang3:3.16.0)' started
2026-03-16T23:45:28.645+0700 [DEBUG] [org.gradle.internal.operations.DefaultBuildOperationRunner] Build operation 'Resolve commons-codec-1.17.1.jar (commons-codec:commons-codec:1.17.1)' started
2026-03-16T23:45:28.652+0700 [DEBUG] [org.gradle.internal.operations.DefaultBuildOperationRunner] Completing Build operation 'Resolve javawriter-2.5.0.jar (com.squareup:javawriter:2.5.0)'
2026-03-16T23:45:28.652+0700 [DEBUG] [org.gradle.internal.operations.DefaultBuildOperationRunner] Completing Build operation 'Resolve listenablefuture-9999.0-empty-to-avoid-conflict-with-guava.jar (com.google.guava:listenablefuture:9999.0-empty-to-avoid-conflict-with-guava)'
2026-03-16T23:45:28.652+0700 [DEBUG] [org.gradle.internal.operations.DefaultBuildOperationRunner] Build operation 'Resolve kotlin-util-klib-2.2.10.jar (org.jetbrains.kotlin:kotlin-util-klib:2.2.10)' started
2026-03-16T23:45:28.652+0700 [DEBUG] [org.gradle.internal.operations.DefaultBuildOperationRunner] Completing Build operation 'Resolve failureaccess-1.0.2.jar (com.google.guava:failureaccess:1.0.2)'
2026-03-16T23:45:28.652+0700 [DEBUG] [org.gradle.internal.operations.DefaultBuildOperationRunner] Build operation 'Resolve kotlin-build-tools-api-2.2.10.jar (org.jetbrains.kotlin:kotlin-build-tools-api:2.2.10)' started
2026-03-16T23:45:28.653+0700 [DEBUG] [org.gradle.internal.operations.DefaultBuildOperationRunner] Completing Build operation 'Resolve commons-codec-1.17.1.jar (commons-codec:commons-codec:1.17.1)'
2026-03-16T23:45:28.653+0700 [DEBUG] [org.gradle.internal.operations.DefaultBuildOperationRunner] Build operation 'Resolve kotlin-daemon-client-2.2.10.jar (org.jetbrains.kotlin:kotlin-daemon-client:2.2.10)' started
2026-03-16T23:45:28.653+0700 [DEBUG] [org.gradle.internal.operations.DefaultBuildOperationRunner] Completing Build operation 'Resolve commons-lang3-3.16.0.jar (org.apache.commons:commons-lang3:3.16.0)'
2026-03-16T23:45:28.653+0700 [DEBUG] [org.gradle.internal.operations.DefaultBuildOperationRunner] Completing Build operation 'Resolve kotlin-daemon-client-2.2.10.jar (org.jetbrains.kotlin:kotlin-daemon-client:2.2.10)'
2026-03-16T23:45:28.652+0700 [DEBUG] [org.gradle.internal.operations.DefaultBuildOperationRunner] Completing Build operation 'Resolve flatbuffers-java-1.12.0.jar (com.google.flatbuffers:flatbuffers-java:1.12.0)'
2026-03-16T23:45:28.651+0700 [DEBUG] [org.gradle.internal.operations.DefaultBuildOperationRunner] Build operation 'Resolve kotlin-native-utils-2.2.10.jar (org.jetbrains.kotlin:kotlin-native-utils:2.2.10)' started
2026-03-16T23:45:28.651+0700 [DEBUG] [org.gradle.internal.operations.DefaultBuildOperationRunner] Completing Build operation 'Resolve commons-logging-1.2.jar (commons-logging:commons-logging:1.2)'
2026-03-16T23:45:28.651+0700 [DEBUG] [org.gradle.internal.operations.DefaultBuildOperationRunner] Completing Build operation 'Resolve jna-5.6.0.jar (net.java.dev.jna:jna:5.6.0)'
2026-03-16T23:45:28.654+0700 [DEBUG] [org.gradle.internal.operations.DefaultBuildOperationRunner] Completing Build operation 'Resolve kotlin-tooling-core-2.2.10.jar (org.jetbrains.kotlin:kotlin-tooling-core:2.2.10)'
2026-03-16T23:45:28.650+0700 [DEBUG] [org.gradle.internal.operations.DefaultBuildOperationRunner] Build operation 'Resolve kotlin-gradle-plugin-annotations-2.2.10.jar (org.jetbrains.kotlin:kotlin-gradle-plugin-annotations:2.2.10)' started
2026-03-16T23:45:28.650+0700 [DEBUG] [org.gradle.internal.operations.DefaultBuildOperationRunner] Completing Build operation 'Resolve jsr305-3.0.2.jar (com.google.code.findbugs:jsr305:3.0.2)'
2026-03-16T23:45:28.654+0700 [DEBUG] [org.gradle.internal.operations.DefaultBuildOperationRunner] Completing Build operation 'Resolve kotlin-native-utils-2.2.10.jar (org.jetbrains.kotlin:kotlin-native-utils:2.2.10)'
2026-03-16T23:45:28.654+0700 [DEBUG] [org.gradle.internal.operations.DefaultBuildOperationRunner] Completing Build operation 'Resolve kotlin-build-tools-api-2.2.10.jar (org.jetbrains.kotlin:kotlin-build-tools-api:2.2.10)'
2026-03-16T23:45:28.652+0700 [DEBUG] [org.gradle.internal.operations.DefaultBuildOperationRunner] Build operation 'Resolve kotlin-util-io-2.2.10.jar (org.jetbrains.kotlin:kotlin-util-io:2.2.10)' started
2026-03-16T23:45:28.655+0700 [DEBUG] [org.gradle.internal.operations.DefaultBuildOperationRunner] Completing Build operation 'Resolve kotlin-util-klib-2.2.10.jar (org.jetbrains.kotlin:kotlin-util-klib:2.2.10)'
2026-03-16T23:45:28.655+0700 [DEBUG] [org.gradle.internal.operations.DefaultBuildOperationRunner] Completing Build operation 'Resolve kotlin-gradle-plugin-annotations-2.2.10.jar (org.jetbrains.kotlin:kotlin-gradle-plugin-annotations:2.2.10)'
2026-03-16T23:45:28.655+0700 [DEBUG] [org.gradle.internal.operations.DefaultBuildOperationRunner] Completing Build operation 'Resolve kotlin-util-io-2.2.10.jar (org.jetbrains.kotlin:kotlin-util-io:2.2.10)'
2026-03-16T23:45:28.657+0700 [DEBUG] [org.gradle.internal.operations.DefaultBuildOperationRunner] Completing Build operation 'Resolve files of configuration 'classpath''
2026-03-16T23:45:28.681+0700 [DEBUG] [org.gradle.internal.operations.DefaultBuildOperationRunner] Build operation 'Resolve files of configuration 'classpath'' started
2026-03-16T23:45:28.681+0700 [DEBUG] [org.gradle.internal.operations.DefaultBuildOperationRunner] Build operation 'Fingerprint transform inputs' started
2026-03-16T23:45:28.681+0700 [DEBUG] [org.gradle.internal.operations.DefaultBuildOperationRunner] Completing Build operation 'Fingerprint transform inputs'
2026-03-16T23:45:28.706+0700 [DEBUG] [org.gradle.internal.operations.DefaultBuildOperationRunner] Build operation 'Resolve files of configuration 'classpath'' started
2026-03-16T23:45:28.712+0700 [DEBUG] [org.gradle.internal.operations.DefaultBuildOperationRunner] Completing Build operation 'Resolve files of configuration 'classpath''
2026-03-16T23:45:28.713+0700 [DEBUG] [org.gradle.internal.operations.DefaultBuildOperationRunner] Build operation 'Fingerprint transform inputs' started
2026-03-16T23:45:28.715+0700 [DEBUG] [org.gradle.internal.operations.DefaultBuildOperationRunner] Completing Build operation 'Fingerprint transform inputs'
2026-03-16T23:45:28.715+0700 [DEBUG] [org.gradle.internal.operations.DefaultBuildOperationRunner] Build operation 'Fingerprint transform inputs' started
2026-03-16T23:45:28.715+0700 [DEBUG] [org.gradle.internal.operations.DefaultBuildOperationRunner] Completing Build operation 'Fingerprint transform inputs'
2026-03-16T23:45:28.717+0700 [DEBUG] [org.gradle.internal.operations.DefaultBuildOperationRunner] Build operation 'Execute transform chain: gradle-settings-api-9.1.0.jar (com.android.tools.build:gradle-settings-api:9.1.0)' started
2026-03-16T23:45:28.717+0700 [DEBUG] [org.gradle.internal.operations.DefaultBuildOperationRunner] Build operation 'Execute transform chain: gradle-common-api-9.1.0.jar (com.android.tools.build:gradle-common-api:9.1.0)' started
2026-03-16T23:45:28.717+0700 [DEBUG] [org.gradle.internal.operations.DefaultBuildOperationRunner] Completing Build operation 'Execute transform chain: gradle-settings-api-9.1.0.jar (com.android.tools.build:gradle-settings-api:9.1.0)'
2026-03-16T23:45:28.718+0700 [DEBUG] [org.gradle.internal.operations.DefaultBuildOperationRunner] Build operation 'Execute transform chain: gradle-work-action-api-32.1.0.jar (com.android.tools.utp:gradle-work-action-api:32.1.0)' started
2026-03-16T23:45:28.717+0700 [DEBUG] [org.gradle.internal.operations.DefaultBuildOperationRunner] Completing Build operation 'Execute transform chain: gradle-common-api-9.1.0.jar (com.android.tools.build:gradle-common-api:9.1.0)'
2026-03-16T23:45:28.719+0700 [DEBUG] [org.gradle.internal.operations.DefaultBuildOperationRunner] Completing Build operation 'Execute transform chain: gradle-work-action-api-32.1.0.jar (com.android.tools.utp:gradle-work-action-api:32.1.0)'
2026-03-16T23:45:28.719+0700 [DEBUG] [org.gradle.internal.operations.DefaultBuildOperationRunner] Build operation 'Execute transform chain: gradle-api-9.1.0.jar (com.android.tools.build:gradle-api:9.1.0)' started
2026-03-16T23:45:28.718+0700 [DEBUG] [org.gradle.internal.operations.DefaultBuildOperationRunner] Build operation 'Execute transform chain: gradle-9.1.0.jar (com.android.tools.build:gradle:9.1.0)' started
2026-03-16T23:45:28.720+0700 [DEBUG] [org.gradle.internal.operations.DefaultBuildOperationRunner] Completing Build operation 'Execute transform chain: gradle-api-9.1.0.jar (com.android.tools.build:gradle-api:9.1.0)'
2026-03-16T23:45:28.721+0700 [DEBUG] [org.gradle.internal.operations.DefaultBuildOperationRunner] Build operation 'Execute transform chain: sdk-common-32.1.0.jar (com.android.tools:sdk-common:32.1.0)' started
2026-03-16T23:45:28.720+0700 [DEBUG] [org.gradle.internal.operations.DefaultBuildOperationRunner] Build operation 'Execute transform chain: builder-model-9.1.0.jar (com.android.tools.build:builder-model:9.1.0)' started
2026-03-16T23:45:28.721+0700 [DEBUG] [org.gradle.internal.operations.DefaultBuildOperationRunner] Completing Build operation 'Execute transform chain: sdk-common-32.1.0.jar (com.android.tools:sdk-common:32.1.0)'
2026-03-16T23:45:28.721+0700 [DEBUG] [org.gradle.internal.operations.DefaultBuildOperationRunner] Build operation 'Execute transform chain: sdklib-32.1.0.jar (com.android.tools:sdklib:32.1.0)' started
2026-03-16T23:45:28.722+0700 [DEBUG] [org.gradle.internal.operations.DefaultBuildOperationRunner] Build operation 'Execute transform chain: lint-model-32.1.0.jar (com.android.tools.lint:lint-model:32.1.0)' started
2026-03-16T23:45:28.722+0700 [DEBUG] [org.gradle.internal.operations.DefaultBuildOperationRunner] Completing Build operation 'Execute transform chain: sdklib-32.1.0.jar (com.android.tools:sdklib:32.1.0)'
2026-03-16T23:45:28.721+0700 [DEBUG] [org.gradle.internal.operations.DefaultBuildOperationRunner] Completing Build operation 'Execute transform chain: builder-model-9.1.0.jar (com.android.tools.build:builder-model:9.1.0)'
2026-03-16T23:45:28.720+0700 [DEBUG] [org.gradle.internal.operations.DefaultBuildOperationRunner] Completing Build operation 'Execute transform chain: gradle-9.1.0.jar (com.android.tools.build:gradle:9.1.0)'
2026-03-16T23:45:28.724+0700 [DEBUG] [org.gradle.internal.operations.DefaultBuildOperationRunner] Build operation 'Execute transform chain: builder-test-api-9.1.0.jar (com.android.tools.build:builder-test-api:9.1.0)' started
2026-03-16T23:45:28.723+0700 [DEBUG] [org.gradle.internal.operations.DefaultBuildOperationRunner] Build operation 'Execute transform chain: shared-32.1.0.jar (com.android.tools.analytics-library:shared:32.1.0)' started
2026-03-16T23:45:28.724+0700 [DEBUG] [org.gradle.internal.operations.DefaultBuildOperationRunner] Completing Build operation 'Execute transform chain: builder-test-api-9.1.0.jar (com.android.tools.build:builder-test-api:9.1.0)'
2026-03-16T23:45:28.725+0700 [DEBUG] [org.gradle.internal.operations.DefaultBuildOperationRunner] Build operation 'Execute transform chain: ddmlib-32.1.0.jar (com.android.tools.ddms:ddmlib:32.1.0)' started
2026-03-16T23:45:28.723+0700 [DEBUG] [org.gradle.internal.operations.DefaultBuildOperationRunner] Build operation 'Execute transform chain: tracker-32.1.0.jar (com.android.tools.analytics-library:tracker:32.1.0)' started
2026-03-16T23:45:28.723+0700 [DEBUG] [org.gradle.internal.operations.DefaultBuildOperationRunner] Completing Build operation 'Execute transform chain: lint-model-32.1.0.jar (com.android.tools.lint:lint-model:32.1.0)'
2026-03-16T23:45:28.722+0700 [DEBUG] [org.gradle.internal.operations.DefaultBuildOperationRunner] Build operation 'Execute transform chain: aaptcompiler-9.1.0.jar (com.android.tools.build:aaptcompiler:9.1.0)' started
2026-03-16T23:45:28.722+0700 [DEBUG] [org.gradle.internal.operations.DefaultBuildOperationRunner] Build operation 'Execute transform chain: repository-32.1.0.jar (com.android.tools:repository:32.1.0)' started
2026-03-16T23:45:28.727+0700 [DEBUG] [org.gradle.internal.operations.DefaultBuildOperationRunner] Build operation 'Execute transform chain: jetifier-core-1.0.0-beta10.jar (com.android.tools.build.jetifier:jetifier-core:1.0.0-beta10)' started
2026-03-16T23:45:28.728+0700 [DEBUG] [org.gradle.internal.operations.DefaultBuildOperationRunner] Build operation 'Execute transform chain: jetifier-processor-1.0.0-beta10.jar (com.android.tools.build.jetifier:jetifier-processor:1.0.0-beta10)' started
2026-03-16T23:45:28.728+0700 [DEBUG] [org.gradle.internal.operations.DefaultBuildOperationRunner] Completing Build operation 'Execute transform chain: jetifier-processor-1.0.0-beta10.jar (com.android.tools.build.jetifier:jetifier-processor:1.0.0-beta10)'
2026-03-16T23:45:28.727+0700 [DEBUG] [org.gradle.internal.operations.DefaultBuildOperationRunner] Build operation 'Execute transform chain: builder-9.1.0.jar (com.android.tools.build:builder:9.1.0)' started
2026-03-16T23:45:28.729+0700 [DEBUG] [org.gradle.internal.operations.DefaultBuildOperationRunner] Completing Build operation 'Execute transform chain: builder-9.1.0.jar (com.android.tools.build:builder:9.1.0)'
2026-03-16T23:45:28.729+0700 [DEBUG] [org.gradle.internal.operations.DefaultBuildOperationRunner] Build operation 'Execute transform chain: kotlin-stdlib-jdk8-2.2.10.jar (org.jetbrains.kotlin:kotlin-stdlib-jdk8:2.2.10)' started
2026-03-16T23:45:28.726+0700 [DEBUG] [org.gradle.internal.operations.DefaultBuildOperationRunner] Build operation 'Execute transform chain: dvlib-32.1.0.jar (com.android.tools:dvlib:32.1.0)' started
2026-03-16T23:45:28.726+0700 [DEBUG] [org.gradle.internal.operations.DefaultBuildOperationRunner] Completing Build operation 'Execute transform chain: tracker-32.1.0.jar (com.android.tools.analytics-library:tracker:32.1.0)'
2026-03-16T23:45:28.729+0700 [DEBUG] [org.gradle.internal.operations.DefaultBuildOperationRunner] Build operation 'Execute transform chain: kotlin-reflect-2.2.21.jar (org.jetbrains.kotlin:kotlin-reflect:2.2.21)' started
2026-03-16T23:45:28.726+0700 [DEBUG] [org.gradle.internal.operations.DefaultBuildOperationRunner] Completing Build operation 'Execute transform chain: ddmlib-32.1.0.jar (com.android.tools.ddms:ddmlib:32.1.0)'
2026-03-16T23:45:28.729+0700 [DEBUG] [org.gradle.internal.operations.DefaultBuildOperationRunner] Completing Build operation 'Execute transform chain: kotlin-reflect-2.2.21.jar (org.jetbrains.kotlin:kotlin-reflect:2.2.21)'
2026-03-16T23:45:28.730+0700 [DEBUG] [org.gradle.internal.operations.DefaultBuildOperationRunner] Build operation 'Execute transform chain: kotlin-gradle-plugin-model-2.2.10.jar (org.jetbrains.kotlin:kotlin-gradle-plugin-model:2.2.10)' started
2026-03-16T23:45:28.725+0700 [DEBUG] [org.gradle.internal.operations.DefaultBuildOperationRunner] Build operation 'Execute transform chain: layoutlib-api-32.1.0.jar (com.android.tools.layoutlib:layoutlib-api:32.1.0)' started
2026-03-16T23:45:28.725+0700 [DEBUG] [org.gradle.internal.operations.DefaultBuildOperationRunner] Completing Build operation 'Execute transform chain: shared-32.1.0.jar (com.android.tools.analytics-library:shared:32.1.0)'
2026-03-16T23:45:28.730+0700 [DEBUG] [org.gradle.internal.operations.DefaultBuildOperationRunner] Build operation 'Execute transform chain: fus-statistics-gradle-plugin-2.2.10-gradle813.jar (org.jetbrains.kotlin:fus-statistics-gradle-plugin:2.2.10)' started
2026-03-16T23:45:28.730+0700 [DEBUG] [org.gradle.internal.operations.DefaultBuildOperationRunner] Completing Build operation 'Execute transform chain: layoutlib-api-32.1.0.jar (com.android.tools.layoutlib:layoutlib-api:32.1.0)'
2026-03-16T23:45:28.730+0700 [DEBUG] [org.gradle.internal.operations.DefaultBuildOperationRunner] Completing Build operation 'Execute transform chain: kotlin-gradle-plugin-model-2.2.10.jar (org.jetbrains.kotlin:kotlin-gradle-plugin-model:2.2.10)'
2026-03-16T23:45:28.731+0700 [DEBUG] [org.gradle.internal.operations.DefaultBuildOperationRunner] Build operation 'Execute transform chain: kotlin-gradle-plugin-api-2.2.10-gradle813.jar (org.jetbrains.kotlin:kotlin-gradle-plugin-api:2.2.10)' started
2026-03-16T23:45:28.731+0700 [DEBUG] [org.gradle.internal.operations.DefaultBuildOperationRunner] Completing Build operation 'Execute transform chain: kotlin-gradle-plugin-api-2.2.10-gradle813.jar (org.jetbrains.kotlin:kotlin-gradle-plugin-api:2.2.10)'
2026-03-16T23:45:28.729+0700 [DEBUG] [org.gradle.internal.operations.DefaultBuildOperationRunner] Completing Build operation 'Execute transform chain: dvlib-32.1.0.jar (com.android.tools:dvlib:32.1.0)'
2026-03-16T23:45:28.729+0700 [DEBUG] [org.gradle.internal.operations.DefaultBuildOperationRunner] Completing Build operation 'Execute transform chain: kotlin-stdlib-jdk8-2.2.10.jar (org.jetbrains.kotlin:kotlin-stdlib-jdk8:2.2.10)'
2026-03-16T23:45:28.732+0700 [DEBUG] [org.gradle.internal.operations.DefaultBuildOperationRunner] Build operation 'Execute transform chain: kotlin-stdlib-jdk7-2.2.10.jar (org.jetbrains.kotlin:kotlin-stdlib-jdk7:2.2.10)' started
2026-03-16T23:45:28.729+0700 [DEBUG] [org.gradle.internal.operations.DefaultBuildOperationRunner] Completing Build operation 'Execute transform chain: repository-32.1.0.jar (com.android.tools:repository:32.1.0)'
2026-03-16T23:45:28.732+0700 [DEBUG] [org.gradle.internal.operations.DefaultBuildOperationRunner] Build operation 'Execute transform chain: kotlin-stdlib-2.2.21.jar (org.jetbrains.kotlin:kotlin-stdlib:2.2.21)' started
2026-03-16T23:45:28.728+0700 [DEBUG] [org.gradle.internal.operations.DefaultBuildOperationRunner] Build operation 'Execute transform chain: common-32.1.0.jar (com.android.tools:common:32.1.0)' started
2026-03-16T23:45:28.732+0700 [DEBUG] [org.gradle.internal.operations.DefaultBuildOperationRunner] Completing Build operation 'Execute transform chain: kotlin-stdlib-2.2.21.jar (org.jetbrains.kotlin:kotlin-stdlib:2.2.21)'
2026-03-16T23:45:28.733+0700 [DEBUG] [org.gradle.internal.operations.DefaultBuildOperationRunner] Build operation 'Execute transform chain: annotations-13.0.jar (org.jetbrains:annotations:13.0)' started
2026-03-16T23:45:28.728+0700 [DEBUG] [org.gradle.internal.operations.DefaultBuildOperationRunner] Completing Build operation 'Execute transform chain: jetifier-core-1.0.0-beta10.jar (com.android.tools.build.jetifier:jetifier-core:1.0.0-beta10)'
2026-03-16T23:45:28.727+0700 [DEBUG] [org.gradle.internal.operations.DefaultBuildOperationRunner] Completing Build operation 'Execute transform chain: aaptcompiler-9.1.0.jar (com.android.tools.build:aaptcompiler:9.1.0)'
2026-03-16T23:45:28.734+0700 [DEBUG] [org.gradle.internal.operations.DefaultBuildOperationRunner] Build operation 'Execute transform chain: aapt2-proto-9.1.0-14792394.jar (com.android.tools.build:aapt2-proto:9.1.0-14792394)' started
2026-03-16T23:45:28.733+0700 [DEBUG] [org.gradle.internal.operations.DefaultBuildOperationRunner] Build operation 'Execute transform chain: bundletool-1.18.3.jar (com.android.tools.build:bundletool:1.18.3)' started
2026-03-16T23:45:28.734+0700 [DEBUG] [org.gradle.internal.operations.DefaultBuildOperationRunner] Completing Build operation 'Execute transform chain: bundletool-1.18.3.jar (com.android.tools.build:bundletool:1.18.3)'
2026-03-16T23:45:28.733+0700 [DEBUG] [org.gradle.internal.operations.DefaultBuildOperationRunner] Build operation 'Execute transform chain: databinding-compiler-common-9.1.0.jar (androidx.databinding:databinding-compiler-common:9.1.0)' started
2026-03-16T23:45:28.733+0700 [DEBUG] [org.gradle.internal.operations.DefaultBuildOperationRunner] Completing Build operation 'Execute transform chain: annotations-13.0.jar (org.jetbrains:annotations:13.0)'
2026-03-16T23:45:28.735+0700 [DEBUG] [org.gradle.internal.operations.DefaultBuildOperationRunner] Build operation 'Execute transform chain: lint-typedef-remover-32.1.0.jar (com.android.tools.lint:lint-typedef-remover:32.1.0)' started
2026-03-16T23:45:28.733+0700 [DEBUG] [org.gradle.internal.operations.DefaultBuildOperationRunner] Completing Build operation 'Execute transform chain: common-32.1.0.jar (com.android.tools:common:32.1.0)'
2026-03-16T23:45:28.735+0700 [DEBUG] [org.gradle.internal.operations.DefaultBuildOperationRunner] Completing Build operation 'Execute transform chain: lint-typedef-remover-32.1.0.jar (com.android.tools.lint:lint-typedef-remover:32.1.0)'
2026-03-16T23:45:28.735+0700 [DEBUG] [org.gradle.internal.operations.DefaultBuildOperationRunner] Build operation 'Execute transform chain: databinding-common-9.1.0.jar (androidx.databinding:databinding-common:9.1.0)' started
2026-03-16T23:45:28.732+0700 [DEBUG] [org.gradle.internal.operations.DefaultBuildOperationRunner] Completing Build operation 'Execute transform chain: kotlin-stdlib-jdk7-2.2.10.jar (org.jetbrains.kotlin:kotlin-stdlib-jdk7:2.2.10)'
2026-03-16T23:45:28.735+0700 [DEBUG] [org.gradle.internal.operations.DefaultBuildOperationRunner] Build operation 'Execute transform chain: baseLibrary-9.1.0.jar (com.android.databinding:baseLibrary:9.1.0)' started
2026-03-16T23:45:28.731+0700 [DEBUG] [org.gradle.internal.operations.DefaultBuildOperationRunner] Build operation 'Execute transform chain: kotlinx-coroutines-core-jvm-1.9.0.jar (org.jetbrains.kotlinx:kotlinx-coroutines-core-jvm:1.9.0)' started
2026-03-16T23:45:28.736+0700 [DEBUG] [org.gradle.internal.operations.DefaultBuildOperationRunner] Completing Build operation 'Execute transform chain: baseLibrary-9.1.0.jar (com.android.databinding:baseLibrary:9.1.0)'
2026-03-16T23:45:28.731+0700 [DEBUG] [org.gradle.internal.operations.DefaultBuildOperationRunner] Build operation 'Execute transform chain: kotlin-compiler-runner-2.2.10.jar (org.jetbrains.kotlin:kotlin-compiler-runner:2.2.10)' started
2026-03-16T23:45:28.731+0700 [DEBUG] [org.gradle.internal.operations.DefaultBuildOperationRunner] Build operation 'Execute transform chain: kotlin-gradle-plugin-2.2.10-gradle813.jar (org.jetbrains.kotlin:kotlin-gradle-plugin:2.2.10)' started
2026-03-16T23:45:28.736+0700 [DEBUG] [org.gradle.internal.operations.DefaultBuildOperationRunner] Completing Build operation 'Execute transform chain: kotlin-compiler-runner-2.2.10.jar (org.jetbrains.kotlin:kotlin-compiler-runner:2.2.10)'
2026-03-16T23:45:28.731+0700 [DEBUG] [org.gradle.internal.operations.DefaultBuildOperationRunner] Build operation 'Execute transform chain: kotlin-gradle-plugin-api-2.2.10.jar (org.jetbrains.kotlin:kotlin-gradle-plugin-api:2.2.10)' started
2026-03-16T23:45:28.731+0700 [DEBUG] [org.gradle.internal.operations.DefaultBuildOperationRunner] Completing Build operation 'Execute transform chain: fus-statistics-gradle-plugin-2.2.10-gradle813.jar (org.jetbrains.kotlin:fus-statistics-gradle-plugin:2.2.10)'
2026-03-16T23:45:28.737+0700 [DEBUG] [org.gradle.internal.operations.DefaultBuildOperationRunner] Build operation 'Execute transform chain: commons-io-2.16.1.jar (commons-io:commons-io:2.16.1)' started
2026-03-16T23:45:28.736+0700 [DEBUG] [org.gradle.internal.operations.DefaultBuildOperationRunner] Completing Build operation 'Execute transform chain: kotlin-gradle-plugin-api-2.2.10.jar (org.jetbrains.kotlin:kotlin-gradle-plugin-api:2.2.10)'
2026-03-16T23:45:28.737+0700 [DEBUG] [org.gradle.internal.operations.DefaultBuildOperationRunner] Completing Build operation 'Execute transform chain: commons-io-2.16.1.jar (commons-io:commons-io:2.16.1)'
2026-03-16T23:45:28.737+0700 [DEBUG] [org.gradle.internal.operations.DefaultBuildOperationRunner] Build operation 'Execute transform chain: asm-commons-9.9.jar (org.ow2.asm:asm-commons:9.9)' started
2026-03-16T23:45:28.736+0700 [DEBUG] [org.gradle.internal.operations.DefaultBuildOperationRunner] Build operation 'Execute transform chain: commons-compress-1.27.1.jar (org.apache.commons:commons-compress:1.27.1)' started
2026-03-16T23:45:28.736+0700 [DEBUG] [org.gradle.internal.operations.DefaultBuildOperationRunner] Completing Build operation 'Execute transform chain: kotlin-gradle-plugin-2.2.10-gradle813.jar (org.jetbrains.kotlin:kotlin-gradle-plugin:2.2.10)'
2026-03-16T23:45:28.737+0700 [DEBUG] [org.gradle.internal.operations.DefaultBuildOperationRunner] Completing Build operation 'Execute transform chain: commons-compress-1.27.1.jar (org.apache.commons:commons-compress:1.27.1)'
2026-03-16T23:45:28.736+0700 [DEBUG] [org.gradle.internal.operations.DefaultBuildOperationRunner] Build operation 'Execute transform chain: httpmime-4.5.6.jar (org.apache.httpcomponents:httpmime:4.5.6)' started
2026-03-16T23:45:28.736+0700 [DEBUG] [org.gradle.internal.operations.DefaultBuildOperationRunner] Completing Build operation 'Execute transform chain: kotlinx-coroutines-core-jvm-1.9.0.jar (org.jetbrains.kotlinx:kotlinx-coroutines-core-jvm:1.9.0)'
2026-03-16T23:45:28.738+0700 [DEBUG] [org.gradle.internal.operations.DefaultBuildOperationRunner] Completing Build operation 'Execute transform chain: httpmime-4.5.6.jar (org.apache.httpcomponents:httpmime:4.5.6)'
2026-03-16T23:45:28.738+0700 [DEBUG] [org.gradle.internal.operations.DefaultBuildOperationRunner] Build operation 'Execute transform chain: asm-tree-9.9.jar (org.ow2.asm:asm-tree:9.9)' started
2026-03-16T23:45:28.735+0700 [DEBUG] [org.gradle.internal.operations.DefaultBuildOperationRunner] Completing Build operation 'Execute transform chain: databinding-common-9.1.0.jar (androidx.databinding:databinding-common:9.1.0)'
2026-03-16T23:45:28.739+0700 [DEBUG] [org.gradle.internal.operations.DefaultBuildOperationRunner] Build operation 'Execute transform chain: jaxb-runtime-2.3.2.jar (org.glassfish.jaxb:jaxb-runtime:2.3.2)' started
2026-03-16T23:45:28.735+0700 [DEBUG] [org.gradle.internal.operations.DefaultBuildOperationRunner] Completing Build operation 'Execute transform chain: databinding-compiler-common-9.1.0.jar (androidx.databinding:databinding-compiler-common:9.1.0)'
2026-03-16T23:45:28.739+0700 [DEBUG] [org.gradle.internal.operations.DefaultBuildOperationRunner] Build operation 'Execute transform chain: jopt-simple-4.9.jar (net.sf.jopt-simple:jopt-simple:4.9)' started
2026-03-16T23:45:28.734+0700 [DEBUG] [org.gradle.internal.operations.DefaultBuildOperationRunner] Build operation 'Execute transform chain: crash-32.1.0.jar (com.android.tools.analytics-library:crash:32.1.0)' started
2026-03-16T23:45:28.740+0700 [DEBUG] [org.gradle.internal.operations.DefaultBuildOperationRunner] Completing Build operation 'Execute transform chain: jopt-simple-4.9.jar (net.sf.jopt-simple:jopt-simple:4.9)'
2026-03-16T23:45:28.740+0700 [DEBUG] [org.gradle.internal.operations.DefaultBuildOperationRunner] Build operation 'Execute transform chain: javapoet-1.13.0.jar (com.squareup:javapoet:1.13.0)' started
2026-03-16T23:45:28.734+0700 [DEBUG] [org.gradle.internal.operations.DefaultBuildOperationRunner] Build operation 'Execute transform chain: manifest-merger-32.1.0.jar (com.android.tools.build:manifest-merger:32.1.0)' started
2026-03-16T23:45:28.740+0700 [DEBUG] [org.gradle.internal.operations.DefaultBuildOperationRunner] Completing Build operation 'Execute transform chain: javapoet-1.13.0.jar (com.squareup:javapoet:1.13.0)'
2026-03-16T23:45:28.741+0700 [DEBUG] [org.gradle.internal.operations.DefaultBuildOperationRunner] Build operation 'Execute transform chain: protobuf-java-util-3.25.5.jar (com.google.protobuf:protobuf-java-util:3.25.5)' started
2026-03-16T23:45:28.734+0700 [DEBUG] [org.gradle.internal.operations.DefaultBuildOperationRunner] Completing Build operation 'Execute transform chain: aapt2-proto-9.1.0-14792394.jar (com.android.tools.build:aapt2-proto:9.1.0-14792394)'
2026-03-16T23:45:28.741+0700 [DEBUG] [org.gradle.internal.operations.DefaultBuildOperationRunner] Build operation 'Execute transform chain: tink-1.7.0.jar (com.google.crypto.tink:tink:1.7.0)' started
2026-03-16T23:45:28.741+0700 [DEBUG] [org.gradle.internal.operations.DefaultBuildOperationRunner] Completing Build operation 'Execute transform chain: manifest-merger-32.1.0.jar (com.android.tools.build:manifest-merger:32.1.0)'
2026-03-16T23:45:28.742+0700 [DEBUG] [org.gradle.internal.operations.DefaultBuildOperationRunner] Build operation 'Execute transform chain: protos-32.1.0.jar (com.android.tools.analytics-library:protos:32.1.0)' started
2026-03-16T23:45:28.740+0700 [DEBUG] [org.gradle.internal.operations.DefaultBuildOperationRunner] Completing Build operation 'Execute transform chain: crash-32.1.0.jar (com.android.tools.analytics-library:crash:32.1.0)'
2026-03-16T23:45:28.742+0700 [DEBUG] [org.gradle.internal.operations.DefaultBuildOperationRunner] Build operation 'Execute transform chain: protobuf-java-3.25.5.jar (com.google.protobuf:protobuf-java:3.25.5)' started
2026-03-16T23:45:28.739+0700 [DEBUG] [org.gradle.internal.operations.DefaultBuildOperationRunner] Completing Build operation 'Execute transform chain: jaxb-runtime-2.3.2.jar (org.glassfish.jaxb:jaxb-runtime:2.3.2)'
2026-03-16T23:45:28.743+0700 [DEBUG] [org.gradle.internal.operations.DefaultBuildOperationRunner] Completing Build operation 'Execute transform chain: protobuf-java-3.25.5.jar (com.google.protobuf:protobuf-java:3.25.5)'
2026-03-16T23:45:28.743+0700 [DEBUG] [org.gradle.internal.operations.DefaultBuildOperationRunner] Build operation 'Execute transform chain: kotlin-build-statistics-2.2.10.jar (org.jetbrains.kotlin:kotlin-build-statistics:2.2.10)' started
2026-03-16T23:45:28.739+0700 [DEBUG] [org.gradle.internal.operations.DefaultBuildOperationRunner] Build operation 'Execute transform chain: asm-9.9.jar (org.ow2.asm:asm:9.9)' started
2026-03-16T23:45:28.739+0700 [DEBUG] [org.gradle.internal.operations.DefaultBuildOperationRunner] Completing Build operation 'Execute transform chain: asm-tree-9.9.jar (org.ow2.asm:asm-tree:9.9)'
2026-03-16T23:45:28.744+0700 [DEBUG] [org.gradle.internal.operations.DefaultBuildOperationRunner] Build operation 'Execute transform chain: gson-2.11.0.jar (com.google.code.gson:gson:2.11.0)' started
2026-03-16T23:45:28.738+0700 [DEBUG] [org.gradle.internal.operations.DefaultBuildOperationRunner] Build operation 'Execute transform chain: asm-analysis-9.9.jar (org.ow2.asm:asm-analysis:9.9)' started
2026-03-16T23:45:28.744+0700 [DEBUG] [org.gradle.internal.operations.DefaultBuildOperationRunner] Completing Build operation 'Execute transform chain: gson-2.11.0.jar (com.google.code.gson:gson:2.11.0)'
2026-03-16T23:45:28.744+0700 [DEBUG] [org.gradle.internal.operations.DefaultBuildOperationRunner] Build operation 'Execute transform chain: tensorflow-lite-metadata-0.2.0.jar (org.tensorflow:tensorflow-lite-metadata:0.2.0)' started
2026-03-16T23:45:28.738+0700 [DEBUG] [org.gradle.internal.operations.DefaultBuildOperationRunner] Build operation 'Execute transform chain: asm-util-9.9.jar (org.ow2.asm:asm-util:9.9)' started
2026-03-16T23:45:28.745+0700 [DEBUG] [org.gradle.internal.operations.DefaultBuildOperationRunner] Build operation 'Execute transform chain: jimfs-1.1.jar (com.google.jimfs:jimfs:1.1)' started
2026-03-16T23:45:28.737+0700 [DEBUG] [org.gradle.internal.operations.DefaultBuildOperationRunner] Completing Build operation 'Execute transform chain: asm-commons-9.9.jar (org.ow2.asm:asm-commons:9.9)'
2026-03-16T23:45:28.746+0700 [DEBUG] [org.gradle.internal.operations.DefaultBuildOperationRunner] Build operation 'Execute transform chain: apkzlib-9.1.0.jar (com.android.tools.build:apkzlib:9.1.0)' started
2026-03-16T23:45:28.746+0700 [DEBUG] [org.gradle.internal.operations.DefaultBuildOperationRunner] Completing Build operation 'Execute transform chain: apkzlib-9.1.0.jar (com.android.tools.build:apkzlib:9.1.0)'
2026-03-16T23:45:28.746+0700 [DEBUG] [org.gradle.internal.operations.DefaultBuildOperationRunner] Build operation 'Execute transform chain: dagger-2.28.3.jar (com.google.dagger:dagger:2.28.3)' started
2026-03-16T23:45:28.745+0700 [DEBUG] [org.gradle.internal.operations.DefaultBuildOperationRunner] Completing Build operation 'Execute transform chain: jimfs-1.1.jar (com.google.jimfs:jimfs:1.1)'
2026-03-16T23:45:28.747+0700 [DEBUG] [org.gradle.internal.operations.DefaultBuildOperationRunner] Completing Build operation 'Execute transform chain: dagger-2.28.3.jar (com.google.dagger:dagger:2.28.3)'
2026-03-16T23:45:28.747+0700 [DEBUG] [org.gradle.internal.operations.DefaultBuildOperationRunner] Build operation 'Execute transform chain: javax.inject-1.jar (javax.inject:javax.inject:1)' started
2026-03-16T23:45:28.745+0700 [DEBUG] [org.gradle.internal.operations.DefaultBuildOperationRunner] Completing Build operation 'Execute transform chain: asm-util-9.9.jar (org.ow2.asm:asm-util:9.9)'
2026-03-16T23:45:28.747+0700 [DEBUG] [org.gradle.internal.operations.DefaultBuildOperationRunner] Build operation 'Execute transform chain: kxml2-2.3.0.jar (net.sf.kxml:kxml2:2.3.0)' started
2026-03-16T23:45:28.745+0700 [DEBUG] [org.gradle.internal.operations.DefaultBuildOperationRunner] Completing Build operation 'Execute transform chain: tensorflow-lite-metadata-0.2.0.jar (org.tensorflow:tensorflow-lite-metadata:0.2.0)'
2026-03-16T23:45:28.744+0700 [DEBUG] [org.gradle.internal.operations.DefaultBuildOperationRunner] Completing Build operation 'Execute transform chain: asm-analysis-9.9.jar (org.ow2.asm:asm-analysis:9.9)'
2026-03-16T23:45:28.744+0700 [DEBUG] [org.gradle.internal.operations.DefaultBuildOperationRunner] Completing Build operation 'Execute transform chain: asm-9.9.jar (org.ow2.asm:asm:9.9)'
2026-03-16T23:45:28.743+0700 [DEBUG] [org.gradle.internal.operations.DefaultBuildOperationRunner] Completing Build operation 'Execute transform chain: kotlin-build-statistics-2.2.10.jar (org.jetbrains.kotlin:kotlin-build-statistics:2.2.10)'
2026-03-16T23:45:28.749+0700 [DEBUG] [org.gradle.internal.operations.DefaultBuildOperationRunner] Build operation 'Execute transform chain: httpclient-4.5.14.jar (org.apache.httpcomponents:httpclient:4.5.14)' started
2026-03-16T23:45:28.749+0700 [DEBUG] [org.gradle.internal.operations.DefaultBuildOperationRunner] Completing Build operation 'Execute transform chain: httpclient-4.5.14.jar (org.apache.httpcomponents:httpclient:4.5.14)'
2026-03-16T23:45:28.749+0700 [DEBUG] [org.gradle.internal.operations.DefaultBuildOperationRunner] Build operation 'Execute transform chain: signflinger-9.1.0.jar (com.android:signflinger:9.1.0)' started
2026-03-16T23:45:28.742+0700 [DEBUG] [org.gradle.internal.operations.DefaultBuildOperationRunner] Completing Build operation 'Execute transform chain: protos-32.1.0.jar (com.android.tools.analytics-library:protos:32.1.0)'
2026-03-16T23:45:28.749+0700 [DEBUG] [org.gradle.internal.operations.DefaultBuildOperationRunner] Build operation 'Execute transform chain: zipflinger-9.1.0.jar (com.android:zipflinger:9.1.0)' started
2026-03-16T23:45:28.742+0700 [DEBUG] [org.gradle.internal.operations.DefaultBuildOperationRunner] Completing Build operation 'Execute transform chain: tink-1.7.0.jar (com.google.crypto.tink:tink:1.7.0)'
2026-03-16T23:45:28.750+0700 [DEBUG] [org.gradle.internal.operations.DefaultBuildOperationRunner] Completing Build operation 'Execute transform chain: zipflinger-9.1.0.jar (com.android:zipflinger:9.1.0)'
2026-03-16T23:45:28.750+0700 [DEBUG] [org.gradle.internal.operations.DefaultBuildOperationRunner] Build operation 'Execute transform chain: annotations-32.1.0.jar (com.android.tools:annotations:32.1.0)' started
2026-03-16T23:45:28.741+0700 [DEBUG] [org.gradle.internal.operations.DefaultBuildOperationRunner] Completing Build operation 'Execute transform chain: protobuf-java-util-3.25.5.jar (com.google.protobuf:protobuf-java-util:3.25.5)'
2026-03-16T23:45:28.750+0700 [DEBUG] [org.gradle.internal.operations.DefaultBuildOperationRunner] Build operation 'Execute transform chain: jna-platform-5.6.0.jar (net.java.dev.jna:jna-platform:5.6.0)' started
2026-03-16T23:45:28.750+0700 [DEBUG] [org.gradle.internal.operations.DefaultBuildOperationRunner] Completing Build operation 'Execute transform chain: annotations-32.1.0.jar (com.android.tools:annotations:32.1.0)'
2026-03-16T23:45:28.751+0700 [DEBUG] [org.gradle.internal.operations.DefaultBuildOperationRunner] Build operation 'Execute transform chain: stax-ex-1.8.1.jar (org.jvnet.staxex:stax-ex:1.8.1)' started
2026-03-16T23:45:28.749+0700 [DEBUG] [org.gradle.internal.operations.DefaultBuildOperationRunner] Completing Build operation 'Execute transform chain: signflinger-9.1.0.jar (com.android:signflinger:9.1.0)'
2026-03-16T23:45:28.751+0700 [DEBUG] [org.gradle.internal.operations.DefaultBuildOperationRunner] Build operation 'Execute transform chain: jakarta.xml.bind-api-2.3.2.jar (jakarta.xml.bind:jakarta.xml.bind-api:2.3.2)' started
2026-03-16T23:45:28.749+0700 [DEBUG] [org.gradle.internal.operations.DefaultBuildOperationRunner] Build operation 'Execute transform chain: httpcore-4.4.16.jar (org.apache.httpcomponents:httpcore:4.4.16)' started
2026-03-16T23:45:28.748+0700 [DEBUG] [org.gradle.internal.operations.DefaultBuildOperationRunner] Build operation 'Execute transform chain: bcprov-jdk18on-1.79.jar (org.bouncycastle:bcprov-jdk18on:1.79)' started
2026-03-16T23:45:28.748+0700 [DEBUG] [org.gradle.internal.operations.DefaultBuildOperationRunner] Build operation 'Execute transform chain: bcutil-jdk18on-1.79.jar (org.bouncycastle:bcutil-jdk18on:1.79)' started
2026-03-16T23:45:28.752+0700 [DEBUG] [org.gradle.internal.operations.DefaultBuildOperationRunner] Completing Build operation 'Execute transform chain: bcprov-jdk18on-1.79.jar (org.bouncycastle:bcprov-jdk18on:1.79)'
2026-03-16T23:45:28.752+0700 [DEBUG] [org.gradle.internal.operations.DefaultBuildOperationRunner] Completing Build operation 'Execute transform chain: bcutil-jdk18on-1.79.jar (org.bouncycastle:bcutil-jdk18on:1.79)'
2026-03-16T23:45:28.748+0700 [DEBUG] [org.gradle.internal.operations.DefaultBuildOperationRunner] Build operation 'Execute transform chain: bcpkix-jdk18on-1.79.jar (org.bouncycastle:bcpkix-jdk18on:1.79)' started
2026-03-16T23:45:28.748+0700 [DEBUG] [org.gradle.internal.operations.DefaultBuildOperationRunner] Completing Build operation 'Execute transform chain: kxml2-2.3.0.jar (net.sf.kxml:kxml2:2.3.0)'
2026-03-16T23:45:28.747+0700 [DEBUG] [org.gradle.internal.operations.DefaultBuildOperationRunner] Completing Build operation 'Execute transform chain: javax.inject-1.jar (javax.inject:javax.inject:1)'
2026-03-16T23:45:28.753+0700 [DEBUG] [org.gradle.internal.operations.DefaultBuildOperationRunner] Build operation 'Execute transform chain: jakarta.activation-api-1.2.1.jar (jakarta.activation:jakarta.activation-api:1.2.1)' started
2026-03-16T23:45:28.746+0700 [DEBUG] [org.gradle.internal.operations.DefaultBuildOperationRunner] Build operation 'Execute transform chain: guava-33.3.1-jre.jar (com.google.guava:guava:33.3.1-jre)' started
2026-03-16T23:45:28.753+0700 [DEBUG] [org.gradle.internal.operations.DefaultBuildOperationRunner] Completing Build operation 'Execute transform chain: jakarta.activation-api-1.2.1.jar (jakarta.activation:jakarta.activation-api:1.2.1)'
2026-03-16T23:45:28.753+0700 [DEBUG] [org.gradle.internal.operations.DefaultBuildOperationRunner] Build operation 'Execute transform chain: auto-value-annotations-1.6.2.jar (com.google.auto.value:auto-value-annotations:1.6.2)' started
2026-03-16T23:45:28.753+0700 [DEBUG] [org.gradle.internal.operations.DefaultBuildOperationRunner] Build operation 'Execute transform chain: FastInfoset-1.2.16.jar (com.sun.xml.fastinfoset:FastInfoset:1.2.16)' started
2026-03-16T23:45:28.752+0700 [DEBUG] [org.gradle.internal.operations.DefaultBuildOperationRunner] Build operation 'Execute transform chain: istack-commons-runtime-3.0.8.jar (com.sun.istack:istack-commons-runtime:3.0.8)' started
2026-03-16T23:45:28.752+0700 [DEBUG] [org.gradle.internal.operations.DefaultBuildOperationRunner] Completing Build operation 'Execute transform chain: bcpkix-jdk18on-1.79.jar (org.bouncycastle:bcpkix-jdk18on:1.79)'
2026-03-16T23:45:28.752+0700 [DEBUG] [org.gradle.internal.operations.DefaultBuildOperationRunner] Build operation 'Execute transform chain: txw2-2.3.2.jar (org.glassfish.jaxb:txw2:2.3.2)' started
2026-03-16T23:45:28.754+0700 [DEBUG] [org.gradle.internal.operations.DefaultBuildOperationRunner] Completing Build operation 'Execute transform chain: txw2-2.3.2.jar (org.glassfish.jaxb:txw2:2.3.2)'
2026-03-16T23:45:28.754+0700 [DEBUG] [org.gradle.internal.operations.DefaultBuildOperationRunner] Build operation 'Execute transform chain: slf4j-api-1.7.30.jar (org.slf4j:slf4j-api:1.7.30)' started
2026-03-16T23:45:28.751+0700 [DEBUG] [org.gradle.internal.operations.DefaultBuildOperationRunner] Completing Build operation 'Execute transform chain: httpcore-4.4.16.jar (org.apache.httpcomponents:httpcore:4.4.16)'
2026-03-16T23:45:28.755+0700 [DEBUG] [org.gradle.internal.operations.DefaultBuildOperationRunner] Build operation 'Execute transform chain: jdom2-2.0.6.jar (org.jdom:jdom2:2.0.6)' started
2026-03-16T23:45:28.751+0700 [DEBUG] [org.gradle.internal.operations.DefaultBuildOperationRunner] Completing Build operation 'Execute transform chain: jakarta.xml.bind-api-2.3.2.jar (jakarta.xml.bind:jakarta.xml.bind-api:2.3.2)'
2026-03-16T23:45:28.755+0700 [DEBUG] [org.gradle.internal.operations.DefaultBuildOperationRunner] Build operation 'Execute transform chain: kotlin-gradle-plugin-idea-proto-2.2.10.jar (org.jetbrains.kotlin:kotlin-gradle-plugin-idea-proto:2.2.10)' started
2026-03-16T23:45:28.751+0700 [DEBUG] [org.gradle.internal.operations.DefaultBuildOperationRunner] Completing Build operation 'Execute transform chain: stax-ex-1.8.1.jar (org.jvnet.staxex:stax-ex:1.8.1)'
2026-03-16T23:45:28.755+0700 [DEBUG] [org.gradle.internal.operations.DefaultBuildOperationRunner] Build operation 'Execute transform chain: kotlin-gradle-plugin-idea-2.2.10.jar (org.jetbrains.kotlin:kotlin-gradle-plugin-idea:2.2.10)' started
2026-03-16T23:45:28.751+0700 [DEBUG] [org.gradle.internal.operations.DefaultBuildOperationRunner] Build operation 'Execute transform chain: juniversalchardet-1.0.3.jar (com.googlecode.juniversalchardet:juniversalchardet:1.0.3)' started
2026-03-16T23:45:28.755+0700 [DEBUG] [org.gradle.internal.operations.DefaultBuildOperationRunner] Completing Build operation 'Execute transform chain: kotlin-gradle-plugin-idea-2.2.10.jar (org.jetbrains.kotlin:kotlin-gradle-plugin-idea:2.2.10)'
2026-03-16T23:45:28.756+0700 [DEBUG] [org.gradle.internal.operations.DefaultBuildOperationRunner] Build operation 'Execute transform chain: kotlin-klib-commonizer-api-2.2.10.jar (org.jetbrains.kotlin:kotlin-klib-commonizer-api:2.2.10)' started
2026-03-16T23:45:28.751+0700 [DEBUG] [org.gradle.internal.operations.DefaultBuildOperationRunner] Completing Build operation 'Execute transform chain: jna-platform-5.6.0.jar (net.java.dev.jna:jna-platform:5.6.0)'
2026-03-16T23:45:28.756+0700 [DEBUG] [org.gradle.internal.operations.DefaultBuildOperationRunner] Completing Build operation 'Execute transform chain: kotlin-klib-commonizer-api-2.2.10.jar (org.jetbrains.kotlin:kotlin-klib-commonizer-api:2.2.10)'
2026-03-16T23:45:28.756+0700 [DEBUG] [org.gradle.internal.operations.DefaultBuildOperationRunner] Build operation 'Execute transform chain: kotlin-util-klib-metadata-2.2.10.jar (org.jetbrains.kotlin:kotlin-util-klib-metadata:2.2.10)' started
2026-03-16T23:45:28.755+0700 [DEBUG] [org.gradle.internal.operations.DefaultBuildOperationRunner] Completing Build operation 'Execute transform chain: juniversalchardet-1.0.3.jar (com.googlecode.juniversalchardet:juniversalchardet:1.0.3)'
2026-03-16T23:45:28.755+0700 [DEBUG] [org.gradle.internal.operations.DefaultBuildOperationRunner] Completing Build operation 'Execute transform chain: kotlin-gradle-plugin-idea-proto-2.2.10.jar (org.jetbrains.kotlin:kotlin-gradle-plugin-idea-proto:2.2.10)'
2026-03-16T23:45:28.755+0700 [DEBUG] [org.gradle.internal.operations.DefaultBuildOperationRunner] Completing Build operation 'Execute transform chain: jdom2-2.0.6.jar (org.jdom:jdom2:2.0.6)'
2026-03-16T23:45:28.757+0700 [DEBUG] [org.gradle.internal.operations.DefaultBuildOperationRunner] Build operation 'Execute transform chain: j2objc-annotations-3.0.0.jar (com.google.j2objc:j2objc-annotations:3.0.0)' started
2026-03-16T23:45:28.754+0700 [DEBUG] [org.gradle.internal.operations.DefaultBuildOperationRunner] Completing Build operation 'Execute transform chain: slf4j-api-1.7.30.jar (org.slf4j:slf4j-api:1.7.30)'
2026-03-16T23:45:28.754+0700 [DEBUG] [org.gradle.internal.operations.DefaultBuildOperationRunner] Build operation 'Execute transform chain: jose4j-0.9.5.jar (org.bitbucket.b_c:jose4j:0.9.5)' started
2026-03-16T23:45:28.754+0700 [DEBUG] [org.gradle.internal.operations.DefaultBuildOperationRunner] Build operation 'Execute transform chain: error_prone_annotations-2.28.0.jar (com.google.errorprone:error_prone_annotations:2.28.0)' started
2026-03-16T23:45:28.754+0700 [DEBUG] [org.gradle.internal.operations.DefaultBuildOperationRunner] Completing Build operation 'Execute transform chain: istack-commons-runtime-3.0.8.jar (com.sun.istack:istack-commons-runtime:3.0.8)'
2026-03-16T23:45:28.757+0700 [DEBUG] [org.gradle.internal.operations.DefaultBuildOperationRunner] Completing Build operation 'Execute transform chain: error_prone_annotations-2.28.0.jar (com.google.errorprone:error_prone_annotations:2.28.0)'
2026-03-16T23:45:28.758+0700 [DEBUG] [org.gradle.internal.operations.DefaultBuildOperationRunner] Build operation 'Execute transform chain: flatbuffers-java-1.12.0.jar (com.google.flatbuffers:flatbuffers-java:1.12.0)' started
2026-03-16T23:45:28.753+0700 [DEBUG] [org.gradle.internal.operations.DefaultBuildOperationRunner] Completing Build operation 'Execute transform chain: FastInfoset-1.2.16.jar (com.sun.xml.fastinfoset:FastInfoset:1.2.16)'
2026-03-16T23:45:28.753+0700 [DEBUG] [org.gradle.internal.operations.DefaultBuildOperationRunner] Completing Build operation 'Execute transform chain: auto-value-annotations-1.6.2.jar (com.google.auto.value:auto-value-annotations:1.6.2)'
2026-03-16T23:45:28.753+0700 [DEBUG] [org.gradle.internal.operations.DefaultBuildOperationRunner] Completing Build operation 'Execute transform chain: guava-33.3.1-jre.jar (com.google.guava:guava:33.3.1-jre)'
2026-03-16T23:45:28.759+0700 [DEBUG] [org.gradle.internal.operations.DefaultBuildOperationRunner] Build operation 'Execute transform chain: javawriter-2.5.0.jar (com.squareup:javawriter:2.5.0)' started
2026-03-16T23:45:28.758+0700 [DEBUG] [org.gradle.internal.operations.DefaultBuildOperationRunner] Build operation 'Execute transform chain: apksig-9.1.0.jar (com.android.tools.build:apksig:9.1.0)' started
2026-03-16T23:45:28.758+0700 [DEBUG] [org.gradle.internal.operations.DefaultBuildOperationRunner] Completing Build operation 'Execute transform chain: flatbuffers-java-1.12.0.jar (com.google.flatbuffers:flatbuffers-java:1.12.0)'
2026-03-16T23:45:28.759+0700 [DEBUG] [org.gradle.internal.operations.DefaultBuildOperationRunner] Build operation 'Execute transform chain: listenablefuture-9999.0-empty-to-avoid-conflict-with-guava.jar (com.google.guava:listenablefuture:9999.0-empty-to-avoid-conflict-with-guava)' started
2026-03-16T23:45:28.757+0700 [DEBUG] [org.gradle.internal.operations.DefaultBuildOperationRunner] Completing Build operation 'Execute transform chain: jose4j-0.9.5.jar (org.bitbucket.b_c:jose4j:0.9.5)'
2026-03-16T23:45:28.773+0700 [DEBUG] [org.gradle.internal.operations.DefaultBuildOperationRunner] Build operation 'Execute transform chain: commons-lang3-3.16.0.jar (org.apache.commons:commons-lang3:3.16.0)' started
2026-03-16T23:45:28.773+0700 [DEBUG] [org.gradle.internal.operations.DefaultBuildOperationRunner] Completing Build operation 'Execute transform chain: listenablefuture-9999.0-empty-to-avoid-conflict-with-guava.jar (com.google.guava:listenablefuture:9999.0-empty-to-avoid-conflict-with-guava)'
2026-03-16T23:45:28.774+0700 [DEBUG] [org.gradle.internal.operations.DefaultBuildOperationRunner] Build operation 'Execute transform chain: commons-logging-1.2.jar (commons-logging:commons-logging:1.2)' started
2026-03-16T23:45:28.757+0700 [DEBUG] [org.gradle.internal.operations.DefaultBuildOperationRunner] Build operation 'Execute transform chain: checker-qual-3.43.0.jar (org.checkerframework:checker-qual:3.43.0)' started
2026-03-16T23:45:28.775+0700 [DEBUG] [org.gradle.internal.operations.DefaultBuildOperationRunner] Completing Build operation 'Execute transform chain: commons-logging-1.2.jar (commons-logging:commons-logging:1.2)'
2026-03-16T23:45:28.775+0700 [DEBUG] [org.gradle.internal.operations.DefaultBuildOperationRunner] Build operation 'Execute transform chain: jna-5.6.0.jar (net.java.dev.jna:jna:5.6.0)' started
2026-03-16T23:45:28.757+0700 [DEBUG] [org.gradle.internal.operations.DefaultBuildOperationRunner] Completing Build operation 'Execute transform chain: j2objc-annotations-3.0.0.jar (com.google.j2objc:j2objc-annotations:3.0.0)'
2026-03-16T23:45:28.757+0700 [DEBUG] [org.gradle.internal.operations.DefaultBuildOperationRunner] Build operation 'Execute transform chain: jsr305-3.0.2.jar (com.google.code.findbugs:jsr305:3.0.2)' started
2026-03-16T23:45:28.757+0700 [DEBUG] [org.gradle.internal.operations.DefaultBuildOperationRunner] Build operation 'Execute transform chain: abi-tools-api-2.2.10.jar (org.jetbrains.kotlin:abi-tools-api:2.2.10)' started
2026-03-16T23:45:28.776+0700 [DEBUG] [org.gradle.internal.operations.DefaultBuildOperationRunner] Completing Build operation 'Execute transform chain: jsr305-3.0.2.jar (com.google.code.findbugs:jsr305:3.0.2)'
2026-03-16T23:45:28.756+0700 [DEBUG] [org.gradle.internal.operations.DefaultBuildOperationRunner] Completing Build operation 'Execute transform chain: kotlin-util-klib-metadata-2.2.10.jar (org.jetbrains.kotlin:kotlin-util-klib-metadata:2.2.10)'
2026-03-16T23:45:28.776+0700 [DEBUG] [org.gradle.internal.operations.DefaultBuildOperationRunner] Build operation 'Execute transform chain: kotlin-build-tools-api-2.2.10.jar (org.jetbrains.kotlin:kotlin-build-tools-api:2.2.10)' started
2026-03-16T23:45:28.776+0700 [DEBUG] [org.gradle.internal.operations.DefaultBuildOperationRunner] Build operation 'Execute transform chain: kotlin-native-utils-2.2.10.jar (org.jetbrains.kotlin:kotlin-native-utils:2.2.10)' started
2026-03-16T23:45:28.776+0700 [DEBUG] [org.gradle.internal.operations.DefaultBuildOperationRunner] Completing Build operation 'Execute transform chain: kotlin-build-tools-api-2.2.10.jar (org.jetbrains.kotlin:kotlin-build-tools-api:2.2.10)'
2026-03-16T23:45:28.777+0700 [DEBUG] [org.gradle.internal.operations.DefaultBuildOperationRunner] Build operation 'Execute transform chain: kotlin-util-klib-2.2.10.jar (org.jetbrains.kotlin:kotlin-util-klib:2.2.10)' started
2026-03-16T23:45:28.776+0700 [DEBUG] [org.gradle.internal.operations.DefaultBuildOperationRunner] Build operation 'Execute transform chain: kotlin-gradle-plugin-annotations-2.2.10.jar (org.jetbrains.kotlin:kotlin-gradle-plugin-annotations:2.2.10)' started
2026-03-16T23:45:28.776+0700 [DEBUG] [org.gradle.internal.operations.DefaultBuildOperationRunner] Completing Build operation 'Execute transform chain: abi-tools-api-2.2.10.jar (org.jetbrains.kotlin:abi-tools-api:2.2.10)'
2026-03-16T23:45:28.777+0700 [DEBUG] [org.gradle.internal.operations.DefaultBuildOperationRunner] Build operation 'Execute transform chain: kotlin-util-io-2.2.10.jar (org.jetbrains.kotlin:kotlin-util-io:2.2.10)' started
2026-03-16T23:45:28.776+0700 [DEBUG] [org.gradle.internal.operations.DefaultBuildOperationRunner] Build operation 'Execute transform chain: kotlin-tooling-core-2.2.10.jar (org.jetbrains.kotlin:kotlin-tooling-core:2.2.10)' started
2026-03-16T23:45:28.776+0700 [DEBUG] [org.gradle.internal.operations.DefaultBuildOperationRunner] Completing Build operation 'Execute transform chain: jna-5.6.0.jar (net.java.dev.jna:jna:5.6.0)'
2026-03-16T23:45:28.777+0700 [DEBUG] [org.gradle.internal.operations.DefaultBuildOperationRunner] Build operation 'Execute transform chain: kotlin-daemon-client-2.2.10.jar (org.jetbrains.kotlin:kotlin-daemon-client:2.2.10)' started
2026-03-16T23:45:28.775+0700 [DEBUG] [org.gradle.internal.operations.DefaultBuildOperationRunner] Completing Build operation 'Execute transform chain: checker-qual-3.43.0.jar (org.checkerframework:checker-qual:3.43.0)'
2026-03-16T23:45:28.773+0700 [DEBUG] [org.gradle.internal.operations.DefaultBuildOperationRunner] Completing Build operation 'Execute transform chain: commons-lang3-3.16.0.jar (org.apache.commons:commons-lang3:3.16.0)'
2026-03-16T23:45:28.773+0700 [DEBUG] [org.gradle.internal.operations.DefaultBuildOperationRunner] Build operation 'Execute transform chain: commons-codec-1.17.1.jar (commons-codec:commons-codec:1.17.1)' started
2026-03-16T23:45:28.759+0700 [DEBUG] [org.gradle.internal.operations.DefaultBuildOperationRunner] Completing Build operation 'Execute transform chain: apksig-9.1.0.jar (com.android.tools.build:apksig:9.1.0)'
2026-03-16T23:45:28.759+0700 [DEBUG] [org.gradle.internal.operations.DefaultBuildOperationRunner] Build operation 'Execute transform chain: failureaccess-1.0.2.jar (com.google.guava:failureaccess:1.0.2)' started
2026-03-16T23:45:28.759+0700 [DEBUG] [org.gradle.internal.operations.DefaultBuildOperationRunner] Completing Build operation 'Execute transform chain: javawriter-2.5.0.jar (com.squareup:javawriter:2.5.0)'
2026-03-16T23:45:28.778+0700 [DEBUG] [org.gradle.internal.operations.DefaultBuildOperationRunner] Completing Build operation 'Execute transform chain: failureaccess-1.0.2.jar (com.google.guava:failureaccess:1.0.2)'
2026-03-16T23:45:28.778+0700 [DEBUG] [org.gradle.internal.operations.DefaultBuildOperationRunner] Completing Build operation 'Execute transform chain: commons-codec-1.17.1.jar (commons-codec:commons-codec:1.17.1)'
2026-03-16T23:45:28.777+0700 [DEBUG] [org.gradle.internal.operations.DefaultBuildOperationRunner] Completing Build operation 'Execute transform chain: kotlin-daemon-client-2.2.10.jar (org.jetbrains.kotlin:kotlin-daemon-client:2.2.10)'
2026-03-16T23:45:28.777+0700 [DEBUG] [org.gradle.internal.operations.DefaultBuildOperationRunner] Completing Build operation 'Execute transform chain: kotlin-tooling-core-2.2.10.jar (org.jetbrains.kotlin:kotlin-tooling-core:2.2.10)'
2026-03-16T23:45:28.777+0700 [DEBUG] [org.gradle.internal.operations.DefaultBuildOperationRunner] Completing Build operation 'Execute transform chain: kotlin-util-io-2.2.10.jar (org.jetbrains.kotlin:kotlin-util-io:2.2.10)'
2026-03-16T23:45:28.777+0700 [DEBUG] [org.gradle.internal.operations.DefaultBuildOperationRunner] Completing Build operation 'Execute transform chain: kotlin-gradle-plugin-annotations-2.2.10.jar (org.jetbrains.kotlin:kotlin-gradle-plugin-annotations:2.2.10)'
2026-03-16T23:45:28.777+0700 [DEBUG] [org.gradle.internal.operations.DefaultBuildOperationRunner] Completing Build operation 'Execute transform chain: kotlin-util-klib-2.2.10.jar (org.jetbrains.kotlin:kotlin-util-klib:2.2.10)'
2026-03-16T23:45:28.777+0700 [DEBUG] [org.gradle.internal.operations.DefaultBuildOperationRunner] Completing Build operation 'Execute transform chain: kotlin-native-utils-2.2.10.jar (org.jetbrains.kotlin:kotlin-native-utils:2.2.10)'
2026-03-16T23:45:28.782+0700 [DEBUG] [org.gradle.internal.operations.DefaultBuildOperationRunner] Completing Build operation 'Resolve files of configuration 'classpath''
2026-03-16T23:45:28.783+0700 [DEBUG] [org.gradle.internal.operations.DefaultBuildOperationRunner] Build operation 'Resolve files of configuration 'classpath'' started
2026-03-16T23:45:28.783+0700 [DEBUG] [org.gradle.internal.operations.DefaultBuildOperationRunner] Completing Build operation 'Resolve files of configuration 'classpath''
2026-03-16T23:45:28.785+0700 [DEBUG] [org.gradle.internal.operations.DefaultBuildOperationRunner] Build operation 'Apply plugin org.gradle.kotlin.dsl.provider.plugins.KotlinScriptBasePlugin to root project 'App'' started
2026-03-16T23:45:28.785+0700 [DEBUG] [org.gradle.internal.operations.DefaultBuildOperationRunner] Build operation 'Register task :kotlinDslAccessorsReport' started
2026-03-16T23:45:28.785+0700 [DEBUG] [org.gradle.internal.operations.DefaultBuildOperationRunner] Completing Build operation 'Register task :kotlinDslAccessorsReport'
2026-03-16T23:45:28.786+0700 [DEBUG] [org.gradle.internal.operations.DefaultBuildOperationRunner] Completing Build operation 'Apply plugin org.gradle.kotlin.dsl.provider.plugins.KotlinScriptBasePlugin to root project 'App''
2026-03-16T23:45:28.786+0700 [DEBUG] [org.gradle.internal.operations.DefaultBuildOperationRunner] Completing Build operation 'Apply build file 'build.gradle.kts' to root project 'App''
2026-03-16T23:45:28.786+0700 [DEBUG] [org.gradle.internal.operations.DefaultBuildOperationRunner] Build operation 'Notify afterEvaluate listeners of :' started
2026-03-16T23:45:28.787+0700 [DEBUG] [org.gradle.internal.operations.DefaultBuildOperationRunner] Completing Build operation 'Notify afterEvaluate listeners of :'
2026-03-16T23:45:28.178+0700 [LIFECYCLE] [org.gradle.internal.logging.progress.ProgressLoggerFactory] 
2026-03-16T23:45:28.178+0700 [LIFECYCLE] [org.gradle.internal.logging.progress.ProgressLoggerFactory] > Configure project :
2026-03-16T23:45:28.178+0700 [DEBUG] [org.gradle.internal.resources.AbstractTrackedResourceLock] Daemon worker Thread 4: acquired lock on state of build :
2026-03-16T23:45:28.179+0700 [DEBUG] [org.gradle.internal.operations.DefaultBuildOperationRunner] Build operation 'Notify beforeEvaluate listeners of :' completed
2026-03-16T23:45:28.180+0700 [DEBUG] [org.gradle.model.internal.registry.DefaultModelRegistry] Project : - Transitioning model element '<root>' from state Registered to Created
2026-03-16T23:45:28.180+0700 [DEBUG] [org.gradle.model.internal.registry.DefaultModelRegistry] Project : - Transitioning model element '<root>' to state Discovered.
2026-03-16T23:45:28.181+0700 [DEBUG] [org.gradle.model.internal.registry.DefaultModelRegistry] Project : - Transitioning model element '<root>' to state Created.
2026-03-16T23:45:28.181+0700 [DEBUG] [org.gradle.internal.operations.DefaultBuildOperationRunner] Build operation 'Register task :help' completed
2026-03-16T23:45:28.181+0700 [DEBUG] [org.gradle.internal.operations.DefaultBuildOperationRunner] Build operation 'Register task :projects' completed
2026-03-16T23:45:28.182+0700 [DEBUG] [org.gradle.internal.operations.DefaultBuildOperationRunner] Build operation 'Register task :tasks' completed
2026-03-16T23:45:28.182+0700 [DEBUG] [org.gradle.internal.operations.DefaultBuildOperationRunner] Build operation 'Register task :properties' completed
2026-03-16T23:45:28.182+0700 [DEBUG] [org.gradle.internal.operations.DefaultBuildOperationRunner] Build operation 'Apply plugin org.gradle.help-tasks to root project 'App'' completed
2026-03-16T23:45:28.183+0700 [DEBUG] [org.gradle.internal.operations.DefaultBuildOperationRunner] Build operation 'Register task :dependencyInsight' completed
2026-03-16T23:45:28.183+0700 [DEBUG] [org.gradle.internal.operations.DefaultBuildOperationRunner] Build operation 'Register task :dependencies' completed
2026-03-16T23:45:28.184+0700 [DEBUG] [org.gradle.internal.operations.DefaultBuildOperationRunner] Build operation 'Register task :buildEnvironment' completed
2026-03-16T23:45:28.184+0700 [DEBUG] [org.gradle.internal.operations.DefaultBuildOperationRunner] Build operation 'Register task :outgoingVariants' completed
2026-03-16T23:45:28.184+0700 [DEBUG] [org.gradle.internal.operations.DefaultBuildOperationRunner] Build operation 'Register task :resolvableConfigurations' completed
2026-03-16T23:45:28.185+0700 [DEBUG] [org.gradle.internal.operations.DefaultBuildOperationRunner] Build operation 'Register task :artifactTransforms' completed
2026-03-16T23:45:28.185+0700 [DEBUG] [org.gradle.internal.operations.DefaultBuildOperationRunner] Build operation 'Apply plugin org.gradle.software-reporting-tasks to root project 'App'' completed
2026-03-16T23:45:28.186+0700 [DEBUG] [org.gradle.internal.operations.DefaultBuildOperationRunner] Build operation 'Register task :init' completed
2026-03-16T23:45:28.187+0700 [DEBUG] [org.gradle.internal.operations.DefaultBuildOperationRunner] Build operation 'Apply plugin org.gradle.build-init to root project 'App'' completed
2026-03-16T23:45:28.187+0700 [DEBUG] [org.gradle.internal.operations.DefaultBuildOperationRunner] Build operation 'Register task :wrapper' completed
2026-03-16T23:45:28.188+0700 [DEBUG] [org.gradle.internal.operations.DefaultBuildOperationRunner] Build operation 'Apply plugin org.gradle.wrapper to root project 'App'' completed
2026-03-16T23:45:28.188+0700 [DEBUG] [org.gradle.internal.operations.DefaultBuildOperationRunner] Build operation 'Register task :updateDaemonJvm' completed
2026-03-16T23:45:28.188+0700 [DEBUG] [org.gradle.internal.operations.DefaultBuildOperationRunner] Build operation 'Register task :javaToolchains' completed
2026-03-16T23:45:28.189+0700 [DEBUG] [org.gradle.internal.operations.DefaultBuildOperationRunner] Build operation 'Register task :prepareKotlinBuildScriptModel' completed
2026-03-16T23:45:28.189+0700 [INFO] [org.gradle.configuration.project.BuildScriptProcessor] Evaluating root project 'App' using build file 'D:\Projects\HealthCareFitness_Android\build.gradle.kts'.
2026-03-16T23:45:28.189+0700 [DEBUG] [org.gradle.internal.locking.LockFileReaderWriter] Lockfiles root: D:\Projects\HealthCareFitness_Android\gradle\dependency-locks
2026-03-16T23:45:28.192+0700 [DEBUG] [org.gradle.kotlin.dsl.provider.KotlinScriptPlugin] Applying Kotlin script to root project 'App'
2026-03-16T23:45:28.202+0700 [DEBUG] [org.gradle.api.internal.artifacts.ivyservice.modulecache.ResolvedArtifactCaches] Reusing in-memory cache for repo 'Google' [d4e342018b23d58be902a60e67105aa1].
2026-03-16T23:45:28.203+0700 [DEBUG] [org.gradle.api.internal.artifacts.ivyservice.modulecache.ResolvedArtifactCaches] Reusing in-memory cache for repo 'MavenRepo' [26c913274550a0b2221f47a0fe2d2358].
2026-03-16T23:45:28.203+0700 [DEBUG] [org.gradle.api.internal.artifacts.ivyservice.modulecache.ResolvedArtifactCaches] Reusing in-memory cache for repo 'Gradle Central Plugin Repository' [2f8748e965ecb2135dad092e9ef808de].
2026-03-16T23:45:28.205+0700 [DEBUG] [org.gradle.api.internal.artifacts.ivyservice.ivyresolve.RepositoryChainComponentMetaDataResolver] Attempting to resolve component for com.android.application:com.android.application.gradle.plugin:9.1.0 using repositories [Google, MavenRepo, Gradle Central Plugin Repository]
2026-03-16T23:45:28.205+0700 [DEBUG] [org.gradle.api.internal.artifacts.ivyservice.ivyresolve.CachingModuleComponentRepository] Using cached module metadata for module 'com.android.application:com.android.application.gradle.plugin:9.1.0' in 'Google'
2026-03-16T23:45:28.205+0700 [DEBUG] [org.gradle.api.internal.artifacts.ivyservice.ivyresolve.RepositoryChainComponentMetaDataResolver] Using com.android.application:com.android.application.gradle.plugin:9.1.0 from org.gradle.api.internal.artifacts.ivyservice.ivyresolve.FilteredModuleComponentRepository@5cb17a4b
2026-03-16T23:45:28.207+0700 [DEBUG] [org.gradle.internal.operations.DefaultBuildOperationRunner] Build operation 'Resolve dependencies of detachedConfiguration1' completed
2026-03-16T23:45:28.208+0700 [DEBUG] [org.gradle.internal.component.model.LoggingAttributeMatchingExplanationBuilder] Selected match {artifactType=jar, org.gradle.category=library, org.gradle.libraryelements=jar, org.gradle.status=release, org.gradle.usage=java-runtime} from candidates [{artifactType=jar, org.gradle.category=library, org.gradle.libraryelements=jar, org.gradle.status=release, org.gradle.usage=java-runtime}] for {}
2026-03-16T23:45:28.208+0700 [DEBUG] [org.gradle.api.internal.artifacts.ivyservice.ivyresolve.CachingModuleComponentRepository] Detected non-existence of artifact 'com.android.application.gradle.plugin-9.1.0.jar (com.android.application:com.android.application.gradle.plugin:9.1.0)' in resolver cache
2026-03-16T23:45:28.208+0700 [DEBUG] [org.gradle.internal.operations.DefaultBuildOperationRunner] Build operation 'Resolve files of configuration 'detachedConfiguration1'' completed
2026-03-16T23:45:28.209+0700 [INFO] [org.gradle.plugin.use.internal.DefaultPluginRequestApplicator] Resolved plugin [id: 'com.android.application', version: '9.1.0', apply: false]
2026-03-16T23:45:28.210+0700 [DEBUG] [org.gradle.api.internal.artifacts.ivyservice.resolveengine.graph.builder.NodeState] com.android.application:com.android.application.gradle.plugin:9.1.0 is filtered.
2026-03-16T23:45:28.210+0700 [DEBUG] [org.gradle.api.internal.artifacts.ivyservice.resolveengine.graph.builder.NodeState] org.apache.logging.log4j:log4j-core:{require 2.17.1; reject [2.0, 2.17.1)} is filtered.
2026-03-16T23:45:28.210+0700 [DEBUG] [org.gradle.api.internal.artifacts.ivyservice.resolveengine.graph.builder.NodeState] org.jetbrains.kotlin:kotlin-stdlib:{strictly 2.2.21} is filtered.
2026-03-16T23:45:28.210+0700 [DEBUG] [org.gradle.api.internal.artifacts.ivyservice.resolveengine.graph.builder.NodeState] org.jetbrains.kotlin:kotlin-reflect:{strictly 2.2.21} is filtered.
2026-03-16T23:45:28.211+0700 [DEBUG] [org.gradle.api.internal.artifacts.ivyservice.resolveengine.graph.builder.NodeState] org.jetbrains:annotations:{strictly 13.0} is filtered.
2026-03-16T23:45:28.215+0700 [DEBUG] [org.gradle.api.internal.artifacts.ivyservice.modulecache.ResolvedArtifactCaches] Reusing in-memory cache for repo 'Google' [d4e342018b23d58be902a60e67105aa1].
2026-03-16T23:45:28.215+0700 [DEBUG] [org.gradle.api.internal.artifacts.ivyservice.modulecache.ResolvedArtifactCaches] Reusing in-memory cache for repo 'MavenRepo' [26c913274550a0b2221f47a0fe2d2358].
2026-03-16T23:45:28.216+0700 [DEBUG] [org.gradle.api.internal.artifacts.ivyservice.modulecache.ResolvedArtifactCaches] Reusing in-memory cache for repo 'Gradle Central Plugin Repository' [2f8748e965ecb2135dad092e9ef808de].
2026-03-16T23:45:28.217+0700 [DEBUG] [org.gradle.api.internal.artifacts.ivyservice.ivyresolve.RepositoryChainComponentMetaDataResolver] Attempting to resolve component for com.android.application:com.android.application.gradle.plugin:9.1.0 using repositories [Google, MavenRepo, Gradle Central Plugin Repository]
2026-03-16T23:45:28.217+0700 [DEBUG] [org.gradle.api.internal.artifacts.ivyservice.ivyresolve.CachingModuleComponentRepository] Using cached module metadata for module 'com.android.application:com.android.application.gradle.plugin:9.1.0' in 'Google'
2026-03-16T23:45:28.217+0700 [DEBUG] [org.gradle.api.internal.artifacts.ivyservice.ivyresolve.RepositoryChainComponentMetaDataResolver] Using com.android.application:com.android.application.gradle.plugin:9.1.0 from org.gradle.api.internal.artifacts.ivyservice.ivyresolve.FilteredModuleComponentRepository@2d86acb6
2026-03-16T23:45:28.219+0700 [DEBUG] [org.gradle.api.internal.artifacts.ivyservice.ivyresolve.RepositoryChainComponentMetaDataResolver] Attempting to resolve component for com.android.tools.build:gradle:9.1.0 using repositories [Google, MavenRepo, Gradle Central Plugin Repository]
2026-03-16T23:45:28.219+0700 [DEBUG] [org.gradle.api.internal.artifacts.ivyservice.ivyresolve.CachingModuleComponentRepository] Using cached module metadata for module 'com.android.tools.build:gradle:9.1.0' in 'Google'
2026-03-16T23:45:28.219+0700 [DEBUG] [org.gradle.api.internal.artifacts.ivyservice.ivyresolve.RepositoryChainComponentMetaDataResolver] Using com.android.tools.build:gradle:9.1.0 from org.gradle.api.internal.artifacts.ivyservice.ivyresolve.FilteredModuleComponentRepository@2d86acb6
2026-03-16T23:45:28.220+0700 [DEBUG] [org.gradle.internal.component.model.LoggingAttributeMatchingExplanationBuilder] Candidate {org.gradle.category=library, org.gradle.dependency.bundling=external, org.gradle.jvm.environment=standard-jvm, org.gradle.jvm.version=11, org.gradle.libraryelements=jar, org.gradle.status=release, org.gradle.usage=java-api, org.jetbrains.kotlin.platform.type=jvm} attribute org.gradle.usage value org.gradle.usage=java-api doesn't requested value java-runtime
2026-03-16T23:45:28.221+0700 [DEBUG] [org.gradle.internal.component.model.LoggingAttributeMatchingExplanationBuilder] Candidate {org.gradle.category=library, org.gradle.dependency.bundling=external, org.gradle.jvm.environment=standard-jvm, org.gradle.jvm.version=11, org.gradle.libraryelements=jar, org.gradle.status=release, org.gradle.usage=java-runtime, org.jetbrains.kotlin.platform.type=jvm} doesn't have attribute org.gradle.plugin.api-version
2026-03-16T23:45:28.221+0700 [DEBUG] [org.gradle.internal.component.model.LoggingAttributeMatchingExplanationBuilder] Candidate {org.gradle.category=documentation, org.gradle.dependency.bundling=external, org.gradle.docstype=javadoc, org.gradle.status=release, org.gradle.usage=java-runtime} attribute org.gradle.category value org.gradle.category=documentation doesn't requested value library
2026-03-16T23:45:28.221+0700 [DEBUG] [org.gradle.internal.component.model.LoggingAttributeMatchingExplanationBuilder] Candidate {org.gradle.category=documentation, org.gradle.dependency.bundling=external, org.gradle.docstype=sources, org.gradle.status=release, org.gradle.usage=java-runtime} attribute org.gradle.category value org.gradle.category=documentation doesn't requested value library
2026-03-16T23:45:28.222+0700 [DEBUG] [org.gradle.api.internal.attributes.matching.DefaultAttributeMatcher] Selected matches [1] from candidates [{org.gradle.category=library, org.gradle.dependency.bundling=external, org.gradle.jvm.environment=standard-jvm, org.gradle.jvm.version=11, org.gradle.libraryelements=jar, org.gradle.status=release, org.gradle.usage=java-api, org.jetbrains.kotlin.platform.type=jvm}, {org.gradle.category=library, org.gradle.dependency.bundling=external, org.gradle.jvm.environment=standard-jvm, org.gradle.jvm.version=11, org.gradle.libraryelements=jar, org.gradle.status=release, org.gradle.usage=java-runtime, org.jetbrains.kotlin.platform.type=jvm}, {org.gradle.category=documentation, org.gradle.dependency.bundling=external, org.gradle.docstype=javadoc, org.gradle.status=release, org.gradle.usage=java-runtime}, {org.gradle.category=documentation, org.gradle.dependency.bundling=external, org.gradle.docstype=sources, org.gradle.status=release, org.gradle.usage=java-runtime}] for {org.gradle.category=library, org.gradle.dependency.bundling=external, org.gradle.jvm.version=24, org.gradle.libraryelements=jar, org.gradle.plugin.api-version=9.3.1, org.gradle.usage=java-runtime}
2026-03-16T23:45:28.282+0700 [DEBUG] [org.gradle.api.internal.artifacts.ivyservice.ivyresolve.RepositoryChainComponentMetaDataResolver] Attempting to resolve component for com.android.tools.build:gradle-settings-api:9.1.0 using repositories [Google, MavenRepo, Gradle Central Plugin Repository]
2026-03-16T23:45:28.283+0700 [DEBUG] [org.gradle.api.internal.artifacts.ivyservice.ivyresolve.CachingModuleComponentRepository] Using cached module metadata for module 'com.android.tools.build:gradle-settings-api:9.1.0' in 'Google'
2026-03-16T23:45:28.283+0700 [DEBUG] [org.gradle.api.internal.artifacts.ivyservice.ivyresolve.RepositoryChainComponentMetaDataResolver] Using com.android.tools.build:gradle-settings-api:9.1.0 from org.gradle.api.internal.artifacts.ivyservice.ivyresolve.FilteredModuleComponentRepository@2d86acb6
2026-03-16T23:45:28.284+0700 [DEBUG] [org.gradle.api.internal.artifacts.ivyservice.ivyresolve.RepositoryChainComponentMetaDataResolver] Attempting to resolve component for com.android.tools:sdk-common:32.1.0 using repositories [Google, MavenRepo, Gradle Central Plugin Repository]
2026-03-16T23:45:28.284+0700 [DEBUG] [org.gradle.api.internal.artifacts.ivyservice.ivyresolve.CachingModuleComponentRepository] Using cached module metadata for module 'com.android.tools:sdk-common:32.1.0' in 'Google'
2026-03-16T23:45:28.284+0700 [DEBUG] [org.gradle.api.internal.artifacts.ivyservice.ivyresolve.RepositoryChainComponentMetaDataResolver] Using com.android.tools:sdk-common:32.1.0 from org.gradle.api.internal.artifacts.ivyservice.ivyresolve.FilteredModuleComponentRepository@2d86acb6
2026-03-16T23:45:28.285+0700 [DEBUG] [org.gradle.api.internal.artifacts.ivyservice.ivyresolve.RepositoryChainComponentMetaDataResolver] Attempting to resolve component for com.android.tools:sdklib:32.1.0 using repositories [Google, MavenRepo, Gradle Central Plugin Repository]
2026-03-16T23:45:28.285+0700 [DEBUG] [org.gradle.api.internal.artifacts.ivyservice.ivyresolve.CachingModuleComponentRepository] Using cached module metadata for module 'com.android.tools:sdklib:32.1.0' in 'Google'
2026-03-16T23:45:28.285+0700 [DEBUG] [org.gradle.api.internal.artifacts.ivyservice.ivyresolve.RepositoryChainComponentMetaDataResolver] Using com.android.tools:sdklib:32.1.0 from org.gradle.api.internal.artifacts.ivyservice.ivyresolve.FilteredModuleComponentRepository@2d86acb6
2026-03-16T23:45:28.286+0700 [DEBUG] [org.gradle.api.internal.artifacts.ivyservice.ivyresolve.RepositoryChainComponentMetaDataResolver] Attempting to resolve component for com.android.tools:repository:32.1.0 using repositories [Google, MavenRepo, Gradle Central Plugin Repository]
2026-03-16T23:45:28.287+0700 [DEBUG] [org.gradle.api.internal.artifacts.ivyservice.ivyresolve.CachingModuleComponentRepository] Using cached module metadata for module 'com.android.tools:repository:32.1.0' in 'Google'
2026-03-16T23:45:28.287+0700 [DEBUG] [org.gradle.api.internal.artifacts.ivyservice.ivyresolve.RepositoryChainComponentMetaDataResolver] Using com.android.tools:repository:32.1.0 from org.gradle.api.internal.artifacts.ivyservice.ivyresolve.FilteredModuleComponentRepository@2d86acb6
2026-03-16T23:45:28.288+0700 [DEBUG] [org.gradle.api.internal.artifacts.ivyservice.ivyresolve.RepositoryChainComponentMetaDataResolver] Attempting to resolve component for com.android.tools.ddms:ddmlib:32.1.0 using repositories [Google, MavenRepo, Gradle Central Plugin Repository]
2026-03-16T23:45:28.288+0700 [DEBUG] [org.gradle.api.internal.artifacts.ivyservice.ivyresolve.CachingModuleComponentRepository] Using cached module metadata for module 'com.android.tools.ddms:ddmlib:32.1.0' in 'Google'
2026-03-16T23:45:28.288+0700 [DEBUG] [org.gradle.api.internal.artifacts.ivyservice.ivyresolve.RepositoryChainComponentMetaDataResolver] Using com.android.tools.ddms:ddmlib:32.1.0 from org.gradle.api.internal.artifacts.ivyservice.ivyresolve.FilteredModuleComponentRepository@2d86acb6
2026-03-16T23:45:28.289+0700 [DEBUG] [org.gradle.api.internal.artifacts.ivyservice.ivyresolve.RepositoryChainComponentMetaDataResolver] Attempting to resolve component for com.android.tools.build:aapt2-proto:9.1.0-14792394 using repositories [Google, MavenRepo, Gradle Central Plugin Repository]
2026-03-16T23:45:28.289+0700 [DEBUG] [org.gradle.api.internal.artifacts.ivyservice.ivyresolve.CachingModuleComponentRepository] Using cached module metadata for module 'com.android.tools.build:aapt2-proto:9.1.0-14792394' in 'Google'
2026-03-16T23:45:28.289+0700 [DEBUG] [org.gradle.api.internal.artifacts.ivyservice.ivyresolve.RepositoryChainComponentMetaDataResolver] Using com.android.tools.build:aapt2-proto:9.1.0-14792394 from org.gradle.api.internal.artifacts.ivyservice.ivyresolve.FilteredModuleComponentRepository@2d86acb6
2026-03-16T23:45:28.290+0700 [DEBUG] [org.gradle.internal.component.model.LoggingAttributeMatchingExplanationBuilder] Candidate {org.gradle.category=library, org.gradle.dependency.bundling=external, org.gradle.jvm.version=11, org.gradle.libraryelements=jar, org.gradle.status=release, org.gradle.usage=java-api} attribute org.gradle.usage value org.gradle.usage=java-api doesn't requested value java-runtime
2026-03-16T23:45:28.292+0700 [DEBUG] [org.gradle.internal.component.model.LoggingAttributeMatchingExplanationBuilder] Candidate {org.gradle.category=library, org.gradle.dependency.bundling=external, org.gradle.jvm.version=11, org.gradle.libraryelements=jar, org.gradle.status=release, org.gradle.usage=java-runtime} doesn't have attribute org.gradle.plugin.api-version
2026-03-16T23:45:28.292+0700 [DEBUG] [org.gradle.internal.component.model.LoggingAttributeMatchingExplanationBuilder] Candidate {org.gradle.category=documentation, org.gradle.dependency.bundling=external, org.gradle.docstype=javadoc, org.gradle.status=release, org.gradle.usage=java-runtime} attribute org.gradle.category value org.gradle.category=documentation doesn't requested value library
2026-03-16T23:45:28.292+0700 [DEBUG] [org.gradle.internal.component.model.LoggingAttributeMatchingExplanationBuilder] Candidate {org.gradle.category=documentation, org.gradle.dependency.bundling=external, org.gradle.docstype=sources, org.gradle.status=release, org.gradle.usage=java-runtime} attribute org.gradle.category value org.gradle.category=documentation doesn't requested value library
2026-03-16T23:45:28.293+0700 [DEBUG] [org.gradle.api.internal.attributes.matching.DefaultAttributeMatcher] Selected matches [1] from candidates [{org.gradle.category=library, org.gradle.dependency.bundling=external, org.gradle.jvm.version=11, org.gradle.libraryelements=jar, org.gradle.status=release, org.gradle.usage=java-api}, {org.gradle.category=library, org.gradle.dependency.bundling=external, org.gradle.jvm.version=11, org.gradle.libraryelements=jar, org.gradle.status=release, org.gradle.usage=java-runtime}, {org.gradle.category=documentation, org.gradle.dependency.bundling=external, org.gradle.docstype=javadoc, org.gradle.status=release, org.gradle.usage=java-runtime}, {org.gradle.category=documentation, org.gradle.dependency.bundling=external, org.gradle.docstype=sources, org.gradle.status=release, org.gradle.usage=java-runtime}] for {org.gradle.category=library, org.gradle.dependency.bundling=external, org.gradle.jvm.version=24, org.gradle.libraryelements=jar, org.gradle.plugin.api-version=9.3.1, org.gradle.usage=java-runtime}
2026-03-16T23:45:28.293+0700 [DEBUG] [org.gradle.api.internal.artifacts.ivyservice.ivyresolve.RepositoryChainComponentMetaDataResolver] Attempting to resolve component for com.android.tools.build:aaptcompiler:9.1.0 using repositories [Google, MavenRepo, Gradle Central Plugin Repository]
2026-03-16T23:45:28.293+0700 [DEBUG] [org.gradle.api.internal.artifacts.ivyservice.ivyresolve.CachingModuleComponentRepository] Using cached module metadata for module 'com.android.tools.build:aaptcompiler:9.1.0' in 'Google'
2026-03-16T23:45:28.294+0700 [DEBUG] [org.gradle.api.internal.artifacts.ivyservice.ivyresolve.RepositoryChainComponentMetaDataResolver] Using com.android.tools.build:aaptcompiler:9.1.0 from org.gradle.api.internal.artifacts.ivyservice.ivyresolve.FilteredModuleComponentRepository@2d86acb6
2026-03-16T23:45:28.295+0700 [DEBUG] [org.gradle.api.internal.artifacts.ivyservice.ivyresolve.RepositoryChainComponentMetaDataResolver] Attempting to resolve component for com.android.tools.analytics-library:crash:32.1.0 using repositories [Google, MavenRepo, Gradle Central Plugin Repository]
2026-03-16T23:45:28.295+0700 [DEBUG] [org.gradle.api.internal.artifacts.ivyservice.ivyresolve.CachingModuleComponentRepository] Using cached module metadata for module 'com.android.tools.analytics-library:crash:32.1.0' in 'Google'
2026-03-16T23:45:28.295+0700 [DEBUG] [org.gradle.api.internal.artifacts.ivyservice.ivyresolve.RepositoryChainComponentMetaDataResolver] Using com.android.tools.analytics-library:crash:32.1.0 from org.gradle.api.internal.artifacts.ivyservice.ivyresolve.FilteredModuleComponentRepository@2d86acb6
2026-03-16T23:45:28.296+0700 [DEBUG] [org.gradle.api.internal.artifacts.ivyservice.ivyresolve.RepositoryChainComponentMetaDataResolver] Attempting to resolve component for com.android.tools.analytics-library:shared:32.1.0 using repositories [Google, MavenRepo, Gradle Central Plugin Repository]
2026-03-16T23:45:28.297+0700 [DEBUG] [org.gradle.api.internal.artifacts.ivyservice.ivyresolve.CachingModuleComponentRepository] Using cached module metadata for module 'com.android.tools.analytics-library:shared:32.1.0' in 'Google'
2026-03-16T23:45:28.297+0700 [DEBUG] [org.gradle.api.internal.artifacts.ivyservice.ivyresolve.RepositoryChainComponentMetaDataResolver] Using com.android.tools.analytics-library:shared:32.1.0 from org.gradle.api.internal.artifacts.ivyservice.ivyresolve.FilteredModuleComponentRepository@2d86acb6
2026-03-16T23:45:28.298+0700 [DEBUG] [org.gradle.api.internal.artifacts.ivyservice.ivyresolve.RepositoryChainComponentMetaDataResolver] Attempting to resolve component for com.android.tools.lint:lint-model:32.1.0 using repositories [Google, MavenRepo, Gradle Central Plugin Repository]
2026-03-16T23:45:28.298+0700 [DEBUG] [org.gradle.api.internal.artifacts.ivyservice.ivyresolve.CachingModuleComponentRepository] Using cached module metadata for module 'com.android.tools.lint:lint-model:32.1.0' in 'Google'
2026-03-16T23:45:28.298+0700 [DEBUG] [org.gradle.api.internal.artifacts.ivyservice.ivyresolve.RepositoryChainComponentMetaDataResolver] Using com.android.tools.lint:lint-model:32.1.0 from org.gradle.api.internal.artifacts.ivyservice.ivyresolve.FilteredModuleComponentRepository@2d86acb6
2026-03-16T23:45:28.299+0700 [DEBUG] [org.gradle.api.internal.artifacts.ivyservice.ivyresolve.RepositoryChainComponentMetaDataResolver] Attempting to resolve component for com.android.tools.lint:lint-typedef-remover:32.1.0 using repositories [Google, MavenRepo, Gradle Central Plugin Repository]
2026-03-16T23:45:28.299+0700 [DEBUG] [org.gradle.api.internal.artifacts.ivyservice.ivyresolve.CachingModuleComponentRepository] Using cached module metadata for module 'com.android.tools.lint:lint-typedef-remover:32.1.0' in 'Google'
2026-03-16T23:45:28.299+0700 [DEBUG] [org.gradle.api.internal.artifacts.ivyservice.ivyresolve.RepositoryChainComponentMetaDataResolver] Using com.android.tools.lint:lint-typedef-remover:32.1.0 from org.gradle.api.internal.artifacts.ivyservice.ivyresolve.FilteredModuleComponentRepository@2d86acb6
2026-03-16T23:45:28.300+0700 [DEBUG] [org.gradle.api.internal.artifacts.ivyservice.ivyresolve.RepositoryChainComponentMetaDataResolver] Attempting to resolve component for androidx.databinding:databinding-compiler-common:9.1.0 using repositories [Google, MavenRepo, Gradle Central Plugin Repository]
2026-03-16T23:45:28.300+0700 [DEBUG] [org.gradle.api.internal.artifacts.ivyservice.ivyresolve.CachingModuleComponentRepository] Using cached module metadata for module 'androidx.databinding:databinding-compiler-common:9.1.0' in 'Google'
2026-03-16T23:45:28.300+0700 [DEBUG] [org.gradle.api.internal.artifacts.ivyservice.ivyresolve.RepositoryChainComponentMetaDataResolver] Using androidx.databinding:databinding-compiler-common:9.1.0 from org.gradle.api.internal.artifacts.ivyservice.ivyresolve.FilteredModuleComponentRepository@2d86acb6
2026-03-16T23:45:28.300+0700 [DEBUG] [org.gradle.api.internal.artifacts.ivyservice.ivyresolve.RepositoryChainComponentMetaDataResolver] Attempting to resolve component for androidx.databinding:databinding-common:9.1.0 using repositories [Google, MavenRepo, Gradle Central Plugin Repository]
2026-03-16T23:45:28.301+0700 [DEBUG] [org.gradle.api.internal.artifacts.ivyservice.ivyresolve.CachingModuleComponentRepository] Using cached module metadata for module 'androidx.databinding:databinding-common:9.1.0' in 'Google'
2026-03-16T23:45:28.301+0700 [DEBUG] [org.gradle.api.internal.artifacts.ivyservice.ivyresolve.RepositoryChainComponentMetaDataResolver] Using androidx.databinding:databinding-common:9.1.0 from org.gradle.api.internal.artifacts.ivyservice.ivyresolve.FilteredModuleComponentRepository@2d86acb6
2026-03-16T23:45:28.301+0700 [DEBUG] [org.gradle.api.internal.artifacts.ivyservice.ivyresolve.RepositoryChainComponentMetaDataResolver] Attempting to resolve component for com.android.databinding:baseLibrary:9.1.0 using repositories [Google, MavenRepo, Gradle Central Plugin Repository]
2026-03-16T23:45:28.302+0700 [DEBUG] [org.gradle.api.internal.artifacts.ivyservice.ivyresolve.CachingModuleComponentRepository] Using cached module metadata for module 'com.android.databinding:baseLibrary:9.1.0' in 'Google'
2026-03-16T23:45:28.302+0700 [DEBUG] [org.gradle.api.internal.artifacts.ivyservice.ivyresolve.RepositoryChainComponentMetaDataResolver] Using com.android.databinding:baseLibrary:9.1.0 from org.gradle.api.internal.artifacts.ivyservice.ivyresolve.FilteredModuleComponentRepository@2d86acb6
2026-03-16T23:45:28.302+0700 [DEBUG] [org.gradle.api.internal.artifacts.ivyservice.ivyresolve.RepositoryChainComponentMetaDataResolver] Attempting to resolve component for com.android.tools.build:builder-test-api:9.1.0 using repositories [Google, MavenRepo, Gradle Central Plugin Repository]
2026-03-16T23:45:28.303+0700 [DEBUG] [org.gradle.api.internal.artifacts.ivyservice.ivyresolve.CachingModuleComponentRepository] Using cached module metadata for module 'com.android.tools.build:builder-test-api:9.1.0' in 'Google'
2026-03-16T23:45:28.303+0700 [DEBUG] [org.gradle.api.internal.artifacts.ivyservice.ivyresolve.RepositoryChainComponentMetaDataResolver] Using com.android.tools.build:builder-test-api:9.1.0 from org.gradle.api.internal.artifacts.ivyservice.ivyresolve.FilteredModuleComponentRepository@2d86acb6
2026-03-16T23:45:28.303+0700 [DEBUG] [org.gradle.api.internal.artifacts.ivyservice.ivyresolve.RepositoryChainComponentMetaDataResolver] Attempting to resolve component for com.android.tools.layoutlib:layoutlib-api:32.1.0 using repositories [Google, MavenRepo, Gradle Central Plugin Repository]
2026-03-16T23:45:28.303+0700 [DEBUG] [org.gradle.api.internal.artifacts.ivyservice.ivyresolve.CachingModuleComponentRepository] Using cached module metadata for module 'com.android.tools.layoutlib:layoutlib-api:32.1.0' in 'Google'
2026-03-16T23:45:28.303+0700 [DEBUG] [org.gradle.api.internal.artifacts.ivyservice.ivyresolve.RepositoryChainComponentMetaDataResolver] Using com.android.tools.layoutlib:layoutlib-api:32.1.0 from org.gradle.api.internal.artifacts.ivyservice.ivyresolve.FilteredModuleComponentRepository@2d86acb6
2026-03-16T23:45:28.304+0700 [DEBUG] [org.gradle.api.internal.artifacts.ivyservice.ivyresolve.RepositoryChainComponentMetaDataResolver] Attempting to resolve component for com.android.tools.utp:gradle-work-action-api:32.1.0 using repositories [Google, MavenRepo, Gradle Central Plugin Repository]
2026-03-16T23:45:28.304+0700 [DEBUG] [org.gradle.api.internal.artifacts.ivyservice.ivyresolve.CachingModuleComponentRepository] Using cached module metadata for module 'com.android.tools.utp:gradle-work-action-api:32.1.0' in 'Google'
2026-03-16T23:45:28.304+0700 [DEBUG] [org.gradle.api.internal.artifacts.ivyservice.ivyresolve.RepositoryChainComponentMetaDataResolver] Using com.android.tools.utp:gradle-work-action-api:32.1.0 from org.gradle.api.internal.artifacts.ivyservice.ivyresolve.FilteredModuleComponentRepository@2d86acb6
2026-03-16T23:45:28.304+0700 [DEBUG] [org.gradle.api.internal.artifacts.ivyservice.ivyresolve.RepositoryChainComponentMetaDataResolver] Attempting to resolve component for org.apache.httpcomponents:httpmime:4.5.6 using repositories [Google, MavenRepo, Gradle Central Plugin Repository]
2026-03-16T23:45:28.307+0700 [DEBUG] [org.gradle.api.internal.artifacts.ivyservice.ivyresolve.CachingModuleComponentRepository] Using cached module metadata for module 'org.apache.httpcomponents:httpmime:4.5.6' in 'MavenRepo'
2026-03-16T23:45:28.307+0700 [DEBUG] [org.gradle.api.internal.artifacts.ivyservice.ivyresolve.RepositoryChainComponentMetaDataResolver] Using org.apache.httpcomponents:httpmime:4.5.6 from Maven repository 'MavenRepo'
2026-03-16T23:45:28.308+0700 [DEBUG] [org.gradle.api.internal.artifacts.ivyservice.ivyresolve.RepositoryChainComponentMetaDataResolver] Attempting to resolve component for commons-io:commons-io:2.16.1 using repositories [Google, MavenRepo, Gradle Central Plugin Repository]
2026-03-16T23:45:28.311+0700 [DEBUG] [org.gradle.api.internal.artifacts.ivyservice.ivyresolve.CachingModuleComponentRepository] Using cached module metadata for module 'commons-io:commons-io:2.16.1' in 'MavenRepo'
2026-03-16T23:45:28.312+0700 [DEBUG] [org.gradle.api.internal.artifacts.ivyservice.ivyresolve.RepositoryChainComponentMetaDataResolver] Using commons-io:commons-io:2.16.1 from Maven repository 'MavenRepo'
2026-03-16T23:45:28.312+0700 [DEBUG] [org.gradle.api.internal.artifacts.ivyservice.ivyresolve.RepositoryChainComponentMetaDataResolver] Attempting to resolve component for org.ow2.asm:asm:9.9 using repositories [Google, MavenRepo, Gradle Central Plugin Repository]
2026-03-16T23:45:28.315+0700 [DEBUG] [org.gradle.api.internal.artifacts.ivyservice.ivyresolve.CachingModuleComponentRepository] Using cached module metadata for module 'org.ow2.asm:asm:9.9' in 'MavenRepo'
2026-03-16T23:45:28.315+0700 [DEBUG] [org.gradle.api.internal.artifacts.ivyservice.ivyresolve.RepositoryChainComponentMetaDataResolver] Using org.ow2.asm:asm:9.9 from Maven repository 'MavenRepo'
2026-03-16T23:45:28.316+0700 [DEBUG] [org.gradle.api.internal.artifacts.ivyservice.ivyresolve.RepositoryChainComponentMetaDataResolver] Attempting to resolve component for org.ow2.asm:asm-analysis:9.9 using repositories [Google, MavenRepo, Gradle Central Plugin Repository]
2026-03-16T23:45:28.317+0700 [DEBUG] [org.gradle.api.internal.artifacts.ivyservice.ivyresolve.CachingModuleComponentRepository] Using cached module metadata for module 'org.ow2.asm:asm-analysis:9.9' in 'MavenRepo'
2026-03-16T23:45:28.319+0700 [DEBUG] [org.gradle.api.internal.artifacts.ivyservice.ivyresolve.RepositoryChainComponentMetaDataResolver] Using org.ow2.asm:asm-analysis:9.9 from Maven repository 'MavenRepo'
2026-03-16T23:45:28.320+0700 [DEBUG] [org.gradle.api.internal.artifacts.ivyservice.ivyresolve.RepositoryChainComponentMetaDataResolver] Attempting to resolve component for org.ow2.asm:asm-commons:9.9 using repositories [Google, MavenRepo, Gradle Central Plugin Repository]
2026-03-16T23:45:28.321+0700 [DEBUG] [org.gradle.api.internal.artifacts.ivyservice.ivyresolve.CachingModuleComponentRepository] Using cached module metadata for module 'org.ow2.asm:asm-commons:9.9' in 'MavenRepo'
2026-03-16T23:45:28.324+0700 [DEBUG] [org.gradle.api.internal.artifacts.ivyservice.ivyresolve.RepositoryChainComponentMetaDataResolver] Using org.ow2.asm:asm-commons:9.9 from Maven repository 'MavenRepo'
2026-03-16T23:45:28.325+0700 [DEBUG] [org.gradle.api.internal.artifacts.ivyservice.ivyresolve.RepositoryChainComponentMetaDataResolver] Attempting to resolve component for org.ow2.asm:asm-util:9.9 using repositories [Google, MavenRepo, Gradle Central Plugin Repository]
2026-03-16T23:45:28.326+0700 [DEBUG] [org.gradle.api.internal.artifacts.ivyservice.ivyresolve.CachingModuleComponentRepository] Using cached module metadata for module 'org.ow2.asm:asm-util:9.9' in 'MavenRepo'
2026-03-16T23:45:28.326+0700 [DEBUG] [org.gradle.api.internal.artifacts.ivyservice.ivyresolve.RepositoryChainComponentMetaDataResolver] Using org.ow2.asm:asm-util:9.9 from Maven repository 'MavenRepo'
2026-03-16T23:45:28.327+0700 [DEBUG] [org.gradle.api.internal.artifacts.ivyservice.ivyresolve.RepositoryChainComponentMetaDataResolver] Attempting to resolve component for org.glassfish.jaxb:jaxb-runtime:2.3.2 using repositories [Google, MavenRepo, Gradle Central Plugin Repository]
2026-03-16T23:45:28.331+0700 [DEBUG] [org.gradle.api.internal.artifacts.ivyservice.ivyresolve.CachingModuleComponentRepository] Using cached module metadata for module 'org.glassfish.jaxb:jaxb-runtime:2.3.2' in 'MavenRepo'
2026-03-16T23:45:28.331+0700 [DEBUG] [org.gradle.api.internal.artifacts.ivyservice.ivyresolve.RepositoryChainComponentMetaDataResolver] Using org.glassfish.jaxb:jaxb-runtime:2.3.2 from Maven repository 'MavenRepo'
2026-03-16T23:45:28.332+0700 [DEBUG] [org.gradle.api.internal.artifacts.ivyservice.ivyresolve.RepositoryChainComponentMetaDataResolver] Attempting to resolve component for net.sf.jopt-simple:jopt-simple:4.9 using repositories [Google, MavenRepo, Gradle Central Plugin Repository]
2026-03-16T23:45:28.333+0700 [DEBUG] [org.gradle.api.internal.artifacts.ivyservice.ivyresolve.CachingModuleComponentRepository] Using cached module metadata for module 'net.sf.jopt-simple:jopt-simple:4.9' in 'MavenRepo'
2026-03-16T23:45:28.334+0700 [DEBUG] [org.gradle.api.internal.artifacts.ivyservice.ivyresolve.RepositoryChainComponentMetaDataResolver] Using net.sf.jopt-simple:jopt-simple:4.9 from Maven repository 'MavenRepo'
2026-03-16T23:45:28.334+0700 [DEBUG] [org.gradle.api.internal.artifacts.ivyservice.ivyresolve.RepositoryChainComponentMetaDataResolver] Attempting to resolve component for com.android.tools.build:bundletool:1.18.3 using repositories [Google, MavenRepo, Gradle Central Plugin Repository]
2026-03-16T23:45:28.335+0700 [DEBUG] [org.gradle.api.internal.artifacts.ivyservice.ivyresolve.CachingModuleComponentRepository] Using cached module metadata for module 'com.android.tools.build:bundletool:1.18.3' in 'Google'
2026-03-16T23:45:28.335+0700 [DEBUG] [org.gradle.api.internal.artifacts.ivyservice.ivyresolve.RepositoryChainComponentMetaDataResolver] Using com.android.tools.build:bundletool:1.18.3 from org.gradle.api.internal.artifacts.ivyservice.ivyresolve.FilteredModuleComponentRepository@2d86acb6
2026-03-16T23:45:28.335+0700 [DEBUG] [org.gradle.api.internal.artifacts.ivyservice.ivyresolve.RepositoryChainComponentMetaDataResolver] Attempting to resolve component for com.android.tools.build.jetifier:jetifier-core:1.0.0-beta10 using repositories [Google, MavenRepo, Gradle Central Plugin Repository]
2026-03-16T23:45:28.335+0700 [DEBUG] [org.gradle.api.internal.artifacts.ivyservice.ivyresolve.CachingModuleComponentRepository] Using cached module metadata for module 'com.android.tools.build.jetifier:jetifier-core:1.0.0-beta10' in 'Google'
2026-03-16T23:45:28.337+0700 [DEBUG] [org.gradle.api.internal.artifacts.ivyservice.ivyresolve.RepositoryChainComponentMetaDataResolver] Using com.android.tools.build.jetifier:jetifier-core:1.0.0-beta10 from org.gradle.api.internal.artifacts.ivyservice.ivyresolve.FilteredModuleComponentRepository@2d86acb6
2026-03-16T23:45:28.338+0700 [DEBUG] [org.gradle.internal.component.model.LoggingAttributeMatchingExplanationBuilder] Candidate {org.gradle.category=library, org.gradle.dependency.bundling=external, org.gradle.jvm.version=7, org.gradle.libraryelements=jar, org.gradle.status=release, org.gradle.usage=java-api, org.jetbrains.kotlin.localToProject=public, org.jetbrains.kotlin.platform.type=jvm} attribute org.gradle.usage value org.gradle.usage=java-api doesn't requested value java-runtime
2026-03-16T23:45:28.338+0700 [DEBUG] [org.gradle.internal.component.model.LoggingAttributeMatchingExplanationBuilder] Candidate {org.gradle.category=library, org.gradle.dependency.bundling=external, org.gradle.jvm.version=7, org.gradle.libraryelements=jar, org.gradle.status=release, org.gradle.usage=java-runtime, org.jetbrains.kotlin.localToProject=public, org.jetbrains.kotlin.platform.type=jvm} doesn't have attribute org.gradle.plugin.api-version
2026-03-16T23:45:28.338+0700 [DEBUG] [org.gradle.internal.component.model.LoggingAttributeMatchingExplanationBuilder] Candidate {org.gradle.category=documentation, org.gradle.dependency.bundling=external, org.gradle.docstype=sources, org.gradle.status=release, org.gradle.usage=java-runtime} attribute org.gradle.category value org.gradle.category=documentation doesn't requested value library
2026-03-16T23:45:28.338+0700 [DEBUG] [org.gradle.api.internal.attributes.matching.DefaultAttributeMatcher] Selected matches [1] from candidates [{org.gradle.category=library, org.gradle.dependency.bundling=external, org.gradle.jvm.version=7, org.gradle.libraryelements=jar, org.gradle.status=release, org.gradle.usage=java-api, org.jetbrains.kotlin.localToProject=public, org.jetbrains.kotlin.platform.type=jvm}, {org.gradle.category=library, org.gradle.dependency.bundling=external, org.gradle.jvm.version=7, org.gradle.libraryelements=jar, org.gradle.status=release, org.gradle.usage=java-runtime, org.jetbrains.kotlin.localToProject=public, org.jetbrains.kotlin.platform.type=jvm}, {org.gradle.category=documentation, org.gradle.dependency.bundling=external, org.gradle.docstype=sources, org.gradle.status=release, org.gradle.usage=java-runtime}] for {org.gradle.category=library, org.gradle.dependency.bundling=external, org.gradle.jvm.version=24, org.gradle.libraryelements=jar, org.gradle.plugin.api-version=9.3.1, org.gradle.usage=java-runtime}
2026-03-16T23:45:28.339+0700 [DEBUG] [org.gradle.api.internal.artifacts.ivyservice.ivyresolve.RepositoryChainComponentMetaDataResolver] Attempting to resolve component for com.android.tools.build.jetifier:jetifier-processor:1.0.0-beta10 using repositories [Google, MavenRepo, Gradle Central Plugin Repository]
2026-03-16T23:45:28.339+0700 [DEBUG] [org.gradle.api.internal.artifacts.ivyservice.ivyresolve.CachingModuleComponentRepository] Using cached module metadata for module 'com.android.tools.build.jetifier:jetifier-processor:1.0.0-beta10' in 'Google'
2026-03-16T23:45:28.339+0700 [DEBUG] [org.gradle.api.internal.artifacts.ivyservice.ivyresolve.RepositoryChainComponentMetaDataResolver] Using com.android.tools.build.jetifier:jetifier-processor:1.0.0-beta10 from org.gradle.api.internal.artifacts.ivyservice.ivyresolve.FilteredModuleComponentRepository@2d86acb6
2026-03-16T23:45:28.340+0700 [DEBUG] [org.gradle.api.internal.artifacts.ivyservice.ivyresolve.RepositoryChainComponentMetaDataResolver] Attempting to resolve component for com.squareup:javapoet:1.13.0 using repositories [Google, MavenRepo, Gradle Central Plugin Repository]
2026-03-16T23:45:28.342+0700 [DEBUG] [org.gradle.api.internal.artifacts.ivyservice.ivyresolve.CachingModuleComponentRepository] Using cached module metadata for module 'com.squareup:javapoet:1.13.0' in 'MavenRepo'
2026-03-16T23:45:28.342+0700 [DEBUG] [org.gradle.api.internal.artifacts.ivyservice.ivyresolve.RepositoryChainComponentMetaDataResolver] Using com.squareup:javapoet:1.13.0 from Maven repository 'MavenRepo'
2026-03-16T23:45:28.344+0700 [DEBUG] [org.gradle.api.internal.artifacts.ivyservice.ivyresolve.RepositoryChainComponentMetaDataResolver] Attempting to resolve component for org.jetbrains.kotlin:kotlin-gradle-plugin:2.2.10 using repositories [Google, MavenRepo, Gradle Central Plugin Repository]
2026-03-16T23:45:28.347+0700 [DEBUG] [org.gradle.api.internal.artifacts.ivyservice.ivyresolve.CachingModuleComponentRepository] Using cached module metadata for module 'org.jetbrains.kotlin:kotlin-gradle-plugin:2.2.10' in 'MavenRepo'
2026-03-16T23:45:28.347+0700 [DEBUG] [org.gradle.api.internal.artifacts.ivyservice.ivyresolve.RepositoryChainComponentMetaDataResolver] Using org.jetbrains.kotlin:kotlin-gradle-plugin:2.2.10 from Maven repository 'MavenRepo'
2026-03-16T23:45:28.348+0700 [DEBUG] [org.gradle.internal.component.model.LoggingAttributeMatchingExplanationBuilder] Candidate {org.gradle.category=documentation, org.gradle.dependency.bundling=external, org.gradle.docstype=sources, org.gradle.status=release, org.gradle.usage=java-runtime} attribute org.gradle.category value org.gradle.category=documentation doesn't requested value library
2026-03-16T23:45:28.348+0700 [DEBUG] [org.gradle.internal.component.model.LoggingAttributeMatchingExplanationBuilder] Candidate {org.gradle.category=documentation, org.gradle.dependency.bundling=external, org.gradle.docstype=javadoc, org.gradle.status=release, org.gradle.usage=java-runtime} attribute org.gradle.category value org.gradle.category=documentation doesn't requested value library
2026-03-16T23:45:28.349+0700 [DEBUG] [org.gradle.internal.component.model.LoggingAttributeMatchingExplanationBuilder] Candidate {org.gradle.category=library, org.gradle.dependency.bundling=external, org.gradle.jvm.environment=standard-jvm, org.gradle.jvm.version=8, org.gradle.libraryelements=jar, org.gradle.status=release, org.gradle.usage=java-runtime} doesn't have attribute org.gradle.plugin.api-version
2026-03-16T23:45:28.349+0700 [DEBUG] [org.gradle.internal.component.model.LoggingAttributeMatchingExplanationBuilder] Candidate {org.gradle.category=library, org.gradle.dependency.bundling=external, org.gradle.jvm.environment=standard-jvm, org.gradle.jvm.version=8, org.gradle.libraryelements=jar, org.gradle.status=release, org.gradle.usage=java-api} attribute org.gradle.usage value org.gradle.usage=java-api doesn't requested value java-runtime
2026-03-16T23:45:28.349+0700 [DEBUG] [org.gradle.internal.component.model.LoggingAttributeMatchingExplanationBuilder] Candidate {org.gradle.category=documentation, org.gradle.dependency.bundling=external, org.gradle.docstype=javadoc, org.gradle.plugin.api-version=8.0, org.gradle.status=release, org.gradle.usage=java-runtime} attribute org.gradle.category value org.gradle.category=documentation doesn't requested value library
2026-03-16T23:45:28.349+0700 [DEBUG] [org.gradle.internal.component.model.LoggingAttributeMatchingExplanationBuilder] Candidate {org.gradle.category=documentation, org.gradle.dependency.bundling=external, org.gradle.docstype=sources, org.gradle.plugin.api-version=8.0, org.gradle.status=release, org.gradle.usage=java-runtime} attribute org.gradle.category value org.gradle.category=documentation doesn't requested value library
2026-03-16T23:45:28.349+0700 [DEBUG] [org.gradle.internal.component.model.LoggingAttributeMatchingExplanationBuilder] Candidate {org.gradle.category=library, org.gradle.dependency.bundling=external, org.gradle.jvm.environment=standard-jvm, org.gradle.jvm.version=8, org.gradle.libraryelements=jar, org.gradle.plugin.api-version=8.0, org.gradle.status=release, org.gradle.usage=java-api} attribute org.gradle.usage value org.gradle.usage=java-api doesn't requested value java-runtime
2026-03-16T23:45:28.349+0700 [DEBUG] [org.gradle.internal.component.model.LoggingAttributeMatchingExplanationBuilder] Candidate {org.gradle.category=documentation, org.gradle.dependency.bundling=external, org.gradle.docstype=javadoc, org.gradle.plugin.api-version=8.1, org.gradle.status=release, org.gradle.usage=java-runtime} attribute org.gradle.category value org.gradle.category=documentation doesn't requested value library
2026-03-16T23:45:28.350+0700 [DEBUG] [org.gradle.internal.component.model.LoggingAttributeMatchingExplanationBuilder] Candidate {org.gradle.category=documentation, org.gradle.dependency.bundling=external, org.gradle.docstype=sources, org.gradle.plugin.api-version=8.1, org.gradle.status=release, org.gradle.usage=java-runtime} attribute org.gradle.category value org.gradle.category=documentation doesn't requested value library
2026-03-16T23:45:28.350+0700 [DEBUG] [org.gradle.internal.component.model.LoggingAttributeMatchingExplanationBuilder] Candidate {org.gradle.category=library, org.gradle.dependency.bundling=external, org.gradle.jvm.environment=standard-jvm, org.gradle.jvm.version=8, org.gradle.libraryelements=jar, org.gradle.plugin.api-version=8.1, org.gradle.status=release, org.gradle.usage=java-api} attribute org.gradle.usage value org.gradle.usage=java-api doesn't requested value java-runtime
2026-03-16T23:45:28.350+0700 [DEBUG] [org.gradle.internal.component.model.LoggingAttributeMatchingExplanationBuilder] Candidate {org.gradle.category=documentation, org.gradle.dependency.bundling=external, org.gradle.docstype=javadoc, org.gradle.plugin.api-version=8.2, org.gradle.status=release, org.gradle.usage=java-runtime} attribute org.gradle.category value org.gradle.category=documentation doesn't requested value library
2026-03-16T23:45:28.350+0700 [DEBUG] [org.gradle.internal.component.model.LoggingAttributeMatchingExplanationBuilder] Candidate {org.gradle.category=documentation, org.gradle.dependency.bundling=external, org.gradle.docstype=sources, org.gradle.plugin.api-version=8.2, org.gradle.status=release, org.gradle.usage=java-runtime} attribute org.gradle.category value org.gradle.category=documentation doesn't requested value library
2026-03-16T23:45:28.350+0700 [DEBUG] [org.gradle.internal.component.model.LoggingAttributeMatchingExplanationBuilder] Candidate {org.gradle.category=library, org.gradle.dependency.bundling=external, org.gradle.jvm.environment=standard-jvm, org.gradle.jvm.version=8, org.gradle.libraryelements=jar, org.gradle.plugin.api-version=8.2, org.gradle.status=release, org.gradle.usage=java-api} attribute org.gradle.usage value org.gradle.usage=java-api doesn't requested value java-runtime
2026-03-16T23:45:28.350+0700 [DEBUG] [org.gradle.internal.component.model.LoggingAttributeMatchingExplanationBuilder] Candidate {org.gradle.category=documentation, org.gradle.dependency.bundling=external, org.gradle.docstype=javadoc, org.gradle.plugin.api-version=8.5, org.gradle.status=release, org.gradle.usage=java-runtime} attribute org.gradle.category value org.gradle.category=documentation doesn't requested value library
2026-03-16T23:45:28.350+0700 [DEBUG] [org.gradle.internal.component.model.LoggingAttributeMatchingExplanationBuilder] Candidate {org.gradle.category=documentation, org.gradle.dependency.bundling=external, org.gradle.docstype=sources, org.gradle.plugin.api-version=8.5, org.gradle.status=release, org.gradle.usage=java-runtime} attribute org.gradle.category value org.gradle.category=documentation doesn't requested value library
2026-03-16T23:45:28.350+0700 [DEBUG] [org.gradle.internal.component.model.LoggingAttributeMatchingExplanationBuilder] Candidate {org.gradle.category=library, org.gradle.dependency.bundling=external, org.gradle.jvm.environment=standard-jvm, org.gradle.jvm.version=8, org.gradle.libraryelements=jar, org.gradle.plugin.api-version=8.5, org.gradle.status=release, org.gradle.usage=java-api} attribute org.gradle.usage value org.gradle.usage=java-api doesn't requested value java-runtime
2026-03-16T23:45:28.350+0700 [DEBUG] [org.gradle.internal.component.model.LoggingAttributeMatchingExplanationBuilder] Candidate {org.gradle.category=documentation, org.gradle.dependency.bundling=external, org.gradle.docstype=javadoc, org.gradle.plugin.api-version=8.6, org.gradle.status=release, org.gradle.usage=java-runtime} attribute org.gradle.category value org.gradle.category=documentation doesn't requested value library
2026-03-16T23:45:28.351+0700 [DEBUG] [org.gradle.internal.component.model.LoggingAttributeMatchingExplanationBuilder] Candidate {org.gradle.category=documentation, org.gradle.dependency.bundling=external, org.gradle.docstype=sources, org.gradle.plugin.api-version=8.6, org.gradle.status=release, org.gradle.usage=java-runtime} attribute org.gradle.category value org.gradle.category=documentation doesn't requested value library
2026-03-16T23:45:28.351+0700 [DEBUG] [org.gradle.internal.component.model.LoggingAttributeMatchingExplanationBuilder] Candidate {org.gradle.category=library, org.gradle.dependency.bundling=external, org.gradle.jvm.environment=standard-jvm, org.gradle.jvm.version=8, org.gradle.libraryelements=jar, org.gradle.plugin.api-version=8.6, org.gradle.status=release, org.gradle.usage=java-api} attribute org.gradle.usage value org.gradle.usage=java-api doesn't requested value java-runtime
2026-03-16T23:45:28.351+0700 [DEBUG] [org.gradle.internal.component.model.LoggingAttributeMatchingExplanationBuilder] Candidate {org.gradle.category=documentation, org.gradle.dependency.bundling=external, org.gradle.docstype=javadoc, org.gradle.plugin.api-version=8.8, org.gradle.status=release, org.gradle.usage=java-runtime} attribute org.gradle.category value org.gradle.category=documentation doesn't requested value library
2026-03-16T23:45:28.351+0700 [DEBUG] [org.gradle.internal.component.model.LoggingAttributeMatchingExplanationBuilder] Candidate {org.gradle.category=documentation, org.gradle.dependency.bundling=external, org.gradle.docstype=sources, org.gradle.plugin.api-version=8.8, org.gradle.status=release, org.gradle.usage=java-runtime} attribute org.gradle.category value org.gradle.category=documentation doesn't requested value library
2026-03-16T23:45:28.351+0700 [DEBUG] [org.gradle.internal.component.model.LoggingAttributeMatchingExplanationBuilder] Candidate {org.gradle.category=library, org.gradle.dependency.bundling=external, org.gradle.jvm.environment=standard-jvm, org.gradle.jvm.version=8, org.gradle.libraryelements=jar, org.gradle.plugin.api-version=8.8, org.gradle.status=release, org.gradle.usage=java-api} attribute org.gradle.usage value org.gradle.usage=java-api doesn't requested value java-runtime
2026-03-16T23:45:28.352+0700 [DEBUG] [org.gradle.internal.component.model.LoggingAttributeMatchingExplanationBuilder] Candidate {org.gradle.category=documentation, org.gradle.dependency.bundling=external, org.gradle.docstype=javadoc, org.gradle.plugin.api-version=8.11, org.gradle.status=release, org.gradle.usage=java-runtime} attribute org.gradle.category value org.gradle.category=documentation doesn't requested value library
2026-03-16T23:45:28.352+0700 [DEBUG] [org.gradle.internal.component.model.LoggingAttributeMatchingExplanationBuilder] Candidate {org.gradle.category=documentation, org.gradle.dependency.bundling=external, org.gradle.docstype=sources, org.gradle.plugin.api-version=8.11, org.gradle.status=release, org.gradle.usage=java-runtime} attribute org.gradle.category value org.gradle.category=documentation doesn't requested value library
2026-03-16T23:45:28.352+0700 [DEBUG] [org.gradle.internal.component.model.LoggingAttributeMatchingExplanationBuilder] Candidate {org.gradle.category=library, org.gradle.dependency.bundling=external, org.gradle.jvm.environment=standard-jvm, org.gradle.jvm.version=8, org.gradle.libraryelements=jar, org.gradle.plugin.api-version=8.11, org.gradle.status=release, org.gradle.usage=java-api} attribute org.gradle.usage value org.gradle.usage=java-api doesn't requested value java-runtime
2026-03-16T23:45:28.352+0700 [DEBUG] [org.gradle.internal.component.model.LoggingAttributeMatchingExplanationBuilder] Candidate {org.gradle.category=documentation, org.gradle.dependency.bundling=external, org.gradle.docstype=javadoc, org.gradle.plugin.api-version=8.13, org.gradle.status=release, org.gradle.usage=java-runtime} attribute org.gradle.category value org.gradle.category=documentation doesn't requested value library
2026-03-16T23:45:28.353+0700 [DEBUG] [org.gradle.internal.component.model.LoggingAttributeMatchingExplanationBuilder] Candidate {org.gradle.category=documentation, org.gradle.dependency.bundling=external, org.gradle.docstype=sources, org.gradle.plugin.api-version=8.13, org.gradle.status=release, org.gradle.usage=java-runtime} attribute org.gradle.category value org.gradle.category=documentation doesn't requested value library
2026-03-16T23:45:28.353+0700 [DEBUG] [org.gradle.internal.component.model.LoggingAttributeMatchingExplanationBuilder] Candidate {org.gradle.category=library, org.gradle.dependency.bundling=external, org.gradle.jvm.environment=standard-jvm, org.gradle.jvm.version=8, org.gradle.libraryelements=jar, org.gradle.plugin.api-version=8.13, org.gradle.status=release, org.gradle.usage=java-api} attribute org.gradle.usage value org.gradle.usage=java-api doesn't requested value java-runtime
2026-03-16T23:45:28.354+0700 [DEBUG] [org.gradle.api.internal.attributes.matching.DefaultAttributeMatcher] Selected matches [35] from candidates [{org.gradle.category=documentation, org.gradle.dependency.bundling=external, org.gradle.docstype=sources, org.gradle.status=release, org.gradle.usage=java-runtime}, {org.gradle.category=documentation, org.gradle.dependency.bundling=external, org.gradle.docstype=javadoc, org.gradle.status=release, org.gradle.usage=java-runtime}, {org.gradle.category=library, org.gradle.dependency.bundling=external, org.gradle.jvm.environment=standard-jvm, org.gradle.jvm.version=8, org.gradle.libraryelements=jar, org.gradle.status=release, org.gradle.usage=java-runtime}, {org.gradle.category=library, org.gradle.dependency.bundling=external, org.gradle.jvm.environment=standard-jvm, org.gradle.jvm.version=8, org.gradle.libraryelements=jar, org.gradle.status=release, org.gradle.usage=java-api}, {org.gradle.category=documentation, org.gradle.dependency.bundling=external, org.gradle.docstype=javadoc, org.gradle.plugin.api-version=8.0, org.gradle.status=release, org.gradle.usage=java-runtime}, {org.gradle.category=documentation, org.gradle.dependency.bundling=external, org.gradle.docstype=sources, org.gradle.plugin.api-version=8.0, org.gradle.status=release, org.gradle.usage=java-runtime}, {org.gradle.category=library, org.gradle.dependency.bundling=external, org.gradle.jvm.environment=standard-jvm, org.gradle.jvm.version=8, org.gradle.libraryelements=jar, org.gradle.plugin.api-version=8.0, org.gradle.status=release, org.gradle.usage=java-api}, {org.gradle.category=library, org.gradle.dependency.bundling=external, org.gradle.jvm.environment=standard-jvm, org.gradle.jvm.version=8, org.gradle.libraryelements=jar, org.gradle.plugin.api-version=8.0, org.gradle.status=release, org.gradle.usage=java-runtime}, {org.gradle.category=documentation, org.gradle.dependency.bundling=external, org.gradle.docstype=javadoc, org.gradle.plugin.api-version=8.1, org.gradle.status=release, org.gradle.usage=java-runtime}, {org.gradle.category=documentation, org.gradle.dependency.bundling=external, org.gradle.docstype=sources, org.gradle.plugin.api-version=8.1, org.gradle.status=release, org.gradle.usage=java-runtime}, {org.gradle.category=library, org.gradle.dependency.bundling=external, org.gradle.jvm.environment=standard-jvm, org.gradle.jvm.version=8, org.gradle.libraryelements=jar, org.gradle.plugin.api-version=8.1, org.gradle.status=release, org.gradle.usage=java-api}, {org.gradle.category=library, org.gradle.dependency.bundling=external, org.gradle.jvm.environment=standard-jvm, org.gradle.jvm.version=8, org.gradle.libraryelements=jar, org.gradle.plugin.api-version=8.1, org.gradle.status=release, org.gradle.usage=java-runtime}, {org.gradle.category=documentation, org.gradle.dependency.bundling=external, org.gradle.docstype=javadoc, org.gradle.plugin.api-version=8.2, org.gradle.status=release, org.gradle.usage=java-runtime}, {org.gradle.category=documentation, org.gradle.dependency.bundling=external, org.gradle.docstype=sources, org.gradle.plugin.api-version=8.2, org.gradle.status=release, org.gradle.usage=java-runtime}, {org.gradle.category=library, org.gradle.dependency.bundling=external, org.gradle.jvm.environment=standard-jvm, org.gradle.jvm.version=8, org.gradle.libraryelements=jar, org.gradle.plugin.api-version=8.2, org.gradle.status=release, org.gradle.usage=java-api}, {org.gradle.category=library, org.gradle.dependency.bundling=external, org.gradle.jvm.environment=standard-jvm, org.gradle.jvm.version=8, org.gradle.libraryelements=jar, org.gradle.plugin.api-version=8.2, org.gradle.status=release, org.gradle.usage=java-runtime}, {org.gradle.category=documentation, org.gradle.dependency.bundling=external, org.gradle.docstype=javadoc, org.gradle.plugin.api-version=8.5, org.gradle.status=release, org.gradle.usage=java-runtime}, {org.gradle.category=documentation, org.gradle.dependency.bundling=external, org.gradle.docstype=sources, org.gradle.plugin.api-version=8.5, org.gradle.status=release, org.gradle.usage=java-runtime}, {org.gradle.category=library, org.gradle.dependency.bundling=external, org.gradle.jvm.environment=standard-jvm, org.gradle.jvm.version=8, org.gradle.libraryelements=jar, org.gradle.plugin.api-version=8.5, org.gradle.status=release, org.gradle.usage=java-api}, {org.gradle.category=library, org.gradle.dependency.bundling=external, org.gradle.jvm.environment=standard-jvm, org.gradle.jvm.version=8, org.gradle.libraryelements=jar, org.gradle.plugin.api-version=8.5, org.gradle.status=release, org.gradle.usage=java-runtime}, {org.gradle.category=documentation, org.gradle.dependency.bundling=external, org.gradle.docstype=javadoc, org.gradle.plugin.api-version=8.6, org.gradle.status=release, org.gradle.usage=java-runtime}, {org.gradle.category=documentation, org.gradle.dependency.bundling=external, org.gradle.docstype=sources, org.gradle.plugin.api-version=8.6, org.gradle.status=release, org.gradle.usage=java-runtime}, {org.gradle.category=library, org.gradle.dependency.bundling=external, org.gradle.jvm.environment=standard-jvm, org.gradle.jvm.version=8, org.gradle.libraryelements=jar, org.gradle.plugin.api-version=8.6, org.gradle.status=release, org.gradle.usage=java-api}, {org.gradle.category=library, org.gradle.dependency.bundling=external, org.gradle.jvm.environment=standard-jvm, org.gradle.jvm.version=8, org.gradle.libraryelements=jar, org.gradle.plugin.api-version=8.6, org.gradle.status=release, org.gradle.usage=java-runtime}, {org.gradle.category=documentation, org.gradle.dependency.bundling=external, org.gradle.docstype=javadoc, org.gradle.plugin.api-version=8.8, org.gradle.status=release, org.gradle.usage=java-runtime}, {org.gradle.category=documentation, org.gradle.dependency.bundling=external, org.gradle.docstype=sources, org.gradle.plugin.api-version=8.8, org.gradle.status=release, org.gradle.usage=java-runtime}, {org.gradle.category=library, org.gradle.dependency.bundling=external, org.gradle.jvm.environment=standard-jvm, org.gradle.jvm.version=8, org.gradle.libraryelements=jar, org.gradle.plugin.api-version=8.8, org.gradle.status=release, org.gradle.usage=java-api}, {org.gradle.category=library, org.gradle.dependency.bundling=external, org.gradle.jvm.environment=standard-jvm, org.gradle.jvm.version=8, org.gradle.libraryelements=jar, org.gradle.plugin.api-version=8.8, org.gradle.status=release, org.gradle.usage=java-runtime}, {org.gradle.category=documentation, org.gradle.dependency.bundling=external, org.gradle.docstype=javadoc, org.gradle.plugin.api-version=8.11, org.gradle.status=release, org.gradle.usage=java-runtime}, {org.gradle.category=documentation, org.gradle.dependency.bundling=external, org.gradle.docstype=sources, org.gradle.plugin.api-version=8.11, org.gradle.status=release, org.gradle.usage=java-runtime}, {org.gradle.category=library, org.gradle.dependency.bundling=external, org.gradle.jvm.environment=standard-jvm, org.gradle.jvm.version=8, org.gradle.libraryelements=jar, org.gradle.plugin.api-version=8.11, org.gradle.status=release, org.gradle.usage=java-api}, {org.gradle.category=library, org.gradle.dependency.bundling=external, org.gradle.jvm.environment=standard-jvm, org.gradle.jvm.version=8, org.gradle.libraryelements=jar, org.gradle.plugin.api-version=8.11, org.gradle.status=release, org.gradle.usage=java-runtime}, {org.gradle.category=documentation, org.gradle.dependency.bundling=external, org.gradle.docstype=javadoc, org.gradle.plugin.api-version=8.13, org.gradle.status=release, org.gradle.usage=java-runtime}, {org.gradle.category=documentation, org.gradle.dependency.bundling=external, org.gradle.docstype=sources, org.gradle.plugin.api-version=8.13, org.gradle.status=release, org.gradle.usage=java-runtime}, {org.gradle.category=library, org.gradle.dependency.bundling=external, org.gradle.jvm.environment=standard-jvm, org.gradle.jvm.version=8, org.gradle.libraryelements=jar, org.gradle.plugin.api-version=8.13, org.gradle.status=release, org.gradle.usage=java-api}, {org.gradle.category=library, org.gradle.dependency.bundling=external, org.gradle.jvm.environment=standard-jvm, org.gradle.jvm.version=8, org.gradle.libraryelements=jar, org.gradle.plugin.api-version=8.13, org.gradle.status=release, org.gradle.usage=java-runtime}] for {org.gradle.category=library, org.gradle.dependency.bundling=external, org.gradle.jvm.version=24, org.gradle.libraryelements=jar, org.gradle.plugin.api-version=9.3.1, org.gradle.usage=java-runtime}
2026-03-16T23:45:28.355+0700 [DEBUG] [org.gradle.api.internal.artifacts.ivyservice.ivyresolve.RepositoryChainComponentMetaDataResolver] Attempting to resolve component for com.google.protobuf:protobuf-java:3.25.5 using repositories [Google, MavenRepo, Gradle Central Plugin Repository]
2026-03-16T23:45:28.355+0700 [DEBUG] [org.gradle.api.internal.artifacts.ivyservice.ivyresolve.CachingModuleComponentRepository] Detected non-existence of module 'com.google.protobuf:protobuf-java:3.25.5' in resolver cache 'Google'
2026-03-16T23:45:28.355+0700 [DEBUG] [org.gradle.api.internal.artifacts.ivyservice.ivyresolve.CachingModuleComponentRepository] Using cached module metadata for module 'com.google.protobuf:protobuf-java:3.25.5' in 'MavenRepo'
2026-03-16T23:45:28.355+0700 [DEBUG] [org.gradle.api.internal.artifacts.ivyservice.ivyresolve.RepositoryChainComponentMetaDataResolver] Using com.google.protobuf:protobuf-java:3.25.5 from Maven repository 'MavenRepo'
2026-03-16T23:45:28.356+0700 [DEBUG] [org.gradle.api.internal.artifacts.ivyservice.ivyresolve.RepositoryChainComponentMetaDataResolver] Attempting to resolve component for com.google.protobuf:protobuf-java-util:3.25.5 using repositories [Google, MavenRepo, Gradle Central Plugin Repository]
2026-03-16T23:45:28.356+0700 [DEBUG] [org.gradle.api.internal.artifacts.ivyservice.ivyresolve.CachingModuleComponentRepository] Detected non-existence of module 'com.google.protobuf:protobuf-java-util:3.25.5' in resolver cache 'Google'
2026-03-16T23:45:28.356+0700 [DEBUG] [org.gradle.api.internal.artifacts.ivyservice.ivyresolve.CachingModuleComponentRepository] Using cached module metadata for module 'com.google.protobuf:protobuf-java-util:3.25.5' in 'MavenRepo'
2026-03-16T23:45:28.356+0700 [DEBUG] [org.gradle.api.internal.artifacts.ivyservice.ivyresolve.RepositoryChainComponentMetaDataResolver] Using com.google.protobuf:protobuf-java-util:3.25.5 from Maven repository 'MavenRepo'
2026-03-16T23:45:28.356+0700 [DEBUG] [org.gradle.api.internal.artifacts.ivyservice.ivyresolve.RepositoryChainComponentMetaDataResolver] Attempting to resolve component for com.google.code.gson:gson:2.11.0 using repositories [Google, MavenRepo, Gradle Central Plugin Repository]
2026-03-16T23:45:28.357+0700 [DEBUG] [org.gradle.api.internal.artifacts.ivyservice.ivyresolve.CachingModuleComponentRepository] Detected non-existence of module 'com.google.code.gson:gson:2.11.0' in resolver cache 'Google'
2026-03-16T23:45:28.357+0700 [DEBUG] [org.gradle.api.internal.artifacts.ivyservice.ivyresolve.CachingModuleComponentRepository] Using cached module metadata for module 'com.google.code.gson:gson:2.11.0' in 'MavenRepo'
2026-03-16T23:45:28.357+0700 [DEBUG] [org.gradle.api.internal.artifacts.ivyservice.ivyresolve.RepositoryChainComponentMetaDataResolver] Using com.google.code.gson:gson:2.11.0 from Maven repository 'MavenRepo'
2026-03-16T23:45:28.358+0700 [DEBUG] [org.gradle.api.internal.artifacts.ivyservice.ivyresolve.RepositoryChainComponentMetaDataResolver] Attempting to resolve component for com.google.crypto.tink:tink:1.7.0 using repositories [Google, MavenRepo, Gradle Central Plugin Repository]
2026-03-16T23:45:28.358+0700 [DEBUG] [org.gradle.api.internal.artifacts.ivyservice.ivyresolve.CachingModuleComponentRepository] Detected non-existence of module 'com.google.crypto.tink:tink:1.7.0' in resolver cache 'Google'
2026-03-16T23:45:28.358+0700 [DEBUG] [org.gradle.api.internal.artifacts.ivyservice.ivyresolve.CachingModuleComponentRepository] Using cached module metadata for module 'com.google.crypto.tink:tink:1.7.0' in 'MavenRepo'
2026-03-16T23:45:28.358+0700 [DEBUG] [org.gradle.api.internal.artifacts.ivyservice.ivyresolve.RepositoryChainComponentMetaDataResolver] Using com.google.crypto.tink:tink:1.7.0 from Maven repository 'MavenRepo'
2026-03-16T23:45:28.358+0700 [DEBUG] [org.gradle.api.internal.artifacts.ivyservice.ivyresolve.RepositoryChainComponentMetaDataResolver] Attempting to resolve component for org.tensorflow:tensorflow-lite-metadata:0.2.0 using repositories [Google, MavenRepo, Gradle Central Plugin Repository]
2026-03-16T23:45:28.360+0700 [DEBUG] [org.gradle.api.internal.artifacts.ivyservice.ivyresolve.CachingModuleComponentRepository] Using cached module metadata for module 'org.tensorflow:tensorflow-lite-metadata:0.2.0' in 'MavenRepo'
2026-03-16T23:45:28.360+0700 [DEBUG] [org.gradle.api.internal.artifacts.ivyservice.ivyresolve.RepositoryChainComponentMetaDataResolver] Using org.tensorflow:tensorflow-lite-metadata:0.2.0 from Maven repository 'MavenRepo'
2026-03-16T23:45:28.360+0700 [DEBUG] [org.gradle.api.internal.artifacts.ivyservice.ivyresolve.RepositoryChainComponentMetaDataResolver] Attempting to resolve component for com.android.tools.build:builder:9.1.0 using repositories [Google, MavenRepo, Gradle Central Plugin Repository]
2026-03-16T23:45:28.360+0700 [DEBUG] [org.gradle.api.internal.artifacts.ivyservice.ivyresolve.CachingModuleComponentRepository] Using cached module metadata for module 'com.android.tools.build:builder:9.1.0' in 'Google'
2026-03-16T23:45:28.361+0700 [DEBUG] [org.gradle.api.internal.artifacts.ivyservice.ivyresolve.RepositoryChainComponentMetaDataResolver] Using com.android.tools.build:builder:9.1.0 from org.gradle.api.internal.artifacts.ivyservice.ivyresolve.FilteredModuleComponentRepository@2d86acb6
2026-03-16T23:45:28.361+0700 [DEBUG] [org.gradle.api.internal.artifacts.ivyservice.ivyresolve.RepositoryChainComponentMetaDataResolver] Attempting to resolve component for com.android.tools.build:builder-model:9.1.0 using repositories [Google, MavenRepo, Gradle Central Plugin Repository]
2026-03-16T23:45:28.361+0700 [DEBUG] [org.gradle.api.internal.artifacts.ivyservice.ivyresolve.CachingModuleComponentRepository] Using cached module metadata for module 'com.android.tools.build:builder-model:9.1.0' in 'Google'
2026-03-16T23:45:28.361+0700 [DEBUG] [org.gradle.api.internal.artifacts.ivyservice.ivyresolve.RepositoryChainComponentMetaDataResolver] Using com.android.tools.build:builder-model:9.1.0 from org.gradle.api.internal.artifacts.ivyservice.ivyresolve.FilteredModuleComponentRepository@2d86acb6
2026-03-16T23:45:28.361+0700 [DEBUG] [org.gradle.api.internal.artifacts.ivyservice.ivyresolve.RepositoryChainComponentMetaDataResolver] Attempting to resolve component for com.android.tools.build:gradle-api:9.1.0 using repositories [Google, MavenRepo, Gradle Central Plugin Repository]
2026-03-16T23:45:28.361+0700 [DEBUG] [org.gradle.api.internal.artifacts.ivyservice.ivyresolve.CachingModuleComponentRepository] Using cached module metadata for module 'com.android.tools.build:gradle-api:9.1.0' in 'Google'
2026-03-16T23:45:28.362+0700 [DEBUG] [org.gradle.api.internal.artifacts.ivyservice.ivyresolve.RepositoryChainComponentMetaDataResolver] Using com.android.tools.build:gradle-api:9.1.0 from org.gradle.api.internal.artifacts.ivyservice.ivyresolve.FilteredModuleComponentRepository@2d86acb6
2026-03-16T23:45:28.362+0700 [DEBUG] [org.gradle.api.internal.artifacts.ivyservice.ivyresolve.RepositoryChainComponentMetaDataResolver] Attempting to resolve component for org.jetbrains.kotlin:kotlin-stdlib:2.2.21 using repositories [Google, MavenRepo, Gradle Central Plugin Repository]
2026-03-16T23:45:28.364+0700 [DEBUG] [org.gradle.api.internal.artifacts.ivyservice.ivyresolve.CachingModuleComponentRepository] Using cached module metadata for module 'org.jetbrains.kotlin:kotlin-stdlib:2.2.21' in 'MavenRepo'
2026-03-16T23:45:28.364+0700 [DEBUG] [org.gradle.api.internal.artifacts.ivyservice.ivyresolve.RepositoryChainComponentMetaDataResolver] Using org.jetbrains.kotlin:kotlin-stdlib:2.2.21 from Maven repository 'MavenRepo'
2026-03-16T23:45:28.365+0700 [DEBUG] [org.gradle.internal.component.model.LoggingAttributeMatchingExplanationBuilder] Candidate {org.gradle.category=library, org.gradle.jvm.environment=standard-jvm, org.gradle.libraryelements=jar, org.gradle.status=release, org.gradle.usage=java-api, org.jetbrains.kotlin.platform.type=jvm} attribute org.gradle.usage value org.gradle.usage=java-api doesn't requested value java-runtime
2026-03-16T23:45:28.365+0700 [DEBUG] [org.gradle.internal.component.model.LoggingAttributeMatchingExplanationBuilder] Candidate {org.gradle.category=library, org.gradle.jvm.environment=standard-jvm, org.gradle.libraryelements=jar, org.gradle.status=release, org.gradle.usage=java-runtime, org.jetbrains.kotlin.platform.type=jvm} doesn't have attribute org.gradle.dependency.bundling
2026-03-16T23:45:28.365+0700 [DEBUG] [org.gradle.internal.component.model.LoggingAttributeMatchingExplanationBuilder] Candidate {org.gradle.category=library, org.gradle.jvm.environment=standard-jvm, org.gradle.libraryelements=jar, org.gradle.status=release, org.gradle.usage=java-runtime, org.jetbrains.kotlin.platform.type=jvm} doesn't have attribute org.gradle.jvm.version
2026-03-16T23:45:28.366+0700 [DEBUG] [org.gradle.internal.component.model.LoggingAttributeMatchingExplanationBuilder] Candidate {org.gradle.category=library, org.gradle.jvm.environment=standard-jvm, org.gradle.libraryelements=jar, org.gradle.status=release, org.gradle.usage=java-runtime, org.jetbrains.kotlin.platform.type=jvm} doesn't have attribute org.gradle.plugin.api-version
2026-03-16T23:45:28.366+0700 [DEBUG] [org.gradle.internal.component.model.LoggingAttributeMatchingExplanationBuilder] Candidate {org.gradle.category=documentation, org.gradle.dependency.bundling=external, org.gradle.docstype=sources, org.gradle.jvm.environment=standard-jvm, org.gradle.libraryelements=jar, org.gradle.status=release, org.gradle.usage=java-runtime, org.jetbrains.kotlin.platform.type=jvm} attribute org.gradle.category value org.gradle.category=documentation doesn't requested value library
2026-03-16T23:45:28.366+0700 [DEBUG] [org.gradle.internal.component.model.LoggingAttributeMatchingExplanationBuilder] Candidate {org.gradle.category=library, org.gradle.jvm.environment=non-jvm, org.gradle.status=release, org.gradle.usage=kotlin-metadata, org.jetbrains.kotlin.platform.type=common} attribute org.gradle.usage value org.gradle.usage=kotlin-metadata doesn't requested value java-runtime
2026-03-16T23:45:28.366+0700 [DEBUG] [org.gradle.internal.component.model.LoggingAttributeMatchingExplanationBuilder] Candidate {org.gradle.category=documentation, org.gradle.dependency.bundling=external, org.gradle.docstype=sources, org.gradle.jvm.environment=non-jvm, org.gradle.status=release, org.gradle.usage=kotlin-runtime, org.jetbrains.kotlin.platform.type=common} attribute org.gradle.usage value org.gradle.usage=kotlin-runtime doesn't requested value java-runtime
2026-03-16T23:45:28.366+0700 [DEBUG] [org.gradle.internal.component.model.LoggingAttributeMatchingExplanationBuilder] Candidate {org.gradle.category=library, org.gradle.jvm.environment=non-jvm, org.gradle.status=release, org.gradle.usage=kotlin-api, org.jetbrains.kotlin.platform.type=native} attribute org.gradle.usage value org.gradle.usage=kotlin-api doesn't requested value java-runtime
2026-03-16T23:45:28.367+0700 [DEBUG] [org.gradle.internal.component.model.LoggingAttributeMatchingExplanationBuilder] Candidate {org.gradle.category=library, org.gradle.jvm.environment=non-jvm, org.gradle.status=release, org.gradle.usage=kotlin-api, org.jetbrains.kotlin.js.compiler=ir, org.jetbrains.kotlin.klib.packaging=packed, org.jetbrains.kotlin.platform.type=js} attribute org.gradle.usage value org.gradle.usage=kotlin-api doesn't requested value java-runtime
2026-03-16T23:45:28.367+0700 [DEBUG] [org.gradle.internal.component.model.LoggingAttributeMatchingExplanationBuilder] Candidate {org.gradle.category=library, org.gradle.jvm.environment=non-jvm, org.gradle.status=release, org.gradle.usage=kotlin-runtime, org.jetbrains.kotlin.js.compiler=ir, org.jetbrains.kotlin.klib.packaging=packed, org.jetbrains.kotlin.platform.type=js} attribute org.gradle.usage value org.gradle.usage=kotlin-runtime doesn't requested value java-runtime
2026-03-16T23:45:28.367+0700 [DEBUG] [org.gradle.internal.component.model.LoggingAttributeMatchingExplanationBuilder] Candidate {org.gradle.category=documentation, org.gradle.dependency.bundling=external, org.gradle.docstype=sources, org.gradle.jvm.environment=non-jvm, org.gradle.status=release, org.gradle.usage=kotlin-runtime, org.jetbrains.kotlin.js.compiler=ir, org.jetbrains.kotlin.platform.type=js} attribute org.gradle.usage value org.gradle.usage=kotlin-runtime doesn't requested value java-runtime
2026-03-16T23:45:28.367+0700 [DEBUG] [org.gradle.internal.component.model.LoggingAttributeMatchingExplanationBuilder] Candidate {org.gradle.category=library, org.gradle.jvm.environment=non-jvm, org.gradle.status=release, org.gradle.usage=kotlin-api, org.jetbrains.kotlin.klib.packaging=packed, org.jetbrains.kotlin.platform.type=wasm, org.jetbrains.kotlin.wasm.target=js} attribute org.gradle.usage value org.gradle.usage=kotlin-api doesn't requested value java-runtime
2026-03-16T23:45:28.367+0700 [DEBUG] [org.gradle.internal.component.model.LoggingAttributeMatchingExplanationBuilder] Candidate {org.gradle.category=library, org.gradle.jvm.environment=non-jvm, org.gradle.status=release, org.gradle.usage=kotlin-runtime, org.jetbrains.kotlin.klib.packaging=packed, org.jetbrains.kotlin.platform.type=wasm, org.jetbrains.kotlin.wasm.target=js} attribute org.gradle.usage value org.gradle.usage=kotlin-runtime doesn't requested value java-runtime
2026-03-16T23:45:28.367+0700 [DEBUG] [org.gradle.internal.component.model.LoggingAttributeMatchingExplanationBuilder] Candidate {org.gradle.category=documentation, org.gradle.dependency.bundling=external, org.gradle.docstype=sources, org.gradle.jvm.environment=non-jvm, org.gradle.status=release, org.gradle.usage=kotlin-runtime, org.jetbrains.kotlin.platform.type=wasm, org.jetbrains.kotlin.wasm.target=js} attribute org.gradle.usage value org.gradle.usage=kotlin-runtime doesn't requested value java-runtime
2026-03-16T23:45:28.367+0700 [DEBUG] [org.gradle.internal.component.model.LoggingAttributeMatchingExplanationBuilder] Candidate {org.gradle.category=library, org.gradle.jvm.environment=non-jvm, org.gradle.status=release, org.gradle.usage=kotlin-api, org.jetbrains.kotlin.klib.packaging=packed, org.jetbrains.kotlin.platform.type=wasm, org.jetbrains.kotlin.wasm.target=wasi} attribute org.gradle.usage value org.gradle.usage=kotlin-api doesn't requested value java-runtime
2026-03-16T23:45:28.368+0700 [DEBUG] [org.gradle.internal.component.model.LoggingAttributeMatchingExplanationBuilder] Candidate {org.gradle.category=library, org.gradle.jvm.environment=non-jvm, org.gradle.status=release, org.gradle.usage=kotlin-runtime, org.jetbrains.kotlin.klib.packaging=packed, org.jetbrains.kotlin.platform.type=wasm, org.jetbrains.kotlin.wasm.target=wasi} attribute org.gradle.usage value org.gradle.usage=kotlin-runtime doesn't requested value java-runtime
2026-03-16T23:45:28.368+0700 [DEBUG] [org.gradle.internal.component.model.LoggingAttributeMatchingExplanationBuilder] Candidate {org.gradle.category=documentation, org.gradle.dependency.bundling=external, org.gradle.docstype=sources, org.gradle.jvm.environment=non-jvm, org.gradle.status=release, org.gradle.usage=kotlin-runtime, org.jetbrains.kotlin.platform.type=wasm, org.jetbrains.kotlin.wasm.target=wasi} attribute org.gradle.usage value org.gradle.usage=kotlin-runtime doesn't requested value java-runtime
2026-03-16T23:45:28.368+0700 [DEBUG] [org.gradle.api.internal.attributes.matching.DefaultAttributeMatcher] Selected matches [1] from candidates [{org.gradle.category=library, org.gradle.jvm.environment=standard-jvm, org.gradle.libraryelements=jar, org.gradle.status=release, org.gradle.usage=java-api, org.jetbrains.kotlin.platform.type=jvm}, {org.gradle.category=library, org.gradle.jvm.environment=standard-jvm, org.gradle.libraryelements=jar, org.gradle.status=release, org.gradle.usage=java-runtime, org.jetbrains.kotlin.platform.type=jvm}, {org.gradle.category=documentation, org.gradle.dependency.bundling=external, org.gradle.docstype=sources, org.gradle.jvm.environment=standard-jvm, org.gradle.libraryelements=jar, org.gradle.status=release, org.gradle.usage=java-runtime, org.jetbrains.kotlin.platform.type=jvm}, {org.gradle.category=library, org.gradle.jvm.environment=non-jvm, org.gradle.status=release, org.gradle.usage=kotlin-metadata, org.jetbrains.kotlin.platform.type=common}, {org.gradle.category=documentation, org.gradle.dependency.bundling=external, org.gradle.docstype=sources, org.gradle.jvm.environment=non-jvm, org.gradle.status=release, org.gradle.usage=kotlin-runtime, org.jetbrains.kotlin.platform.type=common}, {org.gradle.category=library, org.gradle.jvm.environment=non-jvm, org.gradle.status=release, org.gradle.usage=kotlin-api, org.jetbrains.kotlin.platform.type=native}, {org.gradle.category=library, org.gradle.jvm.environment=non-jvm, org.gradle.status=release, org.gradle.usage=kotlin-api, org.jetbrains.kotlin.js.compiler=ir, org.jetbrains.kotlin.klib.packaging=packed, org.jetbrains.kotlin.platform.type=js}, {org.gradle.category=library, org.gradle.jvm.environment=non-jvm, org.gradle.status=release, org.gradle.usage=kotlin-runtime, org.jetbrains.kotlin.js.compiler=ir, org.jetbrains.kotlin.klib.packaging=packed, org.jetbrains.kotlin.platform.type=js}, {org.gradle.category=documentation, org.gradle.dependency.bundling=external, org.gradle.docstype=sources, org.gradle.jvm.environment=non-jvm, org.gradle.status=release, org.gradle.usage=kotlin-runtime, org.jetbrains.kotlin.js.compiler=ir, org.jetbrains.kotlin.platform.type=js}, {org.gradle.category=library, org.gradle.jvm.environment=non-jvm, org.gradle.status=release, org.gradle.usage=kotlin-api, org.jetbrains.kotlin.klib.packaging=packed, org.jetbrains.kotlin.platform.type=wasm, org.jetbrains.kotlin.wasm.target=js}, {org.gradle.category=library, org.gradle.jvm.environment=non-jvm, org.gradle.status=release, org.gradle.usage=kotlin-runtime, org.jetbrains.kotlin.klib.packaging=packed, org.jetbrains.kotlin.platform.type=wasm, org.jetbrains.kotlin.wasm.target=js}, {org.gradle.category=documentation, org.gradle.dependency.bundling=external, org.gradle.docstype=sources, org.gradle.jvm.environment=non-jvm, org.gradle.status=release, org.gradle.usage=kotlin-runtime, org.jetbrains.kotlin.platform.type=wasm, org.jetbrains.kotlin.wasm.target=js}, {org.gradle.category=library, org.gradle.jvm.environment=non-jvm, org.gradle.status=release, org.gradle.usage=kotlin-api, org.jetbrains.kotlin.klib.packaging=packed, org.jetbrains.kotlin.platform.type=wasm, org.jetbrains.kotlin.wasm.target=wasi}, {org.gradle.category=library, org.gradle.jvm.environment=non-jvm, org.gradle.status=release, org.gradle.usage=kotlin-runtime, org.jetbrains.kotlin.klib.packaging=packed, org.jetbrains.kotlin.platform.type=wasm, org.jetbrains.kotlin.wasm.target=wasi}, {org.gradle.category=documentation, org.gradle.dependency.bundling=external, org.gradle.docstype=sources, org.gradle.jvm.environment=non-jvm, org.gradle.status=release, org.gradle.usage=kotlin-runtime, org.jetbrains.kotlin.platform.type=wasm, org.jetbrains.kotlin.wasm.target=wasi}] for {org.gradle.category=library, org.gradle.dependency.bundling=external, org.gradle.jvm.version=24, org.gradle.libraryelements=jar, org.gradle.plugin.api-version=9.3.1, org.gradle.usage=java-runtime}
2026-03-16T23:45:28.370+0700 [DEBUG] [org.gradle.api.internal.artifacts.ivyservice.ivyresolve.RepositoryChainComponentMetaDataResolver] Attempting to resolve component for com.android.tools.build:gradle-common-api:9.1.0 using repositories [Google, MavenRepo, Gradle Central Plugin Repository]
2026-03-16T23:45:28.371+0700 [DEBUG] [org.gradle.api.internal.artifacts.ivyservice.ivyresolve.CachingModuleComponentRepository] Using cached module metadata for module 'com.android.tools.build:gradle-common-api:9.1.0' in 'Google'
2026-03-16T23:45:28.371+0700 [DEBUG] [org.gradle.api.internal.artifacts.ivyservice.ivyresolve.RepositoryChainComponentMetaDataResolver] Using com.android.tools.build:gradle-common-api:9.1.0 from org.gradle.api.internal.artifacts.ivyservice.ivyresolve.FilteredModuleComponentRepository@2d86acb6
2026-03-16T23:45:28.374+0700 [DEBUG] [org.gradle.api.internal.artifacts.ivyservice.ivyresolve.RepositoryChainComponentMetaDataResolver] Attempting to resolve component for com.android.tools:common:32.1.0 using repositories [Google, MavenRepo, Gradle Central Plugin Repository]
2026-03-16T23:45:28.375+0700 [DEBUG] [org.gradle.api.internal.artifacts.ivyservice.ivyresolve.CachingModuleComponentRepository] Using cached module metadata for module 'com.android.tools:common:32.1.0' in 'Google'
2026-03-16T23:45:28.375+0700 [DEBUG] [org.gradle.api.internal.artifacts.ivyservice.ivyresolve.RepositoryChainComponentMetaDataResolver] Using com.android.tools:common:32.1.0 from org.gradle.api.internal.artifacts.ivyservice.ivyresolve.FilteredModuleComponentRepository@2d86acb6
2026-03-16T23:45:28.375+0700 [DEBUG] [org.gradle.api.internal.artifacts.ivyservice.ivyresolve.RepositoryChainComponentMetaDataResolver] Attempting to resolve component for com.google.guava:guava:33.3.1-jre using repositories [Google, MavenRepo, Gradle Central Plugin Repository]
2026-03-16T23:45:28.375+0700 [DEBUG] [org.gradle.api.internal.artifacts.ivyservice.ivyresolve.CachingModuleComponentRepository] Detected non-existence of module 'com.google.guava:guava:33.3.1-jre' in resolver cache 'Google'
2026-03-16T23:45:28.376+0700 [DEBUG] [org.gradle.api.internal.artifacts.ivyservice.ivyresolve.CachingModuleComponentRepository] Using cached module metadata for module 'com.google.guava:guava:33.3.1-jre' in 'MavenRepo'
2026-03-16T23:45:28.376+0700 [DEBUG] [org.gradle.api.internal.artifacts.ivyservice.ivyresolve.RepositoryChainComponentMetaDataResolver] Using com.google.guava:guava:33.3.1-jre from Maven repository 'MavenRepo'
2026-03-16T23:45:28.376+0700 [DEBUG] [org.gradle.internal.component.model.LoggingAttributeMatchingExplanationBuilder] Candidate {org.gradle.category=library, org.gradle.dependency.bundling=external, org.gradle.jvm.environment=standard-jvm, org.gradle.jvm.version=8, org.gradle.libraryelements=jar, org.gradle.status=release, org.gradle.usage=java-api} attribute org.gradle.usage value org.gradle.usage=java-api doesn't requested value java-runtime
2026-03-16T23:45:28.376+0700 [DEBUG] [org.gradle.internal.component.model.LoggingAttributeMatchingExplanationBuilder] Candidate {org.gradle.category=library, org.gradle.dependency.bundling=external, org.gradle.jvm.environment=standard-jvm, org.gradle.jvm.version=8, org.gradle.libraryelements=jar, org.gradle.status=release, org.gradle.usage=java-runtime} doesn't have attribute org.gradle.plugin.api-version
2026-03-16T23:45:28.376+0700 [DEBUG] [org.gradle.internal.component.model.LoggingAttributeMatchingExplanationBuilder] Candidate {org.gradle.category=library, org.gradle.dependency.bundling=external, org.gradle.jvm.environment=android, org.gradle.jvm.version=8, org.gradle.libraryelements=jar, org.gradle.status=release, org.gradle.usage=java-api} attribute org.gradle.usage value org.gradle.usage=java-api doesn't requested value java-runtime
2026-03-16T23:45:28.377+0700 [DEBUG] [org.gradle.internal.component.model.LoggingAttributeMatchingExplanationBuilder] Candidate {org.gradle.category=library, org.gradle.dependency.bundling=external, org.gradle.jvm.environment=android, org.gradle.jvm.version=8, org.gradle.libraryelements=jar, org.gradle.status=release, org.gradle.usage=java-runtime} doesn't have attribute org.gradle.plugin.api-version
2026-03-16T23:45:28.377+0700 [DEBUG] [org.gradle.api.internal.attributes.matching.DefaultAttributeMatcher] Selected matches [1] from candidates [{org.gradle.category=library, org.gradle.dependency.bundling=external, org.gradle.jvm.environment=standard-jvm, org.gradle.jvm.version=8, org.gradle.libraryelements=jar, org.gradle.status=release, org.gradle.usage=java-api}, {org.gradle.category=library, org.gradle.dependency.bundling=external, org.gradle.jvm.environment=standard-jvm, org.gradle.jvm.version=8, org.gradle.libraryelements=jar, org.gradle.status=release, org.gradle.usage=java-runtime}, {org.gradle.category=library, org.gradle.dependency.bundling=external, org.gradle.jvm.environment=android, org.gradle.jvm.version=8, org.gradle.libraryelements=jar, org.gradle.status=release, org.gradle.usage=java-api}, {org.gradle.category=library, org.gradle.dependency.bundling=external, org.gradle.jvm.environment=android, org.gradle.jvm.version=8, org.gradle.libraryelements=jar, org.gradle.status=release, org.gradle.usage=java-runtime}] for {org.gradle.category=library, org.gradle.dependency.bundling=external, org.gradle.jvm.version=24, org.gradle.libraryelements=jar, org.gradle.plugin.api-version=9.3.1, org.gradle.usage=java-runtime}
2026-03-16T23:45:28.377+0700 [DEBUG] [org.gradle.api.internal.artifacts.ivyservice.ivyresolve.RepositoryChainComponentMetaDataResolver] Attempting to resolve component for javax.inject:javax.inject:1 using repositories [Google, MavenRepo, Gradle Central Plugin Repository]
2026-03-16T23:45:28.378+0700 [DEBUG] [org.gradle.api.internal.artifacts.ivyservice.ivyresolve.CachingModuleComponentRepository] Using cached module metadata for module 'javax.inject:javax.inject:1' in 'MavenRepo'
2026-03-16T23:45:28.378+0700 [DEBUG] [org.gradle.api.internal.artifacts.ivyservice.ivyresolve.RepositoryChainComponentMetaDataResolver] Using javax.inject:javax.inject:1 from Maven repository 'MavenRepo'
2026-03-16T23:45:28.379+0700 [DEBUG] [org.gradle.api.internal.artifacts.ivyservice.ivyresolve.RepositoryChainComponentMetaDataResolver] Attempting to resolve component for net.sf.kxml:kxml2:2.3.0 using repositories [Google, MavenRepo, Gradle Central Plugin Repository]
2026-03-16T23:45:28.380+0700 [DEBUG] [org.gradle.api.internal.artifacts.ivyservice.ivyresolve.CachingModuleComponentRepository] Using cached module metadata for module 'net.sf.kxml:kxml2:2.3.0' in 'MavenRepo'
2026-03-16T23:45:28.380+0700 [DEBUG] [org.gradle.api.internal.artifacts.ivyservice.ivyresolve.RepositoryChainComponentMetaDataResolver] Using net.sf.kxml:kxml2:2.3.0 from Maven repository 'MavenRepo'
2026-03-16T23:45:28.380+0700 [DEBUG] [org.gradle.api.internal.artifacts.ivyservice.ivyresolve.RepositoryChainComponentMetaDataResolver] Attempting to resolve component for org.apache.commons:commons-compress:1.27.1 using repositories [Google, MavenRepo, Gradle Central Plugin Repository]
2026-03-16T23:45:28.381+0700 [DEBUG] [org.gradle.api.internal.artifacts.ivyservice.ivyresolve.CachingModuleComponentRepository] Using cached module metadata for module 'org.apache.commons:commons-compress:1.27.1' in 'MavenRepo'
2026-03-16T23:45:28.381+0700 [DEBUG] [org.gradle.api.internal.artifacts.ivyservice.ivyresolve.RepositoryChainComponentMetaDataResolver] Using org.apache.commons:commons-compress:1.27.1 from Maven repository 'MavenRepo'
2026-03-16T23:45:28.381+0700 [DEBUG] [org.gradle.api.internal.artifacts.ivyservice.ivyresolve.RepositoryChainComponentMetaDataResolver] Attempting to resolve component for org.bouncycastle:bcpkix-jdk18on:1.79 using repositories [Google, MavenRepo, Gradle Central Plugin Repository]
2026-03-16T23:45:28.381+0700 [DEBUG] [org.gradle.api.internal.artifacts.ivyservice.ivyresolve.CachingModuleComponentRepository] Using cached module metadata for module 'org.bouncycastle:bcpkix-jdk18on:1.79' in 'MavenRepo'
2026-03-16T23:45:28.382+0700 [DEBUG] [org.gradle.api.internal.artifacts.ivyservice.ivyresolve.RepositoryChainComponentMetaDataResolver] Using org.bouncycastle:bcpkix-jdk18on:1.79 from Maven repository 'MavenRepo'
2026-03-16T23:45:28.382+0700 [DEBUG] [org.gradle.api.internal.artifacts.ivyservice.ivyresolve.RepositoryChainComponentMetaDataResolver] Attempting to resolve component for org.bouncycastle:bcprov-jdk18on:1.79 using repositories [Google, MavenRepo, Gradle Central Plugin Repository]
2026-03-16T23:45:28.382+0700 [DEBUG] [org.gradle.api.internal.artifacts.ivyservice.ivyresolve.CachingModuleComponentRepository] Using cached module metadata for module 'org.bouncycastle:bcprov-jdk18on:1.79' in 'MavenRepo'
2026-03-16T23:45:28.382+0700 [DEBUG] [org.gradle.api.internal.artifacts.ivyservice.ivyresolve.RepositoryChainComponentMetaDataResolver] Using org.bouncycastle:bcprov-jdk18on:1.79 from Maven repository 'MavenRepo'
2026-03-16T23:45:28.383+0700 [DEBUG] [org.gradle.api.internal.artifacts.ivyservice.ivyresolve.RepositoryChainComponentMetaDataResolver] Attempting to resolve component for org.jetbrains.kotlin:kotlin-stdlib-jdk8:2.2.10 using repositories [Google, MavenRepo, Gradle Central Plugin Repository]
2026-03-16T23:45:28.383+0700 [DEBUG] [org.gradle.api.internal.artifacts.ivyservice.ivyresolve.CachingModuleComponentRepository] Using cached module metadata for module 'org.jetbrains.kotlin:kotlin-stdlib-jdk8:2.2.10' in 'MavenRepo'
2026-03-16T23:45:28.383+0700 [DEBUG] [org.gradle.api.internal.artifacts.ivyservice.ivyresolve.RepositoryChainComponentMetaDataResolver] Using org.jetbrains.kotlin:kotlin-stdlib-jdk8:2.2.10 from Maven repository 'MavenRepo'
2026-03-16T23:45:28.384+0700 [DEBUG] [org.gradle.api.internal.artifacts.ivyservice.ivyresolve.RepositoryChainComponentMetaDataResolver] Attempting to resolve component for org.jetbrains.kotlin:kotlin-reflect:2.2.21 using repositories [Google, MavenRepo, Gradle Central Plugin Repository]
2026-03-16T23:45:28.385+0700 [DEBUG] [org.gradle.api.internal.artifacts.ivyservice.ivyresolve.CachingModuleComponentRepository] Using cached module metadata for module 'org.jetbrains.kotlin:kotlin-reflect:2.2.21' in 'MavenRepo'
2026-03-16T23:45:28.385+0700 [DEBUG] [org.gradle.api.internal.artifacts.ivyservice.ivyresolve.RepositoryChainComponentMetaDataResolver] Using org.jetbrains.kotlin:kotlin-reflect:2.2.21 from Maven repository 'MavenRepo'
2026-03-16T23:45:28.388+0700 [DEBUG] [org.gradle.api.internal.artifacts.ivyservice.ivyresolve.RepositoryChainComponentMetaDataResolver] Attempting to resolve component for com.android.tools:dvlib:32.1.0 using repositories [Google, MavenRepo, Gradle Central Plugin Repository]
2026-03-16T23:45:28.388+0700 [DEBUG] [org.gradle.api.internal.artifacts.ivyservice.ivyresolve.CachingModuleComponentRepository] Using cached module metadata for module 'com.android.tools:dvlib:32.1.0' in 'Google'
2026-03-16T23:45:28.388+0700 [DEBUG] [org.gradle.api.internal.artifacts.ivyservice.ivyresolve.RepositoryChainComponentMetaDataResolver] Using com.android.tools:dvlib:32.1.0 from org.gradle.api.internal.artifacts.ivyservice.ivyresolve.FilteredModuleComponentRepository@2d86acb6
2026-03-16T23:45:28.388+0700 [DEBUG] [org.gradle.api.internal.artifacts.ivyservice.ivyresolve.RepositoryChainComponentMetaDataResolver] Attempting to resolve component for org.apache.httpcomponents:httpcore:4.4.16 using repositories [Google, MavenRepo, Gradle Central Plugin Repository]
2026-03-16T23:45:28.389+0700 [DEBUG] [org.gradle.api.internal.artifacts.ivyservice.ivyresolve.CachingModuleComponentRepository] Using cached module metadata for module 'org.apache.httpcomponents:httpcore:4.4.16' in 'MavenRepo'
2026-03-16T23:45:28.390+0700 [DEBUG] [org.gradle.api.internal.artifacts.ivyservice.ivyresolve.RepositoryChainComponentMetaDataResolver] Using org.apache.httpcomponents:httpcore:4.4.16 from Maven repository 'MavenRepo'
2026-03-16T23:45:28.391+0700 [DEBUG] [org.gradle.api.internal.artifacts.ivyservice.ivyresolve.RepositoryChainComponentMetaDataResolver] Attempting to resolve component for com.google.jimfs:jimfs:1.1 using repositories [Google, MavenRepo, Gradle Central Plugin Repository]
2026-03-16T23:45:28.392+0700 [DEBUG] [org.gradle.api.internal.artifacts.ivyservice.ivyresolve.CachingModuleComponentRepository] Detected non-existence of module 'com.google.jimfs:jimfs:1.1' in resolver cache 'Google'
2026-03-16T23:45:28.392+0700 [DEBUG] [org.gradle.api.internal.artifacts.ivyservice.ivyresolve.CachingModuleComponentRepository] Using cached module metadata for module 'com.google.jimfs:jimfs:1.1' in 'MavenRepo'
2026-03-16T23:45:28.392+0700 [DEBUG] [org.gradle.api.internal.artifacts.ivyservice.ivyresolve.RepositoryChainComponentMetaDataResolver] Using com.google.jimfs:jimfs:1.1 from Maven repository 'MavenRepo'
2026-03-16T23:45:28.392+0700 [DEBUG] [org.gradle.api.internal.artifacts.ivyservice.ivyresolve.RepositoryChainComponentMetaDataResolver] Attempting to resolve component for org.jetbrains.kotlinx:kotlinx-coroutines-core:1.9.0 using repositories [Google, MavenRepo, Gradle Central Plugin Repository]
2026-03-16T23:45:28.394+0700 [DEBUG] [org.gradle.api.internal.artifacts.ivyservice.ivyresolve.CachingModuleComponentRepository] Using cached module metadata for module 'org.jetbrains.kotlinx:kotlinx-coroutines-core:1.9.0' in 'MavenRepo'
2026-03-16T23:45:28.394+0700 [DEBUG] [org.gradle.api.internal.artifacts.ivyservice.ivyresolve.RepositoryChainComponentMetaDataResolver] Using org.jetbrains.kotlinx:kotlinx-coroutines-core:1.9.0 from Maven repository 'MavenRepo'
2026-03-16T23:45:28.395+0700 [DEBUG] [org.gradle.internal.component.model.LoggingAttributeMatchingExplanationBuilder] Candidate {org.gradle.category=library, org.gradle.jvm.environment=non-jvm, org.gradle.status=release, org.gradle.usage=kotlin-metadata, org.jetbrains.kotlin.platform.type=common} attribute org.gradle.usage value org.gradle.usage=kotlin-metadata doesn't requested value java-runtime
2026-03-16T23:45:28.395+0700 [DEBUG] [org.gradle.internal.component.model.LoggingAttributeMatchingExplanationBuilder] Candidate {org.gradle.category=documentation, org.gradle.dependency.bundling=external, org.gradle.docstype=sources, org.gradle.jvm.environment=non-jvm, org.gradle.status=release, org.gradle.usage=kotlin-runtime, org.jetbrains.kotlin.platform.type=common} attribute org.gradle.usage value org.gradle.usage=kotlin-runtime doesn't requested value java-runtime
2026-03-16T23:45:28.395+0700 [DEBUG] [org.gradle.internal.component.model.LoggingAttributeMatchingExplanationBuilder] Candidate {artifactType=org.jetbrains.kotlin.klib, org.gradle.category=library, org.gradle.jvm.environment=non-jvm, org.gradle.status=release, org.gradle.usage=kotlin-api, org.jetbrains.kotlin.native.target=android_arm32, org.jetbrains.kotlin.platform.type=native} attribute org.gradle.usage value org.gradle.usage=kotlin-api doesn't requested value java-runtime
2026-03-16T23:45:28.395+0700 [DEBUG] [org.gradle.internal.component.model.LoggingAttributeMatchingExplanationBuilder] Candidate {org.gradle.category=documentation, org.gradle.dependency.bundling=external, org.gradle.docstype=sources, org.gradle.jvm.environment=non-jvm, org.gradle.status=release, org.gradle.usage=kotlin-runtime, org.jetbrains.kotlin.native.target=android_arm32, org.jetbrains.kotlin.platform.type=native} attribute org.gradle.usage value org.gradle.usage=kotlin-runtime doesn't requested value java-runtime
2026-03-16T23:45:28.395+0700 [DEBUG] [org.gradle.internal.component.model.LoggingAttributeMatchingExplanationBuilder] Candidate {artifactType=org.jetbrains.kotlin.klib, org.gradle.category=library, org.gradle.jvm.environment=non-jvm, org.gradle.status=release, org.gradle.usage=kotlin-api, org.jetbrains.kotlin.native.target=android_arm64, org.jetbrains.kotlin.platform.type=native} attribute org.gradle.usage value org.gradle.usage=kotlin-api doesn't requested value java-runtime
2026-03-16T23:45:28.395+0700 [DEBUG] [org.gradle.internal.component.model.LoggingAttributeMatchingExplanationBuilder] Candidate {org.gradle.category=documentation, org.gradle.dependency.bundling=external, org.gradle.docstype=sources, org.gradle.jvm.environment=non-jvm, org.gradle.status=release, org.gradle.usage=kotlin-runtime, org.jetbrains.kotlin.native.target=android_arm64, org.jetbrains.kotlin.platform.type=native} attribute org.gradle.usage value org.gradle.usage=kotlin-runtime doesn't requested value java-runtime
2026-03-16T23:45:28.395+0700 [DEBUG] [org.gradle.internal.component.model.LoggingAttributeMatchingExplanationBuilder] Candidate {artifactType=org.jetbrains.kotlin.klib, org.gradle.category=library, org.gradle.jvm.environment=non-jvm, org.gradle.status=release, org.gradle.usage=kotlin-api, org.jetbrains.kotlin.native.target=android_x64, org.jetbrains.kotlin.platform.type=native} attribute org.gradle.usage value org.gradle.usage=kotlin-api doesn't requested value java-runtime
2026-03-16T23:45:28.395+0700 [DEBUG] [org.gradle.internal.component.model.LoggingAttributeMatchingExplanationBuilder] Candidate {org.gradle.category=documentation, org.gradle.dependency.bundling=external, org.gradle.docstype=sources, org.gradle.jvm.environment=non-jvm, org.gradle.status=release, org.gradle.usage=kotlin-runtime, org.jetbrains.kotlin.native.target=android_x64, org.jetbrains.kotlin.platform.type=native} attribute org.gradle.usage value org.gradle.usage=kotlin-runtime doesn't requested value java-runtime
2026-03-16T23:45:28.396+0700 [DEBUG] [org.gradle.internal.component.model.LoggingAttributeMatchingExplanationBuilder] Candidate {artifactType=org.jetbrains.kotlin.klib, org.gradle.category=library, org.gradle.jvm.environment=non-jvm, org.gradle.status=release, org.gradle.usage=kotlin-api, org.jetbrains.kotlin.native.target=android_x86, org.jetbrains.kotlin.platform.type=native} attribute org.gradle.usage value org.gradle.usage=kotlin-api doesn't requested value java-runtime
2026-03-16T23:45:28.396+0700 [DEBUG] [org.gradle.internal.component.model.LoggingAttributeMatchingExplanationBuilder] Candidate {org.gradle.category=documentation, org.gradle.dependency.bundling=external, org.gradle.docstype=sources, org.gradle.jvm.environment=non-jvm, org.gradle.status=release, org.gradle.usage=kotlin-runtime, org.jetbrains.kotlin.native.target=android_x86, org.jetbrains.kotlin.platform.type=native} attribute org.gradle.usage value org.gradle.usage=kotlin-runtime doesn't requested value java-runtime
2026-03-16T23:45:28.396+0700 [DEBUG] [org.gradle.internal.component.model.LoggingAttributeMatchingExplanationBuilder] Candidate {org.gradle.category=library, org.gradle.jvm.environment=non-jvm, org.gradle.status=release, org.gradle.usage=kotlin-api, org.jetbrains.kotlin.native.target=ios_arm64, org.jetbrains.kotlin.platform.type=native} attribute org.gradle.usage value org.gradle.usage=kotlin-api doesn't requested value java-runtime
2026-03-16T23:45:28.396+0700 [DEBUG] [org.gradle.internal.component.model.LoggingAttributeMatchingExplanationBuilder] Candidate {org.gradle.category=documentation, org.gradle.dependency.bundling=external, org.gradle.docstype=sources, org.gradle.jvm.environment=non-jvm, org.gradle.status=release, org.gradle.usage=kotlin-runtime, org.jetbrains.kotlin.native.target=ios_arm64, org.jetbrains.kotlin.platform.type=native} attribute org.gradle.usage value org.gradle.usage=kotlin-runtime doesn't requested value java-runtime
2026-03-16T23:45:28.396+0700 [DEBUG] [org.gradle.internal.component.model.LoggingAttributeMatchingExplanationBuilder] Candidate {org.gradle.category=library, org.gradle.jvm.environment=non-jvm, org.gradle.status=release, org.gradle.usage=kotlin-metadata, org.jetbrains.kotlin.native.target=ios_arm64, org.jetbrains.kotlin.platform.type=native} attribute org.gradle.usage value org.gradle.usage=kotlin-metadata doesn't requested value java-runtime
2026-03-16T23:45:28.396+0700 [DEBUG] [org.gradle.internal.component.model.LoggingAttributeMatchingExplanationBuilder] Candidate {org.gradle.category=library, org.gradle.jvm.environment=non-jvm, org.gradle.status=release, org.gradle.usage=kotlin-api, org.jetbrains.kotlin.native.target=ios_simulator_arm64, org.jetbrains.kotlin.platform.type=native} attribute org.gradle.usage value org.gradle.usage=kotlin-api doesn't requested value java-runtime
2026-03-16T23:45:28.397+0700 [DEBUG] [org.gradle.internal.component.model.LoggingAttributeMatchingExplanationBuilder] Candidate {org.gradle.category=documentation, org.gradle.dependency.bundling=external, org.gradle.docstype=sources, org.gradle.jvm.environment=non-jvm, org.gradle.status=release, org.gradle.usage=kotlin-runtime, org.jetbrains.kotlin.native.target=ios_simulator_arm64, org.jetbrains.kotlin.platform.type=native} attribute org.gradle.usage value org.gradle.usage=kotlin-runtime doesn't requested value java-runtime
2026-03-16T23:45:28.397+0700 [DEBUG] [org.gradle.internal.component.model.LoggingAttributeMatchingExplanationBuilder] Candidate {org.gradle.category=library, org.gradle.jvm.environment=non-jvm, org.gradle.status=release, org.gradle.usage=kotlin-metadata, org.jetbrains.kotlin.native.target=ios_simulator_arm64, org.jetbrains.kotlin.platform.type=native} attribute org.gradle.usage value org.gradle.usage=kotlin-metadata doesn't requested value java-runtime
2026-03-16T23:45:28.397+0700 [DEBUG] [org.gradle.internal.component.model.LoggingAttributeMatchingExplanationBuilder] Candidate {org.gradle.category=library, org.gradle.jvm.environment=non-jvm, org.gradle.status=release, org.gradle.usage=kotlin-api, org.jetbrains.kotlin.native.target=ios_x64, org.jetbrains.kotlin.platform.type=native} attribute org.gradle.usage value org.gradle.usage=kotlin-api doesn't requested value java-runtime
2026-03-16T23:45:28.397+0700 [DEBUG] [org.gradle.internal.component.model.LoggingAttributeMatchingExplanationBuilder] Candidate {org.gradle.category=documentation, org.gradle.dependency.bundling=external, org.gradle.docstype=sources, org.gradle.jvm.environment=non-jvm, org.gradle.status=release, org.gradle.usage=kotlin-runtime, org.jetbrains.kotlin.native.target=ios_x64, org.jetbrains.kotlin.platform.type=native} attribute org.gradle.usage value org.gradle.usage=kotlin-runtime doesn't requested value java-runtime
2026-03-16T23:45:28.397+0700 [DEBUG] [org.gradle.internal.component.model.LoggingAttributeMatchingExplanationBuilder] Candidate {org.gradle.category=library, org.gradle.jvm.environment=non-jvm, org.gradle.status=release, org.gradle.usage=kotlin-metadata, org.jetbrains.kotlin.native.target=ios_x64, org.jetbrains.kotlin.platform.type=native} attribute org.gradle.usage value org.gradle.usage=kotlin-metadata doesn't requested value java-runtime
2026-03-16T23:45:28.397+0700 [DEBUG] [org.gradle.internal.component.model.LoggingAttributeMatchingExplanationBuilder] Candidate {org.gradle.category=library, org.gradle.jvm.environment=non-jvm, org.gradle.status=release, org.gradle.usage=kotlin-api, org.jetbrains.kotlin.js.compiler=ir, org.jetbrains.kotlin.platform.type=js} attribute org.gradle.usage value org.gradle.usage=kotlin-api doesn't requested value java-runtime
2026-03-16T23:45:28.397+0700 [DEBUG] [org.gradle.internal.component.model.LoggingAttributeMatchingExplanationBuilder] Candidate {org.gradle.category=library, org.gradle.jvm.environment=non-jvm, org.gradle.status=release, org.gradle.usage=kotlin-runtime, org.jetbrains.kotlin.js.compiler=ir, org.jetbrains.kotlin.platform.type=js} attribute org.gradle.usage value org.gradle.usage=kotlin-runtime doesn't requested value java-runtime
2026-03-16T23:45:28.398+0700 [DEBUG] [org.gradle.internal.component.model.LoggingAttributeMatchingExplanationBuilder] Candidate {org.gradle.category=documentation, org.gradle.dependency.bundling=external, org.gradle.docstype=sources, org.gradle.jvm.environment=non-jvm, org.gradle.status=release, org.gradle.usage=kotlin-runtime, org.jetbrains.kotlin.js.compiler=ir, org.jetbrains.kotlin.platform.type=js} attribute org.gradle.usage value org.gradle.usage=kotlin-runtime doesn't requested value java-runtime
2026-03-16T23:45:28.398+0700 [DEBUG] [org.gradle.internal.component.model.LoggingAttributeMatchingExplanationBuilder] Candidate {org.gradle.category=library, org.gradle.jvm.environment=standard-jvm, org.gradle.libraryelements=jar, org.gradle.status=release, org.gradle.usage=java-api, org.jetbrains.kotlin.platform.type=jvm} attribute org.gradle.usage value org.gradle.usage=java-api doesn't requested value java-runtime
2026-03-16T23:45:28.398+0700 [DEBUG] [org.gradle.internal.component.model.LoggingAttributeMatchingExplanationBuilder] Candidate {org.gradle.category=library, org.gradle.jvm.environment=standard-jvm, org.gradle.libraryelements=jar, org.gradle.status=release, org.gradle.usage=java-runtime, org.jetbrains.kotlin.platform.type=jvm} doesn't have attribute org.gradle.dependency.bundling
2026-03-16T23:45:28.398+0700 [DEBUG] [org.gradle.internal.component.model.LoggingAttributeMatchingExplanationBuilder] Candidate {org.gradle.category=library, org.gradle.jvm.environment=standard-jvm, org.gradle.libraryelements=jar, org.gradle.status=release, org.gradle.usage=java-runtime, org.jetbrains.kotlin.platform.type=jvm} doesn't have attribute org.gradle.jvm.version
2026-03-16T23:45:28.398+0700 [DEBUG] [org.gradle.internal.component.model.LoggingAttributeMatchingExplanationBuilder] Candidate {org.gradle.category=library, org.gradle.jvm.environment=standard-jvm, org.gradle.libraryelements=jar, org.gradle.status=release, org.gradle.usage=java-runtime, org.jetbrains.kotlin.platform.type=jvm} doesn't have attribute org.gradle.plugin.api-version
2026-03-16T23:45:28.398+0700 [DEBUG] [org.gradle.internal.component.model.LoggingAttributeMatchingExplanationBuilder] Candidate {org.gradle.category=documentation, org.gradle.dependency.bundling=external, org.gradle.docstype=sources, org.gradle.jvm.environment=standard-jvm, org.gradle.libraryelements=jar, org.gradle.status=release, org.gradle.usage=java-runtime, org.jetbrains.kotlin.platform.type=jvm} attribute org.gradle.category value org.gradle.category=documentation doesn't requested value library
2026-03-16T23:45:28.399+0700 [DEBUG] [org.gradle.internal.component.model.LoggingAttributeMatchingExplanationBuilder] Candidate {artifactType=org.jetbrains.kotlin.klib, org.gradle.category=library, org.gradle.jvm.environment=non-jvm, org.gradle.status=release, org.gradle.usage=kotlin-api, org.jetbrains.kotlin.native.target=linux_arm64, org.jetbrains.kotlin.platform.type=native} attribute org.gradle.usage value org.gradle.usage=kotlin-api doesn't requested value java-runtime
2026-03-16T23:45:28.399+0700 [DEBUG] [org.gradle.internal.component.model.LoggingAttributeMatchingExplanationBuilder] Candidate {org.gradle.category=documentation, org.gradle.dependency.bundling=external, org.gradle.docstype=sources, org.gradle.jvm.environment=non-jvm, org.gradle.status=release, org.gradle.usage=kotlin-runtime, org.jetbrains.kotlin.native.target=linux_arm64, org.jetbrains.kotlin.platform.type=native} attribute org.gradle.usage value org.gradle.usage=kotlin-runtime doesn't requested value java-runtime
2026-03-16T23:45:28.399+0700 [DEBUG] [org.gradle.internal.component.model.LoggingAttributeMatchingExplanationBuilder] Candidate {artifactType=org.jetbrains.kotlin.klib, org.gradle.category=library, org.gradle.jvm.environment=non-jvm, org.gradle.status=release, org.gradle.usage=kotlin-api, org.jetbrains.kotlin.native.target=linux_x64, org.jetbrains.kotlin.platform.type=native} attribute org.gradle.usage value org.gradle.usage=kotlin-api doesn't requested value java-runtime
2026-03-16T23:45:28.399+0700 [DEBUG] [org.gradle.internal.component.model.LoggingAttributeMatchingExplanationBuilder] Candidate {org.gradle.category=documentation, org.gradle.dependency.bundling=external, org.gradle.docstype=sources, org.gradle.jvm.environment=non-jvm, org.gradle.status=release, org.gradle.usage=kotlin-runtime, org.jetbrains.kotlin.native.target=linux_x64, org.jetbrains.kotlin.platform.type=native} attribute org.gradle.usage value org.gradle.usage=kotlin-runtime doesn't requested value java-runtime
2026-03-16T23:45:28.399+0700 [DEBUG] [org.gradle.internal.component.model.LoggingAttributeMatchingExplanationBuilder] Candidate {org.gradle.category=library, org.gradle.jvm.environment=non-jvm, org.gradle.status=release, org.gradle.usage=kotlin-api, org.jetbrains.kotlin.native.target=macos_arm64, org.jetbrains.kotlin.platform.type=native} attribute org.gradle.usage value org.gradle.usage=kotlin-api doesn't requested value java-runtime
2026-03-16T23:45:28.399+0700 [DEBUG] [org.gradle.internal.component.model.LoggingAttributeMatchingExplanationBuilder] Candidate {org.gradle.category=documentation, org.gradle.dependency.bundling=external, org.gradle.docstype=sources, org.gradle.jvm.environment=non-jvm, org.gradle.status=release, org.gradle.usage=kotlin-runtime, org.jetbrains.kotlin.native.target=macos_arm64, org.jetbrains.kotlin.platform.type=native} attribute org.gradle.usage value org.gradle.usage=kotlin-runtime doesn't requested value java-runtime
2026-03-16T23:45:28.399+0700 [DEBUG] [org.gradle.internal.component.model.LoggingAttributeMatchingExplanationBuilder] Candidate {org.gradle.category=library, org.gradle.jvm.environment=non-jvm, org.gradle.status=release, org.gradle.usage=kotlin-metadata, org.jetbrains.kotlin.native.target=macos_arm64, org.jetbrains.kotlin.platform.type=native} attribute org.gradle.usage value org.gradle.usage=kotlin-metadata doesn't requested value java-runtime
2026-03-16T23:45:28.400+0700 [DEBUG] [org.gradle.internal.component.model.LoggingAttributeMatchingExplanationBuilder] Candidate {org.gradle.category=library, org.gradle.jvm.environment=non-jvm, org.gradle.status=release, org.gradle.usage=kotlin-api, org.jetbrains.kotlin.native.target=macos_x64, org.jetbrains.kotlin.platform.type=native} attribute org.gradle.usage value org.gradle.usage=kotlin-api doesn't requested value java-runtime
2026-03-16T23:45:28.402+0700 [DEBUG] [org.gradle.internal.component.model.LoggingAttributeMatchingExplanationBuilder] Candidate {org.gradle.category=documentation, org.gradle.dependency.bundling=external, org.gradle.docstype=sources, org.gradle.jvm.environment=non-jvm, org.gradle.status=release, org.gradle.usage=kotlin-runtime, org.jetbrains.kotlin.native.target=macos_x64, org.jetbrains.kotlin.platform.type=native} attribute org.gradle.usage value org.gradle.usage=kotlin-runtime doesn't requested value java-runtime
2026-03-16T23:45:28.402+0700 [DEBUG] [org.gradle.internal.component.model.LoggingAttributeMatchingExplanationBuilder] Candidate {org.gradle.category=library, org.gradle.jvm.environment=non-jvm, org.gradle.status=release, org.gradle.usage=kotlin-metadata, org.jetbrains.kotlin.native.target=macos_x64, org.jetbrains.kotlin.platform.type=native} attribute org.gradle.usage value org.gradle.usage=kotlin-metadata doesn't requested value java-runtime
2026-03-16T23:45:28.402+0700 [DEBUG] [org.gradle.internal.component.model.LoggingAttributeMatchingExplanationBuilder] Candidate {artifactType=org.jetbrains.kotlin.klib, org.gradle.category=library, org.gradle.jvm.environment=non-jvm, org.gradle.status=release, org.gradle.usage=kotlin-api, org.jetbrains.kotlin.native.target=mingw_x64, org.jetbrains.kotlin.platform.type=native} attribute org.gradle.usage value org.gradle.usage=kotlin-api doesn't requested value java-runtime
2026-03-16T23:45:28.402+0700 [DEBUG] [org.gradle.internal.component.model.LoggingAttributeMatchingExplanationBuilder] Candidate {org.gradle.category=documentation, org.gradle.dependency.bundling=external, org.gradle.docstype=sources, org.gradle.jvm.environment=non-jvm, org.gradle.status=release, org.gradle.usage=kotlin-runtime, org.jetbrains.kotlin.native.target=mingw_x64, org.jetbrains.kotlin.platform.type=native} attribute org.gradle.usage value org.gradle.usage=kotlin-runtime doesn't requested value java-runtime
2026-03-16T23:45:28.402+0700 [DEBUG] [org.gradle.internal.component.model.LoggingAttributeMatchingExplanationBuilder] Candidate {org.gradle.category=library, org.gradle.jvm.environment=non-jvm, org.gradle.status=release, org.gradle.usage=kotlin-api, org.jetbrains.kotlin.native.target=tvos_arm64, org.jetbrains.kotlin.platform.type=native} attribute org.gradle.usage value org.gradle.usage=kotlin-api doesn't requested value java-runtime
2026-03-16T23:45:28.402+0700 [DEBUG] [org.gradle.internal.component.model.LoggingAttributeMatchingExplanationBuilder] Candidate {org.gradle.category=documentation, org.gradle.dependency.bundling=external, org.gradle.docstype=sources, org.gradle.jvm.environment=non-jvm, org.gradle.status=release, org.gradle.usage=kotlin-runtime, org.jetbrains.kotlin.native.target=tvos_arm64, org.jetbrains.kotlin.platform.type=native} attribute org.gradle.usage value org.gradle.usage=kotlin-runtime doesn't requested value java-runtime
2026-03-16T23:45:28.402+0700 [DEBUG] [org.gradle.internal.component.model.LoggingAttributeMatchingExplanationBuilder] Candidate {org.gradle.category=library, org.gradle.jvm.environment=non-jvm, org.gradle.status=release, org.gradle.usage=kotlin-metadata, org.jetbrains.kotlin.native.target=tvos_arm64, org.jetbrains.kotlin.platform.type=native} attribute org.gradle.usage value org.gradle.usage=kotlin-metadata doesn't requested value java-runtime
2026-03-16T23:45:28.402+0700 [DEBUG] [org.gradle.internal.component.model.LoggingAttributeMatchingExplanationBuilder] Candidate {org.gradle.category=library, org.gradle.jvm.environment=non-jvm, org.gradle.status=release, org.gradle.usage=kotlin-api, org.jetbrains.kotlin.native.target=tvos_simulator_arm64, org.jetbrains.kotlin.platform.type=native} attribute org.gradle.usage value org.gradle.usage=kotlin-api doesn't requested value java-runtime
2026-03-16T23:45:28.402+0700 [DEBUG] [org.gradle.internal.component.model.LoggingAttributeMatchingExplanationBuilder] Candidate {org.gradle.category=documentation, org.gradle.dependency.bundling=external, org.gradle.docstype=sources, org.gradle.jvm.environment=non-jvm, org.gradle.status=release, org.gradle.usage=kotlin-runtime, org.jetbrains.kotlin.native.target=tvos_simulator_arm64, org.jetbrains.kotlin.platform.type=native} attribute org.gradle.usage value org.gradle.usage=kotlin-runtime doesn't requested value java-runtime
2026-03-16T23:45:28.402+0700 [DEBUG] [org.gradle.internal.component.model.LoggingAttributeMatchingExplanationBuilder] Candidate {org.gradle.category=library, org.gradle.jvm.environment=non-jvm, org.gradle.status=release, org.gradle.usage=kotlin-metadata, org.jetbrains.kotlin.native.target=tvos_simulator_arm64, org.jetbrains.kotlin.platform.type=native} attribute org.gradle.usage value org.gradle.usage=kotlin-metadata doesn't requested value java-runtime
2026-03-16T23:45:28.403+0700 [DEBUG] [org.gradle.internal.component.model.LoggingAttributeMatchingExplanationBuilder] Candidate {org.gradle.category=library, org.gradle.jvm.environment=non-jvm, org.gradle.status=release, org.gradle.usage=kotlin-api, org.jetbrains.kotlin.native.target=tvos_x64, org.jetbrains.kotlin.platform.type=native} attribute org.gradle.usage value org.gradle.usage=kotlin-api doesn't requested value java-runtime
2026-03-16T23:45:28.403+0700 [DEBUG] [org.gradle.internal.component.model.LoggingAttributeMatchingExplanationBuilder] Candidate {org.gradle.category=documentation, org.gradle.dependency.bundling=external, org.gradle.docstype=sources, org.gradle.jvm.environment=non-jvm, org.gradle.status=release, org.gradle.usage=kotlin-runtime, org.jetbrains.kotlin.native.target=tvos_x64, org.jetbrains.kotlin.platform.type=native} attribute org.gradle.usage value org.gradle.usage=kotlin-runtime doesn't requested value java-runtime
2026-03-16T23:45:28.403+0700 [DEBUG] [org.gradle.internal.component.model.LoggingAttributeMatchingExplanationBuilder] Candidate {org.gradle.category=library, org.gradle.jvm.environment=non-jvm, org.gradle.status=release, org.gradle.usage=kotlin-metadata, org.jetbrains.kotlin.native.target=tvos_x64, org.jetbrains.kotlin.platform.type=native} attribute org.gradle.usage value org.gradle.usage=kotlin-metadata doesn't requested value java-runtime
2026-03-16T23:45:28.403+0700 [DEBUG] [org.gradle.internal.component.model.LoggingAttributeMatchingExplanationBuilder] Candidate {org.gradle.category=library, org.gradle.jvm.environment=non-jvm, org.gradle.status=release, org.gradle.usage=kotlin-api, org.jetbrains.kotlin.platform.type=wasm, org.jetbrains.kotlin.wasm.target=js} attribute org.gradle.usage value org.gradle.usage=kotlin-api doesn't requested value java-runtime
2026-03-16T23:45:28.403+0700 [DEBUG] [org.gradle.internal.component.model.LoggingAttributeMatchingExplanationBuilder] Candidate {org.gradle.category=library, org.gradle.jvm.environment=non-jvm, org.gradle.status=release, org.gradle.usage=kotlin-runtime, org.jetbrains.kotlin.platform.type=wasm, org.jetbrains.kotlin.wasm.target=js} attribute org.gradle.usage value org.gradle.usage=kotlin-runtime doesn't requested value java-runtime
2026-03-16T23:45:28.403+0700 [DEBUG] [org.gradle.internal.component.model.LoggingAttributeMatchingExplanationBuilder] Candidate {org.gradle.category=documentation, org.gradle.dependency.bundling=external, org.gradle.docstype=sources, org.gradle.jvm.environment=non-jvm, org.gradle.status=release, org.gradle.usage=kotlin-runtime, org.jetbrains.kotlin.platform.type=wasm, org.jetbrains.kotlin.wasm.target=js} attribute org.gradle.usage value org.gradle.usage=kotlin-runtime doesn't requested value java-runtime
2026-03-16T23:45:28.403+0700 [DEBUG] [org.gradle.internal.component.model.LoggingAttributeMatchingExplanationBuilder] Candidate {org.gradle.category=library, org.gradle.jvm.environment=non-jvm, org.gradle.status=release, org.gradle.usage=kotlin-api, org.jetbrains.kotlin.platform.type=wasm, org.jetbrains.kotlin.wasm.target=wasi} attribute org.gradle.usage value org.gradle.usage=kotlin-api doesn't requested value java-runtime
2026-03-16T23:45:28.403+0700 [DEBUG] [org.gradle.internal.component.model.LoggingAttributeMatchingExplanationBuilder] Candidate {org.gradle.category=library, org.gradle.jvm.environment=non-jvm, org.gradle.status=release, org.gradle.usage=kotlin-runtime, org.jetbrains.kotlin.platform.type=wasm, org.jetbrains.kotlin.wasm.target=wasi} attribute org.gradle.usage value org.gradle.usage=kotlin-runtime doesn't requested value java-runtime
2026-03-16T23:45:28.403+0700 [DEBUG] [org.gradle.internal.component.model.LoggingAttributeMatchingExplanationBuilder] Candidate {org.gradle.category=documentation, org.gradle.dependency.bundling=external, org.gradle.docstype=sources, org.gradle.jvm.environment=non-jvm, org.gradle.status=release, org.gradle.usage=kotlin-runtime, org.jetbrains.kotlin.platform.type=wasm, org.jetbrains.kotlin.wasm.target=wasi} attribute org.gradle.usage value org.gradle.usage=kotlin-runtime doesn't requested value java-runtime
2026-03-16T23:45:28.403+0700 [DEBUG] [org.gradle.internal.component.model.LoggingAttributeMatchingExplanationBuilder] Candidate {org.gradle.category=library, org.gradle.jvm.environment=non-jvm, org.gradle.status=release, org.gradle.usage=kotlin-api, org.jetbrains.kotlin.native.target=watchos_arm32, org.jetbrains.kotlin.platform.type=native} attribute org.gradle.usage value org.gradle.usage=kotlin-api doesn't requested value java-runtime
2026-03-16T23:45:28.403+0700 [DEBUG] [org.gradle.internal.component.model.LoggingAttributeMatchingExplanationBuilder] Candidate {org.gradle.category=documentation, org.gradle.dependency.bundling=external, org.gradle.docstype=sources, org.gradle.jvm.environment=non-jvm, org.gradle.status=release, org.gradle.usage=kotlin-runtime, org.jetbrains.kotlin.native.target=watchos_arm32, org.jetbrains.kotlin.platform.type=native} attribute org.gradle.usage value org.gradle.usage=kotlin-runtime doesn't requested value java-runtime
2026-03-16T23:45:28.403+0700 [DEBUG] [org.gradle.internal.component.model.LoggingAttributeMatchingExplanationBuilder] Candidate {org.gradle.category=library, org.gradle.jvm.environment=non-jvm, org.gradle.status=release, org.gradle.usage=kotlin-metadata, org.jetbrains.kotlin.native.target=watchos_arm32, org.jetbrains.kotlin.platform.type=native} attribute org.gradle.usage value org.gradle.usage=kotlin-metadata doesn't requested value java-runtime
2026-03-16T23:45:28.403+0700 [DEBUG] [org.gradle.internal.component.model.LoggingAttributeMatchingExplanationBuilder] Candidate {org.gradle.category=library, org.gradle.jvm.environment=non-jvm, org.gradle.status=release, org.gradle.usage=kotlin-api, org.jetbrains.kotlin.native.target=watchos_arm64, org.jetbrains.kotlin.platform.type=native} attribute org.gradle.usage value org.gradle.usage=kotlin-api doesn't requested value java-runtime
2026-03-16T23:45:28.403+0700 [DEBUG] [org.gradle.internal.component.model.LoggingAttributeMatchingExplanationBuilder] Candidate {org.gradle.category=documentation, org.gradle.dependency.bundling=external, org.gradle.docstype=sources, org.gradle.jvm.environment=non-jvm, org.gradle.status=release, org.gradle.usage=kotlin-runtime, org.jetbrains.kotlin.native.target=watchos_arm64, org.jetbrains.kotlin.platform.type=native} attribute org.gradle.usage value org.gradle.usage=kotlin-runtime doesn't requested value java-runtime
2026-03-16T23:45:28.404+0700 [DEBUG] [org.gradle.internal.component.model.LoggingAttributeMatchingExplanationBuilder] Candidate {org.gradle.category=library, org.gradle.jvm.environment=non-jvm, org.gradle.status=release, org.gradle.usage=kotlin-metadata, org.jetbrains.kotlin.native.target=watchos_arm64, org.jetbrains.kotlin.platform.type=native} attribute org.gradle.usage value org.gradle.usage=kotlin-metadata doesn't requested value java-runtime
2026-03-16T23:45:28.404+0700 [DEBUG] [org.gradle.internal.component.model.LoggingAttributeMatchingExplanationBuilder] Candidate {org.gradle.category=library, org.gradle.jvm.environment=non-jvm, org.gradle.status=release, org.gradle.usage=kotlin-api, org.jetbrains.kotlin.native.target=watchos_device_arm64, org.jetbrains.kotlin.platform.type=native} attribute org.gradle.usage value org.gradle.usage=kotlin-api doesn't requested value java-runtime
2026-03-16T23:45:28.404+0700 [DEBUG] [org.gradle.internal.component.model.LoggingAttributeMatchingExplanationBuilder] Candidate {org.gradle.category=documentation, org.gradle.dependency.bundling=external, org.gradle.docstype=sources, org.gradle.jvm.environment=non-jvm, org.gradle.status=release, org.gradle.usage=kotlin-runtime, org.jetbrains.kotlin.native.target=watchos_device_arm64, org.jetbrains.kotlin.platform.type=native} attribute org.gradle.usage value org.gradle.usage=kotlin-runtime doesn't requested value java-runtime
2026-03-16T23:45:28.404+0700 [DEBUG] [org.gradle.internal.component.model.LoggingAttributeMatchingExplanationBuilder] Candidate {org.gradle.category=library, org.gradle.jvm.environment=non-jvm, org.gradle.status=release, org.gradle.usage=kotlin-metadata, org.jetbrains.kotlin.native.target=watchos_device_arm64, org.jetbrains.kotlin.platform.type=native} attribute org.gradle.usage value org.gradle.usage=kotlin-metadata doesn't requested value java-runtime
2026-03-16T23:45:28.404+0700 [DEBUG] [org.gradle.internal.component.model.LoggingAttributeMatchingExplanationBuilder] Candidate {org.gradle.category=library, org.gradle.jvm.environment=non-jvm, org.gradle.status=release, org.gradle.usage=kotlin-api, org.jetbrains.kotlin.native.target=watchos_simulator_arm64, org.jetbrains.kotlin.platform.type=native} attribute org.gradle.usage value org.gradle.usage=kotlin-api doesn't requested value java-runtime
2026-03-16T23:45:28.404+0700 [DEBUG] [org.gradle.internal.component.model.LoggingAttributeMatchingExplanationBuilder] Candidate {org.gradle.category=documentation, org.gradle.dependency.bundling=external, org.gradle.docstype=sources, org.gradle.jvm.environment=non-jvm, org.gradle.status=release, org.gradle.usage=kotlin-runtime, org.jetbrains.kotlin.native.target=watchos_simulator_arm64, org.jetbrains.kotlin.platform.type=native} attribute org.gradle.usage value org.gradle.usage=kotlin-runtime doesn't requested value java-runtime
2026-03-16T23:45:28.405+0700 [DEBUG] [org.gradle.internal.component.model.LoggingAttributeMatchingExplanationBuilder] Candidate {org.gradle.category=library, org.gradle.jvm.environment=non-jvm, org.gradle.status=release, org.gradle.usage=kotlin-metadata, org.jetbrains.kotlin.native.target=watchos_simulator_arm64, org.jetbrains.kotlin.platform.type=native} attribute org.gradle.usage value org.gradle.usage=kotlin-metadata doesn't requested value java-runtime
2026-03-16T23:45:28.405+0700 [DEBUG] [org.gradle.internal.component.model.LoggingAttributeMatchingExplanationBuilder] Candidate {org.gradle.category=library, org.gradle.jvm.environment=non-jvm, org.gradle.status=release, org.gradle.usage=kotlin-api, org.jetbrains.kotlin.native.target=watchos_x64, org.jetbrains.kotlin.platform.type=native} attribute org.gradle.usage value org.gradle.usage=kotlin-api doesn't requested value java-runtime
2026-03-16T23:45:28.405+0700 [DEBUG] [org.gradle.internal.component.model.LoggingAttributeMatchingExplanationBuilder] Candidate {org.gradle.category=documentation, org.gradle.dependency.bundling=external, org.gradle.docstype=sources, org.gradle.jvm.environment=non-jvm, org.gradle.status=release, org.gradle.usage=kotlin-runtime, org.jetbrains.kotlin.native.target=watchos_x64, org.jetbrains.kotlin.platform.type=native} attribute org.gradle.usage value org.gradle.usage=kotlin-runtime doesn't requested value java-runtime
2026-03-16T23:45:28.405+0700 [DEBUG] [org.gradle.internal.component.model.LoggingAttributeMatchingExplanationBuilder] Candidate {org.gradle.category=library, org.gradle.jvm.environment=non-jvm, org.gradle.status=release, org.gradle.usage=kotlin-metadata, org.jetbrains.kotlin.native.target=watchos_x64, org.jetbrains.kotlin.platform.type=native} attribute org.gradle.usage value org.gradle.usage=kotlin-metadata doesn't requested value java-runtime
2026-03-16T23:45:28.406+0700 [DEBUG] [org.gradle.api.internal.attributes.matching.DefaultAttributeMatcher] Selected matches [23] from candidates [{org.gradle.category=library, org.gradle.jvm.environment=non-jvm, org.gradle.status=release, org.gradle.usage=kotlin-metadata, org.jetbrains.kotlin.platform.type=common}, {org.gradle.category=documentation, org.gradle.dependency.bundling=external, org.gradle.docstype=sources, org.gradle.jvm.environment=non-jvm, org.gradle.status=release, org.gradle.usage=kotlin-runtime, org.jetbrains.kotlin.platform.type=common}, {artifactType=org.jetbrains.kotlin.klib, org.gradle.category=library, org.gradle.jvm.environment=non-jvm, org.gradle.status=release, org.gradle.usage=kotlin-api, org.jetbrains.kotlin.native.target=android_arm32, org.jetbrains.kotlin.platform.type=native}, {org.gradle.category=documentation, org.gradle.dependency.bundling=external, org.gradle.docstype=sources, org.gradle.jvm.environment=non-jvm, org.gradle.status=release, org.gradle.usage=kotlin-runtime, org.jetbrains.kotlin.native.target=android_arm32, org.jetbrains.kotlin.platform.type=native}, {artifactType=org.jetbrains.kotlin.klib, org.gradle.category=library, org.gradle.jvm.environment=non-jvm, org.gradle.status=release, org.gradle.usage=kotlin-api, org.jetbrains.kotlin.native.target=android_arm64, org.jetbrains.kotlin.platform.type=native}, {org.gradle.category=documentation, org.gradle.dependency.bundling=external, org.gradle.docstype=sources, org.gradle.jvm.environment=non-jvm, org.gradle.status=release, org.gradle.usage=kotlin-runtime, org.jetbrains.kotlin.native.target=android_arm64, org.jetbrains.kotlin.platform.type=native}, {artifactType=org.jetbrains.kotlin.klib, org.gradle.category=library, org.gradle.jvm.environment=non-jvm, org.gradle.status=release, org.gradle.usage=kotlin-api, org.jetbrains.kotlin.native.target=android_x64, org.jetbrains.kotlin.platform.type=native}, {org.gradle.category=documentation, org.gradle.dependency.bundling=external, org.gradle.docstype=sources, org.gradle.jvm.environment=non-jvm, org.gradle.status=release, org.gradle.usage=kotlin-runtime, org.jetbrains.kotlin.native.target=android_x64, org.jetbrains.kotlin.platform.type=native}, {artifactType=org.jetbrains.kotlin.klib, org.gradle.category=library, org.gradle.jvm.environment=non-jvm, org.gradle.status=release, org.gradle.usage=kotlin-api, org.jetbrains.kotlin.native.target=android_x86, org.jetbrains.kotlin.platform.type=native}, {org.gradle.category=documentation, org.gradle.dependency.bundling=external, org.gradle.docstype=sources, org.gradle.jvm.environment=non-jvm, org.gradle.status=release, org.gradle.usage=kotlin-runtime, org.jetbrains.kotlin.native.target=android_x86, org.jetbrains.kotlin.platform.type=native}, {org.gradle.category=library, org.gradle.jvm.environment=non-jvm, org.gradle.status=release, org.gradle.usage=kotlin-api, org.jetbrains.kotlin.native.target=ios_arm64, org.jetbrains.kotlin.platform.type=native}, {org.gradle.category=documentation, org.gradle.dependency.bundling=external, org.gradle.docstype=sources, org.gradle.jvm.environment=non-jvm, org.gradle.status=release, org.gradle.usage=kotlin-runtime, org.jetbrains.kotlin.native.target=ios_arm64, org.jetbrains.kotlin.platform.type=native}, {org.gradle.category=library, org.gradle.jvm.environment=non-jvm, org.gradle.status=release, org.gradle.usage=kotlin-metadata, org.jetbrains.kotlin.native.target=ios_arm64, org.jetbrains.kotlin.platform.type=native}, {org.gradle.category=library, org.gradle.jvm.environment=non-jvm, org.gradle.status=release, org.gradle.usage=kotlin-api, org.jetbrains.kotlin.native.target=ios_simulator_arm64, org.jetbrains.kotlin.platform.type=native}, {org.gradle.category=documentation, org.gradle.dependency.bundling=external, org.gradle.docstype=sources, org.gradle.jvm.environment=non-jvm, org.gradle.status=release, org.gradle.usage=kotlin-runtime, org.jetbrains.kotlin.native.target=ios_simulator_arm64, org.jetbrains.kotlin.platform.type=native}, {org.gradle.category=library, org.gradle.jvm.environment=non-jvm, org.gradle.status=release, org.gradle.usage=kotlin-metadata, org.jetbrains.kotlin.native.target=ios_simulator_arm64, org.jetbrains.kotlin.platform.type=native}, {org.gradle.category=library, org.gradle.jvm.environment=non-jvm, org.gradle.status=release, org.gradle.usage=kotlin-api, org.jetbrains.kotlin.native.target=ios_x64, org.jetbrains.kotlin.platform.type=native}, {org.gradle.category=documentation, org.gradle.dependency.bundling=external, org.gradle.docstype=sources, org.gradle.jvm.environment=non-jvm, org.gradle.status=release, org.gradle.usage=kotlin-runtime, org.jetbrains.kotlin.native.target=ios_x64, org.jetbrains.kotlin.platform.type=native}, {org.gradle.category=library, org.gradle.jvm.environment=non-jvm, org.gradle.status=release, org.gradle.usage=kotlin-metadata, org.jetbrains.kotlin.native.target=ios_x64, org.jetbrains.kotlin.platform.type=native}, {org.gradle.category=library, org.gradle.jvm.environment=non-jvm, org.gradle.status=release, org.gradle.usage=kotlin-api, org.jetbrains.kotlin.js.compiler=ir, org.jetbrains.kotlin.platform.type=js}, {org.gradle.category=library, org.gradle.jvm.environment=non-jvm, org.gradle.status=release, org.gradle.usage=kotlin-runtime, org.jetbrains.kotlin.js.compiler=ir, org.jetbrains.kotlin.platform.type=js}, {org.gradle.category=documentation, org.gradle.dependency.bundling=external, org.gradle.docstype=sources, org.gradle.jvm.environment=non-jvm, org.gradle.status=release, org.gradle.usage=kotlin-runtime, org.jetbrains.kotlin.js.compiler=ir, org.jetbrains.kotlin.platform.type=js}, {org.gradle.category=library, org.gradle.jvm.environment=standard-jvm, org.gradle.libraryelements=jar, org.gradle.status=release, org.gradle.usage=java-api, org.jetbrains.kotlin.platform.type=jvm}, {org.gradle.category=library, org.gradle.jvm.environment=standard-jvm, org.gradle.libraryelements=jar, org.gradle.status=release, org.gradle.usage=java-runtime, org.jetbrains.kotlin.platform.type=jvm}, {org.gradle.category=documentation, org.gradle.dependency.bundling=external, org.gradle.docstype=sources, org.gradle.jvm.environment=standard-jvm, org.gradle.libraryelements=jar, org.gradle.status=release, org.gradle.usage=java-runtime, org.jetbrains.kotlin.platform.type=jvm}, {artifactType=org.jetbrains.kotlin.klib, org.gradle.category=library, org.gradle.jvm.environment=non-jvm, org.gradle.status=release, org.gradle.usage=kotlin-api, org.jetbrains.kotlin.native.target=linux_arm64, org.jetbrains.kotlin.platform.type=native}, {org.gradle.category=documentation, org.gradle.dependency.bundling=external, org.gradle.docstype=sources, org.gradle.jvm.environment=non-jvm, org.gradle.status=release, org.gradle.usage=kotlin-runtime, org.jetbrains.kotlin.native.target=linux_arm64, org.jetbrains.kotlin.platform.type=native}, {artifactType=org.jetbrains.kotlin.klib, org.gradle.category=library, org.gradle.jvm.environment=non-jvm, org.gradle.status=release, org.gradle.usage=kotlin-api, org.jetbrains.kotlin.native.target=linux_x64, org.jetbrains.kotlin.platform.type=native}, {org.gradle.category=documentation, org.gradle.dependency.bundling=external, org.gradle.docstype=sources, org.gradle.jvm.environment=non-jvm, org.gradle.status=release, org.gradle.usage=kotlin-runtime, org.jetbrains.kotlin.native.target=linux_x64, org.jetbrains.kotlin.platform.type=native}, {org.gradle.category=library, org.gradle.jvm.environment=non-jvm, org.gradle.status=release, org.gradle.usage=kotlin-api, org.jetbrains.kotlin.native.target=macos_arm64, org.jetbrains.kotlin.platform.type=native}, {org.gradle.category=documentation, org.gradle.dependency.bundling=external, org.gradle.docstype=sources, org.gradle.jvm.environment=non-jvm, org.gradle.status=release, org.gradle.usage=kotlin-runtime, org.jetbrains.kotlin.native.target=macos_arm64, org.jetbrains.kotlin.platform.type=native}, {org.gradle.category=library, org.gradle.jvm.environment=non-jvm, org.gradle.status=release, org.gradle.usage=kotlin-metadata, org.jetbrains.kotlin.native.target=macos_arm64, org.jetbrains.kotlin.platform.type=native}, {org.gradle.category=library, org.gradle.jvm.environment=non-jvm, org.gradle.status=release, org.gradle.usage=kotlin-api, org.jetbrains.kotlin.native.target=macos_x64, org.jetbrains.kotlin.platform.type=native}, {org.gradle.category=documentation, org.gradle.dependency.bundling=external, org.gradle.docstype=sources, org.gradle.jvm.environment=non-jvm, org.gradle.status=release, org.gradle.usage=kotlin-runtime, org.jetbrains.kotlin.native.target=macos_x64, org.jetbrains.kotlin.platform.type=native}, {org.gradle.category=library, org.gradle.jvm.environment=non-jvm, org.gradle.status=release, org.gradle.usage=kotlin-metadata, org.jetbrains.kotlin.native.target=macos_x64, org.jetbrains.kotlin.platform.type=native}, {artifactType=org.jetbrains.kotlin.klib, org.gradle.category=library, org.gradle.jvm.environment=non-jvm, org.gradle.status=release, org.gradle.usage=kotlin-api, org.jetbrains.kotlin.native.target=mingw_x64, org.jetbrains.kotlin.platform.type=native}, {org.gradle.category=documentation, org.gradle.dependency.bundling=external, org.gradle.docstype=sources, org.gradle.jvm.environment=non-jvm, org.gradle.status=release, org.gradle.usage=kotlin-runtime, org.jetbrains.kotlin.native.target=mingw_x64, org.jetbrains.kotlin.platform.type=native}, {org.gradle.category=library, org.gradle.jvm.environment=non-jvm, org.gradle.status=release, org.gradle.usage=kotlin-api, org.jetbrains.kotlin.native.target=tvos_arm64, org.jetbrains.kotlin.platform.type=native}, {org.gradle.category=documentation, org.gradle.dependency.bundling=external, org.gradle.docstype=sources, org.gradle.jvm.environment=non-jvm, org.gradle.status=release, org.gradle.usage=kotlin-runtime, org.jetbrains.kotlin.native.target=tvos_arm64, org.jetbrains.kotlin.platform.type=native}, {org.gradle.category=library, org.gradle.jvm.environment=non-jvm, org.gradle.status=release, org.gradle.usage=kotlin-metadata, org.jetbrains.kotlin.native.target=tvos_arm64, org.jetbrains.kotlin.platform.type=native}, {org.gradle.category=library, org.gradle.jvm.environment=non-jvm, org.gradle.status=release, org.gradle.usage=kotlin-api, org.jetbrains.kotlin.native.target=tvos_simulator_arm64, org.jetbrains.kotlin.platform.type=native}, {org.gradle.category=documentation, org.gradle.dependency.bundling=external, org.gradle.docstype=sources, org.gradle.jvm.environment=non-jvm, org.gradle.status=release, org.gradle.usage=kotlin-runtime, org.jetbrains.kotlin.native.target=tvos_simulator_arm64, org.jetbrains.kotlin.platform.type=native}, {org.gradle.category=library, org.gradle.jvm.environment=non-jvm, org.gradle.status=release, org.gradle.usage=kotlin-metadata, org.jetbrains.kotlin.native.target=tvos_simulator_arm64, org.jetbrains.kotlin.platform.type=native}, {org.gradle.category=library, org.gradle.jvm.environment=non-jvm, org.gradle.status=release, org.gradle.usage=kotlin-api, org.jetbrains.kotlin.native.target=tvos_x64, org.jetbrains.kotlin.platform.type=native}, {org.gradle.category=documentation, org.gradle.dependency.bundling=external, org.gradle.docstype=sources, org.gradle.jvm.environment=non-jvm, org.gradle.status=release, org.gradle.usage=kotlin-runtime, org.jetbrains.kotlin.native.target=tvos_x64, org.jetbrains.kotlin.platform.type=native}, {org.gradle.category=library, org.gradle.jvm.environment=non-jvm, org.gradle.status=release, org.gradle.usage=kotlin-metadata, org.jetbrains.kotlin.native.target=tvos_x64, org.jetbrains.kotlin.platform.type=native}, {org.gradle.category=library, org.gradle.jvm.environment=non-jvm, org.gradle.status=release, org.gradle.usage=kotlin-api, org.jetbrains.kotlin.platform.type=wasm, org.jetbrains.kotlin.wasm.target=js}, {org.gradle.category=library, org.gradle.jvm.environment=non-jvm, org.gradle.status=release, org.gradle.usage=kotlin-runtime, org.jetbrains.kotlin.platform.type=wasm, org.jetbrains.kotlin.wasm.target=js}, {org.gradle.category=documentation, org.gradle.dependency.bundling=external, org.gradle.docstype=sources, org.gradle.jvm.environment=non-jvm, org.gradle.status=release, org.gradle.usage=kotlin-runtime, org.jetbrains.kotlin.platform.type=wasm, org.jetbrains.kotlin.wasm.target=js}, {org.gradle.category=library, org.gradle.jvm.environment=non-jvm, org.gradle.status=release, org.gradle.usage=kotlin-api, org.jetbrains.kotlin.platform.type=wasm, org.jetbrains.kotlin.wasm.target=wasi}, {org.gradle.category=library, org.gradle.jvm.environment=non-jvm, org.gradle.status=release, org.gradle.usage=kotlin-runtime, org.jetbrains.kotlin.platform.type=wasm, org.jetbrains.kotlin.wasm.target=wasi}, {org.gradle.category=documentation, org.gradle.dependency.bundling=external, org.gradle.docstype=sources, org.gradle.jvm.environment=non-jvm, org.gradle.status=release, org.gradle.usage=kotlin-runtime, org.jetbrains.kotlin.platform.type=wasm, org.jetbrains.kotlin.wasm.target=wasi}, {org.gradle.category=library, org.gradle.jvm.environment=non-jvm, org.gradle.status=release, org.gradle.usage=kotlin-api, org.jetbrains.kotlin.native.target=watchos_arm32, org.jetbrains.kotlin.platform.type=native}, {org.gradle.category=documentation, org.gradle.dependency.bundling=external, org.gradle.docstype=sources, org.gradle.jvm.environment=non-jvm, org.gradle.status=release, org.gradle.usage=kotlin-runtime, org.jetbrains.kotlin.native.target=watchos_arm32, org.jetbrains.kotlin.platform.type=native}, {org.gradle.category=library, org.gradle.jvm.environment=non-jvm, org.gradle.status=release, org.gradle.usage=kotlin-metadata, org.jetbrains.kotlin.native.target=watchos_arm32, org.jetbrains.kotlin.platform.type=native}, {org.gradle.category=library, org.gradle.jvm.environment=non-jvm, org.gradle.status=release, org.gradle.usage=kotlin-api, org.jetbrains.kotlin.native.target=watchos_arm64, org.jetbrains.kotlin.platform.type=native}, {org.gradle.category=documentation, org.gradle.dependency.bundling=external, org.gradle.docstype=sources, org.gradle.jvm.environment=non-jvm, org.gradle.status=release, org.gradle.usage=kotlin-runtime, org.jetbrains.kotlin.native.target=watchos_arm64, org.jetbrains.kotlin.platform.type=native}, {org.gradle.category=library, org.gradle.jvm.environment=non-jvm, org.gradle.status=release, org.gradle.usage=kotlin-metadata, org.jetbrains.kotlin.native.target=watchos_arm64, org.jetbrains.kotlin.platform.type=native}, {org.gradle.category=library, org.gradle.jvm.environment=non-jvm, org.gradle.status=release, org.gradle.usage=kotlin-api, org.jetbrains.kotlin.native.target=watchos_device_arm64, org.jetbrains.kotlin.platform.type=native}, {org.gradle.category=documentation, org.gradle.dependency.bundling=external, org.gradle.docstype=sources, org.gradle.jvm.environment=non-jvm, org.gradle.status=release, org.gradle.usage=kotlin-runtime, org.jetbrains.kotlin.native.target=watchos_device_arm64, org.jetbrains.kotlin.platform.type=native}, {org.gradle.category=library, org.gradle.jvm.environment=non-jvm, org.gradle.status=release, org.gradle.usage=kotlin-metadata, org.jetbrains.kotlin.native.target=watchos_device_arm64, org.jetbrains.kotlin.platform.type=native}, {org.gradle.category=library, org.gradle.jvm.environment=non-jvm, org.gradle.status=release, org.gradle.usage=kotlin-api, org.jetbrains.kotlin.native.target=watchos_simulator_arm64, org.jetbrains.kotlin.platform.type=native}, {org.gradle.category=documentation, org.gradle.dependency.bundling=external, org.gradle.docstype=sources, org.gradle.jvm.environment=non-jvm, org.gradle.status=release, org.gradle.usage=kotlin-runtime, org.jetbrains.kotlin.native.target=watchos_simulator_arm64, org.jetbrains.kotlin.platform.type=native}, {org.gradle.category=library, org.gradle.jvm.environment=non-jvm, org.gradle.status=release, org.gradle.usage=kotlin-metadata, org.jetbrains.kotlin.native.target=watchos_simulator_arm64, org.jetbrains.kotlin.platform.type=native}, {org.gradle.category=library, org.gradle.jvm.environment=non-jvm, org.gradle.status=release, org.gradle.usage=kotlin-api, org.jetbrains.kotlin.native.target=watchos_x64, org.jetbrains.kotlin.platform.type=native}, {org.gradle.category=documentation, org.gradle.dependency.bundling=external, org.gradle.docstype=sources, org.gradle.jvm.environment=non-jvm, org.gradle.status=release, org.gradle.usage=kotlin-runtime, org.jetbrains.kotlin.native.target=watchos_x64, org.jetbrains.kotlin.platform.type=native}, {org.gradle.category=library, org.gradle.jvm.environment=non-jvm, org.gradle.status=release, org.gradle.usage=kotlin-metadata, org.jetbrains.kotlin.native.target=watchos_x64, org.jetbrains.kotlin.platform.type=native}] for {org.gradle.category=library, org.gradle.dependency.bundling=external, org.gradle.jvm.version=24, org.gradle.libraryelements=jar, org.gradle.plugin.api-version=9.3.1, org.gradle.usage=java-runtime}
2026-03-16T23:45:28.407+0700 [DEBUG] [org.gradle.api.internal.artifacts.ivyservice.ivyresolve.RepositoryChainComponentMetaDataResolver] Attempting to resolve component for org.jetbrains:annotations:13.0 using repositories [Google, MavenRepo, Gradle Central Plugin Repository]
2026-03-16T23:45:28.408+0700 [DEBUG] [org.gradle.api.internal.artifacts.ivyservice.ivyresolve.CachingModuleComponentRepository] Using cached module metadata for module 'org.jetbrains:annotations:13.0' in 'MavenRepo'
2026-03-16T23:45:28.409+0700 [DEBUG] [org.gradle.api.internal.artifacts.ivyservice.ivyresolve.RepositoryChainComponentMetaDataResolver] Using org.jetbrains:annotations:13.0 from Maven repository 'MavenRepo'
2026-03-16T23:45:28.411+0700 [DEBUG] [org.gradle.api.internal.artifacts.ivyservice.ivyresolve.RepositoryChainComponentMetaDataResolver] Attempting to resolve component for com.android.tools:annotations:32.1.0 using repositories [Google, MavenRepo, Gradle Central Plugin Repository]
2026-03-16T23:45:28.411+0700 [DEBUG] [org.gradle.api.internal.artifacts.ivyservice.ivyresolve.CachingModuleComponentRepository] Using cached module metadata for module 'com.android.tools:annotations:32.1.0' in 'Google'
2026-03-16T23:45:28.411+0700 [DEBUG] [org.gradle.api.internal.artifacts.ivyservice.ivyresolve.RepositoryChainComponentMetaDataResolver] Using com.android.tools:annotations:32.1.0 from org.gradle.api.internal.artifacts.ivyservice.ivyresolve.FilteredModuleComponentRepository@2d86acb6
2026-03-16T23:45:28.412+0700 [DEBUG] [org.gradle.api.internal.artifacts.ivyservice.ivyresolve.RepositoryChainComponentMetaDataResolver] Attempting to resolve component for org.apache.httpcomponents:httpclient:4.5.14 using repositories [Google, MavenRepo, Gradle Central Plugin Repository]
2026-03-16T23:45:28.413+0700 [DEBUG] [org.gradle.api.internal.artifacts.ivyservice.ivyresolve.CachingModuleComponentRepository] Using cached module metadata for module 'org.apache.httpcomponents:httpclient:4.5.14' in 'MavenRepo'
2026-03-16T23:45:28.413+0700 [DEBUG] [org.gradle.api.internal.artifacts.ivyservice.ivyresolve.RepositoryChainComponentMetaDataResolver] Using org.apache.httpcomponents:httpclient:4.5.14 from Maven repository 'MavenRepo'
2026-03-16T23:45:28.414+0700 [DEBUG] [org.gradle.api.internal.artifacts.ivyservice.ivyresolve.RepositoryChainComponentMetaDataResolver] Attempting to resolve component for com.android.tools.analytics-library:protos:32.1.0 using repositories [Google, MavenRepo, Gradle Central Plugin Repository]
2026-03-16T23:45:28.415+0700 [DEBUG] [org.gradle.api.internal.artifacts.ivyservice.ivyresolve.CachingModuleComponentRepository] Using cached module metadata for module 'com.android.tools.analytics-library:protos:32.1.0' in 'Google'
2026-03-16T23:45:28.415+0700 [DEBUG] [org.gradle.api.internal.artifacts.ivyservice.ivyresolve.RepositoryChainComponentMetaDataResolver] Using com.android.tools.analytics-library:protos:32.1.0 from org.gradle.api.internal.artifacts.ivyservice.ivyresolve.FilteredModuleComponentRepository@2d86acb6
2026-03-16T23:45:28.415+0700 [DEBUG] [org.gradle.api.internal.artifacts.ivyservice.ivyresolve.RepositoryChainComponentMetaDataResolver] Attempting to resolve component for net.java.dev.jna:jna-platform:5.6.0 using repositories [Google, MavenRepo, Gradle Central Plugin Repository]
2026-03-16T23:45:28.417+0700 [DEBUG] [org.gradle.api.internal.artifacts.ivyservice.ivyresolve.CachingModuleComponentRepository] Using cached module metadata for module 'net.java.dev.jna:jna-platform:5.6.0' in 'MavenRepo'
2026-03-16T23:45:28.417+0700 [DEBUG] [org.gradle.api.internal.artifacts.ivyservice.ivyresolve.RepositoryChainComponentMetaDataResolver] Using net.java.dev.jna:jna-platform:5.6.0 from Maven repository 'MavenRepo'
2026-03-16T23:45:28.419+0700 [DEBUG] [org.gradle.api.internal.artifacts.ivyservice.ivyresolve.RepositoryChainComponentMetaDataResolver] Attempting to resolve component for com.googlecode.juniversalchardet:juniversalchardet:1.0.3 using repositories [Google, MavenRepo, Gradle Central Plugin Repository]
2026-03-16T23:45:28.419+0700 [DEBUG] [org.gradle.api.internal.artifacts.ivyservice.ivyresolve.CachingModuleComponentRepository] Detected non-existence of module 'com.googlecode.juniversalchardet:juniversalchardet:1.0.3' in resolver cache 'Google'
2026-03-16T23:45:28.419+0700 [DEBUG] [org.gradle.api.internal.artifacts.ivyservice.ivyresolve.CachingModuleComponentRepository] Using cached module metadata for module 'com.googlecode.juniversalchardet:juniversalchardet:1.0.3' in 'MavenRepo'
2026-03-16T23:45:28.419+0700 [DEBUG] [org.gradle.api.internal.artifacts.ivyservice.ivyresolve.RepositoryChainComponentMetaDataResolver] Using com.googlecode.juniversalchardet:juniversalchardet:1.0.3 from Maven repository 'MavenRepo'
2026-03-16T23:45:28.420+0700 [DEBUG] [org.gradle.api.internal.artifacts.ivyservice.ivyresolve.RepositoryChainComponentMetaDataResolver] Attempting to resolve component for org.ow2.asm:asm-tree:9.9 using repositories [Google, MavenRepo, Gradle Central Plugin Repository]
2026-03-16T23:45:28.421+0700 [DEBUG] [org.gradle.api.internal.artifacts.ivyservice.ivyresolve.CachingModuleComponentRepository] Using cached module metadata for module 'org.ow2.asm:asm-tree:9.9' in 'MavenRepo'
2026-03-16T23:45:28.421+0700 [DEBUG] [org.gradle.api.internal.artifacts.ivyservice.ivyresolve.RepositoryChainComponentMetaDataResolver] Using org.ow2.asm:asm-tree:9.9 from Maven repository 'MavenRepo'
2026-03-16T23:45:28.422+0700 [DEBUG] [org.gradle.api.internal.artifacts.ivyservice.ivyresolve.RepositoryChainComponentMetaDataResolver] Attempting to resolve component for jakarta.xml.bind:jakarta.xml.bind-api:2.3.2 using repositories [Google, MavenRepo, Gradle Central Plugin Repository]
2026-03-16T23:45:28.423+0700 [DEBUG] [org.gradle.api.internal.artifacts.ivyservice.ivyresolve.CachingModuleComponentRepository] Using cached module metadata for module 'jakarta.xml.bind:jakarta.xml.bind-api:2.3.2' in 'MavenRepo'
2026-03-16T23:45:28.423+0700 [DEBUG] [org.gradle.api.internal.artifacts.ivyservice.ivyresolve.RepositoryChainComponentMetaDataResolver] Using jakarta.xml.bind:jakarta.xml.bind-api:2.3.2 from Maven repository 'MavenRepo'
2026-03-16T23:45:28.424+0700 [DEBUG] [org.gradle.api.internal.artifacts.ivyservice.ivyresolve.RepositoryChainComponentMetaDataResolver] Attempting to resolve component for org.glassfish.jaxb:txw2:2.3.2 using repositories [Google, MavenRepo, Gradle Central Plugin Repository]
2026-03-16T23:45:28.424+0700 [DEBUG] [org.gradle.api.internal.artifacts.ivyservice.ivyresolve.CachingModuleComponentRepository] Using cached module metadata for module 'org.glassfish.jaxb:txw2:2.3.2' in 'MavenRepo'
2026-03-16T23:45:28.425+0700 [DEBUG] [org.gradle.api.internal.artifacts.ivyservice.ivyresolve.RepositoryChainComponentMetaDataResolver] Using org.glassfish.jaxb:txw2:2.3.2 from Maven repository 'MavenRepo'
2026-03-16T23:45:28.425+0700 [DEBUG] [org.gradle.api.internal.artifacts.ivyservice.ivyresolve.RepositoryChainComponentMetaDataResolver] Attempting to resolve component for com.sun.istack:istack-commons-runtime:3.0.8 using repositories [Google, MavenRepo, Gradle Central Plugin Repository]
2026-03-16T23:45:28.425+0700 [DEBUG] [org.gradle.api.internal.artifacts.ivyservice.ivyresolve.CachingModuleComponentRepository] Using cached module metadata for module 'com.sun.istack:istack-commons-runtime:3.0.8' in 'MavenRepo'
2026-03-16T23:45:28.426+0700 [DEBUG] [org.gradle.api.internal.artifacts.ivyservice.ivyresolve.RepositoryChainComponentMetaDataResolver] Using com.sun.istack:istack-commons-runtime:3.0.8 from Maven repository 'MavenRepo'
2026-03-16T23:45:28.426+0700 [DEBUG] [org.gradle.api.internal.artifacts.ivyservice.ivyresolve.RepositoryChainComponentMetaDataResolver] Attempting to resolve component for org.jvnet.staxex:stax-ex:1.8.1 using repositories [Google, MavenRepo, Gradle Central Plugin Repository]
2026-03-16T23:45:28.426+0700 [DEBUG] [org.gradle.api.internal.artifacts.ivyservice.ivyresolve.CachingModuleComponentRepository] Using cached module metadata for module 'org.jvnet.staxex:stax-ex:1.8.1' in 'MavenRepo'
2026-03-16T23:45:28.427+0700 [DEBUG] [org.gradle.api.internal.artifacts.ivyservice.ivyresolve.RepositoryChainComponentMetaDataResolver] Using org.jvnet.staxex:stax-ex:1.8.1 from Maven repository 'MavenRepo'
2026-03-16T23:45:28.427+0700 [DEBUG] [org.gradle.api.internal.artifacts.ivyservice.ivyresolve.RepositoryChainComponentMetaDataResolver] Attempting to resolve component for com.sun.xml.fastinfoset:FastInfoset:1.2.16 using repositories [Google, MavenRepo, Gradle Central Plugin Repository]
2026-03-16T23:45:28.428+0700 [DEBUG] [org.gradle.api.internal.artifacts.ivyservice.ivyresolve.CachingModuleComponentRepository] Using cached module metadata for module 'com.sun.xml.fastinfoset:FastInfoset:1.2.16' in 'MavenRepo'
2026-03-16T23:45:28.428+0700 [DEBUG] [org.gradle.api.internal.artifacts.ivyservice.ivyresolve.RepositoryChainComponentMetaDataResolver] Using com.sun.xml.fastinfoset:FastInfoset:1.2.16 from Maven repository 'MavenRepo'
2026-03-16T23:45:28.428+0700 [DEBUG] [org.gradle.api.internal.artifacts.ivyservice.ivyresolve.RepositoryChainComponentMetaDataResolver] Attempting to resolve component for jakarta.activation:jakarta.activation-api:1.2.1 using repositories [Google, MavenRepo, Gradle Central Plugin Repository]
2026-03-16T23:45:28.429+0700 [DEBUG] [org.gradle.api.internal.artifacts.ivyservice.ivyresolve.CachingModuleComponentRepository] Using cached module metadata for module 'jakarta.activation:jakarta.activation-api:1.2.1' in 'MavenRepo'
2026-03-16T23:45:28.429+0700 [DEBUG] [org.gradle.api.internal.artifacts.ivyservice.ivyresolve.RepositoryChainComponentMetaDataResolver] Using jakarta.activation:jakarta.activation-api:1.2.1 from Maven repository 'MavenRepo'
2026-03-16T23:45:28.432+0700 [DEBUG] [org.gradle.api.internal.artifacts.ivyservice.ivyresolve.RepositoryChainComponentMetaDataResolver] Attempting to resolve component for com.google.auto.value:auto-value-annotations:1.6.2 using repositories [Google, MavenRepo, Gradle Central Plugin Repository]
2026-03-16T23:45:28.432+0700 [DEBUG] [org.gradle.api.internal.artifacts.ivyservice.ivyresolve.CachingModuleComponentRepository] Detected non-existence of module 'com.google.auto.value:auto-value-annotations:1.6.2' in resolver cache 'Google'
2026-03-16T23:45:28.432+0700 [DEBUG] [org.gradle.api.internal.artifacts.ivyservice.ivyresolve.CachingModuleComponentRepository] Using cached module metadata for module 'com.google.auto.value:auto-value-annotations:1.6.2' in 'MavenRepo'
2026-03-16T23:45:28.432+0700 [DEBUG] [org.gradle.api.internal.artifacts.ivyservice.ivyresolve.RepositoryChainComponentMetaDataResolver] Using com.google.auto.value:auto-value-annotations:1.6.2 from Maven repository 'MavenRepo'
2026-03-16T23:45:28.432+0700 [DEBUG] [org.gradle.api.internal.artifacts.ivyservice.ivyresolve.RepositoryChainComponentMetaDataResolver] Attempting to resolve component for com.google.errorprone:error_prone_annotations:2.3.1 using repositories [Google, MavenRepo, Gradle Central Plugin Repository]
2026-03-16T23:45:28.433+0700 [DEBUG] [org.gradle.api.internal.artifacts.ivyservice.ivyresolve.CachingModuleComponentRepository] Detected non-existence of module 'com.google.errorprone:error_prone_annotations:2.3.1' in resolver cache 'Google'
2026-03-16T23:45:28.433+0700 [DEBUG] [org.gradle.api.internal.artifacts.ivyservice.ivyresolve.CachingModuleComponentRepository] Using cached module metadata for module 'com.google.errorprone:error_prone_annotations:2.3.1' in 'MavenRepo'
2026-03-16T23:45:28.433+0700 [DEBUG] [org.gradle.api.internal.artifacts.ivyservice.ivyresolve.RepositoryChainComponentMetaDataResolver] Using com.google.errorprone:error_prone_annotations:2.3.1 from Maven repository 'MavenRepo'
2026-03-16T23:45:28.433+0700 [DEBUG] [org.gradle.api.internal.artifacts.ivyservice.ivyresolve.RepositoryChainComponentMetaDataResolver] Attempting to resolve component for com.google.dagger:dagger:2.28.3 using repositories [Google, MavenRepo, Gradle Central Plugin Repository]
2026-03-16T23:45:28.433+0700 [DEBUG] [org.gradle.api.internal.artifacts.ivyservice.ivyresolve.CachingModuleComponentRepository] Detected non-existence of module 'com.google.dagger:dagger:2.28.3' in resolver cache 'Google'
2026-03-16T23:45:28.434+0700 [DEBUG] [org.gradle.api.internal.artifacts.ivyservice.ivyresolve.CachingModuleComponentRepository] Using cached module metadata for module 'com.google.dagger:dagger:2.28.3' in 'MavenRepo'
2026-03-16T23:45:28.434+0700 [DEBUG] [org.gradle.api.internal.artifacts.ivyservice.ivyresolve.RepositoryChainComponentMetaDataResolver] Using com.google.dagger:dagger:2.28.3 from Maven repository 'MavenRepo'
2026-03-16T23:45:28.434+0700 [DEBUG] [org.gradle.api.internal.artifacts.ivyservice.ivyresolve.RepositoryChainComponentMetaDataResolver] Attempting to resolve component for org.bitbucket.b_c:jose4j:0.9.5 using repositories [Google, MavenRepo, Gradle Central Plugin Repository]
2026-03-16T23:45:28.435+0700 [DEBUG] [org.gradle.api.internal.artifacts.ivyservice.ivyresolve.CachingModuleComponentRepository] Using cached module metadata for module 'org.bitbucket.b_c:jose4j:0.9.5' in 'MavenRepo'
2026-03-16T23:45:28.435+0700 [DEBUG] [org.gradle.api.internal.artifacts.ivyservice.ivyresolve.RepositoryChainComponentMetaDataResolver] Using org.bitbucket.b_c:jose4j:0.9.5 from Maven repository 'MavenRepo'
2026-03-16T23:45:28.435+0700 [DEBUG] [org.gradle.api.internal.artifacts.ivyservice.ivyresolve.RepositoryChainComponentMetaDataResolver] Attempting to resolve component for org.slf4j:slf4j-api:1.7.30 using repositories [Google, MavenRepo, Gradle Central Plugin Repository]
2026-03-16T23:45:28.436+0700 [DEBUG] [org.gradle.api.internal.artifacts.ivyservice.ivyresolve.CachingModuleComponentRepository] Using cached module metadata for module 'org.slf4j:slf4j-api:1.7.30' in 'MavenRepo'
2026-03-16T23:45:28.437+0700 [DEBUG] [org.gradle.api.internal.artifacts.ivyservice.ivyresolve.RepositoryChainComponentMetaDataResolver] Using org.slf4j:slf4j-api:1.7.30 from Maven repository 'MavenRepo'
2026-03-16T23:45:28.438+0700 [DEBUG] [org.gradle.api.internal.artifacts.ivyservice.ivyresolve.RepositoryChainComponentMetaDataResolver] Attempting to resolve component for org.jdom:jdom2:2.0.6 using repositories [Google, MavenRepo, Gradle Central Plugin Repository]
2026-03-16T23:45:28.439+0700 [DEBUG] [org.gradle.api.internal.artifacts.ivyservice.ivyresolve.CachingModuleComponentRepository] Using cached module metadata for module 'org.jdom:jdom2:2.0.6' in 'MavenRepo'
2026-03-16T23:45:28.440+0700 [DEBUG] [org.gradle.api.internal.artifacts.ivyservice.ivyresolve.RepositoryChainComponentMetaDataResolver] Using org.jdom:jdom2:2.0.6 from Maven repository 'MavenRepo'
2026-03-16T23:45:28.440+0700 [DEBUG] [org.gradle.api.internal.artifacts.ivyservice.ivyresolve.RepositoryChainComponentMetaDataResolver] Attempting to resolve component for org.jetbrains.kotlin:kotlin-gradle-plugin-idea:2.2.10 using repositories [Google, MavenRepo, Gradle Central Plugin Repository]
2026-03-16T23:45:28.441+0700 [DEBUG] [org.gradle.api.internal.artifacts.ivyservice.ivyresolve.CachingModuleComponentRepository] Using cached module metadata for module 'org.jetbrains.kotlin:kotlin-gradle-plugin-idea:2.2.10' in 'MavenRepo'
2026-03-16T23:45:28.441+0700 [DEBUG] [org.gradle.api.internal.artifacts.ivyservice.ivyresolve.RepositoryChainComponentMetaDataResolver] Using org.jetbrains.kotlin:kotlin-gradle-plugin-idea:2.2.10 from Maven repository 'MavenRepo'
2026-03-16T23:45:28.442+0700 [DEBUG] [org.gradle.internal.component.model.LoggingAttributeMatchingExplanationBuilder] Candidate {org.gradle.status=release, org.gradle.usage=java-api} attribute org.gradle.usage value org.gradle.usage=java-api doesn't requested value java-runtime
2026-03-16T23:45:28.442+0700 [DEBUG] [org.gradle.internal.component.model.LoggingAttributeMatchingExplanationBuilder] Candidate {org.gradle.status=release, org.gradle.usage=java-runtime} doesn't have attribute org.gradle.category
2026-03-16T23:45:28.442+0700 [DEBUG] [org.gradle.internal.component.model.LoggingAttributeMatchingExplanationBuilder] Candidate {org.gradle.status=release, org.gradle.usage=java-runtime} doesn't have attribute org.gradle.libraryelements
2026-03-16T23:45:28.442+0700 [DEBUG] [org.gradle.internal.component.model.LoggingAttributeMatchingExplanationBuilder] Candidate {org.gradle.status=release, org.gradle.usage=java-runtime} doesn't have attribute org.gradle.dependency.bundling
2026-03-16T23:45:28.442+0700 [DEBUG] [org.gradle.internal.component.model.LoggingAttributeMatchingExplanationBuilder] Candidate {org.gradle.status=release, org.gradle.usage=java-runtime} doesn't have attribute org.gradle.jvm.version
2026-03-16T23:45:28.442+0700 [DEBUG] [org.gradle.internal.component.model.LoggingAttributeMatchingExplanationBuilder] Candidate {org.gradle.status=release, org.gradle.usage=java-runtime} doesn't have attribute org.gradle.plugin.api-version
2026-03-16T23:45:28.442+0700 [DEBUG] [org.gradle.internal.component.model.LoggingAttributeMatchingExplanationBuilder] Candidate {org.gradle.category=library, org.gradle.dependency.bundling=external, org.gradle.jvm.environment=standard-jvm, org.gradle.jvm.version=8, org.gradle.libraryelements=jar, org.gradle.status=release, org.gradle.usage=java-runtime, org.jetbrains.kotlin.platform.type=jvm} doesn't have attribute org.gradle.plugin.api-version
2026-03-16T23:45:28.442+0700 [DEBUG] [org.gradle.internal.component.model.LoggingAttributeMatchingExplanationBuilder] Candidate {org.gradle.category=documentation, org.gradle.dependency.bundling=external, org.gradle.docstype=javadoc, org.gradle.status=release, org.gradle.usage=java-runtime} attribute org.gradle.category value org.gradle.category=documentation doesn't requested value library
2026-03-16T23:45:28.443+0700 [DEBUG] [org.gradle.internal.component.model.LoggingAttributeMatchingExplanationBuilder] Candidate {org.gradle.category=documentation, org.gradle.dependency.bundling=external, org.gradle.docstype=sources, org.gradle.status=release, org.gradle.usage=java-runtime} attribute org.gradle.category value org.gradle.category=documentation doesn't requested value library
2026-03-16T23:45:28.443+0700 [DEBUG] [org.gradle.internal.component.model.LoggingAttributeMatchingExplanationBuilder] Candidate {org.gradle.category=library, org.gradle.dependency.bundling=external, org.gradle.jvm.environment=standard-jvm, org.gradle.jvm.version=8, org.gradle.libraryelements=jar, org.gradle.status=release, org.gradle.usage=java-runtime, org.jetbrains.kotlin.platform.type=jvm} selected because its attributes are a superset of all other candidate attributes
2026-03-16T23:45:28.443+0700 [DEBUG] [org.gradle.api.internal.attributes.matching.DefaultAttributeMatcher] Selected matches [2] from candidates [{org.gradle.status=release, org.gradle.usage=java-api}, {org.gradle.status=release, org.gradle.usage=java-runtime}, {org.gradle.category=library, org.gradle.dependency.bundling=external, org.gradle.jvm.environment=standard-jvm, org.gradle.jvm.version=8, org.gradle.libraryelements=jar, org.gradle.status=release, org.gradle.usage=java-runtime, org.jetbrains.kotlin.platform.type=jvm}, {org.gradle.category=documentation, org.gradle.dependency.bundling=external, org.gradle.docstype=javadoc, org.gradle.status=release, org.gradle.usage=java-runtime}, {org.gradle.category=documentation, org.gradle.dependency.bundling=external, org.gradle.docstype=sources, org.gradle.status=release, org.gradle.usage=java-runtime}] for {org.gradle.category=library, org.gradle.dependency.bundling=external, org.gradle.jvm.version=24, org.gradle.libraryelements=jar, org.gradle.plugin.api-version=9.3.1, org.gradle.usage=java-runtime}
2026-03-16T23:45:28.443+0700 [DEBUG] [org.gradle.api.internal.artifacts.ivyservice.ivyresolve.RepositoryChainComponentMetaDataResolver] Attempting to resolve component for org.jetbrains.kotlin:kotlin-gradle-plugin-idea-proto:2.2.10 using repositories [Google, MavenRepo, Gradle Central Plugin Repository]
2026-03-16T23:45:28.444+0700 [DEBUG] [org.gradle.api.internal.artifacts.ivyservice.ivyresolve.CachingModuleComponentRepository] Using cached module metadata for module 'org.jetbrains.kotlin:kotlin-gradle-plugin-idea-proto:2.2.10' in 'MavenRepo'
2026-03-16T23:45:28.444+0700 [DEBUG] [org.gradle.api.internal.artifacts.ivyservice.ivyresolve.RepositoryChainComponentMetaDataResolver] Using org.jetbrains.kotlin:kotlin-gradle-plugin-idea-proto:2.2.10 from Maven repository 'MavenRepo'
2026-03-16T23:45:28.445+0700 [DEBUG] [org.gradle.api.internal.artifacts.ivyservice.ivyresolve.RepositoryChainComponentMetaDataResolver] Attempting to resolve component for org.jetbrains.kotlin:kotlin-klib-commonizer-api:2.2.10 using repositories [Google, MavenRepo, Gradle Central Plugin Repository]
2026-03-16T23:45:28.447+0700 [DEBUG] [org.gradle.api.internal.artifacts.ivyservice.ivyresolve.CachingModuleComponentRepository] Using cached module metadata for module 'org.jetbrains.kotlin:kotlin-klib-commonizer-api:2.2.10' in 'MavenRepo'
2026-03-16T23:45:28.447+0700 [DEBUG] [org.gradle.api.internal.artifacts.ivyservice.ivyresolve.RepositoryChainComponentMetaDataResolver] Using org.jetbrains.kotlin:kotlin-klib-commonizer-api:2.2.10 from Maven repository 'MavenRepo'
2026-03-16T23:45:28.447+0700 [DEBUG] [org.gradle.api.internal.artifacts.ivyservice.ivyresolve.RepositoryChainComponentMetaDataResolver] Attempting to resolve component for org.jetbrains.kotlin:kotlin-build-statistics:2.2.10 using repositories [Google, MavenRepo, Gradle Central Plugin Repository]
2026-03-16T23:45:28.448+0700 [DEBUG] [org.gradle.api.internal.artifacts.ivyservice.ivyresolve.CachingModuleComponentRepository] Using cached module metadata for module 'org.jetbrains.kotlin:kotlin-build-statistics:2.2.10' in 'MavenRepo'
2026-03-16T23:45:28.448+0700 [DEBUG] [org.gradle.api.internal.artifacts.ivyservice.ivyresolve.RepositoryChainComponentMetaDataResolver] Using org.jetbrains.kotlin:kotlin-build-statistics:2.2.10 from Maven repository 'MavenRepo'
2026-03-16T23:45:28.449+0700 [DEBUG] [org.gradle.api.internal.artifacts.ivyservice.ivyresolve.RepositoryChainComponentMetaDataResolver] Attempting to resolve component for org.jetbrains.kotlin:kotlin-util-klib-metadata:2.2.10 using repositories [Google, MavenRepo, Gradle Central Plugin Repository]
2026-03-16T23:45:28.450+0700 [DEBUG] [org.gradle.api.internal.artifacts.ivyservice.ivyresolve.CachingModuleComponentRepository] Using cached module metadata for module 'org.jetbrains.kotlin:kotlin-util-klib-metadata:2.2.10' in 'MavenRepo'
2026-03-16T23:45:28.450+0700 [DEBUG] [org.gradle.api.internal.artifacts.ivyservice.ivyresolve.RepositoryChainComponentMetaDataResolver] Using org.jetbrains.kotlin:kotlin-util-klib-metadata:2.2.10 from Maven repository 'MavenRepo'
2026-03-16T23:45:28.451+0700 [DEBUG] [org.gradle.api.internal.artifacts.ivyservice.ivyresolve.RepositoryChainComponentMetaDataResolver] Attempting to resolve component for org.jetbrains.kotlin:abi-tools-api:2.2.10 using repositories [Google, MavenRepo, Gradle Central Plugin Repository]
2026-03-16T23:45:28.452+0700 [DEBUG] [org.gradle.api.internal.artifacts.ivyservice.ivyresolve.CachingModuleComponentRepository] Using cached module metadata for module 'org.jetbrains.kotlin:abi-tools-api:2.2.10' in 'MavenRepo'
2026-03-16T23:45:28.452+0700 [DEBUG] [org.gradle.api.internal.artifacts.ivyservice.ivyresolve.RepositoryChainComponentMetaDataResolver] Using org.jetbrains.kotlin:abi-tools-api:2.2.10 from Maven repository 'MavenRepo'
2026-03-16T23:45:28.452+0700 [DEBUG] [org.gradle.api.internal.artifacts.ivyservice.ivyresolve.RepositoryChainComponentMetaDataResolver] Attempting to resolve component for org.jetbrains.kotlin:kotlin-gradle-plugins-bom:2.2.10 using repositories [Google, MavenRepo, Gradle Central Plugin Repository]
2026-03-16T23:45:28.453+0700 [DEBUG] [org.gradle.api.internal.artifacts.ivyservice.ivyresolve.CachingModuleComponentRepository] Using cached module metadata for module 'org.jetbrains.kotlin:kotlin-gradle-plugins-bom:2.2.10' in 'MavenRepo'
2026-03-16T23:45:28.453+0700 [DEBUG] [org.gradle.api.internal.artifacts.ivyservice.ivyresolve.RepositoryChainComponentMetaDataResolver] Using org.jetbrains.kotlin:kotlin-gradle-plugins-bom:2.2.10 from Maven repository 'MavenRepo'
2026-03-16T23:45:28.453+0700 [DEBUG] [org.gradle.internal.component.model.LoggingAttributeMatchingExplanationBuilder] Candidate {org.gradle.category=platform, org.gradle.status=release, org.gradle.usage=java-api} attribute org.gradle.usage value org.gradle.usage=java-api doesn't requested value java-runtime
2026-03-16T23:45:28.454+0700 [DEBUG] [org.gradle.internal.component.model.LoggingAttributeMatchingExplanationBuilder] Candidate {org.gradle.category=platform, org.gradle.status=release, org.gradle.usage=java-runtime} doesn't have attribute org.gradle.libraryelements
2026-03-16T23:45:28.454+0700 [DEBUG] [org.gradle.internal.component.model.LoggingAttributeMatchingExplanationBuilder] Candidate {org.gradle.category=platform, org.gradle.status=release, org.gradle.usage=java-runtime} doesn't have attribute org.gradle.dependency.bundling
2026-03-16T23:45:28.454+0700 [DEBUG] [org.gradle.internal.component.model.LoggingAttributeMatchingExplanationBuilder] Candidate {org.gradle.category=platform, org.gradle.status=release, org.gradle.usage=java-runtime} doesn't have attribute org.gradle.jvm.version
2026-03-16T23:45:28.454+0700 [DEBUG] [org.gradle.internal.component.model.LoggingAttributeMatchingExplanationBuilder] Candidate {org.gradle.category=platform, org.gradle.status=release, org.gradle.usage=java-runtime} doesn't have attribute org.gradle.plugin.api-version
2026-03-16T23:45:28.454+0700 [DEBUG] [org.gradle.internal.component.model.LoggingAttributeMatchingExplanationBuilder] Candidate {org.gradle.category=enforced-platform, org.gradle.status=release, org.gradle.usage=java-api} attribute org.gradle.category value org.gradle.category=enforced-platform doesn't requested value platform
2026-03-16T23:45:28.454+0700 [DEBUG] [org.gradle.internal.component.model.LoggingAttributeMatchingExplanationBuilder] Candidate {org.gradle.category=enforced-platform, org.gradle.status=release, org.gradle.usage=java-runtime} attribute org.gradle.category value org.gradle.category=enforced-platform doesn't requested value platform
2026-03-16T23:45:28.454+0700 [DEBUG] [org.gradle.api.internal.attributes.matching.DefaultAttributeMatcher] Selected matches [1] from candidates [{org.gradle.category=platform, org.gradle.status=release, org.gradle.usage=java-api}, {org.gradle.category=platform, org.gradle.status=release, org.gradle.usage=java-runtime}, {org.gradle.category=enforced-platform, org.gradle.status=release, org.gradle.usage=java-api}, {org.gradle.category=enforced-platform, org.gradle.status=release, org.gradle.usage=java-runtime}] for {org.gradle.category=platform, org.gradle.dependency.bundling=external, org.gradle.jvm.version=24, org.gradle.libraryelements=jar, org.gradle.plugin.api-version=9.3.1, org.gradle.usage=java-runtime}
2026-03-16T23:45:28.460+0700 [DEBUG] [org.gradle.api.internal.artifacts.ivyservice.resolveengine.excludes.factories.LoggingExcludeFactory] {"operation": { "name": "anyOf", "operands": [{"exclude module id" : "org.jetbrains.kotlin:kotlin-stdlib-common"}, {"exclude module id" : "org.jetbrains.kotlin:kotlin-script-runtime"}, {"exclude module id" : "org.jetbrains.kotlin:kotlin-reflect"}, {"exclude module id" : "org.jetbrains.kotlin:kotlin-stdlib-jdk7"}, {"exclude module id" : "org.jetbrains.kotlin:kotlin-stdlib"}, {"exclude module id" : "org.jetbrains.kotlin:kotlin-stdlib-jdk8"}], "result": { "module ids" : ["org.jetbrains.kotlin:kotlin-stdlib-common", "org.jetbrains.kotlin:kotlin-script-runtime", "org.jetbrains.kotlin:kotlin-reflect", "org.jetbrains.kotlin:kotlin-stdlib-jdk7", "org.jetbrains.kotlin:kotlin-stdlib", "org.jetbrains.kotlin:kotlin-stdlib-jdk8"]} } }
2026-03-16T23:45:28.460+0700 [DEBUG] [org.gradle.api.internal.artifacts.ivyservice.ivyresolve.RepositoryChainComponentMetaDataResolver] Attempting to resolve component for org.jetbrains.kotlin:kotlin-gradle-plugin-api:2.2.10 using repositories [Google, MavenRepo, Gradle Central Plugin Repository]
2026-03-16T23:45:28.462+0700 [DEBUG] [org.gradle.api.internal.artifacts.ivyservice.ivyresolve.CachingModuleComponentRepository] Using cached module metadata for module 'org.jetbrains.kotlin:kotlin-gradle-plugin-api:2.2.10' in 'MavenRepo'
2026-03-16T23:45:28.462+0700 [DEBUG] [org.gradle.api.internal.artifacts.ivyservice.ivyresolve.RepositoryChainComponentMetaDataResolver] Using org.jetbrains.kotlin:kotlin-gradle-plugin-api:2.2.10 from Maven repository 'MavenRepo'
2026-03-16T23:45:28.463+0700 [DEBUG] [org.gradle.internal.component.model.LoggingAttributeMatchingExplanationBuilder] Candidate {org.gradle.category=documentation, org.gradle.dependency.bundling=external, org.gradle.docstype=sources, org.gradle.status=release, org.gradle.usage=java-runtime} attribute org.gradle.category value org.gradle.category=documentation doesn't requested value library
2026-03-16T23:45:28.463+0700 [DEBUG] [org.gradle.internal.component.model.LoggingAttributeMatchingExplanationBuilder] Candidate {org.gradle.category=documentation, org.gradle.dependency.bundling=external, org.gradle.docstype=javadoc, org.gradle.status=release, org.gradle.usage=java-runtime} attribute org.gradle.category value org.gradle.category=documentation doesn't requested value library
2026-03-16T23:45:28.463+0700 [DEBUG] [org.gradle.internal.component.model.LoggingAttributeMatchingExplanationBuilder] Candidate {org.gradle.category=library, org.gradle.dependency.bundling=external, org.gradle.jvm.environment=standard-jvm, org.gradle.jvm.version=8, org.gradle.libraryelements=jar, org.gradle.status=release, org.gradle.usage=java-runtime} doesn't have attribute org.gradle.plugin.api-version
2026-03-16T23:45:28.463+0700 [DEBUG] [org.gradle.internal.component.model.LoggingAttributeMatchingExplanationBuilder] Candidate {org.gradle.category=library, org.gradle.dependency.bundling=external, org.gradle.jvm.environment=standard-jvm, org.gradle.jvm.version=8, org.gradle.libraryelements=jar, org.gradle.status=release, org.gradle.usage=java-api} attribute org.gradle.usage value org.gradle.usage=java-api doesn't requested value java-runtime
2026-03-16T23:45:28.463+0700 [DEBUG] [org.gradle.api.internal.attributes.matching.DefaultAttributeMatcher] Selected matches [2] from candidates [{org.gradle.category=documentation, org.gradle.dependency.bundling=external, org.gradle.docstype=sources, org.gradle.status=release, org.gradle.usage=java-runtime}, {org.gradle.category=documentation, org.gradle.dependency.bundling=external, org.gradle.docstype=javadoc, org.gradle.status=release, org.gradle.usage=java-runtime}, {org.gradle.category=library, org.gradle.dependency.bundling=external, org.gradle.jvm.environment=standard-jvm, org.gradle.jvm.version=8, org.gradle.libraryelements=jar, org.gradle.status=release, org.gradle.usage=java-runtime}, {org.gradle.category=library, org.gradle.dependency.bundling=external, org.gradle.jvm.environment=standard-jvm, org.gradle.jvm.version=8, org.gradle.libraryelements=jar, org.gradle.status=release, org.gradle.usage=java-api}] for {org.gradle.category=library, org.gradle.dependency.bundling=external, org.gradle.jvm.version=24, org.gradle.libraryelements=jar, org.gradle.plugin.api-version=9.3.1, org.gradle.usage=java-runtime}
2026-03-16T23:45:28.463+0700 [DEBUG] [org.gradle.api.internal.artifacts.ivyservice.ivyresolve.RepositoryChainComponentMetaDataResolver] Attempting to resolve component for org.jetbrains.kotlin:kotlin-gradle-plugin-model:2.2.10 using repositories [Google, MavenRepo, Gradle Central Plugin Repository]
2026-03-16T23:45:28.465+0700 [DEBUG] [org.gradle.api.internal.artifacts.ivyservice.ivyresolve.CachingModuleComponentRepository] Using cached module metadata for module 'org.jetbrains.kotlin:kotlin-gradle-plugin-model:2.2.10' in 'MavenRepo'
2026-03-16T23:45:28.465+0700 [DEBUG] [org.gradle.api.internal.artifacts.ivyservice.ivyresolve.RepositoryChainComponentMetaDataResolver] Using org.jetbrains.kotlin:kotlin-gradle-plugin-model:2.2.10 from Maven repository 'MavenRepo'
2026-03-16T23:45:28.465+0700 [DEBUG] [org.gradle.api.internal.artifacts.ivyservice.ivyresolve.RepositoryChainComponentMetaDataResolver] Attempting to resolve component for org.jetbrains.kotlin:fus-statistics-gradle-plugin:2.2.10 using repositories [Google, MavenRepo, Gradle Central Plugin Repository]
2026-03-16T23:45:28.466+0700 [DEBUG] [org.gradle.api.internal.artifacts.ivyservice.ivyresolve.CachingModuleComponentRepository] Using cached module metadata for module 'org.jetbrains.kotlin:fus-statistics-gradle-plugin:2.2.10' in 'MavenRepo'
2026-03-16T23:45:28.466+0700 [DEBUG] [org.gradle.api.internal.artifacts.ivyservice.ivyresolve.RepositoryChainComponentMetaDataResolver] Using org.jetbrains.kotlin:fus-statistics-gradle-plugin:2.2.10 from Maven repository 'MavenRepo'
2026-03-16T23:45:28.467+0700 [DEBUG] [org.gradle.api.internal.artifacts.ivyservice.ivyresolve.RepositoryChainComponentMetaDataResolver] Attempting to resolve component for org.jetbrains.kotlin:kotlin-compiler-runner:2.2.10 using repositories [Google, MavenRepo, Gradle Central Plugin Repository]
2026-03-16T23:45:28.467+0700 [DEBUG] [org.gradle.api.internal.artifacts.ivyservice.ivyresolve.CachingModuleComponentRepository] Using cached module metadata for module 'org.jetbrains.kotlin:kotlin-compiler-runner:2.2.10' in 'MavenRepo'
2026-03-16T23:45:28.468+0700 [DEBUG] [org.gradle.api.internal.artifacts.ivyservice.ivyresolve.RepositoryChainComponentMetaDataResolver] Using org.jetbrains.kotlin:kotlin-compiler-runner:2.2.10 from Maven repository 'MavenRepo'
2026-03-16T23:45:28.468+0700 [DEBUG] [org.gradle.api.internal.artifacts.ivyservice.ivyresolve.RepositoryChainComponentMetaDataResolver] Attempting to resolve component for com.google.errorprone:error_prone_annotations:2.18.0 using repositories [Google, MavenRepo, Gradle Central Plugin Repository]
2026-03-16T23:45:28.469+0700 [DEBUG] [org.gradle.api.internal.artifacts.ivyservice.ivyresolve.CachingModuleComponentRepository] Detected non-existence of module 'com.google.errorprone:error_prone_annotations:2.18.0' in resolver cache 'Google'
2026-03-16T23:45:28.470+0700 [DEBUG] [org.gradle.api.internal.artifacts.ivyservice.ivyresolve.CachingModuleComponentRepository] Using cached module metadata for module 'com.google.errorprone:error_prone_annotations:2.18.0' in 'MavenRepo'
2026-03-16T23:45:28.470+0700 [DEBUG] [org.gradle.api.internal.artifacts.ivyservice.ivyresolve.RepositoryChainComponentMetaDataResolver] Using com.google.errorprone:error_prone_annotations:2.18.0 from Maven repository 'MavenRepo'
2026-03-16T23:45:28.472+0700 [DEBUG] [org.gradle.api.internal.artifacts.ivyservice.ivyresolve.RepositoryChainComponentMetaDataResolver] Attempting to resolve component for com.google.code.findbugs:jsr305:3.0.2 using repositories [Google, MavenRepo, Gradle Central Plugin Repository]
2026-03-16T23:45:28.472+0700 [DEBUG] [org.gradle.api.internal.artifacts.ivyservice.ivyresolve.CachingModuleComponentRepository] Detected non-existence of module 'com.google.code.findbugs:jsr305:3.0.2' in resolver cache 'Google'
2026-03-16T23:45:28.473+0700 [DEBUG] [org.gradle.api.internal.artifacts.ivyservice.ivyresolve.CachingModuleComponentRepository] Using cached module metadata for module 'com.google.code.findbugs:jsr305:3.0.2' in 'MavenRepo'
2026-03-16T23:45:28.473+0700 [DEBUG] [org.gradle.api.internal.artifacts.ivyservice.ivyresolve.RepositoryChainComponentMetaDataResolver] Using com.google.code.findbugs:jsr305:3.0.2 from Maven repository 'MavenRepo'
2026-03-16T23:45:28.473+0700 [DEBUG] [org.gradle.api.internal.artifacts.ivyservice.ivyresolve.RepositoryChainComponentMetaDataResolver] Attempting to resolve component for com.google.j2objc:j2objc-annotations:2.8 using repositories [Google, MavenRepo, Gradle Central Plugin Repository]
2026-03-16T23:45:28.473+0700 [DEBUG] [org.gradle.api.internal.artifacts.ivyservice.ivyresolve.CachingModuleComponentRepository] Detected non-existence of module 'com.google.j2objc:j2objc-annotations:2.8' in resolver cache 'Google'
2026-03-16T23:45:28.473+0700 [DEBUG] [org.gradle.api.internal.artifacts.ivyservice.ivyresolve.CachingModuleComponentRepository] Using cached module metadata for module 'com.google.j2objc:j2objc-annotations:2.8' in 'MavenRepo'
2026-03-16T23:45:28.474+0700 [DEBUG] [org.gradle.api.internal.artifacts.ivyservice.ivyresolve.RepositoryChainComponentMetaDataResolver] Using com.google.j2objc:j2objc-annotations:2.8 from Maven repository 'MavenRepo'
2026-03-16T23:45:28.474+0700 [DEBUG] [org.gradle.api.internal.artifacts.ivyservice.ivyresolve.RepositoryChainComponentMetaDataResolver] Attempting to resolve component for com.google.errorprone:error_prone_annotations:2.27.0 using repositories [Google, MavenRepo, Gradle Central Plugin Repository]
2026-03-16T23:45:28.474+0700 [DEBUG] [org.gradle.api.internal.artifacts.ivyservice.ivyresolve.CachingModuleComponentRepository] Detected non-existence of module 'com.google.errorprone:error_prone_annotations:2.27.0' in resolver cache 'Google'
2026-03-16T23:45:28.475+0700 [DEBUG] [org.gradle.api.internal.artifacts.ivyservice.ivyresolve.CachingModuleComponentRepository] Using cached module metadata for module 'com.google.errorprone:error_prone_annotations:2.27.0' in 'MavenRepo'
2026-03-16T23:45:28.475+0700 [DEBUG] [org.gradle.api.internal.artifacts.ivyservice.ivyresolve.RepositoryChainComponentMetaDataResolver] Using com.google.errorprone:error_prone_annotations:2.27.0 from Maven repository 'MavenRepo'
2026-03-16T23:45:28.478+0700 [DEBUG] [org.gradle.api.internal.artifacts.ivyservice.ivyresolve.RepositoryChainComponentMetaDataResolver] Attempting to resolve component for org.checkerframework:checker-qual:2.5.8 using repositories [Google, MavenRepo, Gradle Central Plugin Repository]
2026-03-16T23:45:28.479+0700 [DEBUG] [org.gradle.api.internal.artifacts.ivyservice.ivyresolve.CachingModuleComponentRepository] Using cached module metadata for module 'org.checkerframework:checker-qual:2.5.8' in 'MavenRepo'
2026-03-16T23:45:28.479+0700 [DEBUG] [org.gradle.api.internal.artifacts.ivyservice.ivyresolve.RepositoryChainComponentMetaDataResolver] Using org.checkerframework:checker-qual:2.5.8 from Maven repository 'MavenRepo'
2026-03-16T23:45:28.479+0700 [DEBUG] [org.gradle.api.internal.artifacts.ivyservice.ivyresolve.RepositoryChainComponentMetaDataResolver] Attempting to resolve component for com.google.flatbuffers:flatbuffers-java:1.12.0 using repositories [Google, MavenRepo, Gradle Central Plugin Repository]
2026-03-16T23:45:28.480+0700 [DEBUG] [org.gradle.api.internal.artifacts.ivyservice.ivyresolve.CachingModuleComponentRepository] Detected non-existence of module 'com.google.flatbuffers:flatbuffers-java:1.12.0' in resolver cache 'Google'
2026-03-16T23:45:28.480+0700 [DEBUG] [org.gradle.api.internal.artifacts.ivyservice.ivyresolve.CachingModuleComponentRepository] Using cached module metadata for module 'com.google.flatbuffers:flatbuffers-java:1.12.0' in 'MavenRepo'
2026-03-16T23:45:28.480+0700 [DEBUG] [org.gradle.api.internal.artifacts.ivyservice.ivyresolve.RepositoryChainComponentMetaDataResolver] Using com.google.flatbuffers:flatbuffers-java:1.12.0 from Maven repository 'MavenRepo'
2026-03-16T23:45:28.484+0700 [DEBUG] [org.gradle.api.internal.artifacts.ivyservice.ivyresolve.RepositoryChainComponentMetaDataResolver] Attempting to resolve component for com.android:signflinger:9.1.0 using repositories [Google, MavenRepo, Gradle Central Plugin Repository]
2026-03-16T23:45:28.484+0700 [DEBUG] [org.gradle.api.internal.artifacts.ivyservice.ivyresolve.CachingModuleComponentRepository] Using cached module metadata for module 'com.android:signflinger:9.1.0' in 'Google'
2026-03-16T23:45:28.484+0700 [DEBUG] [org.gradle.api.internal.artifacts.ivyservice.ivyresolve.RepositoryChainComponentMetaDataResolver] Using com.android:signflinger:9.1.0 from org.gradle.api.internal.artifacts.ivyservice.ivyresolve.FilteredModuleComponentRepository@2d86acb6
2026-03-16T23:45:28.485+0700 [DEBUG] [org.gradle.api.internal.artifacts.ivyservice.ivyresolve.RepositoryChainComponentMetaDataResolver] Attempting to resolve component for com.android.tools.analytics-library:tracker:32.1.0 using repositories [Google, MavenRepo, Gradle Central Plugin Repository]
2026-03-16T23:45:28.485+0700 [DEBUG] [org.gradle.api.internal.artifacts.ivyservice.ivyresolve.CachingModuleComponentRepository] Using cached module metadata for module 'com.android.tools.analytics-library:tracker:32.1.0' in 'Google'
2026-03-16T23:45:28.485+0700 [DEBUG] [org.gradle.api.internal.artifacts.ivyservice.ivyresolve.RepositoryChainComponentMetaDataResolver] Using com.android.tools.analytics-library:tracker:32.1.0 from org.gradle.api.internal.artifacts.ivyservice.ivyresolve.FilteredModuleComponentRepository@2d86acb6
2026-03-16T23:45:28.486+0700 [DEBUG] [org.gradle.api.internal.artifacts.ivyservice.ivyresolve.RepositoryChainComponentMetaDataResolver] Attempting to resolve component for com.android.tools.build:manifest-merger:32.1.0 using repositories [Google, MavenRepo, Gradle Central Plugin Repository]
2026-03-16T23:45:28.486+0700 [DEBUG] [org.gradle.api.internal.artifacts.ivyservice.ivyresolve.CachingModuleComponentRepository] Using cached module metadata for module 'com.android.tools.build:manifest-merger:32.1.0' in 'Google'
2026-03-16T23:45:28.486+0700 [DEBUG] [org.gradle.api.internal.artifacts.ivyservice.ivyresolve.RepositoryChainComponentMetaDataResolver] Using com.android.tools.build:manifest-merger:32.1.0 from org.gradle.api.internal.artifacts.ivyservice.ivyresolve.FilteredModuleComponentRepository@2d86acb6
2026-03-16T23:45:28.487+0700 [DEBUG] [org.gradle.api.internal.artifacts.ivyservice.ivyresolve.RepositoryChainComponentMetaDataResolver] Attempting to resolve component for com.android:zipflinger:9.1.0 using repositories [Google, MavenRepo, Gradle Central Plugin Repository]
2026-03-16T23:45:28.487+0700 [DEBUG] [org.gradle.api.internal.artifacts.ivyservice.ivyresolve.CachingModuleComponentRepository] Using cached module metadata for module 'com.android:zipflinger:9.1.0' in 'Google'
2026-03-16T23:45:28.487+0700 [DEBUG] [org.gradle.api.internal.artifacts.ivyservice.ivyresolve.RepositoryChainComponentMetaDataResolver] Using com.android:zipflinger:9.1.0 from org.gradle.api.internal.artifacts.ivyservice.ivyresolve.FilteredModuleComponentRepository@2d86acb6
2026-03-16T23:45:28.488+0700 [DEBUG] [org.gradle.api.internal.artifacts.ivyservice.ivyresolve.RepositoryChainComponentMetaDataResolver] Attempting to resolve component for com.android.tools.build:apksig:9.1.0 using repositories [Google, MavenRepo, Gradle Central Plugin Repository]
2026-03-16T23:45:28.489+0700 [DEBUG] [org.gradle.api.internal.artifacts.ivyservice.ivyresolve.CachingModuleComponentRepository] Using cached module metadata for module 'com.android.tools.build:apksig:9.1.0' in 'Google'
2026-03-16T23:45:28.489+0700 [DEBUG] [org.gradle.api.internal.artifacts.ivyservice.ivyresolve.RepositoryChainComponentMetaDataResolver] Using com.android.tools.build:apksig:9.1.0 from org.gradle.api.internal.artifacts.ivyservice.ivyresolve.FilteredModuleComponentRepository@2d86acb6
2026-03-16T23:45:28.489+0700 [DEBUG] [org.gradle.api.internal.artifacts.ivyservice.ivyresolve.RepositoryChainComponentMetaDataResolver] Attempting to resolve component for com.android.tools.build:apkzlib:9.1.0 using repositories [Google, MavenRepo, Gradle Central Plugin Repository]
2026-03-16T23:45:28.490+0700 [DEBUG] [org.gradle.api.internal.artifacts.ivyservice.ivyresolve.CachingModuleComponentRepository] Using cached module metadata for module 'com.android.tools.build:apkzlib:9.1.0' in 'Google'
2026-03-16T23:45:28.490+0700 [DEBUG] [org.gradle.api.internal.artifacts.ivyservice.ivyresolve.RepositoryChainComponentMetaDataResolver] Using com.android.tools.build:apkzlib:9.1.0 from org.gradle.api.internal.artifacts.ivyservice.ivyresolve.FilteredModuleComponentRepository@2d86acb6
2026-03-16T23:45:28.490+0700 [DEBUG] [org.gradle.api.internal.artifacts.ivyservice.ivyresolve.RepositoryChainComponentMetaDataResolver] Attempting to resolve component for com.squareup:javawriter:2.5.0 using repositories [Google, MavenRepo, Gradle Central Plugin Repository]
2026-03-16T23:45:28.491+0700 [DEBUG] [org.gradle.api.internal.artifacts.ivyservice.ivyresolve.CachingModuleComponentRepository] Using cached module metadata for module 'com.squareup:javawriter:2.5.0' in 'MavenRepo'
2026-03-16T23:45:28.491+0700 [DEBUG] [org.gradle.api.internal.artifacts.ivyservice.ivyresolve.RepositoryChainComponentMetaDataResolver] Using com.squareup:javawriter:2.5.0 from Maven repository 'MavenRepo'
2026-03-16T23:45:28.492+0700 [DEBUG] [org.gradle.api.internal.artifacts.ivyservice.ivyresolve.RepositoryChainComponentMetaDataResolver] Attempting to resolve component for org.checkerframework:checker-qual:3.43.0 using repositories [Google, MavenRepo, Gradle Central Plugin Repository]
2026-03-16T23:45:28.494+0700 [DEBUG] [org.gradle.api.internal.artifacts.ivyservice.ivyresolve.CachingModuleComponentRepository] Using cached module metadata for module 'org.checkerframework:checker-qual:3.43.0' in 'MavenRepo'
2026-03-16T23:45:28.494+0700 [DEBUG] [org.gradle.api.internal.artifacts.ivyservice.ivyresolve.RepositoryChainComponentMetaDataResolver] Using org.checkerframework:checker-qual:3.43.0 from Maven repository 'MavenRepo'
2026-03-16T23:45:28.494+0700 [DEBUG] [org.gradle.internal.component.model.LoggingAttributeMatchingExplanationBuilder] Candidate {org.gradle.category=library, org.gradle.dependency.bundling=external, org.gradle.jvm.version=8, org.gradle.libraryelements=jar, org.gradle.status=release, org.gradle.usage=java-api} attribute org.gradle.usage value org.gradle.usage=java-api doesn't requested value java-runtime
2026-03-16T23:45:28.494+0700 [DEBUG] [org.gradle.internal.component.model.LoggingAttributeMatchingExplanationBuilder] Candidate {org.gradle.category=library, org.gradle.dependency.bundling=external, org.gradle.jvm.version=8, org.gradle.libraryelements=jar, org.gradle.status=release, org.gradle.usage=java-runtime} doesn't have attribute org.gradle.plugin.api-version
2026-03-16T23:45:28.495+0700 [DEBUG] [org.gradle.internal.component.model.LoggingAttributeMatchingExplanationBuilder] Candidate {org.gradle.category=documentation, org.gradle.dependency.bundling=external, org.gradle.docstype=javadoc, org.gradle.status=release, org.gradle.usage=java-runtime} attribute org.gradle.category value org.gradle.category=documentation doesn't requested value library
2026-03-16T23:45:28.495+0700 [DEBUG] [org.gradle.internal.component.model.LoggingAttributeMatchingExplanationBuilder] Candidate {org.gradle.category=documentation, org.gradle.dependency.bundling=external, org.gradle.docstype=sources, org.gradle.status=release, org.gradle.usage=java-runtime} attribute org.gradle.category value org.gradle.category=documentation doesn't requested value library
2026-03-16T23:45:28.495+0700 [DEBUG] [org.gradle.api.internal.attributes.matching.DefaultAttributeMatcher] Selected matches [1] from candidates [{org.gradle.category=library, org.gradle.dependency.bundling=external, org.gradle.jvm.version=8, org.gradle.libraryelements=jar, org.gradle.status=release, org.gradle.usage=java-api}, {org.gradle.category=library, org.gradle.dependency.bundling=external, org.gradle.jvm.version=8, org.gradle.libraryelements=jar, org.gradle.status=release, org.gradle.usage=java-runtime}, {org.gradle.category=documentation, org.gradle.dependency.bundling=external, org.gradle.docstype=javadoc, org.gradle.status=release, org.gradle.usage=java-runtime}, {org.gradle.category=documentation, org.gradle.dependency.bundling=external, org.gradle.docstype=sources, org.gradle.status=release, org.gradle.usage=java-runtime}] for {org.gradle.category=library, org.gradle.dependency.bundling=external, org.gradle.jvm.version=24, org.gradle.libraryelements=jar, org.gradle.plugin.api-version=9.3.1, org.gradle.usage=java-runtime}
2026-03-16T23:45:28.495+0700 [DEBUG] [org.gradle.api.internal.artifacts.ivyservice.ivyresolve.RepositoryChainComponentMetaDataResolver] Attempting to resolve component for com.google.errorprone:error_prone_annotations:2.28.0 using repositories [Google, MavenRepo, Gradle Central Plugin Repository]
2026-03-16T23:45:28.496+0700 [DEBUG] [org.gradle.api.internal.artifacts.ivyservice.ivyresolve.CachingModuleComponentRepository] Detected non-existence of module 'com.google.errorprone:error_prone_annotations:2.28.0' in resolver cache 'Google'
2026-03-16T23:45:28.497+0700 [DEBUG] [org.gradle.api.internal.artifacts.ivyservice.ivyresolve.CachingModuleComponentRepository] Using cached module metadata for module 'com.google.errorprone:error_prone_annotations:2.28.0' in 'MavenRepo'
2026-03-16T23:45:28.497+0700 [DEBUG] [org.gradle.api.internal.artifacts.ivyservice.ivyresolve.RepositoryChainComponentMetaDataResolver] Using com.google.errorprone:error_prone_annotations:2.28.0 from Maven repository 'MavenRepo'
2026-03-16T23:45:28.498+0700 [DEBUG] [org.gradle.api.internal.artifacts.ivyservice.ivyresolve.RepositoryChainComponentMetaDataResolver] Attempting to resolve component for com.google.j2objc:j2objc-annotations:3.0.0 using repositories [Google, MavenRepo, Gradle Central Plugin Repository]
2026-03-16T23:45:28.498+0700 [DEBUG] [org.gradle.api.internal.artifacts.ivyservice.ivyresolve.CachingModuleComponentRepository] Detected non-existence of module 'com.google.j2objc:j2objc-annotations:3.0.0' in resolver cache 'Google'
2026-03-16T23:45:28.499+0700 [DEBUG] [org.gradle.api.internal.artifacts.ivyservice.ivyresolve.CachingModuleComponentRepository] Using cached module metadata for module 'com.google.j2objc:j2objc-annotations:3.0.0' in 'MavenRepo'
2026-03-16T23:45:28.499+0700 [DEBUG] [org.gradle.api.internal.artifacts.ivyservice.ivyresolve.RepositoryChainComponentMetaDataResolver] Using com.google.j2objc:j2objc-annotations:3.0.0 from Maven repository 'MavenRepo'
2026-03-16T23:45:28.501+0700 [DEBUG] [org.gradle.api.internal.artifacts.ivyservice.ivyresolve.RepositoryChainComponentMetaDataResolver] Attempting to resolve component for com.google.guava:failureaccess:1.0.2 using repositories [Google, MavenRepo, Gradle Central Plugin Repository]
2026-03-16T23:45:28.501+0700 [DEBUG] [org.gradle.api.internal.artifacts.ivyservice.ivyresolve.CachingModuleComponentRepository] Detected non-existence of module 'com.google.guava:failureaccess:1.0.2' in resolver cache 'Google'
2026-03-16T23:45:28.502+0700 [DEBUG] [org.gradle.api.internal.artifacts.ivyservice.ivyresolve.CachingModuleComponentRepository] Using cached module metadata for module 'com.google.guava:failureaccess:1.0.2' in 'MavenRepo'
2026-03-16T23:45:28.502+0700 [DEBUG] [org.gradle.api.internal.artifacts.ivyservice.ivyresolve.RepositoryChainComponentMetaDataResolver] Using com.google.guava:failureaccess:1.0.2 from Maven repository 'MavenRepo'
2026-03-16T23:45:28.502+0700 [DEBUG] [org.gradle.api.internal.artifacts.ivyservice.ivyresolve.RepositoryChainComponentMetaDataResolver] Attempting to resolve component for com.google.guava:listenablefuture:9999.0-empty-to-avoid-conflict-with-guava using repositories [Google, MavenRepo, Gradle Central Plugin Repository]
2026-03-16T23:45:28.502+0700 [DEBUG] [org.gradle.api.internal.artifacts.ivyservice.ivyresolve.CachingModuleComponentRepository] Detected non-existence of module 'com.google.guava:listenablefuture:9999.0-empty-to-avoid-conflict-with-guava' in resolver cache 'Google'
2026-03-16T23:45:28.503+0700 [DEBUG] [org.gradle.api.internal.artifacts.ivyservice.ivyresolve.CachingModuleComponentRepository] Using cached module metadata for module 'com.google.guava:listenablefuture:9999.0-empty-to-avoid-conflict-with-guava' in 'MavenRepo'
2026-03-16T23:45:28.503+0700 [DEBUG] [org.gradle.api.internal.artifacts.ivyservice.ivyresolve.RepositoryChainComponentMetaDataResolver] Using com.google.guava:listenablefuture:9999.0-empty-to-avoid-conflict-with-guava from Maven repository 'MavenRepo'
2026-03-16T23:45:28.503+0700 [DEBUG] [org.gradle.api.internal.artifacts.ivyservice.ivyresolve.RepositoryChainComponentMetaDataResolver] Attempting to resolve component for commons-codec:commons-codec:1.17.1 using repositories [Google, MavenRepo, Gradle Central Plugin Repository]
2026-03-16T23:45:28.504+0700 [DEBUG] [org.gradle.api.internal.artifacts.ivyservice.ivyresolve.CachingModuleComponentRepository] Using cached module metadata for module 'commons-codec:commons-codec:1.17.1' in 'MavenRepo'
2026-03-16T23:45:28.505+0700 [DEBUG] [org.gradle.api.internal.artifacts.ivyservice.ivyresolve.RepositoryChainComponentMetaDataResolver] Using commons-codec:commons-codec:1.17.1 from Maven repository 'MavenRepo'
2026-03-16T23:45:28.505+0700 [DEBUG] [org.gradle.api.internal.artifacts.ivyservice.ivyresolve.RepositoryChainComponentMetaDataResolver] Attempting to resolve component for org.apache.commons:commons-lang3:3.16.0 using repositories [Google, MavenRepo, Gradle Central Plugin Repository]
2026-03-16T23:45:28.506+0700 [DEBUG] [org.gradle.api.internal.artifacts.ivyservice.ivyresolve.CachingModuleComponentRepository] Using cached module metadata for module 'org.apache.commons:commons-lang3:3.16.0' in 'MavenRepo'
2026-03-16T23:45:28.506+0700 [DEBUG] [org.gradle.api.internal.artifacts.ivyservice.ivyresolve.RepositoryChainComponentMetaDataResolver] Using org.apache.commons:commons-lang3:3.16.0 from Maven repository 'MavenRepo'
2026-03-16T23:45:28.507+0700 [DEBUG] [org.gradle.api.internal.artifacts.ivyservice.ivyresolve.RepositoryChainComponentMetaDataResolver] Attempting to resolve component for org.bouncycastle:bcutil-jdk18on:1.79 using repositories [Google, MavenRepo, Gradle Central Plugin Repository]
2026-03-16T23:45:28.507+0700 [DEBUG] [org.gradle.api.internal.artifacts.ivyservice.ivyresolve.CachingModuleComponentRepository] Using cached module metadata for module 'org.bouncycastle:bcutil-jdk18on:1.79' in 'MavenRepo'
2026-03-16T23:45:28.508+0700 [DEBUG] [org.gradle.api.internal.artifacts.ivyservice.ivyresolve.RepositoryChainComponentMetaDataResolver] Using org.bouncycastle:bcutil-jdk18on:1.79 from Maven repository 'MavenRepo'
2026-03-16T23:45:28.508+0700 [DEBUG] [org.gradle.api.internal.artifacts.ivyservice.ivyresolve.RepositoryChainComponentMetaDataResolver] Attempting to resolve component for org.jetbrains.kotlinx:kotlinx-coroutines-core-jvm:1.9.0 using repositories [Google, MavenRepo, Gradle Central Plugin Repository]
2026-03-16T23:45:28.510+0700 [DEBUG] [org.gradle.api.internal.artifacts.ivyservice.ivyresolve.CachingModuleComponentRepository] Using cached module metadata for module 'org.jetbrains.kotlinx:kotlinx-coroutines-core-jvm:1.9.0' in 'MavenRepo'
2026-03-16T23:45:28.510+0700 [DEBUG] [org.gradle.api.internal.artifacts.ivyservice.ivyresolve.RepositoryChainComponentMetaDataResolver] Using org.jetbrains.kotlinx:kotlinx-coroutines-core-jvm:1.9.0 from Maven repository 'MavenRepo'
2026-03-16T23:45:28.510+0700 [DEBUG] [org.gradle.internal.component.model.LoggingAttributeMatchingExplanationBuilder] Candidate {org.gradle.category=library, org.gradle.jvm.environment=standard-jvm, org.gradle.libraryelements=jar, org.gradle.status=release, org.gradle.usage=java-api, org.jetbrains.kotlin.platform.type=jvm} attribute org.gradle.usage value org.gradle.usage=java-api doesn't requested value java-runtime
2026-03-16T23:45:28.510+0700 [DEBUG] [org.gradle.internal.component.model.LoggingAttributeMatchingExplanationBuilder] Candidate {org.gradle.category=library, org.gradle.jvm.environment=standard-jvm, org.gradle.libraryelements=jar, org.gradle.status=release, org.gradle.usage=java-runtime, org.jetbrains.kotlin.platform.type=jvm} doesn't have attribute org.gradle.dependency.bundling
2026-03-16T23:45:28.510+0700 [DEBUG] [org.gradle.internal.component.model.LoggingAttributeMatchingExplanationBuilder] Candidate {org.gradle.category=library, org.gradle.jvm.environment=standard-jvm, org.gradle.libraryelements=jar, org.gradle.status=release, org.gradle.usage=java-runtime, org.jetbrains.kotlin.platform.type=jvm} doesn't have attribute org.gradle.jvm.version
2026-03-16T23:45:28.511+0700 [DEBUG] [org.gradle.internal.component.model.LoggingAttributeMatchingExplanationBuilder] Candidate {org.gradle.category=library, org.gradle.jvm.environment=standard-jvm, org.gradle.libraryelements=jar, org.gradle.status=release, org.gradle.usage=java-runtime, org.jetbrains.kotlin.platform.type=jvm} doesn't have attribute org.gradle.plugin.api-version
2026-03-16T23:45:28.511+0700 [DEBUG] [org.gradle.internal.component.model.LoggingAttributeMatchingExplanationBuilder] Candidate {org.gradle.category=documentation, org.gradle.dependency.bundling=external, org.gradle.docstype=sources, org.gradle.jvm.environment=standard-jvm, org.gradle.libraryelements=jar, org.gradle.status=release, org.gradle.usage=java-runtime, org.jetbrains.kotlin.platform.type=jvm} attribute org.gradle.category value org.gradle.category=documentation doesn't requested value library
2026-03-16T23:45:28.511+0700 [DEBUG] [org.gradle.api.internal.attributes.matching.DefaultAttributeMatcher] Selected matches [1] from candidates [{org.gradle.category=library, org.gradle.jvm.environment=standard-jvm, org.gradle.libraryelements=jar, org.gradle.status=release, org.gradle.usage=java-api, org.jetbrains.kotlin.platform.type=jvm}, {org.gradle.category=library, org.gradle.jvm.environment=standard-jvm, org.gradle.libraryelements=jar, org.gradle.status=release, org.gradle.usage=java-runtime, org.jetbrains.kotlin.platform.type=jvm}, {org.gradle.category=documentation, org.gradle.dependency.bundling=external, org.gradle.docstype=sources, org.gradle.jvm.environment=standard-jvm, org.gradle.libraryelements=jar, org.gradle.status=release, org.gradle.usage=java-runtime, org.jetbrains.kotlin.platform.type=jvm}] for {org.gradle.category=library, org.gradle.dependency.bundling=external, org.gradle.jvm.version=24, org.gradle.libraryelements=jar, org.gradle.plugin.api-version=9.3.1, org.gradle.usage=java-runtime}
2026-03-16T23:45:28.512+0700 [DEBUG] [org.gradle.api.internal.artifacts.ivyservice.ivyresolve.RepositoryChainComponentMetaDataResolver] Attempting to resolve component for commons-logging:commons-logging:1.2 using repositories [Google, MavenRepo, Gradle Central Plugin Repository]
2026-03-16T23:45:28.513+0700 [DEBUG] [org.gradle.api.internal.artifacts.ivyservice.ivyresolve.CachingModuleComponentRepository] Using cached module metadata for module 'commons-logging:commons-logging:1.2' in 'MavenRepo'
2026-03-16T23:45:28.513+0700 [DEBUG] [org.gradle.api.internal.artifacts.ivyservice.ivyresolve.RepositoryChainComponentMetaDataResolver] Using commons-logging:commons-logging:1.2 from Maven repository 'MavenRepo'
2026-03-16T23:45:28.514+0700 [DEBUG] [org.gradle.api.internal.artifacts.ivyservice.ivyresolve.RepositoryChainComponentMetaDataResolver] Attempting to resolve component for net.java.dev.jna:jna:5.6.0 using repositories [Google, MavenRepo, Gradle Central Plugin Repository]
2026-03-16T23:45:28.515+0700 [DEBUG] [org.gradle.api.internal.artifacts.ivyservice.ivyresolve.CachingModuleComponentRepository] Using cached module metadata for module 'net.java.dev.jna:jna:5.6.0' in 'MavenRepo'
2026-03-16T23:45:28.515+0700 [DEBUG] [org.gradle.api.internal.artifacts.ivyservice.ivyresolve.RepositoryChainComponentMetaDataResolver] Using net.java.dev.jna:jna:5.6.0 from Maven repository 'MavenRepo'
2026-03-16T23:45:28.516+0700 [DEBUG] [org.gradle.api.internal.artifacts.ivyservice.resolveengine.graph.builder.NodeState] org.slf4j:slf4j-api is excluded from 'org.bitbucket.b_c:jose4j:0.9.5' (runtime) by {"exclude module id" : "org.slf4j:slf4j-api"}.
2026-03-16T23:45:28.516+0700 [DEBUG] [org.gradle.api.internal.artifacts.ivyservice.ivyresolve.RepositoryChainComponentMetaDataResolver] Attempting to resolve component for org.jetbrains.kotlin:kotlin-tooling-core:2.2.10 using repositories [Google, MavenRepo, Gradle Central Plugin Repository]
2026-03-16T23:45:28.517+0700 [DEBUG] [org.gradle.api.internal.artifacts.ivyservice.ivyresolve.CachingModuleComponentRepository] Using cached module metadata for module 'org.jetbrains.kotlin:kotlin-tooling-core:2.2.10' in 'MavenRepo'
2026-03-16T23:45:28.517+0700 [DEBUG] [org.gradle.api.internal.artifacts.ivyservice.ivyresolve.RepositoryChainComponentMetaDataResolver] Using org.jetbrains.kotlin:kotlin-tooling-core:2.2.10 from Maven repository 'MavenRepo'
2026-03-16T23:45:28.518+0700 [DEBUG] [org.gradle.api.internal.artifacts.ivyservice.ivyresolve.RepositoryChainComponentMetaDataResolver] Attempting to resolve component for org.jetbrains.kotlin:kotlin-gradle-plugin-annotations:2.2.10 using repositories [Google, MavenRepo, Gradle Central Plugin Repository]
2026-03-16T23:45:28.518+0700 [DEBUG] [org.gradle.api.internal.artifacts.ivyservice.ivyresolve.CachingModuleComponentRepository] Using cached module metadata for module 'org.jetbrains.kotlin:kotlin-gradle-plugin-annotations:2.2.10' in 'MavenRepo'
2026-03-16T23:45:28.519+0700 [DEBUG] [org.gradle.api.internal.artifacts.ivyservice.ivyresolve.RepositoryChainComponentMetaDataResolver] Using org.jetbrains.kotlin:kotlin-gradle-plugin-annotations:2.2.10 from Maven repository 'MavenRepo'
2026-03-16T23:45:28.519+0700 [DEBUG] [org.gradle.api.internal.artifacts.ivyservice.resolveengine.graph.builder.NodeState] org.jetbrains.kotlin:kotlin-stdlib is excluded from 'org.jetbrains.kotlin:kotlin-klib-commonizer-api:2.2.10' (runtime) by { "module ids" : ["org.jetbrains.kotlin:kotlin-stdlib-common", "org.jetbrains.kotlin:kotlin-script-runtime", "org.jetbrains.kotlin:kotlin-reflect", "org.jetbrains.kotlin:kotlin-stdlib-jdk7", "org.jetbrains.kotlin:kotlin-stdlib", "org.jetbrains.kotlin:kotlin-stdlib-jdk8"]}.
2026-03-16T23:45:28.520+0700 [DEBUG] [org.gradle.api.internal.artifacts.ivyservice.ivyresolve.RepositoryChainComponentMetaDataResolver] Attempting to resolve component for org.jetbrains.kotlin:kotlin-native-utils:2.2.10 using repositories [Google, MavenRepo, Gradle Central Plugin Repository]
2026-03-16T23:45:28.521+0700 [DEBUG] [org.gradle.api.internal.artifacts.ivyservice.ivyresolve.CachingModuleComponentRepository] Using cached module metadata for module 'org.jetbrains.kotlin:kotlin-native-utils:2.2.10' in 'MavenRepo'
2026-03-16T23:45:28.521+0700 [DEBUG] [org.gradle.api.internal.artifacts.ivyservice.ivyresolve.RepositoryChainComponentMetaDataResolver] Using org.jetbrains.kotlin:kotlin-native-utils:2.2.10 from Maven repository 'MavenRepo'
2026-03-16T23:45:28.521+0700 [DEBUG] [org.gradle.api.internal.artifacts.ivyservice.ivyresolve.RepositoryChainComponentMetaDataResolver] Attempting to resolve component for org.jetbrains.kotlin:kotlin-build-tools-api:2.2.10 using repositories [Google, MavenRepo, Gradle Central Plugin Repository]
2026-03-16T23:45:28.522+0700 [DEBUG] [org.gradle.api.internal.artifacts.ivyservice.ivyresolve.CachingModuleComponentRepository] Using cached module metadata for module 'org.jetbrains.kotlin:kotlin-build-tools-api:2.2.10' in 'MavenRepo'
2026-03-16T23:45:28.523+0700 [DEBUG] [org.gradle.api.internal.artifacts.ivyservice.ivyresolve.RepositoryChainComponentMetaDataResolver] Using org.jetbrains.kotlin:kotlin-build-tools-api:2.2.10 from Maven repository 'MavenRepo'
2026-03-16T23:45:28.523+0700 [DEBUG] [org.gradle.api.internal.artifacts.ivyservice.resolveengine.graph.builder.NodeState] org.jetbrains.kotlin:kotlin-stdlib is excluded from 'org.jetbrains.kotlin:kotlin-util-klib-metadata:2.2.10' (runtime) by { "module ids" : ["org.jetbrains.kotlin:kotlin-stdlib-common", "org.jetbrains.kotlin:kotlin-script-runtime", "org.jetbrains.kotlin:kotlin-reflect", "org.jetbrains.kotlin:kotlin-stdlib-jdk7", "org.jetbrains.kotlin:kotlin-stdlib", "org.jetbrains.kotlin:kotlin-stdlib-jdk8"]}.
2026-03-16T23:45:28.523+0700 [DEBUG] [org.gradle.api.internal.artifacts.ivyservice.ivyresolve.RepositoryChainComponentMetaDataResolver] Attempting to resolve component for org.jetbrains.kotlin:kotlin-util-io:2.2.10 using repositories [Google, MavenRepo, Gradle Central Plugin Repository]
2026-03-16T23:45:28.524+0700 [DEBUG] [org.gradle.api.internal.artifacts.ivyservice.ivyresolve.CachingModuleComponentRepository] Using cached module metadata for module 'org.jetbrains.kotlin:kotlin-util-io:2.2.10' in 'MavenRepo'
2026-03-16T23:45:28.525+0700 [DEBUG] [org.gradle.api.internal.artifacts.ivyservice.ivyresolve.RepositoryChainComponentMetaDataResolver] Using org.jetbrains.kotlin:kotlin-util-io:2.2.10 from Maven repository 'MavenRepo'
2026-03-16T23:45:28.525+0700 [DEBUG] [org.gradle.api.internal.artifacts.ivyservice.ivyresolve.RepositoryChainComponentMetaDataResolver] Attempting to resolve component for org.jetbrains.kotlin:kotlin-util-klib:2.2.10 using repositories [Google, MavenRepo, Gradle Central Plugin Repository]
2026-03-16T23:45:28.526+0700 [DEBUG] [org.gradle.api.internal.artifacts.ivyservice.ivyresolve.CachingModuleComponentRepository] Using cached module metadata for module 'org.jetbrains.kotlin:kotlin-util-klib:2.2.10' in 'MavenRepo'
2026-03-16T23:45:28.526+0700 [DEBUG] [org.gradle.api.internal.artifacts.ivyservice.ivyresolve.RepositoryChainComponentMetaDataResolver] Using org.jetbrains.kotlin:kotlin-util-klib:2.2.10 from Maven repository 'MavenRepo'
2026-03-16T23:45:28.527+0700 [DEBUG] [org.gradle.internal.component.model.LoggingAttributeMatchingExplanationBuilder] Candidate {org.gradle.category=documentation, org.gradle.dependency.bundling=external, org.gradle.docstype=javadoc, org.gradle.plugin.api-version=8.13, org.gradle.status=release, org.gradle.usage=java-runtime} attribute org.gradle.category value org.gradle.category=documentation doesn't requested value library
2026-03-16T23:45:28.528+0700 [DEBUG] [org.gradle.internal.component.model.LoggingAttributeMatchingExplanationBuilder] Candidate {org.gradle.category=documentation, org.gradle.dependency.bundling=external, org.gradle.docstype=sources, org.gradle.plugin.api-version=8.13, org.gradle.status=release, org.gradle.usage=java-runtime} attribute org.gradle.category value org.gradle.category=documentation doesn't requested value library
2026-03-16T23:45:28.528+0700 [DEBUG] [org.gradle.internal.component.model.LoggingAttributeMatchingExplanationBuilder] Candidate {org.gradle.category=library, org.gradle.dependency.bundling=external, org.gradle.jvm.environment=standard-jvm, org.gradle.jvm.version=8, org.gradle.libraryelements=jar, org.gradle.plugin.api-version=8.13, org.gradle.status=release, org.gradle.usage=java-api} attribute org.gradle.usage value org.gradle.usage=java-api doesn't requested value java-runtime
2026-03-16T23:45:28.529+0700 [DEBUG] [org.gradle.api.internal.attributes.matching.DefaultAttributeMatcher] Selected matches [3] from candidates [{org.gradle.category=documentation, org.gradle.dependency.bundling=external, org.gradle.docstype=javadoc, org.gradle.plugin.api-version=8.13, org.gradle.status=release, org.gradle.usage=java-runtime}, {org.gradle.category=documentation, org.gradle.dependency.bundling=external, org.gradle.docstype=sources, org.gradle.plugin.api-version=8.13, org.gradle.status=release, org.gradle.usage=java-runtime}, {org.gradle.category=library, org.gradle.dependency.bundling=external, org.gradle.jvm.environment=standard-jvm, org.gradle.jvm.version=8, org.gradle.libraryelements=jar, org.gradle.plugin.api-version=8.13, org.gradle.status=release, org.gradle.usage=java-api}, {org.gradle.category=library, org.gradle.dependency.bundling=external, org.gradle.jvm.environment=standard-jvm, org.gradle.jvm.version=8, org.gradle.libraryelements=jar, org.gradle.plugin.api-version=8.13, org.gradle.status=release, org.gradle.usage=java-runtime}] for {org.gradle.category=library, org.gradle.dependency.bundling=external, org.gradle.jvm.version=24, org.gradle.libraryelements=jar, org.gradle.plugin.api-version=9.3.1, org.gradle.usage=java-runtime}
2026-03-16T23:45:28.529+0700 [DEBUG] [org.gradle.api.internal.artifacts.ivyservice.resolveengine.excludes.factories.LoggingExcludeFactory] {"operation": { "name": "anyOf", "operands": [{"exclude module id" : "org.jetbrains.kotlin:kotlin-stdlib-common"}, {"exclude module id" : "org.jetbrains.kotlin:kotlin-compiler-embeddable"}, {"exclude module id" : "org.jetbrains.kotlin:kotlin-script-runtime"}, {"exclude module id" : "org.jetbrains.kotlin:kotlin-reflect"}, {"exclude module id" : "org.jetbrains.kotlin:kotlin-stdlib-jdk7"}, {"exclude module id" : "org.jetbrains.kotlin:kotlin-stdlib"}, {"exclude module id" : "org.jetbrains.kotlin:kotlin-stdlib-jdk8"}], "result": { "module ids" : ["org.jetbrains.kotlin:kotlin-stdlib-common", "org.jetbrains.kotlin:kotlin-compiler-embeddable", "org.jetbrains.kotlin:kotlin-script-runtime", "org.jetbrains.kotlin:kotlin-reflect", "org.jetbrains.kotlin:kotlin-stdlib-jdk7", "org.jetbrains.kotlin:kotlin-stdlib", "org.jetbrains.kotlin:kotlin-stdlib-jdk8"]} } }
2026-03-16T23:45:28.529+0700 [DEBUG] [org.gradle.api.internal.artifacts.ivyservice.resolveengine.graph.builder.NodeState] org.jetbrains.kotlin:kotlin-compiler-embeddable is excluded from 'org.jetbrains.kotlin:kotlin-compiler-runner:2.2.10' (runtime) by { "module ids" : ["org.jetbrains.kotlin:kotlin-stdlib-common", "org.jetbrains.kotlin:kotlin-compiler-embeddable", "org.jetbrains.kotlin:kotlin-script-runtime", "org.jetbrains.kotlin:kotlin-reflect", "org.jetbrains.kotlin:kotlin-stdlib-jdk7", "org.jetbrains.kotlin:kotlin-stdlib", "org.jetbrains.kotlin:kotlin-stdlib-jdk8"]}.
2026-03-16T23:45:28.530+0700 [DEBUG] [org.gradle.api.internal.artifacts.ivyservice.ivyresolve.RepositoryChainComponentMetaDataResolver] Attempting to resolve component for org.jetbrains.kotlin:kotlin-daemon-client:2.2.10 using repositories [Google, MavenRepo, Gradle Central Plugin Repository]
2026-03-16T23:45:28.531+0700 [DEBUG] [org.gradle.api.internal.artifacts.ivyservice.ivyresolve.CachingModuleComponentRepository] Using cached module metadata for module 'org.jetbrains.kotlin:kotlin-daemon-client:2.2.10' in 'MavenRepo'
2026-03-16T23:45:28.531+0700 [DEBUG] [org.gradle.api.internal.artifacts.ivyservice.ivyresolve.RepositoryChainComponentMetaDataResolver] Using org.jetbrains.kotlin:kotlin-daemon-client:2.2.10 from Maven repository 'MavenRepo'
2026-03-16T23:45:28.532+0700 [DEBUG] [org.gradle.api.internal.artifacts.ivyservice.ivyresolve.RepositoryChainComponentMetaDataResolver] Attempting to resolve component for org.jetbrains.kotlin:kotlin-stdlib-jdk7:2.2.10 using repositories [Google, MavenRepo, Gradle Central Plugin Repository]
2026-03-16T23:45:28.533+0700 [DEBUG] [org.gradle.api.internal.artifacts.ivyservice.ivyresolve.CachingModuleComponentRepository] Using cached module metadata for module 'org.jetbrains.kotlin:kotlin-stdlib-jdk7:2.2.10' in 'MavenRepo'
2026-03-16T23:45:28.533+0700 [DEBUG] [org.gradle.api.internal.artifacts.ivyservice.ivyresolve.RepositoryChainComponentMetaDataResolver] Using org.jetbrains.kotlin:kotlin-stdlib-jdk7:2.2.10 from Maven repository 'MavenRepo'
2026-03-16T23:45:28.534+0700 [DEBUG] [org.gradle.api.internal.artifacts.ivyservice.ivyresolve.RepositoryChainComponentMetaDataResolver] Attempting to resolve component for org.jetbrains.kotlinx:kotlinx-coroutines-bom:1.9.0 using repositories [Google, MavenRepo, Gradle Central Plugin Repository]
2026-03-16T23:45:28.535+0700 [DEBUG] [org.gradle.api.internal.artifacts.ivyservice.ivyresolve.CachingModuleComponentRepository] Using cached module metadata for module 'org.jetbrains.kotlinx:kotlinx-coroutines-bom:1.9.0' in 'MavenRepo'
2026-03-16T23:45:28.536+0700 [DEBUG] [org.gradle.api.internal.artifacts.ivyservice.ivyresolve.RepositoryChainComponentMetaDataResolver] Using org.jetbrains.kotlinx:kotlinx-coroutines-bom:1.9.0 from Maven repository 'MavenRepo'
2026-03-16T23:45:28.536+0700 [DEBUG] [org.gradle.internal.component.model.LoggingAttributeMatchingExplanationBuilder] Candidate {org.gradle.category=library, org.gradle.libraryelements=jar, org.gradle.status=release, org.gradle.usage=java-api} attribute org.gradle.category value org.gradle.category=library doesn't requested value platform
2026-03-16T23:45:28.536+0700 [DEBUG] [org.gradle.internal.component.model.LoggingAttributeMatchingExplanationBuilder] Candidate {org.gradle.category=library, org.gradle.libraryelements=jar, org.gradle.status=release, org.gradle.usage=java-runtime} attribute org.gradle.category value org.gradle.category=library doesn't requested value platform
2026-03-16T23:45:28.536+0700 [DEBUG] [org.gradle.internal.component.model.LoggingAttributeMatchingExplanationBuilder] Candidate {org.gradle.category=documentation, org.gradle.dependency.bundling=external, org.gradle.docstype=sources, org.gradle.status=release, org.gradle.usage=java-runtime} attribute org.gradle.category value org.gradle.category=documentation doesn't requested value platform
2026-03-16T23:45:28.536+0700 [DEBUG] [org.gradle.internal.component.model.LoggingAttributeMatchingExplanationBuilder] Candidate {org.gradle.category=documentation, org.gradle.dependency.bundling=external, org.gradle.docstype=javadoc, org.gradle.status=release, org.gradle.usage=java-runtime} attribute org.gradle.category value org.gradle.category=documentation doesn't requested value platform
2026-03-16T23:45:28.537+0700 [DEBUG] [org.gradle.internal.component.model.LoggingAttributeMatchingExplanationBuilder] Candidate {org.gradle.category=platform, org.gradle.status=release, org.gradle.usage=java-api} attribute org.gradle.usage value org.gradle.usage=java-api doesn't requested value java-runtime
2026-03-16T23:45:28.537+0700 [DEBUG] [org.gradle.internal.component.model.LoggingAttributeMatchingExplanationBuilder] Candidate {org.gradle.category=platform, org.gradle.status=release, org.gradle.usage=java-runtime} doesn't have attribute org.gradle.libraryelements
2026-03-16T23:45:28.537+0700 [DEBUG] [org.gradle.internal.component.model.LoggingAttributeMatchingExplanationBuilder] Candidate {org.gradle.category=platform, org.gradle.status=release, org.gradle.usage=java-runtime} doesn't have attribute org.gradle.dependency.bundling
2026-03-16T23:45:28.537+0700 [DEBUG] [org.gradle.internal.component.model.LoggingAttributeMatchingExplanationBuilder] Candidate {org.gradle.category=platform, org.gradle.status=release, org.gradle.usage=java-runtime} doesn't have attribute org.gradle.jvm.version
2026-03-16T23:45:28.537+0700 [DEBUG] [org.gradle.internal.component.model.LoggingAttributeMatchingExplanationBuilder] Candidate {org.gradle.category=platform, org.gradle.status=release, org.gradle.usage=java-runtime} doesn't have attribute org.gradle.plugin.api-version
2026-03-16T23:45:28.538+0700 [DEBUG] [org.gradle.internal.component.model.LoggingAttributeMatchingExplanationBuilder] Candidate {org.gradle.category=enforced-platform, org.gradle.status=release, org.gradle.usage=java-api} attribute org.gradle.category value org.gradle.category=enforced-platform doesn't requested value platform
2026-03-16T23:45:28.538+0700 [DEBUG] [org.gradle.internal.component.model.LoggingAttributeMatchingExplanationBuilder] Candidate {org.gradle.category=enforced-platform, org.gradle.status=release, org.gradle.usage=java-runtime} attribute org.gradle.category value org.gradle.category=enforced-platform doesn't requested value platform
2026-03-16T23:45:28.538+0700 [DEBUG] [org.gradle.api.internal.attributes.matching.DefaultAttributeMatcher] Selected matches [5] from candidates [{org.gradle.category=library, org.gradle.libraryelements=jar, org.gradle.status=release, org.gradle.usage=java-api}, {org.gradle.category=library, org.gradle.libraryelements=jar, org.gradle.status=release, org.gradle.usage=java-runtime}, {org.gradle.category=documentation, org.gradle.dependency.bundling=external, org.gradle.docstype=sources, org.gradle.status=release, org.gradle.usage=java-runtime}, {org.gradle.category=documentation, org.gradle.dependency.bundling=external, org.gradle.docstype=javadoc, org.gradle.status=release, org.gradle.usage=java-runtime}, {org.gradle.category=platform, org.gradle.status=release, org.gradle.usage=java-api}, {org.gradle.category=platform, org.gradle.status=release, org.gradle.usage=java-runtime}, {org.gradle.category=enforced-platform, org.gradle.status=release, org.gradle.usage=java-api}, {org.gradle.category=enforced-platform, org.gradle.status=release, org.gradle.usage=java-runtime}] for {org.gradle.category=platform, org.gradle.dependency.bundling=external, org.gradle.jvm.version=24, org.gradle.libraryelements=jar, org.gradle.plugin.api-version=9.3.1, org.gradle.usage=java-runtime}
2026-03-16T23:45:28.539+0700 [DEBUG] [org.gradle.api.internal.artifacts.ivyservice.resolveengine.excludes.factories.LoggingExcludeFactory] {"operation": { "name": "anyOf", "operands": [{"exclude module id" : "org.jetbrains.kotlin:kotlin-stdlib-common"}, {"exclude module id" : "org.jetbrains.kotlin:kotlin-script-runtime"}, {"exclude module id" : "org.jetbrains.kotlin:kotlin-reflect"}, {"exclude module id" : "org.jetbrains.kotlin:kotlin-util-klib"}, {"exclude module id" : "org.jetbrains.kotlin:kotlin-stdlib-jdk7"}, {"exclude module id" : "org.jetbrains.kotlin:kotlin-stdlib"}, {"exclude module id" : "org.jetbrains.kotlin:kotlin-stdlib-jdk8"}], "result": { "module ids" : ["org.jetbrains.kotlin:kotlin-stdlib-common", "org.jetbrains.kotlin:kotlin-script-runtime", "org.jetbrains.kotlin:kotlin-reflect", "org.jetbrains.kotlin:kotlin-util-klib", "org.jetbrains.kotlin:kotlin-stdlib-jdk7", "org.jetbrains.kotlin:kotlin-stdlib", "org.jetbrains.kotlin:kotlin-stdlib-jdk8"]} } }
2026-03-16T23:45:28.541+0700 [DEBUG] [org.gradle.api.internal.artifacts.ivyservice.resolveengine.excludes.factories.LoggingExcludeFactory] {"operation": { "name": "allOf", "operands": [{ "module ids" : ["org.jetbrains.kotlin:kotlin-stdlib-common", "org.jetbrains.kotlin:kotlin-script-runtime", "org.jetbrains.kotlin:kotlin-reflect", "org.jetbrains.kotlin:kotlin-stdlib-jdk7", "org.jetbrains.kotlin:kotlin-stdlib", "org.jetbrains.kotlin:kotlin-stdlib-jdk8"]}, { "module ids" : ["org.jetbrains.kotlin:kotlin-stdlib-common", "org.jetbrains.kotlin:kotlin-script-runtime", "org.jetbrains.kotlin:kotlin-reflect", "org.jetbrains.kotlin:kotlin-util-klib", "org.jetbrains.kotlin:kotlin-stdlib-jdk7", "org.jetbrains.kotlin:kotlin-stdlib", "org.jetbrains.kotlin:kotlin-stdlib-jdk8"]}], "result": { "module ids" : ["org.jetbrains.kotlin:kotlin-stdlib-common", "org.jetbrains.kotlin:kotlin-script-runtime", "org.jetbrains.kotlin:kotlin-reflect", "org.jetbrains.kotlin:kotlin-stdlib-jdk7", "org.jetbrains.kotlin:kotlin-stdlib", "org.jetbrains.kotlin:kotlin-stdlib-jdk8"]} } }
2026-03-16T23:45:28.541+0700 [DEBUG] [org.gradle.api.internal.artifacts.ivyservice.resolveengine.graph.builder.NodeState] org.jetbrains.kotlin:kotlin-stdlib is excluded from 'org.jetbrains.kotlin:kotlin-util-io:2.2.10' (runtime) by { "module ids" : ["org.jetbrains.kotlin:kotlin-stdlib-common", "org.jetbrains.kotlin:kotlin-script-runtime", "org.jetbrains.kotlin:kotlin-reflect", "org.jetbrains.kotlin:kotlin-stdlib-jdk7", "org.jetbrains.kotlin:kotlin-stdlib", "org.jetbrains.kotlin:kotlin-stdlib-jdk8"]}.
2026-03-16T23:45:28.541+0700 [DEBUG] [org.gradle.api.internal.artifacts.ivyservice.resolveengine.graph.builder.NodeState] org.jetbrains.kotlin:kotlin-stdlib is excluded from 'org.jetbrains.kotlin:kotlin-util-klib:2.2.10' (runtime) by { "module ids" : ["org.jetbrains.kotlin:kotlin-stdlib-common", "org.jetbrains.kotlin:kotlin-script-runtime", "org.jetbrains.kotlin:kotlin-reflect", "org.jetbrains.kotlin:kotlin-stdlib-jdk7", "org.jetbrains.kotlin:kotlin-stdlib", "org.jetbrains.kotlin:kotlin-stdlib-jdk8"]}.
2026-03-16T23:45:28.542+0700 [DEBUG] [org.gradle.api.internal.artifacts.ivyservice.resolveengine.graph.builder.NodeState] org.jetbrains.kotlin:kotlin-stdlib is excluded from 'org.jetbrains.kotlin:kotlin-daemon-client:2.2.10' (runtime) by { "module ids" : ["org.jetbrains.kotlin:kotlin-stdlib-common", "org.jetbrains.kotlin:kotlin-compiler-embeddable", "org.jetbrains.kotlin:kotlin-script-runtime", "org.jetbrains.kotlin:kotlin-reflect", "org.jetbrains.kotlin:kotlin-stdlib-jdk7", "org.jetbrains.kotlin:kotlin-stdlib", "org.jetbrains.kotlin:kotlin-stdlib-jdk8"]}.
2026-03-16T23:45:28.544+0700 [DEBUG] [org.gradle.api.internal.artifacts.ivyservice.resolveengine.excludes.factories.LoggingExcludeFactory] {"operation": { "name": "anyOf", "operands": [{ "module ids" : ["org.jetbrains.kotlin:kotlin-stdlib-common", "org.jetbrains.kotlin:kotlin-script-runtime", "org.jetbrains.kotlin:kotlin-reflect", "org.jetbrains.kotlin:kotlin-stdlib-jdk7", "org.jetbrains.kotlin:kotlin-stdlib", "org.jetbrains.kotlin:kotlin-stdlib-jdk8"]}, { "module ids" : ["org.jetbrains.kotlin:kotlin-stdlib-common", "org.jetbrains.kotlin:kotlin-script-runtime", "org.jetbrains.kotlin:kotlin-reflect", "org.jetbrains.kotlin:kotlin-util-klib", "org.jetbrains.kotlin:kotlin-stdlib-jdk7", "org.jetbrains.kotlin:kotlin-stdlib", "org.jetbrains.kotlin:kotlin-stdlib-jdk8"]}], "result": { "module ids" : ["org.jetbrains.kotlin:kotlin-stdlib-common", "org.jetbrains.kotlin:kotlin-script-runtime", "org.jetbrains.kotlin:kotlin-reflect", "org.jetbrains.kotlin:kotlin-util-klib", "org.jetbrains.kotlin:kotlin-stdlib-jdk7", "org.jetbrains.kotlin:kotlin-stdlib", "org.jetbrains.kotlin:kotlin-stdlib-jdk8"]} } }
2026-03-16T23:45:28.551+0700 [DEBUG] [org.gradle.internal.operations.DefaultBuildOperationRunner] Build operation 'Resolve dependencies of classpath' completed
2026-03-16T23:45:28.551+0700 [DEBUG] [org.gradle.internal.component.model.LoggingAttributeMatchingExplanationBuilder] Selected match {artifactType=jar, org.gradle.category=library, org.gradle.internal.instrumented=not-instrumented, org.gradle.libraryelements=jar, org.gradle.status=release, org.gradle.usage=java-runtime} from candidates [{artifactType=jar, org.gradle.category=library, org.gradle.internal.instrumented=not-instrumented, org.gradle.libraryelements=jar, org.gradle.status=release, org.gradle.usage=java-runtime}] for {org.gradle.category=library, org.gradle.dependency.bundling=external, org.gradle.jvm.version=24, org.gradle.libraryelements=jar, org.gradle.plugin.api-version=9.3.1, org.gradle.usage=java-runtime}
2026-03-16T23:45:28.552+0700 [DEBUG] [org.gradle.internal.component.model.LoggingAttributeMatchingExplanationBuilder] Selected match {artifactType=jar, org.gradle.category=library, org.gradle.dependency.bundling=external, org.gradle.internal.instrumented=not-instrumented, org.gradle.jvm.environment=standard-jvm, org.gradle.jvm.version=11, org.gradle.libraryelements=jar, org.gradle.status=release, org.gradle.usage=java-runtime, org.jetbrains.kotlin.platform.type=jvm} from candidates [{artifactType=jar, org.gradle.category=library, org.gradle.dependency.bundling=external, org.gradle.internal.instrumented=not-instrumented, org.gradle.jvm.environment=standard-jvm, org.gradle.jvm.version=11, org.gradle.libraryelements=jar, org.gradle.status=release, org.gradle.usage=java-runtime, org.jetbrains.kotlin.platform.type=jvm}] for {org.gradle.category=library, org.gradle.dependency.bundling=external, org.gradle.jvm.version=24, org.gradle.libraryelements=jar, org.gradle.plugin.api-version=9.3.1, org.gradle.usage=java-runtime}
2026-03-16T23:45:28.553+0700 [DEBUG] [org.gradle.internal.component.model.LoggingAttributeMatchingExplanationBuilder] Selected match {artifactType=jar, org.gradle.category=library, org.gradle.dependency.bundling=external, org.gradle.internal.instrumented=not-instrumented, org.gradle.jvm.environment=standard-jvm, org.gradle.jvm.version=11, org.gradle.libraryelements=jar, org.gradle.status=release, org.gradle.usage=java-runtime, org.jetbrains.kotlin.platform.type=jvm} from candidates [{artifactType=jar, org.gradle.category=library, org.gradle.dependency.bundling=external, org.gradle.internal.instrumented=not-instrumented, org.gradle.jvm.environment=standard-jvm, org.gradle.jvm.version=11, org.gradle.libraryelements=jar, org.gradle.status=release, org.gradle.usage=java-runtime, org.jetbrains.kotlin.platform.type=jvm}] for {org.gradle.category=library, org.gradle.dependency.bundling=external, org.gradle.jvm.version=24, org.gradle.libraryelements=jar, org.gradle.plugin.api-version=9.3.1, org.gradle.usage=java-runtime}
2026-03-16T23:45:28.553+0700 [DEBUG] [org.gradle.internal.component.model.LoggingAttributeMatchingExplanationBuilder] Selected match {artifactType=jar, org.gradle.category=library, org.gradle.dependency.bundling=external, org.gradle.internal.instrumented=not-instrumented, org.gradle.jvm.environment=standard-jvm, org.gradle.jvm.version=11, org.gradle.libraryelements=jar, org.gradle.status=release, org.gradle.usage=java-runtime, org.jetbrains.kotlin.platform.type=jvm} from candidates [{artifactType=jar, org.gradle.category=library, org.gradle.dependency.bundling=external, org.gradle.internal.instrumented=not-instrumented, org.gradle.jvm.environment=standard-jvm, org.gradle.jvm.version=11, org.gradle.libraryelements=jar, org.gradle.status=release, org.gradle.usage=java-runtime, org.jetbrains.kotlin.platform.type=jvm}] for {org.gradle.category=library, org.gradle.dependency.bundling=external, org.gradle.jvm.version=24, org.gradle.libraryelements=jar, org.gradle.plugin.api-version=9.3.1, org.gradle.usage=java-runtime}
2026-03-16T23:45:28.553+0700 [DEBUG] [org.gradle.internal.component.model.LoggingAttributeMatchingExplanationBuilder] Selected match {artifactType=jar, org.gradle.category=library, org.gradle.dependency.bundling=external, org.gradle.internal.instrumented=not-instrumented, org.gradle.jvm.environment=standard-jvm, org.gradle.jvm.version=11, org.gradle.libraryelements=jar, org.gradle.status=release, org.gradle.usage=java-runtime, org.jetbrains.kotlin.platform.type=jvm} from candidates [{artifactType=jar, org.gradle.category=library, org.gradle.dependency.bundling=external, org.gradle.internal.instrumented=not-instrumented, org.gradle.jvm.environment=standard-jvm, org.gradle.jvm.version=11, org.gradle.libraryelements=jar, org.gradle.status=release, org.gradle.usage=java-runtime, org.jetbrains.kotlin.platform.type=jvm}] for {org.gradle.category=library, org.gradle.dependency.bundling=external, org.gradle.jvm.version=24, org.gradle.libraryelements=jar, org.gradle.plugin.api-version=9.3.1, org.gradle.usage=java-runtime}
2026-03-16T23:45:28.554+0700 [DEBUG] [org.gradle.internal.component.model.LoggingAttributeMatchingExplanationBuilder] Selected match {artifactType=jar, org.gradle.category=library, org.gradle.dependency.bundling=external, org.gradle.internal.instrumented=not-instrumented, org.gradle.jvm.environment=standard-jvm, org.gradle.jvm.version=11, org.gradle.libraryelements=jar, org.gradle.status=release, org.gradle.usage=java-runtime, org.jetbrains.kotlin.platform.type=jvm} from candidates [{artifactType=jar, org.gradle.category=library, org.gradle.dependency.bundling=external, org.gradle.internal.instrumented=not-instrumented, org.gradle.jvm.environment=standard-jvm, org.gradle.jvm.version=11, org.gradle.libraryelements=jar, org.gradle.status=release, org.gradle.usage=java-runtime, org.jetbrains.kotlin.platform.type=jvm}] for {org.gradle.category=library, org.gradle.dependency.bundling=external, org.gradle.jvm.version=24, org.gradle.libraryelements=jar, org.gradle.plugin.api-version=9.3.1, org.gradle.usage=java-runtime}
2026-03-16T23:45:28.554+0700 [DEBUG] [org.gradle.internal.component.model.LoggingAttributeMatchingExplanationBuilder] Selected match {artifactType=jar, org.gradle.category=library, org.gradle.dependency.bundling=external, org.gradle.internal.instrumented=not-instrumented, org.gradle.jvm.environment=standard-jvm, org.gradle.jvm.version=11, org.gradle.libraryelements=jar, org.gradle.status=release, org.gradle.usage=java-runtime, org.jetbrains.kotlin.platform.type=jvm} from candidates [{artifactType=jar, org.gradle.category=library, org.gradle.dependency.bundling=external, org.gradle.internal.instrumented=not-instrumented, org.gradle.jvm.environment=standard-jvm, org.gradle.jvm.version=11, org.gradle.libraryelements=jar, org.gradle.status=release, org.gradle.usage=java-runtime, org.jetbrains.kotlin.platform.type=jvm}] for {org.gradle.category=library, org.gradle.dependency.bundling=external, org.gradle.jvm.version=24, org.gradle.libraryelements=jar, org.gradle.plugin.api-version=9.3.1, org.gradle.usage=java-runtime}
2026-03-16T23:45:28.554+0700 [DEBUG] [org.gradle.internal.component.model.LoggingAttributeMatchingExplanationBuilder] Selected match {artifactType=jar, org.gradle.category=library, org.gradle.internal.instrumented=not-instrumented, org.gradle.libraryelements=jar, org.gradle.status=release, org.gradle.usage=java-runtime} from candidates [{artifactType=jar, org.gradle.category=library, org.gradle.internal.instrumented=not-instrumented, org.gradle.libraryelements=jar, org.gradle.status=release, org.gradle.usage=java-runtime}] for {org.gradle.category=library, org.gradle.dependency.bundling=external, org.gradle.jvm.version=24, org.gradle.libraryelements=jar, org.gradle.plugin.api-version=9.3.1, org.gradle.usage=java-runtime}
2026-03-16T23:45:28.555+0700 [DEBUG] [org.gradle.internal.component.model.LoggingAttributeMatchingExplanationBuilder] Selected match {artifactType=jar, org.gradle.category=library, org.gradle.dependency.bundling=external, org.gradle.internal.instrumented=not-instrumented, org.gradle.jvm.version=7, org.gradle.libraryelements=jar, org.gradle.status=release, org.gradle.usage=java-runtime, org.jetbrains.kotlin.localToProject=public, org.jetbrains.kotlin.platform.type=jvm} from candidates [{artifactType=jar, org.gradle.category=library, org.gradle.dependency.bundling=external, org.gradle.internal.instrumented=not-instrumented, org.gradle.jvm.version=7, org.gradle.libraryelements=jar, org.gradle.status=release, org.gradle.usage=java-runtime, org.jetbrains.kotlin.localToProject=public, org.jetbrains.kotlin.platform.type=jvm}] for {org.gradle.category=library, org.gradle.dependency.bundling=external, org.gradle.jvm.version=24, org.gradle.libraryelements=jar, org.gradle.plugin.api-version=9.3.1, org.gradle.usage=java-runtime}
2026-03-16T23:45:28.555+0700 [DEBUG] [org.gradle.internal.component.model.LoggingAttributeMatchingExplanationBuilder] Selected match {artifactType=jar, org.gradle.category=library, org.gradle.dependency.bundling=external, org.gradle.internal.instrumented=not-instrumented, org.gradle.jvm.version=7, org.gradle.libraryelements=jar, org.gradle.status=release, org.gradle.usage=java-runtime, org.jetbrains.kotlin.localToProject=public, org.jetbrains.kotlin.platform.type=jvm} from candidates [{artifactType=jar, org.gradle.category=library, org.gradle.dependency.bundling=external, org.gradle.internal.instrumented=not-instrumented, org.gradle.jvm.version=7, org.gradle.libraryelements=jar, org.gradle.status=release, org.gradle.usage=java-runtime, org.jetbrains.kotlin.localToProject=public, org.jetbrains.kotlin.platform.type=jvm}] for {org.gradle.category=library, org.gradle.dependency.bundling=external, org.gradle.jvm.version=24, org.gradle.libraryelements=jar, org.gradle.plugin.api-version=9.3.1, org.gradle.usage=java-runtime}
2026-03-16T23:45:28.555+0700 [DEBUG] [org.gradle.internal.component.model.LoggingAttributeMatchingExplanationBuilder] Selected match {artifactType=jar, org.gradle.category=library, org.gradle.dependency.bundling=external, org.gradle.internal.instrumented=not-instrumented, org.gradle.jvm.environment=standard-jvm, org.gradle.jvm.version=11, org.gradle.libraryelements=jar, org.gradle.status=release, org.gradle.usage=java-runtime, org.jetbrains.kotlin.platform.type=jvm} from candidates [{artifactType=jar, org.gradle.category=library, org.gradle.dependency.bundling=external, org.gradle.internal.instrumented=not-instrumented, org.gradle.jvm.environment=standard-jvm, org.gradle.jvm.version=11, org.gradle.libraryelements=jar, org.gradle.status=release, org.gradle.usage=java-runtime, org.jetbrains.kotlin.platform.type=jvm}] for {org.gradle.category=library, org.gradle.dependency.bundling=external, org.gradle.jvm.version=24, org.gradle.libraryelements=jar, org.gradle.plugin.api-version=9.3.1, org.gradle.usage=java-runtime}
2026-03-16T23:45:28.556+0700 [DEBUG] [org.gradle.internal.component.model.LoggingAttributeMatchingExplanationBuilder] Selected match {artifactType=jar, org.gradle.category=library, org.gradle.internal.instrumented=not-instrumented, org.gradle.libraryelements=jar, org.gradle.status=release, org.gradle.usage=java-runtime} from candidates [{artifactType=jar, org.gradle.category=library, org.gradle.internal.instrumented=not-instrumented, org.gradle.libraryelements=jar, org.gradle.status=release, org.gradle.usage=java-runtime}] for {org.gradle.category=library, org.gradle.dependency.bundling=external, org.gradle.jvm.version=24, org.gradle.libraryelements=jar, org.gradle.plugin.api-version=9.3.1, org.gradle.usage=java-runtime}
2026-03-16T23:45:28.556+0700 [DEBUG] [org.gradle.internal.component.model.LoggingAttributeMatchingExplanationBuilder] Selected match {artifactType=jar, org.gradle.category=library, org.gradle.dependency.bundling=external, org.gradle.internal.instrumented=not-instrumented, org.gradle.jvm.environment=standard-jvm, org.gradle.jvm.version=11, org.gradle.libraryelements=jar, org.gradle.status=release, org.gradle.usage=java-runtime, org.jetbrains.kotlin.platform.type=jvm} from candidates [{artifactType=jar, org.gradle.category=library, org.gradle.dependency.bundling=external, org.gradle.internal.instrumented=not-instrumented, org.gradle.jvm.environment=standard-jvm, org.gradle.jvm.version=11, org.gradle.libraryelements=jar, org.gradle.status=release, org.gradle.usage=java-runtime, org.jetbrains.kotlin.platform.type=jvm}] for {org.gradle.category=library, org.gradle.dependency.bundling=external, org.gradle.jvm.version=24, org.gradle.libraryelements=jar, org.gradle.plugin.api-version=9.3.1, org.gradle.usage=java-runtime}
2026-03-16T23:45:28.557+0700 [DEBUG] [org.gradle.internal.component.model.LoggingAttributeMatchingExplanationBuilder] Selected match {artifactType=jar, org.gradle.category=library, org.gradle.dependency.bundling=external, org.gradle.internal.instrumented=not-instrumented, org.gradle.jvm.environment=standard-jvm, org.gradle.jvm.version=11, org.gradle.libraryelements=jar, org.gradle.status=release, org.gradle.usage=java-runtime, org.jetbrains.kotlin.platform.type=jvm} from candidates [{artifactType=jar, org.gradle.category=library, org.gradle.dependency.bundling=external, org.gradle.internal.instrumented=not-instrumented, org.gradle.jvm.environment=standard-jvm, org.gradle.jvm.version=11, org.gradle.libraryelements=jar, org.gradle.status=release, org.gradle.usage=java-runtime, org.jetbrains.kotlin.platform.type=jvm}] for {org.gradle.category=library, org.gradle.dependency.bundling=external, org.gradle.jvm.version=24, org.gradle.libraryelements=jar, org.gradle.plugin.api-version=9.3.1, org.gradle.usage=java-runtime}
2026-03-16T23:45:28.557+0700 [DEBUG] [org.gradle.internal.component.model.LoggingAttributeMatchingExplanationBuilder] Selected match {artifactType=jar, org.gradle.category=library, org.gradle.internal.instrumented=not-instrumented, org.gradle.libraryelements=jar, org.gradle.status=release, org.gradle.usage=java-runtime} from candidates [{artifactType=jar, org.gradle.category=library, org.gradle.internal.instrumented=not-instrumented, org.gradle.libraryelements=jar, org.gradle.status=release, org.gradle.usage=java-runtime}] for {org.gradle.category=library, org.gradle.dependency.bundling=external, org.gradle.jvm.version=24, org.gradle.libraryelements=jar, org.gradle.plugin.api-version=9.3.1, org.gradle.usage=java-runtime}
2026-03-16T23:45:28.557+0700 [DEBUG] [org.gradle.internal.component.model.LoggingAttributeMatchingExplanationBuilder] Selected match {artifactType=jar, org.gradle.category=library, org.gradle.internal.instrumented=not-instrumented, org.gradle.libraryelements=jar, org.gradle.status=release, org.gradle.usage=java-runtime} from candidates [{artifactType=jar, org.gradle.category=library, org.gradle.internal.instrumented=not-instrumented, org.gradle.libraryelements=jar, org.gradle.status=release, org.gradle.usage=java-runtime}] for {org.gradle.category=library, org.gradle.dependency.bundling=external, org.gradle.jvm.version=24, org.gradle.libraryelements=jar, org.gradle.plugin.api-version=9.3.1, org.gradle.usage=java-runtime}
2026-03-16T23:45:28.557+0700 [DEBUG] [org.gradle.internal.component.model.LoggingAttributeMatchingExplanationBuilder] Selected match {artifactType=jar, org.gradle.category=library, org.gradle.internal.instrumented=not-instrumented, org.gradle.libraryelements=jar, org.gradle.status=release, org.gradle.usage=java-runtime} from candidates [{artifactType=jar, org.gradle.category=library, org.gradle.internal.instrumented=not-instrumented, org.gradle.libraryelements=jar, org.gradle.status=release, org.gradle.usage=java-runtime}] for {org.gradle.category=library, org.gradle.dependency.bundling=external, org.gradle.jvm.version=24, org.gradle.libraryelements=jar, org.gradle.plugin.api-version=9.3.1, org.gradle.usage=java-runtime}
2026-03-16T23:45:28.558+0700 [DEBUG] [org.gradle.internal.component.model.LoggingAttributeMatchingExplanationBuilder] Selected match {artifactType=jar, org.gradle.category=library, org.gradle.internal.instrumented=not-instrumented, org.gradle.libraryelements=jar, org.gradle.status=release, org.gradle.usage=java-runtime} from candidates [{artifactType=jar, org.gradle.category=library, org.gradle.internal.instrumented=not-instrumented, org.gradle.libraryelements=jar, org.gradle.status=release, org.gradle.usage=java-runtime}] for {org.gradle.category=library, org.gradle.dependency.bundling=external, org.gradle.jvm.version=24, org.gradle.libraryelements=jar, org.gradle.plugin.api-version=9.3.1, org.gradle.usage=java-runtime}
2026-03-16T23:45:28.558+0700 [DEBUG] [org.gradle.internal.component.model.LoggingAttributeMatchingExplanationBuilder] Selected match {artifactType=jar, org.gradle.category=library, org.gradle.internal.instrumented=not-instrumented, org.gradle.libraryelements=jar, org.gradle.status=release, org.gradle.usage=java-runtime} from candidates [{artifactType=jar, org.gradle.category=library, org.gradle.internal.instrumented=not-instrumented, org.gradle.libraryelements=jar, org.gradle.status=release, org.gradle.usage=java-runtime}] for {org.gradle.category=library, org.gradle.dependency.bundling=external, org.gradle.jvm.version=24, org.gradle.libraryelements=jar, org.gradle.plugin.api-version=9.3.1, org.gradle.usage=java-runtime}
2026-03-16T23:45:28.558+0700 [DEBUG] [org.gradle.internal.component.model.LoggingAttributeMatchingExplanationBuilder] Selected match {artifactType=jar, org.gradle.category=library, org.gradle.dependency.bundling=external, org.gradle.internal.instrumented=not-instrumented, org.gradle.jvm.version=11, org.gradle.libraryelements=jar, org.gradle.status=release, org.gradle.usage=java-runtime} from candidates [{artifactType=jar, org.gradle.category=library, org.gradle.dependency.bundling=external, org.gradle.internal.instrumented=not-instrumented, org.gradle.jvm.version=11, org.gradle.libraryelements=jar, org.gradle.status=release, org.gradle.usage=java-runtime}] for {org.gradle.category=library, org.gradle.dependency.bundling=external, org.gradle.jvm.version=24, org.gradle.libraryelements=jar, org.gradle.plugin.api-version=9.3.1, org.gradle.usage=java-runtime}
2026-03-16T23:45:28.558+0700 [DEBUG] [org.gradle.internal.component.model.LoggingAttributeMatchingExplanationBuilder] Selected match {artifactType=jar, org.gradle.category=library, org.gradle.internal.instrumented=not-instrumented, org.gradle.libraryelements=jar, org.gradle.status=release, org.gradle.usage=java-runtime} from candidates [{artifactType=jar, org.gradle.category=library, org.gradle.internal.instrumented=not-instrumented, org.gradle.libraryelements=jar, org.gradle.status=release, org.gradle.usage=java-runtime}] for {org.gradle.category=library, org.gradle.dependency.bundling=external, org.gradle.jvm.version=24, org.gradle.libraryelements=jar, org.gradle.plugin.api-version=9.3.1, org.gradle.usage=java-runtime}
2026-03-16T23:45:28.558+0700 [DEBUG] [org.gradle.internal.component.model.LoggingAttributeMatchingExplanationBuilder] Selected match {artifactType=jar, org.gradle.category=library, org.gradle.internal.instrumented=not-instrumented, org.gradle.libraryelements=jar, org.gradle.status=release, org.gradle.usage=java-runtime} from candidates [{artifactType=jar, org.gradle.category=library, org.gradle.internal.instrumented=not-instrumented, org.gradle.libraryelements=jar, org.gradle.status=release, org.gradle.usage=java-runtime}] for {org.gradle.category=library, org.gradle.dependency.bundling=external, org.gradle.jvm.version=24, org.gradle.libraryelements=jar, org.gradle.plugin.api-version=9.3.1, org.gradle.usage=java-runtime}
2026-03-16T23:45:28.559+0700 [DEBUG] [org.gradle.internal.component.model.LoggingAttributeMatchingExplanationBuilder] Selected match {artifactType=jar, org.gradle.category=library, org.gradle.internal.instrumented=not-instrumented, org.gradle.libraryelements=jar, org.gradle.status=release, org.gradle.usage=java-runtime} from candidates [{artifactType=jar, org.gradle.category=library, org.gradle.internal.instrumented=not-instrumented, org.gradle.libraryelements=jar, org.gradle.status=release, org.gradle.usage=java-runtime}] for {org.gradle.category=library, org.gradle.dependency.bundling=external, org.gradle.jvm.version=24, org.gradle.libraryelements=jar, org.gradle.plugin.api-version=9.3.1, org.gradle.usage=java-runtime}
2026-03-16T23:45:28.559+0700 [DEBUG] [org.gradle.internal.component.model.LoggingAttributeMatchingExplanationBuilder] Selected match {artifactType=jar, org.gradle.category=library, org.gradle.internal.instrumented=not-instrumented, org.gradle.libraryelements=jar, org.gradle.status=release, org.gradle.usage=java-runtime} from candidates [{artifactType=jar, org.gradle.category=library, org.gradle.internal.instrumented=not-instrumented, org.gradle.libraryelements=jar, org.gradle.status=release, org.gradle.usage=java-runtime}] for {org.gradle.category=library, org.gradle.dependency.bundling=external, org.gradle.jvm.version=24, org.gradle.libraryelements=jar, org.gradle.plugin.api-version=9.3.1, org.gradle.usage=java-runtime}
2026-03-16T23:45:28.559+0700 [DEBUG] [org.gradle.internal.component.model.LoggingAttributeMatchingExplanationBuilder] Selected match {artifactType=jar, org.gradle.category=library, org.gradle.internal.instrumented=not-instrumented, org.gradle.libraryelements=jar, org.gradle.status=release, org.gradle.usage=java-runtime} from candidates [{artifactType=jar, org.gradle.category=library, org.gradle.internal.instrumented=not-instrumented, org.gradle.libraryelements=jar, org.gradle.status=release, org.gradle.usage=java-runtime}] for {org.gradle.category=library, org.gradle.dependency.bundling=external, org.gradle.jvm.version=24, org.gradle.libraryelements=jar, org.gradle.plugin.api-version=9.3.1, org.gradle.usage=java-runtime}
2026-03-16T23:45:28.559+0700 [DEBUG] [org.gradle.internal.component.model.LoggingAttributeMatchingExplanationBuilder] Selected match {artifactType=jar, org.gradle.category=library, org.gradle.internal.instrumented=not-instrumented, org.gradle.libraryelements=jar, org.gradle.status=release, org.gradle.usage=java-runtime} from candidates [{artifactType=jar, org.gradle.category=library, org.gradle.internal.instrumented=not-instrumented, org.gradle.libraryelements=jar, org.gradle.status=release, org.gradle.usage=java-runtime}] for {org.gradle.category=library, org.gradle.dependency.bundling=external, org.gradle.jvm.version=24, org.gradle.libraryelements=jar, org.gradle.plugin.api-version=9.3.1, org.gradle.usage=java-runtime}
2026-03-16T23:45:28.559+0700 [DEBUG] [org.gradle.internal.component.model.LoggingAttributeMatchingExplanationBuilder] Selected match {org.gradle.category=platform, org.gradle.internal.instrumented=not-instrumented, org.gradle.status=release, org.gradle.usage=java-runtime} from candidates [{org.gradle.category=platform, org.gradle.internal.instrumented=not-instrumented, org.gradle.status=release, org.gradle.usage=java-runtime}] for {org.gradle.category=platform, org.gradle.dependency.bundling=external, org.gradle.jvm.version=24, org.gradle.libraryelements=jar, org.gradle.plugin.api-version=9.3.1, org.gradle.usage=java-runtime}
2026-03-16T23:45:28.559+0700 [DEBUG] [org.gradle.internal.component.model.LoggingAttributeMatchingExplanationBuilder] Selected match {org.gradle.category=library, org.gradle.internal.instrumented=not-instrumented, org.gradle.jvm.environment=standard-jvm, org.gradle.libraryelements=jar, org.gradle.status=release, org.gradle.usage=java-runtime, org.jetbrains.kotlin.platform.type=jvm} from candidates [{org.gradle.category=library, org.gradle.internal.instrumented=not-instrumented, org.gradle.jvm.environment=standard-jvm, org.gradle.libraryelements=jar, org.gradle.status=release, org.gradle.usage=java-runtime, org.jetbrains.kotlin.platform.type=jvm}] for {org.gradle.category=library, org.gradle.dependency.bundling=external, org.gradle.jvm.version=24, org.gradle.libraryelements=jar, org.gradle.plugin.api-version=9.3.1, org.gradle.usage=java-runtime}
2026-03-16T23:45:28.559+0700 [DEBUG] [org.gradle.internal.component.model.LoggingAttributeMatchingExplanationBuilder] Selected match {artifactType=jar, org.gradle.category=library, org.gradle.dependency.bundling=external, org.gradle.internal.instrumented=not-instrumented, org.gradle.jvm.environment=standard-jvm, org.gradle.jvm.version=8, org.gradle.libraryelements=jar, org.gradle.status=release, org.gradle.usage=java-runtime} from candidates [{artifactType=jar, org.gradle.category=library, org.gradle.dependency.bundling=external, org.gradle.internal.instrumented=not-instrumented, org.gradle.jvm.environment=standard-jvm, org.gradle.jvm.version=8, org.gradle.libraryelements=jar, org.gradle.status=release, org.gradle.usage=java-runtime}] for {org.gradle.category=library, org.gradle.dependency.bundling=external, org.gradle.jvm.version=24, org.gradle.libraryelements=jar, org.gradle.plugin.api-version=9.3.1, org.gradle.usage=java-runtime}
2026-03-16T23:45:28.560+0700 [DEBUG] [org.gradle.internal.component.model.LoggingAttributeMatchingExplanationBuilder] Selected match {artifactType=jar, org.gradle.category=library, org.gradle.dependency.bundling=external, org.gradle.internal.instrumented=not-instrumented, org.gradle.jvm.environment=standard-jvm, org.gradle.jvm.version=8, org.gradle.libraryelements=jar, org.gradle.plugin.api-version=8.13, org.gradle.status=release, org.gradle.usage=java-runtime} from candidates [{artifactType=jar, org.gradle.category=library, org.gradle.dependency.bundling=external, org.gradle.internal.instrumented=not-instrumented, org.gradle.jvm.environment=standard-jvm, org.gradle.jvm.version=8, org.gradle.libraryelements=jar, org.gradle.plugin.api-version=8.13, org.gradle.status=release, org.gradle.usage=java-runtime}] for {org.gradle.category=library, org.gradle.dependency.bundling=external, org.gradle.jvm.version=24, org.gradle.libraryelements=jar, org.gradle.plugin.api-version=9.3.1, org.gradle.usage=java-runtime}
2026-03-16T23:45:28.560+0700 [DEBUG] [org.gradle.internal.component.model.LoggingAttributeMatchingExplanationBuilder] Selected match {artifactType=jar, org.gradle.category=library, org.gradle.dependency.bundling=external, org.gradle.internal.instrumented=not-instrumented, org.gradle.jvm.environment=standard-jvm, org.gradle.jvm.version=8, org.gradle.libraryelements=jar, org.gradle.status=release, org.gradle.usage=java-runtime} from candidates [{artifactType=jar, org.gradle.category=library, org.gradle.dependency.bundling=external, org.gradle.internal.instrumented=not-instrumented, org.gradle.jvm.environment=standard-jvm, org.gradle.jvm.version=8, org.gradle.libraryelements=jar, org.gradle.status=release, org.gradle.usage=java-runtime}] for {org.gradle.category=library, org.gradle.dependency.bundling=external, org.gradle.jvm.version=24, org.gradle.libraryelements=jar, org.gradle.plugin.api-version=9.3.1, org.gradle.usage=java-runtime}
2026-03-16T23:45:28.560+0700 [DEBUG] [org.gradle.internal.component.model.LoggingAttributeMatchingExplanationBuilder] Selected match {artifactType=jar, org.gradle.category=library, org.gradle.dependency.bundling=external, org.gradle.internal.instrumented=not-instrumented, org.gradle.jvm.environment=standard-jvm, org.gradle.jvm.version=8, org.gradle.libraryelements=jar, org.gradle.plugin.api-version=8.13, org.gradle.status=release, org.gradle.usage=java-runtime} from candidates [{artifactType=jar, org.gradle.category=library, org.gradle.dependency.bundling=external, org.gradle.internal.instrumented=not-instrumented, org.gradle.jvm.environment=standard-jvm, org.gradle.jvm.version=8, org.gradle.libraryelements=jar, org.gradle.plugin.api-version=8.13, org.gradle.status=release, org.gradle.usage=java-runtime}] for {org.gradle.category=library, org.gradle.dependency.bundling=external, org.gradle.jvm.version=24, org.gradle.libraryelements=jar, org.gradle.plugin.api-version=9.3.1, org.gradle.usage=java-runtime}
2026-03-16T23:45:28.560+0700 [DEBUG] [org.gradle.internal.component.model.LoggingAttributeMatchingExplanationBuilder] Selected match {org.gradle.category=platform, org.gradle.internal.instrumented=not-instrumented, org.gradle.status=release, org.gradle.usage=java-runtime} from candidates [{org.gradle.category=platform, org.gradle.internal.instrumented=not-instrumented, org.gradle.status=release, org.gradle.usage=java-runtime}] for {org.gradle.category=platform, org.gradle.dependency.bundling=external, org.gradle.jvm.version=24, org.gradle.libraryelements=jar, org.gradle.plugin.api-version=9.3.1, org.gradle.usage=java-runtime}
2026-03-16T23:45:28.560+0700 [DEBUG] [org.gradle.internal.component.model.LoggingAttributeMatchingExplanationBuilder] Selected match {org.gradle.category=platform, org.gradle.internal.instrumented=not-instrumented, org.gradle.status=release, org.gradle.usage=java-runtime} from candidates [{org.gradle.category=platform, org.gradle.internal.instrumented=not-instrumented, org.gradle.status=release, org.gradle.usage=java-runtime}] for {org.gradle.category=platform, org.gradle.dependency.bundling=external, org.gradle.jvm.version=24, org.gradle.libraryelements=jar, org.gradle.plugin.api-version=9.3.1, org.gradle.usage=java-runtime}
2026-03-16T23:45:28.560+0700 [DEBUG] [org.gradle.internal.component.model.LoggingAttributeMatchingExplanationBuilder] Selected match {org.gradle.category=platform, org.gradle.internal.instrumented=not-instrumented, org.gradle.status=release, org.gradle.usage=java-runtime} from candidates [{org.gradle.category=platform, org.gradle.internal.instrumented=not-instrumented, org.gradle.status=release, org.gradle.usage=java-runtime}] for {org.gradle.category=platform, org.gradle.dependency.bundling=external, org.gradle.jvm.version=24, org.gradle.libraryelements=jar, org.gradle.plugin.api-version=9.3.1, org.gradle.usage=java-runtime}
2026-03-16T23:45:28.560+0700 [DEBUG] [org.gradle.internal.component.model.LoggingAttributeMatchingExplanationBuilder] Selected match {org.gradle.category=platform, org.gradle.internal.instrumented=not-instrumented, org.gradle.status=release, org.gradle.usage=java-runtime} from candidates [{org.gradle.category=platform, org.gradle.internal.instrumented=not-instrumented, org.gradle.status=release, org.gradle.usage=java-runtime}] for {org.gradle.category=platform, org.gradle.dependency.bundling=external, org.gradle.jvm.version=24, org.gradle.libraryelements=jar, org.gradle.plugin.api-version=9.3.1, org.gradle.usage=java-runtime}
2026-03-16T23:45:28.560+0700 [DEBUG] [org.gradle.internal.component.model.LoggingAttributeMatchingExplanationBuilder] Selected match {artifactType=jar, org.gradle.category=library, org.gradle.dependency.bundling=external, org.gradle.internal.instrumented=not-instrumented, org.gradle.jvm.environment=standard-jvm, org.gradle.jvm.version=8, org.gradle.libraryelements=jar, org.gradle.plugin.api-version=8.13, org.gradle.status=release, org.gradle.usage=java-runtime} from candidates [{artifactType=jar, org.gradle.category=library, org.gradle.dependency.bundling=external, org.gradle.internal.instrumented=not-instrumented, org.gradle.jvm.environment=standard-jvm, org.gradle.jvm.version=8, org.gradle.libraryelements=jar, org.gradle.plugin.api-version=8.13, org.gradle.status=release, org.gradle.usage=java-runtime}] for {org.gradle.category=library, org.gradle.dependency.bundling=external, org.gradle.jvm.version=24, org.gradle.libraryelements=jar, org.gradle.plugin.api-version=9.3.1, org.gradle.usage=java-runtime}
2026-03-16T23:45:28.560+0700 [DEBUG] [org.gradle.internal.component.model.LoggingAttributeMatchingExplanationBuilder] Selected match {artifactType=jar, org.gradle.category=library, org.gradle.internal.instrumented=not-instrumented, org.gradle.libraryelements=jar, org.gradle.status=release, org.gradle.usage=java-runtime} from candidates [{artifactType=jar, org.gradle.category=library, org.gradle.internal.instrumented=not-instrumented, org.gradle.libraryelements=jar, org.gradle.status=release, org.gradle.usage=java-runtime}] for {org.gradle.category=library, org.gradle.dependency.bundling=external, org.gradle.jvm.version=24, org.gradle.libraryelements=jar, org.gradle.plugin.api-version=9.3.1, org.gradle.usage=java-runtime}
2026-03-16T23:45:28.560+0700 [DEBUG] [org.gradle.internal.component.model.LoggingAttributeMatchingExplanationBuilder] Selected match {artifactType=jar, org.gradle.category=library, org.gradle.internal.instrumented=not-instrumented, org.gradle.jvm.environment=standard-jvm, org.gradle.libraryelements=jar, org.gradle.status=release, org.gradle.usage=java-runtime, org.jetbrains.kotlin.platform.type=jvm} from candidates [{artifactType=jar, org.gradle.category=library, org.gradle.internal.instrumented=not-instrumented, org.gradle.jvm.environment=standard-jvm, org.gradle.libraryelements=jar, org.gradle.status=release, org.gradle.usage=java-runtime, org.jetbrains.kotlin.platform.type=jvm}] for {org.gradle.category=library, org.gradle.dependency.bundling=external, org.gradle.jvm.version=24, org.gradle.libraryelements=jar, org.gradle.plugin.api-version=9.3.1, org.gradle.usage=java-runtime}
2026-03-16T23:45:28.560+0700 [DEBUG] [org.gradle.internal.component.model.LoggingAttributeMatchingExplanationBuilder] Selected match {artifactType=jar, org.gradle.category=library, org.gradle.internal.instrumented=not-instrumented, org.gradle.libraryelements=jar, org.gradle.status=release, org.gradle.usage=java-runtime} from candidates [{artifactType=jar, org.gradle.category=library, org.gradle.internal.instrumented=not-instrumented, org.gradle.libraryelements=jar, org.gradle.status=release, org.gradle.usage=java-runtime}] for {org.gradle.category=library, org.gradle.dependency.bundling=external, org.gradle.jvm.version=24, org.gradle.libraryelements=jar, org.gradle.plugin.api-version=9.3.1, org.gradle.usage=java-runtime}
2026-03-16T23:45:28.561+0700 [DEBUG] [org.gradle.internal.component.model.LoggingAttributeMatchingExplanationBuilder] Selected match {artifactType=jar, org.gradle.category=library, org.gradle.internal.instrumented=not-instrumented, org.gradle.jvm.environment=standard-jvm, org.gradle.libraryelements=jar, org.gradle.status=release, org.gradle.usage=java-runtime, org.jetbrains.kotlin.platform.type=jvm} from candidates [{artifactType=jar, org.gradle.category=library, org.gradle.internal.instrumented=not-instrumented, org.gradle.jvm.environment=standard-jvm, org.gradle.libraryelements=jar, org.gradle.status=release, org.gradle.usage=java-runtime, org.jetbrains.kotlin.platform.type=jvm}] for {org.gradle.category=library, org.gradle.dependency.bundling=external, org.gradle.jvm.version=24, org.gradle.libraryelements=jar, org.gradle.plugin.api-version=9.3.1, org.gradle.usage=java-runtime}
2026-03-16T23:45:28.561+0700 [DEBUG] [org.gradle.internal.component.model.LoggingAttributeMatchingExplanationBuilder] Selected match {artifactType=jar, org.gradle.category=library, org.gradle.internal.instrumented=not-instrumented, org.gradle.libraryelements=jar, org.gradle.status=release, org.gradle.usage=java-runtime} from candidates [{artifactType=jar, org.gradle.category=library, org.gradle.internal.instrumented=not-instrumented, org.gradle.libraryelements=jar, org.gradle.status=release, org.gradle.usage=java-runtime}] for {org.gradle.category=library, org.gradle.dependency.bundling=external, org.gradle.jvm.version=24, org.gradle.libraryelements=jar, org.gradle.plugin.api-version=9.3.1, org.gradle.usage=java-runtime}
2026-03-16T23:45:28.561+0700 [DEBUG] [org.gradle.internal.component.model.LoggingAttributeMatchingExplanationBuilder] Selected match {artifactType=jar, org.gradle.category=library, org.gradle.internal.instrumented=not-instrumented, org.gradle.libraryelements=jar, org.gradle.status=release, org.gradle.usage=java-runtime} from candidates [{artifactType=jar, org.gradle.category=library, org.gradle.internal.instrumented=not-instrumented, org.gradle.libraryelements=jar, org.gradle.status=release, org.gradle.usage=java-runtime}] for {org.gradle.category=library, org.gradle.dependency.bundling=external, org.gradle.jvm.version=24, org.gradle.libraryelements=jar, org.gradle.plugin.api-version=9.3.1, org.gradle.usage=java-runtime}
2026-03-16T23:45:28.561+0700 [DEBUG] [org.gradle.internal.component.model.LoggingAttributeMatchingExplanationBuilder] Selected match {artifactType=jar, org.gradle.category=library, org.gradle.dependency.bundling=external, org.gradle.internal.instrumented=not-instrumented, org.gradle.jvm.version=11, org.gradle.libraryelements=jar, org.gradle.status=release, org.gradle.usage=java-runtime} from candidates [{artifactType=jar, org.gradle.category=library, org.gradle.dependency.bundling=external, org.gradle.internal.instrumented=not-instrumented, org.gradle.jvm.version=11, org.gradle.libraryelements=jar, org.gradle.status=release, org.gradle.usage=java-runtime}] for {org.gradle.category=library, org.gradle.dependency.bundling=external, org.gradle.jvm.version=24, org.gradle.libraryelements=jar, org.gradle.plugin.api-version=9.3.1, org.gradle.usage=java-runtime}
2026-03-16T23:45:28.561+0700 [DEBUG] [org.gradle.internal.component.model.LoggingAttributeMatchingExplanationBuilder] Selected match {artifactType=jar, org.gradle.category=library, org.gradle.internal.instrumented=not-instrumented, org.gradle.libraryelements=jar, org.gradle.status=release, org.gradle.usage=java-runtime} from candidates [{artifactType=jar, org.gradle.category=library, org.gradle.internal.instrumented=not-instrumented, org.gradle.libraryelements=jar, org.gradle.status=release, org.gradle.usage=java-runtime}] for {org.gradle.category=library, org.gradle.dependency.bundling=external, org.gradle.jvm.version=24, org.gradle.libraryelements=jar, org.gradle.plugin.api-version=9.3.1, org.gradle.usage=java-runtime}
2026-03-16T23:45:28.561+0700 [DEBUG] [org.gradle.internal.component.model.LoggingAttributeMatchingExplanationBuilder] Selected match {artifactType=jar, org.gradle.category=library, org.gradle.internal.instrumented=not-instrumented, org.gradle.libraryelements=jar, org.gradle.status=release, org.gradle.usage=java-runtime} from candidates [{artifactType=jar, org.gradle.category=library, org.gradle.internal.instrumented=not-instrumented, org.gradle.libraryelements=jar, org.gradle.status=release, org.gradle.usage=java-runtime}] for {org.gradle.category=library, org.gradle.dependency.bundling=external, org.gradle.jvm.version=24, org.gradle.libraryelements=jar, org.gradle.plugin.api-version=9.3.1, org.gradle.usage=java-runtime}
2026-03-16T23:45:28.561+0700 [DEBUG] [org.gradle.internal.component.model.LoggingAttributeMatchingExplanationBuilder] Selected match {artifactType=jar, org.gradle.category=library, org.gradle.internal.instrumented=not-instrumented, org.gradle.libraryelements=jar, org.gradle.status=release, org.gradle.usage=java-runtime} from candidates [{artifactType=jar, org.gradle.category=library, org.gradle.internal.instrumented=not-instrumented, org.gradle.libraryelements=jar, org.gradle.status=release, org.gradle.usage=java-runtime}] for {org.gradle.category=library, org.gradle.dependency.bundling=external, org.gradle.jvm.version=24, org.gradle.libraryelements=jar, org.gradle.plugin.api-version=9.3.1, org.gradle.usage=java-runtime}
2026-03-16T23:45:28.561+0700 [DEBUG] [org.gradle.internal.component.model.LoggingAttributeMatchingExplanationBuilder] Selected match {artifactType=jar, org.gradle.category=library, org.gradle.internal.instrumented=not-instrumented, org.gradle.libraryelements=jar, org.gradle.status=release, org.gradle.usage=java-runtime} from candidates [{artifactType=jar, org.gradle.category=library, org.gradle.internal.instrumented=not-instrumented, org.gradle.libraryelements=jar, org.gradle.status=release, org.gradle.usage=java-runtime}] for {org.gradle.category=library, org.gradle.dependency.bundling=external, org.gradle.jvm.version=24, org.gradle.libraryelements=jar, org.gradle.plugin.api-version=9.3.1, org.gradle.usage=java-runtime}
2026-03-16T23:45:28.561+0700 [DEBUG] [org.gradle.internal.component.model.LoggingAttributeMatchingExplanationBuilder] Selected match {artifactType=jar, org.gradle.category=library, org.gradle.internal.instrumented=not-instrumented, org.gradle.libraryelements=jar, org.gradle.status=release, org.gradle.usage=java-runtime} from candidates [{artifactType=jar, org.gradle.category=library, org.gradle.internal.instrumented=not-instrumented, org.gradle.libraryelements=jar, org.gradle.status=release, org.gradle.usage=java-runtime}] for {org.gradle.category=library, org.gradle.dependency.bundling=external, org.gradle.jvm.version=24, org.gradle.libraryelements=jar, org.gradle.plugin.api-version=9.3.1, org.gradle.usage=java-runtime}
2026-03-16T23:45:28.561+0700 [DEBUG] [org.gradle.internal.component.model.LoggingAttributeMatchingExplanationBuilder] Selected match {artifactType=jar, org.gradle.category=library, org.gradle.internal.instrumented=not-instrumented, org.gradle.libraryelements=jar, org.gradle.status=release, org.gradle.usage=java-runtime} from candidates [{artifactType=jar, org.gradle.category=library, org.gradle.internal.instrumented=not-instrumented, org.gradle.libraryelements=jar, org.gradle.status=release, org.gradle.usage=java-runtime}] for {org.gradle.category=library, org.gradle.dependency.bundling=external, org.gradle.jvm.version=24, org.gradle.libraryelements=jar, org.gradle.plugin.api-version=9.3.1, org.gradle.usage=java-runtime}
2026-03-16T23:45:28.561+0700 [DEBUG] [org.gradle.internal.component.model.LoggingAttributeMatchingExplanationBuilder] Selected match {artifactType=jar, org.gradle.category=library, org.gradle.internal.instrumented=not-instrumented, org.gradle.libraryelements=jar, org.gradle.status=release, org.gradle.usage=java-runtime} from candidates [{artifactType=jar, org.gradle.category=library, org.gradle.internal.instrumented=not-instrumented, org.gradle.libraryelements=jar, org.gradle.status=release, org.gradle.usage=java-runtime}] for {org.gradle.category=library, org.gradle.dependency.bundling=external, org.gradle.jvm.version=24, org.gradle.libraryelements=jar, org.gradle.plugin.api-version=9.3.1, org.gradle.usage=java-runtime}
2026-03-16T23:45:28.561+0700 [DEBUG] [org.gradle.internal.component.model.LoggingAttributeMatchingExplanationBuilder] Selected match {artifactType=jar, org.gradle.category=library, org.gradle.internal.instrumented=not-instrumented, org.gradle.libraryelements=jar, org.gradle.status=release, org.gradle.usage=java-runtime} from candidates [{artifactType=jar, org.gradle.category=library, org.gradle.internal.instrumented=not-instrumented, org.gradle.libraryelements=jar, org.gradle.status=release, org.gradle.usage=java-runtime}] for {org.gradle.category=library, org.gradle.dependency.bundling=external, org.gradle.jvm.version=24, org.gradle.libraryelements=jar, org.gradle.plugin.api-version=9.3.1, org.gradle.usage=java-runtime}
2026-03-16T23:45:28.562+0700 [DEBUG] [org.gradle.internal.component.model.LoggingAttributeMatchingExplanationBuilder] Selected match {artifactType=jar, org.gradle.category=library, org.gradle.internal.instrumented=not-instrumented, org.gradle.libraryelements=jar, org.gradle.status=release, org.gradle.usage=java-runtime} from candidates [{artifactType=jar, org.gradle.category=library, org.gradle.internal.instrumented=not-instrumented, org.gradle.libraryelements=jar, org.gradle.status=release, org.gradle.usage=java-runtime}] for {org.gradle.category=library, org.gradle.dependency.bundling=external, org.gradle.jvm.version=24, org.gradle.libraryelements=jar, org.gradle.plugin.api-version=9.3.1, org.gradle.usage=java-runtime}
2026-03-16T23:45:28.562+0700 [DEBUG] [org.gradle.internal.component.model.LoggingAttributeMatchingExplanationBuilder] Selected match {artifactType=jar, org.gradle.category=library, org.gradle.internal.instrumented=not-instrumented, org.gradle.libraryelements=jar, org.gradle.status=release, org.gradle.usage=java-runtime} from candidates [{artifactType=jar, org.gradle.category=library, org.gradle.internal.instrumented=not-instrumented, org.gradle.libraryelements=jar, org.gradle.status=release, org.gradle.usage=java-runtime}] for {org.gradle.category=library, org.gradle.dependency.bundling=external, org.gradle.jvm.version=24, org.gradle.libraryelements=jar, org.gradle.plugin.api-version=9.3.1, org.gradle.usage=java-runtime}
2026-03-16T23:45:28.562+0700 [DEBUG] [org.gradle.internal.component.model.LoggingAttributeMatchingExplanationBuilder] Selected match {artifactType=jar, org.gradle.category=library, org.gradle.internal.instrumented=not-instrumented, org.gradle.libraryelements=jar, org.gradle.status=release, org.gradle.usage=java-runtime} from candidates [{artifactType=jar, org.gradle.category=library, org.gradle.internal.instrumented=not-instrumented, org.gradle.libraryelements=jar, org.gradle.status=release, org.gradle.usage=java-runtime}] for {org.gradle.category=library, org.gradle.dependency.bundling=external, org.gradle.jvm.version=24, org.gradle.libraryelements=jar, org.gradle.plugin.api-version=9.3.1, org.gradle.usage=java-runtime}
2026-03-16T23:45:28.562+0700 [DEBUG] [org.gradle.internal.component.model.LoggingAttributeMatchingExplanationBuilder] Selected match {artifactType=jar, org.gradle.category=library, org.gradle.internal.instrumented=not-instrumented, org.gradle.libraryelements=jar, org.gradle.status=release, org.gradle.usage=java-runtime} from candidates [{artifactType=jar, org.gradle.category=library, org.gradle.internal.instrumented=not-instrumented, org.gradle.libraryelements=jar, org.gradle.status=release, org.gradle.usage=java-runtime}] for {org.gradle.category=library, org.gradle.dependency.bundling=external, org.gradle.jvm.version=24, org.gradle.libraryelements=jar, org.gradle.plugin.api-version=9.3.1, org.gradle.usage=java-runtime}
2026-03-16T23:45:28.562+0700 [DEBUG] [org.gradle.internal.component.model.LoggingAttributeMatchingExplanationBuilder] Selected match {artifactType=jar, org.gradle.category=library, org.gradle.internal.instrumented=not-instrumented, org.gradle.libraryelements=jar, org.gradle.status=release, org.gradle.usage=java-runtime} from candidates [{artifactType=jar, org.gradle.category=library, org.gradle.internal.instrumented=not-instrumented, org.gradle.libraryelements=jar, org.gradle.status=release, org.gradle.usage=java-runtime}] for {org.gradle.category=library, org.gradle.dependency.bundling=external, org.gradle.jvm.version=24, org.gradle.libraryelements=jar, org.gradle.plugin.api-version=9.3.1, org.gradle.usage=java-runtime}
2026-03-16T23:45:28.562+0700 [DEBUG] [org.gradle.internal.component.model.LoggingAttributeMatchingExplanationBuilder] Selected match {artifactType=jar, org.gradle.category=library, org.gradle.internal.instrumented=not-instrumented, org.gradle.libraryelements=jar, org.gradle.status=release, org.gradle.usage=java-runtime} from candidates [{artifactType=jar, org.gradle.category=library, org.gradle.internal.instrumented=not-instrumented, org.gradle.libraryelements=jar, org.gradle.status=release, org.gradle.usage=java-runtime}] for {org.gradle.category=library, org.gradle.dependency.bundling=external, org.gradle.jvm.version=24, org.gradle.libraryelements=jar, org.gradle.plugin.api-version=9.3.1, org.gradle.usage=java-runtime}
2026-03-16T23:45:28.562+0700 [DEBUG] [org.gradle.internal.component.model.LoggingAttributeMatchingExplanationBuilder] Selected match {artifactType=jar, org.gradle.category=library, org.gradle.internal.instrumented=not-instrumented, org.gradle.libraryelements=jar, org.gradle.status=release, org.gradle.usage=java-runtime} from candidates [{artifactType=jar, org.gradle.category=library, org.gradle.internal.instrumented=not-instrumented, org.gradle.libraryelements=jar, org.gradle.status=release, org.gradle.usage=java-runtime}] for {org.gradle.category=library, org.gradle.dependency.bundling=external, org.gradle.jvm.version=24, org.gradle.libraryelements=jar, org.gradle.plugin.api-version=9.3.1, org.gradle.usage=java-runtime}
2026-03-16T23:45:28.562+0700 [DEBUG] [org.gradle.internal.component.model.LoggingAttributeMatchingExplanationBuilder] Selected match {artifactType=jar, org.gradle.category=library, org.gradle.internal.instrumented=not-instrumented, org.gradle.libraryelements=jar, org.gradle.status=release, org.gradle.usage=java-runtime} from candidates [{artifactType=jar, org.gradle.category=library, org.gradle.internal.instrumented=not-instrumented, org.gradle.libraryelements=jar, org.gradle.status=release, org.gradle.usage=java-runtime}] for {org.gradle.category=library, org.gradle.dependency.bundling=external, org.gradle.jvm.version=24, org.gradle.libraryelements=jar, org.gradle.plugin.api-version=9.3.1, org.gradle.usage=java-runtime}
2026-03-16T23:45:28.562+0700 [DEBUG] [org.gradle.internal.component.model.LoggingAttributeMatchingExplanationBuilder] Selected match {artifactType=jar, org.gradle.category=library, org.gradle.internal.instrumented=not-instrumented, org.gradle.libraryelements=jar, org.gradle.status=release, org.gradle.usage=java-runtime} from candidates [{artifactType=jar, org.gradle.category=library, org.gradle.internal.instrumented=not-instrumented, org.gradle.libraryelements=jar, org.gradle.status=release, org.gradle.usage=java-runtime}] for {org.gradle.category=library, org.gradle.dependency.bundling=external, org.gradle.jvm.version=24, org.gradle.libraryelements=jar, org.gradle.plugin.api-version=9.3.1, org.gradle.usage=java-runtime}
2026-03-16T23:45:28.562+0700 [DEBUG] [org.gradle.internal.component.model.LoggingAttributeMatchingExplanationBuilder] Selected match {artifactType=jar, org.gradle.category=library, org.gradle.internal.instrumented=not-instrumented, org.gradle.libraryelements=jar, org.gradle.status=release, org.gradle.usage=java-runtime} from candidates [{artifactType=jar, org.gradle.category=library, org.gradle.internal.instrumented=not-instrumented, org.gradle.libraryelements=jar, org.gradle.status=release, org.gradle.usage=java-runtime}] for {org.gradle.category=library, org.gradle.dependency.bundling=external, org.gradle.jvm.version=24, org.gradle.libraryelements=jar, org.gradle.plugin.api-version=9.3.1, org.gradle.usage=java-runtime}
2026-03-16T23:45:28.562+0700 [DEBUG] [org.gradle.internal.component.model.LoggingAttributeMatchingExplanationBuilder] Selected match {artifactType=jar, org.gradle.category=library, org.gradle.internal.instrumented=not-instrumented, org.gradle.libraryelements=jar, org.gradle.status=release, org.gradle.usage=java-runtime} from candidates [{artifactType=jar, org.gradle.category=library, org.gradle.internal.instrumented=not-instrumented, org.gradle.libraryelements=jar, org.gradle.status=release, org.gradle.usage=java-runtime}] for {org.gradle.category=library, org.gradle.dependency.bundling=external, org.gradle.jvm.version=24, org.gradle.libraryelements=jar, org.gradle.plugin.api-version=9.3.1, org.gradle.usage=java-runtime}
2026-03-16T23:45:28.562+0700 [DEBUG] [org.gradle.internal.component.model.LoggingAttributeMatchingExplanationBuilder] Selected match {artifactType=jar, org.gradle.category=library, org.gradle.internal.instrumented=not-instrumented, org.gradle.libraryelements=jar, org.gradle.status=release, org.gradle.usage=java-runtime} from candidates [{artifactType=jar, org.gradle.category=library, org.gradle.internal.instrumented=not-instrumented, org.gradle.libraryelements=jar, org.gradle.status=release, org.gradle.usage=java-runtime}] for {org.gradle.category=library, org.gradle.dependency.bundling=external, org.gradle.jvm.version=24, org.gradle.libraryelements=jar, org.gradle.plugin.api-version=9.3.1, org.gradle.usage=java-runtime}
2026-03-16T23:45:28.563+0700 [DEBUG] [org.gradle.internal.component.model.LoggingAttributeMatchingExplanationBuilder] Selected match {artifactType=jar, org.gradle.category=library, org.gradle.internal.instrumented=not-instrumented, org.gradle.libraryelements=jar, org.gradle.status=release, org.gradle.usage=java-runtime} from candidates [{artifactType=jar, org.gradle.category=library, org.gradle.internal.instrumented=not-instrumented, org.gradle.libraryelements=jar, org.gradle.status=release, org.gradle.usage=java-runtime}] for {org.gradle.category=library, org.gradle.dependency.bundling=external, org.gradle.jvm.version=24, org.gradle.libraryelements=jar, org.gradle.plugin.api-version=9.3.1, org.gradle.usage=java-runtime}
2026-03-16T23:45:28.563+0700 [DEBUG] [org.gradle.internal.component.model.LoggingAttributeMatchingExplanationBuilder] Selected match {artifactType=jar, org.gradle.category=library, org.gradle.internal.instrumented=not-instrumented, org.gradle.libraryelements=jar, org.gradle.status=release, org.gradle.usage=java-runtime} from candidates [{artifactType=jar, org.gradle.category=library, org.gradle.internal.instrumented=not-instrumented, org.gradle.libraryelements=jar, org.gradle.status=release, org.gradle.usage=java-runtime}] for {org.gradle.category=library, org.gradle.dependency.bundling=external, org.gradle.jvm.version=24, org.gradle.libraryelements=jar, org.gradle.plugin.api-version=9.3.1, org.gradle.usage=java-runtime}
2026-03-16T23:45:28.563+0700 [DEBUG] [org.gradle.internal.component.model.LoggingAttributeMatchingExplanationBuilder] Selected match {artifactType=jar, org.gradle.category=library, org.gradle.internal.instrumented=not-instrumented, org.gradle.libraryelements=jar, org.gradle.status=release, org.gradle.usage=java-runtime} from candidates [{artifactType=jar, org.gradle.category=library, org.gradle.internal.instrumented=not-instrumented, org.gradle.libraryelements=jar, org.gradle.status=release, org.gradle.usage=java-runtime}] for {org.gradle.category=library, org.gradle.dependency.bundling=external, org.gradle.jvm.version=24, org.gradle.libraryelements=jar, org.gradle.plugin.api-version=9.3.1, org.gradle.usage=java-runtime}
2026-03-16T23:45:28.563+0700 [DEBUG] [org.gradle.internal.component.model.LoggingAttributeMatchingExplanationBuilder] Selected match {artifactType=jar, org.gradle.category=library, org.gradle.internal.instrumented=not-instrumented, org.gradle.libraryelements=jar, org.gradle.status=release, org.gradle.usage=java-runtime} from candidates [{artifactType=jar, org.gradle.category=library, org.gradle.internal.instrumented=not-instrumented, org.gradle.libraryelements=jar, org.gradle.status=release, org.gradle.usage=java-runtime}] for {org.gradle.category=library, org.gradle.dependency.bundling=external, org.gradle.jvm.version=24, org.gradle.libraryelements=jar, org.gradle.plugin.api-version=9.3.1, org.gradle.usage=java-runtime}
2026-03-16T23:45:28.563+0700 [DEBUG] [org.gradle.internal.component.model.LoggingAttributeMatchingExplanationBuilder] Selected match {artifactType=jar, org.gradle.category=library, org.gradle.dependency.bundling=external, org.gradle.internal.instrumented=not-instrumented, org.gradle.jvm.environment=standard-jvm, org.gradle.jvm.version=8, org.gradle.libraryelements=jar, org.gradle.status=release, org.gradle.usage=java-runtime} from candidates [{artifactType=jar, org.gradle.category=library, org.gradle.dependency.bundling=external, org.gradle.internal.instrumented=not-instrumented, org.gradle.jvm.environment=standard-jvm, org.gradle.jvm.version=8, org.gradle.libraryelements=jar, org.gradle.status=release, org.gradle.usage=java-runtime}] for {org.gradle.category=library, org.gradle.dependency.bundling=external, org.gradle.jvm.version=24, org.gradle.libraryelements=jar, org.gradle.plugin.api-version=9.3.1, org.gradle.usage=java-runtime}
2026-03-16T23:45:28.563+0700 [DEBUG] [org.gradle.internal.component.model.LoggingAttributeMatchingExplanationBuilder] Selected match {artifactType=jar, org.gradle.category=library, org.gradle.internal.instrumented=not-instrumented, org.gradle.libraryelements=jar, org.gradle.status=release, org.gradle.usage=java-runtime} from candidates [{artifactType=jar, org.gradle.category=library, org.gradle.internal.instrumented=not-instrumented, org.gradle.libraryelements=jar, org.gradle.status=release, org.gradle.usage=java-runtime}] for {org.gradle.category=library, org.gradle.dependency.bundling=external, org.gradle.jvm.version=24, org.gradle.libraryelements=jar, org.gradle.plugin.api-version=9.3.1, org.gradle.usage=java-runtime}
2026-03-16T23:45:28.563+0700 [DEBUG] [org.gradle.internal.component.model.LoggingAttributeMatchingExplanationBuilder] Selected match {artifactType=jar, org.gradle.category=library, org.gradle.internal.instrumented=not-instrumented, org.gradle.libraryelements=jar, org.gradle.status=release, org.gradle.usage=java-runtime} from candidates [{artifactType=jar, org.gradle.category=library, org.gradle.internal.instrumented=not-instrumented, org.gradle.libraryelements=jar, org.gradle.status=release, org.gradle.usage=java-runtime}] for {org.gradle.category=library, org.gradle.dependency.bundling=external, org.gradle.jvm.version=24, org.gradle.libraryelements=jar, org.gradle.plugin.api-version=9.3.1, org.gradle.usage=java-runtime}
2026-03-16T23:45:28.563+0700 [DEBUG] [org.gradle.internal.component.model.LoggingAttributeMatchingExplanationBuilder] Selected match {artifactType=jar, org.gradle.category=library, org.gradle.internal.instrumented=not-instrumented, org.gradle.libraryelements=jar, org.gradle.status=release, org.gradle.usage=java-runtime} from candidates [{artifactType=jar, org.gradle.category=library, org.gradle.internal.instrumented=not-instrumented, org.gradle.libraryelements=jar, org.gradle.status=release, org.gradle.usage=java-runtime}] for {org.gradle.category=library, org.gradle.dependency.bundling=external, org.gradle.jvm.version=24, org.gradle.libraryelements=jar, org.gradle.plugin.api-version=9.3.1, org.gradle.usage=java-runtime}
2026-03-16T23:45:28.563+0700 [DEBUG] [org.gradle.internal.component.model.LoggingAttributeMatchingExplanationBuilder] Selected match {artifactType=jar, org.gradle.category=library, org.gradle.internal.instrumented=not-instrumented, org.gradle.libraryelements=jar, org.gradle.status=release, org.gradle.usage=java-runtime} from candidates [{artifactType=jar, org.gradle.category=library, org.gradle.internal.instrumented=not-instrumented, org.gradle.libraryelements=jar, org.gradle.status=release, org.gradle.usage=java-runtime}] for {org.gradle.category=library, org.gradle.dependency.bundling=external, org.gradle.jvm.version=24, org.gradle.libraryelements=jar, org.gradle.plugin.api-version=9.3.1, org.gradle.usage=java-runtime}
2026-03-16T23:45:28.563+0700 [DEBUG] [org.gradle.internal.component.model.LoggingAttributeMatchingExplanationBuilder] Selected match {artifactType=jar, org.gradle.category=library, org.gradle.internal.instrumented=not-instrumented, org.gradle.libraryelements=jar, org.gradle.status=release, org.gradle.usage=java-runtime} from candidates [{artifactType=jar, org.gradle.category=library, org.gradle.internal.instrumented=not-instrumented, org.gradle.libraryelements=jar, org.gradle.status=release, org.gradle.usage=java-runtime}] for {org.gradle.category=library, org.gradle.dependency.bundling=external, org.gradle.jvm.version=24, org.gradle.libraryelements=jar, org.gradle.plugin.api-version=9.3.1, org.gradle.usage=java-runtime}
2026-03-16T23:45:28.563+0700 [DEBUG] [org.gradle.internal.component.model.LoggingAttributeMatchingExplanationBuilder] Selected match {artifactType=jar, org.gradle.category=library, org.gradle.internal.instrumented=not-instrumented, org.gradle.libraryelements=jar, org.gradle.status=release, org.gradle.usage=java-runtime} from candidates [{artifactType=jar, org.gradle.category=library, org.gradle.internal.instrumented=not-instrumented, org.gradle.libraryelements=jar, org.gradle.status=release, org.gradle.usage=java-runtime}] for {org.gradle.category=library, org.gradle.dependency.bundling=external, org.gradle.jvm.version=24, org.gradle.libraryelements=jar, org.gradle.plugin.api-version=9.3.1, org.gradle.usage=java-runtime}
2026-03-16T23:45:28.563+0700 [DEBUG] [org.gradle.internal.component.model.LoggingAttributeMatchingExplanationBuilder] Selected match {artifactType=jar, org.gradle.category=library, org.gradle.internal.instrumented=not-instrumented, org.gradle.libraryelements=jar, org.gradle.status=release, org.gradle.usage=java-runtime} from candidates [{artifactType=jar, org.gradle.category=library, org.gradle.internal.instrumented=not-instrumented, org.gradle.libraryelements=jar, org.gradle.status=release, org.gradle.usage=java-runtime}] for {org.gradle.category=library, org.gradle.dependency.bundling=external, org.gradle.jvm.version=24, org.gradle.libraryelements=jar, org.gradle.plugin.api-version=9.3.1, org.gradle.usage=java-runtime}
2026-03-16T23:45:28.564+0700 [DEBUG] [org.gradle.internal.component.model.LoggingAttributeMatchingExplanationBuilder] Selected match {artifactType=jar, org.gradle.category=library, org.gradle.internal.instrumented=not-instrumented, org.gradle.libraryelements=jar, org.gradle.status=release, org.gradle.usage=java-runtime} from candidates [{artifactType=jar, org.gradle.category=library, org.gradle.internal.instrumented=not-instrumented, org.gradle.libraryelements=jar, org.gradle.status=release, org.gradle.usage=java-runtime}] for {org.gradle.category=library, org.gradle.dependency.bundling=external, org.gradle.jvm.version=24, org.gradle.libraryelements=jar, org.gradle.plugin.api-version=9.3.1, org.gradle.usage=java-runtime}
2026-03-16T23:45:28.564+0700 [DEBUG] [org.gradle.internal.component.model.LoggingAttributeMatchingExplanationBuilder] Selected match {artifactType=jar, org.gradle.category=library, org.gradle.internal.instrumented=not-instrumented, org.gradle.libraryelements=jar, org.gradle.status=release, org.gradle.usage=java-runtime} from candidates [{artifactType=jar, org.gradle.category=library, org.gradle.internal.instrumented=not-instrumented, org.gradle.libraryelements=jar, org.gradle.status=release, org.gradle.usage=java-runtime}] for {org.gradle.category=library, org.gradle.dependency.bundling=external, org.gradle.jvm.version=24, org.gradle.libraryelements=jar, org.gradle.plugin.api-version=9.3.1, org.gradle.usage=java-runtime}
2026-03-16T23:45:28.564+0700 [DEBUG] [org.gradle.internal.component.model.LoggingAttributeMatchingExplanationBuilder] Selected match {artifactType=jar, org.gradle.category=library, org.gradle.internal.instrumented=not-instrumented, org.gradle.libraryelements=jar, org.gradle.status=release, org.gradle.usage=java-runtime} from candidates [{artifactType=jar, org.gradle.category=library, org.gradle.internal.instrumented=not-instrumented, org.gradle.libraryelements=jar, org.gradle.status=release, org.gradle.usage=java-runtime}] for {org.gradle.category=library, org.gradle.dependency.bundling=external, org.gradle.jvm.version=24, org.gradle.libraryelements=jar, org.gradle.plugin.api-version=9.3.1, org.gradle.usage=java-runtime}
2026-03-16T23:45:28.564+0700 [DEBUG] [org.gradle.internal.component.model.LoggingAttributeMatchingExplanationBuilder] Selected match {artifactType=jar, org.gradle.category=library, org.gradle.internal.instrumented=not-instrumented, org.gradle.libraryelements=jar, org.gradle.status=release, org.gradle.usage=java-runtime} from candidates [{artifactType=jar, org.gradle.category=library, org.gradle.internal.instrumented=not-instrumented, org.gradle.libraryelements=jar, org.gradle.status=release, org.gradle.usage=java-runtime}] for {org.gradle.category=library, org.gradle.dependency.bundling=external, org.gradle.jvm.version=24, org.gradle.libraryelements=jar, org.gradle.plugin.api-version=9.3.1, org.gradle.usage=java-runtime}
2026-03-16T23:45:28.564+0700 [DEBUG] [org.gradle.internal.component.model.LoggingAttributeMatchingExplanationBuilder] Selected match {artifactType=jar, org.gradle.category=library, org.gradle.internal.instrumented=not-instrumented, org.gradle.libraryelements=jar, org.gradle.status=release, org.gradle.usage=java-runtime} from candidates [{artifactType=jar, org.gradle.category=library, org.gradle.internal.instrumented=not-instrumented, org.gradle.libraryelements=jar, org.gradle.status=release, org.gradle.usage=java-runtime}] for {org.gradle.category=library, org.gradle.dependency.bundling=external, org.gradle.jvm.version=24, org.gradle.libraryelements=jar, org.gradle.plugin.api-version=9.3.1, org.gradle.usage=java-runtime}
2026-03-16T23:45:28.564+0700 [DEBUG] [org.gradle.internal.component.model.LoggingAttributeMatchingExplanationBuilder] Selected match {artifactType=jar, org.gradle.category=library, org.gradle.internal.instrumented=not-instrumented, org.gradle.libraryelements=jar, org.gradle.status=release, org.gradle.usage=java-runtime} from candidates [{artifactType=jar, org.gradle.category=library, org.gradle.internal.instrumented=not-instrumented, org.gradle.libraryelements=jar, org.gradle.status=release, org.gradle.usage=java-runtime}] for {org.gradle.category=library, org.gradle.dependency.bundling=external, org.gradle.jvm.version=24, org.gradle.libraryelements=jar, org.gradle.plugin.api-version=9.3.1, org.gradle.usage=java-runtime}
2026-03-16T23:45:28.564+0700 [DEBUG] [org.gradle.internal.component.model.LoggingAttributeMatchingExplanationBuilder] Selected match {artifactType=jar, org.gradle.category=library, org.gradle.internal.instrumented=not-instrumented, org.gradle.libraryelements=jar, org.gradle.status=release, org.gradle.usage=java-runtime} from candidates [{artifactType=jar, org.gradle.category=library, org.gradle.internal.instrumented=not-instrumented, org.gradle.libraryelements=jar, org.gradle.status=release, org.gradle.usage=java-runtime}] for {org.gradle.category=library, org.gradle.dependency.bundling=external, org.gradle.jvm.version=24, org.gradle.libraryelements=jar, org.gradle.plugin.api-version=9.3.1, org.gradle.usage=java-runtime}
2026-03-16T23:45:28.564+0700 [DEBUG] [org.gradle.internal.component.model.LoggingAttributeMatchingExplanationBuilder] Selected match {artifactType=jar, org.gradle.category=library, org.gradle.internal.instrumented=not-instrumented, org.gradle.libraryelements=jar, org.gradle.status=release, org.gradle.usage=java-runtime} from candidates [{artifactType=jar, org.gradle.category=library, org.gradle.internal.instrumented=not-instrumented, org.gradle.libraryelements=jar, org.gradle.status=release, org.gradle.usage=java-runtime}] for {org.gradle.category=library, org.gradle.dependency.bundling=external, org.gradle.jvm.version=24, org.gradle.libraryelements=jar, org.gradle.plugin.api-version=9.3.1, org.gradle.usage=java-runtime}
2026-03-16T23:45:28.564+0700 [DEBUG] [org.gradle.internal.component.model.LoggingAttributeMatchingExplanationBuilder] Selected match {artifactType=jar, org.gradle.category=library, org.gradle.internal.instrumented=not-instrumented, org.gradle.libraryelements=jar, org.gradle.status=release, org.gradle.usage=java-runtime} from candidates [{artifactType=jar, org.gradle.category=library, org.gradle.internal.instrumented=not-instrumented, org.gradle.libraryelements=jar, org.gradle.status=release, org.gradle.usage=java-runtime}] for {org.gradle.category=library, org.gradle.dependency.bundling=external, org.gradle.jvm.version=24, org.gradle.libraryelements=jar, org.gradle.plugin.api-version=9.3.1, org.gradle.usage=java-runtime}
2026-03-16T23:45:28.564+0700 [DEBUG] [org.gradle.internal.component.model.LoggingAttributeMatchingExplanationBuilder] Selected match {artifactType=jar, org.gradle.category=library, org.gradle.internal.instrumented=not-instrumented, org.gradle.libraryelements=jar, org.gradle.status=release, org.gradle.usage=java-runtime} from candidates [{artifactType=jar, org.gradle.category=library, org.gradle.internal.instrumented=not-instrumented, org.gradle.libraryelements=jar, org.gradle.status=release, org.gradle.usage=java-runtime}] for {org.gradle.category=library, org.gradle.dependency.bundling=external, org.gradle.jvm.version=24, org.gradle.libraryelements=jar, org.gradle.plugin.api-version=9.3.1, org.gradle.usage=java-runtime}
2026-03-16T23:45:28.564+0700 [DEBUG] [org.gradle.internal.component.model.LoggingAttributeMatchingExplanationBuilder] Selected match {artifactType=jar, org.gradle.category=library, org.gradle.internal.instrumented=not-instrumented, org.gradle.libraryelements=jar, org.gradle.status=release, org.gradle.usage=java-runtime} from candidates [{artifactType=jar, org.gradle.category=library, org.gradle.internal.instrumented=not-instrumented, org.gradle.libraryelements=jar, org.gradle.status=release, org.gradle.usage=java-runtime}] for {org.gradle.category=library, org.gradle.dependency.bundling=external, org.gradle.jvm.version=24, org.gradle.libraryelements=jar, org.gradle.plugin.api-version=9.3.1, org.gradle.usage=java-runtime}
2026-03-16T23:45:28.564+0700 [DEBUG] [org.gradle.internal.component.model.LoggingAttributeMatchingExplanationBuilder] Selected match {artifactType=jar, org.gradle.category=library, org.gradle.internal.instrumented=not-instrumented, org.gradle.libraryelements=jar, org.gradle.status=release, org.gradle.usage=java-runtime} from candidates [{artifactType=jar, org.gradle.category=library, org.gradle.internal.instrumented=not-instrumented, org.gradle.libraryelements=jar, org.gradle.status=release, org.gradle.usage=java-runtime}] for {org.gradle.category=library, org.gradle.dependency.bundling=external, org.gradle.jvm.version=24, org.gradle.libraryelements=jar, org.gradle.plugin.api-version=9.3.1, org.gradle.usage=java-runtime}
2026-03-16T23:45:28.565+0700 [DEBUG] [org.gradle.internal.component.model.LoggingAttributeMatchingExplanationBuilder] Selected match {artifactType=jar, org.gradle.category=library, org.gradle.internal.instrumented=not-instrumented, org.gradle.libraryelements=jar, org.gradle.status=release, org.gradle.usage=java-runtime} from candidates [{artifactType=jar, org.gradle.category=library, org.gradle.internal.instrumented=not-instrumented, org.gradle.libraryelements=jar, org.gradle.status=release, org.gradle.usage=java-runtime}] for {org.gradle.category=library, org.gradle.dependency.bundling=external, org.gradle.jvm.version=24, org.gradle.libraryelements=jar, org.gradle.plugin.api-version=9.3.1, org.gradle.usage=java-runtime}
2026-03-16T23:45:28.565+0700 [DEBUG] [org.gradle.internal.component.model.LoggingAttributeMatchingExplanationBuilder] Selected match {artifactType=jar, org.gradle.category=library, org.gradle.internal.instrumented=not-instrumented, org.gradle.libraryelements=jar, org.gradle.status=release, org.gradle.usage=java-runtime} from candidates [{artifactType=jar, org.gradle.category=library, org.gradle.internal.instrumented=not-instrumented, org.gradle.libraryelements=jar, org.gradle.status=release, org.gradle.usage=java-runtime}] for {org.gradle.category=library, org.gradle.dependency.bundling=external, org.gradle.jvm.version=24, org.gradle.libraryelements=jar, org.gradle.plugin.api-version=9.3.1, org.gradle.usage=java-runtime}
2026-03-16T23:45:28.565+0700 [DEBUG] [org.gradle.internal.component.model.LoggingAttributeMatchingExplanationBuilder] Selected match {artifactType=jar, org.gradle.category=library, org.gradle.internal.instrumented=not-instrumented, org.gradle.libraryelements=jar, org.gradle.status=release, org.gradle.usage=java-runtime} from candidates [{artifactType=jar, org.gradle.category=library, org.gradle.internal.instrumented=not-instrumented, org.gradle.libraryelements=jar, org.gradle.status=release, org.gradle.usage=java-runtime}] for {org.gradle.category=library, org.gradle.dependency.bundling=external, org.gradle.jvm.version=24, org.gradle.libraryelements=jar, org.gradle.plugin.api-version=9.3.1, org.gradle.usage=java-runtime}
2026-03-16T23:45:28.565+0700 [DEBUG] [org.gradle.internal.component.model.LoggingAttributeMatchingExplanationBuilder] Selected match {artifactType=jar, org.gradle.category=library, org.gradle.internal.instrumented=not-instrumented, org.gradle.libraryelements=jar, org.gradle.status=release, org.gradle.usage=java-runtime} from candidates [{artifactType=jar, org.gradle.category=library, org.gradle.internal.instrumented=not-instrumented, org.gradle.libraryelements=jar, org.gradle.status=release, org.gradle.usage=java-runtime}] for {org.gradle.category=library, org.gradle.dependency.bundling=external, org.gradle.jvm.version=24, org.gradle.libraryelements=jar, org.gradle.plugin.api-version=9.3.1, org.gradle.usage=java-runtime}
2026-03-16T23:45:28.565+0700 [DEBUG] [org.gradle.internal.component.model.LoggingAttributeMatchingExplanationBuilder] Selected match {artifactType=jar, org.gradle.category=library, org.gradle.internal.instrumented=not-instrumented, org.gradle.libraryelements=jar, org.gradle.status=release, org.gradle.usage=java-runtime} from candidates [{artifactType=jar, org.gradle.category=library, org.gradle.internal.instrumented=not-instrumented, org.gradle.libraryelements=jar, org.gradle.status=release, org.gradle.usage=java-runtime}] for {org.gradle.category=library, org.gradle.dependency.bundling=external, org.gradle.jvm.version=24, org.gradle.libraryelements=jar, org.gradle.plugin.api-version=9.3.1, org.gradle.usage=java-runtime}
2026-03-16T23:45:28.565+0700 [DEBUG] [org.gradle.internal.component.model.LoggingAttributeMatchingExplanationBuilder] Selected match {artifactType=jar, org.gradle.category=library, org.gradle.internal.instrumented=not-instrumented, org.gradle.libraryelements=jar, org.gradle.status=release, org.gradle.usage=java-runtime} from candidates [{artifactType=jar, org.gradle.category=library, org.gradle.internal.instrumented=not-instrumented, org.gradle.libraryelements=jar, org.gradle.status=release, org.gradle.usage=java-runtime}] for {org.gradle.category=library, org.gradle.dependency.bundling=external, org.gradle.jvm.version=24, org.gradle.libraryelements=jar, org.gradle.plugin.api-version=9.3.1, org.gradle.usage=java-runtime}
2026-03-16T23:45:28.565+0700 [DEBUG] [org.gradle.internal.component.model.LoggingAttributeMatchingExplanationBuilder] Selected match {artifactType=jar, org.gradle.category=library, org.gradle.dependency.bundling=external, org.gradle.internal.instrumented=not-instrumented, org.gradle.jvm.environment=standard-jvm, org.gradle.jvm.version=8, org.gradle.libraryelements=jar, org.gradle.status=release, org.gradle.usage=java-runtime, org.jetbrains.kotlin.platform.type=jvm} from candidates [{artifactType=jar, org.gradle.category=library, org.gradle.dependency.bundling=external, org.gradle.internal.instrumented=not-instrumented, org.gradle.jvm.environment=standard-jvm, org.gradle.jvm.version=8, org.gradle.libraryelements=jar, org.gradle.status=release, org.gradle.usage=java-runtime, org.jetbrains.kotlin.platform.type=jvm}] for {org.gradle.category=library, org.gradle.dependency.bundling=external, org.gradle.jvm.version=24, org.gradle.libraryelements=jar, org.gradle.plugin.api-version=9.3.1, org.gradle.usage=java-runtime}
2026-03-16T23:45:28.565+0700 [DEBUG] [org.gradle.internal.component.model.LoggingAttributeMatchingExplanationBuilder] Selected match {artifactType=jar, org.gradle.category=library, org.gradle.internal.instrumented=not-instrumented, org.gradle.libraryelements=jar, org.gradle.status=release, org.gradle.usage=java-runtime} from candidates [{artifactType=jar, org.gradle.category=library, org.gradle.internal.instrumented=not-instrumented, org.gradle.libraryelements=jar, org.gradle.status=release, org.gradle.usage=java-runtime}] for {org.gradle.category=library, org.gradle.dependency.bundling=external, org.gradle.jvm.version=24, org.gradle.libraryelements=jar, org.gradle.plugin.api-version=9.3.1, org.gradle.usage=java-runtime}
2026-03-16T23:45:28.565+0700 [DEBUG] [org.gradle.internal.component.model.LoggingAttributeMatchingExplanationBuilder] Selected match {artifactType=jar, org.gradle.category=library, org.gradle.internal.instrumented=not-instrumented, org.gradle.libraryelements=jar, org.gradle.status=release, org.gradle.usage=java-runtime} from candidates [{artifactType=jar, org.gradle.category=library, org.gradle.internal.instrumented=not-instrumented, org.gradle.libraryelements=jar, org.gradle.status=release, org.gradle.usage=java-runtime}] for {org.gradle.category=library, org.gradle.dependency.bundling=external, org.gradle.jvm.version=24, org.gradle.libraryelements=jar, org.gradle.plugin.api-version=9.3.1, org.gradle.usage=java-runtime}
2026-03-16T23:45:28.565+0700 [DEBUG] [org.gradle.internal.component.model.LoggingAttributeMatchingExplanationBuilder] Selected match {artifactType=jar, org.gradle.category=library, org.gradle.internal.instrumented=not-instrumented, org.gradle.libraryelements=jar, org.gradle.status=release, org.gradle.usage=java-runtime} from candidates [{artifactType=jar, org.gradle.category=library, org.gradle.internal.instrumented=not-instrumented, org.gradle.libraryelements=jar, org.gradle.status=release, org.gradle.usage=java-runtime}] for {org.gradle.category=library, org.gradle.dependency.bundling=external, org.gradle.jvm.version=24, org.gradle.libraryelements=jar, org.gradle.plugin.api-version=9.3.1, org.gradle.usage=java-runtime}
2026-03-16T23:45:28.565+0700 [DEBUG] [org.gradle.internal.component.model.LoggingAttributeMatchingExplanationBuilder] Selected match {artifactType=jar, org.gradle.category=library, org.gradle.internal.instrumented=not-instrumented, org.gradle.libraryelements=jar, org.gradle.status=release, org.gradle.usage=java-runtime} from candidates [{artifactType=jar, org.gradle.category=library, org.gradle.internal.instrumented=not-instrumented, org.gradle.libraryelements=jar, org.gradle.status=release, org.gradle.usage=java-runtime}] for {org.gradle.category=library, org.gradle.dependency.bundling=external, org.gradle.jvm.version=24, org.gradle.libraryelements=jar, org.gradle.plugin.api-version=9.3.1, org.gradle.usage=java-runtime}
2026-03-16T23:45:28.566+0700 [DEBUG] [org.gradle.internal.component.model.LoggingAttributeMatchingExplanationBuilder] Selected match {artifactType=jar, org.gradle.category=library, org.gradle.internal.instrumented=not-instrumented, org.gradle.libraryelements=jar, org.gradle.status=release, org.gradle.usage=java-runtime} from candidates [{artifactType=jar, org.gradle.category=library, org.gradle.internal.instrumented=not-instrumented, org.gradle.libraryelements=jar, org.gradle.status=release, org.gradle.usage=java-runtime}] for {org.gradle.category=library, org.gradle.dependency.bundling=external, org.gradle.jvm.version=24, org.gradle.libraryelements=jar, org.gradle.plugin.api-version=9.3.1, org.gradle.usage=java-runtime}
2026-03-16T23:45:28.566+0700 [DEBUG] [org.gradle.internal.component.model.LoggingAttributeMatchingExplanationBuilder] Selected match {artifactType=jar, org.gradle.category=library, org.gradle.dependency.bundling=external, org.gradle.internal.instrumented=not-instrumented, org.gradle.jvm.version=8, org.gradle.libraryelements=jar, org.gradle.status=release, org.gradle.usage=java-runtime} from candidates [{artifactType=jar, org.gradle.category=library, org.gradle.dependency.bundling=external, org.gradle.internal.instrumented=not-instrumented, org.gradle.jvm.version=8, org.gradle.libraryelements=jar, org.gradle.status=release, org.gradle.usage=java-runtime}] for {org.gradle.category=library, org.gradle.dependency.bundling=external, org.gradle.jvm.version=24, org.gradle.libraryelements=jar, org.gradle.plugin.api-version=9.3.1, org.gradle.usage=java-runtime}
2026-03-16T23:45:28.566+0700 [DEBUG] [org.gradle.internal.component.model.LoggingAttributeMatchingExplanationBuilder] Selected match {artifactType=jar, org.gradle.category=library, org.gradle.internal.instrumented=not-instrumented, org.gradle.libraryelements=jar, org.gradle.status=release, org.gradle.usage=java-runtime} from candidates [{artifactType=jar, org.gradle.category=library, org.gradle.internal.instrumented=not-instrumented, org.gradle.libraryelements=jar, org.gradle.status=release, org.gradle.usage=java-runtime}] for {org.gradle.category=library, org.gradle.dependency.bundling=external, org.gradle.jvm.version=24, org.gradle.libraryelements=jar, org.gradle.plugin.api-version=9.3.1, org.gradle.usage=java-runtime}
2026-03-16T23:45:28.566+0700 [DEBUG] [org.gradle.internal.component.model.LoggingAttributeMatchingExplanationBuilder] Selected match {artifactType=jar, org.gradle.category=library, org.gradle.internal.instrumented=not-instrumented, org.gradle.libraryelements=jar, org.gradle.status=release, org.gradle.usage=java-runtime} from candidates [{artifactType=jar, org.gradle.category=library, org.gradle.internal.instrumented=not-instrumented, org.gradle.libraryelements=jar, org.gradle.status=release, org.gradle.usage=java-runtime}] for {org.gradle.category=library, org.gradle.dependency.bundling=external, org.gradle.jvm.version=24, org.gradle.libraryelements=jar, org.gradle.plugin.api-version=9.3.1, org.gradle.usage=java-runtime}
2026-03-16T23:45:28.566+0700 [DEBUG] [org.gradle.internal.component.model.LoggingAttributeMatchingExplanationBuilder] Selected match {artifactType=jar, org.gradle.category=library, org.gradle.internal.instrumented=not-instrumented, org.gradle.libraryelements=jar, org.gradle.status=release, org.gradle.usage=java-runtime} from candidates [{artifactType=jar, org.gradle.category=library, org.gradle.internal.instrumented=not-instrumented, org.gradle.libraryelements=jar, org.gradle.status=release, org.gradle.usage=java-runtime}] for {org.gradle.category=library, org.gradle.dependency.bundling=external, org.gradle.jvm.version=24, org.gradle.libraryelements=jar, org.gradle.plugin.api-version=9.3.1, org.gradle.usage=java-runtime}
2026-03-16T23:45:28.566+0700 [DEBUG] [org.gradle.internal.component.model.LoggingAttributeMatchingExplanationBuilder] Selected match {artifactType=jar, org.gradle.category=library, org.gradle.internal.instrumented=not-instrumented, org.gradle.libraryelements=jar, org.gradle.status=release, org.gradle.usage=java-runtime} from candidates [{artifactType=jar, org.gradle.category=library, org.gradle.internal.instrumented=not-instrumented, org.gradle.libraryelements=jar, org.gradle.status=release, org.gradle.usage=java-runtime}] for {org.gradle.category=library, org.gradle.dependency.bundling=external, org.gradle.jvm.version=24, org.gradle.libraryelements=jar, org.gradle.plugin.api-version=9.3.1, org.gradle.usage=java-runtime}
2026-03-16T23:45:28.566+0700 [DEBUG] [org.gradle.internal.component.model.LoggingAttributeMatchingExplanationBuilder] Selected match {artifactType=jar, org.gradle.category=library, org.gradle.internal.instrumented=not-instrumented, org.gradle.libraryelements=jar, org.gradle.status=release, org.gradle.usage=java-runtime} from candidates [{artifactType=jar, org.gradle.category=library, org.gradle.internal.instrumented=not-instrumented, org.gradle.libraryelements=jar, org.gradle.status=release, org.gradle.usage=java-runtime}] for {org.gradle.category=library, org.gradle.dependency.bundling=external, org.gradle.jvm.version=24, org.gradle.libraryelements=jar, org.gradle.plugin.api-version=9.3.1, org.gradle.usage=java-runtime}
2026-03-16T23:45:28.566+0700 [DEBUG] [org.gradle.internal.component.model.LoggingAttributeMatchingExplanationBuilder] Selected match {artifactType=jar, org.gradle.category=library, org.gradle.internal.instrumented=not-instrumented, org.gradle.libraryelements=jar, org.gradle.status=release, org.gradle.usage=java-runtime} from candidates [{artifactType=jar, org.gradle.category=library, org.gradle.internal.instrumented=not-instrumented, org.gradle.libraryelements=jar, org.gradle.status=release, org.gradle.usage=java-runtime}] for {org.gradle.category=library, org.gradle.dependency.bundling=external, org.gradle.jvm.version=24, org.gradle.libraryelements=jar, org.gradle.plugin.api-version=9.3.1, org.gradle.usage=java-runtime}
2026-03-16T23:45:28.566+0700 [DEBUG] [org.gradle.internal.component.model.LoggingAttributeMatchingExplanationBuilder] Selected match {artifactType=jar, org.gradle.category=library, org.gradle.internal.instrumented=not-instrumented, org.gradle.libraryelements=jar, org.gradle.status=release, org.gradle.usage=java-runtime} from candidates [{artifactType=jar, org.gradle.category=library, org.gradle.internal.instrumented=not-instrumented, org.gradle.libraryelements=jar, org.gradle.status=release, org.gradle.usage=java-runtime}] for {org.gradle.category=library, org.gradle.dependency.bundling=external, org.gradle.jvm.version=24, org.gradle.libraryelements=jar, org.gradle.plugin.api-version=9.3.1, org.gradle.usage=java-runtime}
2026-03-16T23:45:28.566+0700 [DEBUG] [org.gradle.internal.component.model.LoggingAttributeMatchingExplanationBuilder] Selected match {artifactType=jar, org.gradle.category=library, org.gradle.internal.instrumented=not-instrumented, org.gradle.libraryelements=jar, org.gradle.status=release, org.gradle.usage=java-runtime} from candidates [{artifactType=jar, org.gradle.category=library, org.gradle.internal.instrumented=not-instrumented, org.gradle.libraryelements=jar, org.gradle.status=release, org.gradle.usage=java-runtime}] for {org.gradle.category=library, org.gradle.dependency.bundling=external, org.gradle.jvm.version=24, org.gradle.libraryelements=jar, org.gradle.plugin.api-version=9.3.1, org.gradle.usage=java-runtime}
2026-03-16T23:45:28.566+0700 [DEBUG] [org.gradle.internal.component.model.LoggingAttributeMatchingExplanationBuilder] Selected match {artifactType=jar, org.gradle.category=library, org.gradle.internal.instrumented=not-instrumented, org.gradle.libraryelements=jar, org.gradle.status=release, org.gradle.usage=java-runtime} from candidates [{artifactType=jar, org.gradle.category=library, org.gradle.internal.instrumented=not-instrumented, org.gradle.libraryelements=jar, org.gradle.status=release, org.gradle.usage=java-runtime}] for {org.gradle.category=library, org.gradle.dependency.bundling=external, org.gradle.jvm.version=24, org.gradle.libraryelements=jar, org.gradle.plugin.api-version=9.3.1, org.gradle.usage=java-runtime}
2026-03-16T23:45:28.566+0700 [DEBUG] [org.gradle.internal.component.model.LoggingAttributeMatchingExplanationBuilder] Selected match {artifactType=jar, org.gradle.category=library, org.gradle.internal.instrumented=not-instrumented, org.gradle.libraryelements=jar, org.gradle.status=release, org.gradle.usage=java-runtime} from candidates [{artifactType=jar, org.gradle.category=library, org.gradle.internal.instrumented=not-instrumented, org.gradle.libraryelements=jar, org.gradle.status=release, org.gradle.usage=java-runtime}] for {org.gradle.category=library, org.gradle.dependency.bundling=external, org.gradle.jvm.version=24, org.gradle.libraryelements=jar, org.gradle.plugin.api-version=9.3.1, org.gradle.usage=java-runtime}
2026-03-16T23:45:28.567+0700 [DEBUG] [org.gradle.internal.component.model.LoggingAttributeMatchingExplanationBuilder] Selected match {artifactType=jar, org.gradle.category=library, org.gradle.internal.instrumented=not-instrumented, org.gradle.libraryelements=jar, org.gradle.status=release, org.gradle.usage=java-runtime} from candidates [{artifactType=jar, org.gradle.category=library, org.gradle.internal.instrumented=not-instrumented, org.gradle.libraryelements=jar, org.gradle.status=release, org.gradle.usage=java-runtime}] for {org.gradle.category=library, org.gradle.dependency.bundling=external, org.gradle.jvm.version=24, org.gradle.libraryelements=jar, org.gradle.plugin.api-version=9.3.1, org.gradle.usage=java-runtime}
2026-03-16T23:45:28.567+0700 [DEBUG] [org.gradle.internal.component.model.LoggingAttributeMatchingExplanationBuilder] Selected match {artifactType=jar, org.gradle.category=library, org.gradle.internal.instrumented=not-instrumented, org.gradle.libraryelements=jar, org.gradle.status=release, org.gradle.usage=java-runtime} from candidates [{artifactType=jar, org.gradle.category=library, org.gradle.internal.instrumented=not-instrumented, org.gradle.libraryelements=jar, org.gradle.status=release, org.gradle.usage=java-runtime}] for {org.gradle.category=library, org.gradle.dependency.bundling=external, org.gradle.jvm.version=24, org.gradle.libraryelements=jar, org.gradle.plugin.api-version=9.3.1, org.gradle.usage=java-runtime}
2026-03-16T23:45:28.567+0700 [DEBUG] [org.gradle.internal.component.model.LoggingAttributeMatchingExplanationBuilder] Selected match {artifactType=jar, org.gradle.category=library, org.gradle.internal.instrumented=not-instrumented, org.gradle.libraryelements=jar, org.gradle.status=release, org.gradle.usage=java-runtime} from candidates [{artifactType=jar, org.gradle.category=library, org.gradle.internal.instrumented=not-instrumented, org.gradle.libraryelements=jar, org.gradle.status=release, org.gradle.usage=java-runtime}] for {org.gradle.category=library, org.gradle.dependency.bundling=external, org.gradle.jvm.version=24, org.gradle.libraryelements=jar, org.gradle.plugin.api-version=9.3.1, org.gradle.usage=java-runtime}
2026-03-16T23:45:28.567+0700 [DEBUG] [org.gradle.internal.component.model.LoggingAttributeMatchingExplanationBuilder] Selected match {artifactType=jar, org.gradle.category=library, org.gradle.internal.instrumented=not-instrumented, org.gradle.libraryelements=jar, org.gradle.status=release, org.gradle.usage=java-runtime} from candidates [{artifactType=jar, org.gradle.category=library, org.gradle.internal.instrumented=not-instrumented, org.gradle.libraryelements=jar, org.gradle.status=release, org.gradle.usage=java-runtime}] for {org.gradle.category=library, org.gradle.dependency.bundling=external, org.gradle.jvm.version=24, org.gradle.libraryelements=jar, org.gradle.plugin.api-version=9.3.1, org.gradle.usage=java-runtime}
2026-03-16T23:45:28.568+0700 [DEBUG] [org.gradle.internal.component.model.LoggingAttributeMatchingExplanationBuilder] Selected match {artifactType=jar, org.gradle.category=library, org.gradle.internal.instrumented=not-instrumented, org.gradle.libraryelements=jar, org.gradle.status=release, org.gradle.usage=java-runtime} from candidates [{artifactType=jar, org.gradle.category=library, org.gradle.internal.instrumented=not-instrumented, org.gradle.libraryelements=jar, org.gradle.status=release, org.gradle.usage=java-runtime}] for {org.gradle.category=library, org.gradle.dependency.bundling=external, org.gradle.jvm.version=24, org.gradle.libraryelements=jar, org.gradle.plugin.api-version=9.3.1, org.gradle.usage=java-runtime}
2026-03-16T23:45:28.568+0700 [DEBUG] [org.gradle.internal.component.model.LoggingAttributeMatchingExplanationBuilder] Selected match {artifactType=jar, org.gradle.category=library, org.gradle.internal.instrumented=not-instrumented, org.gradle.libraryelements=jar, org.gradle.status=release, org.gradle.usage=java-runtime} from candidates [{artifactType=jar, org.gradle.category=library, org.gradle.internal.instrumented=not-instrumented, org.gradle.libraryelements=jar, org.gradle.status=release, org.gradle.usage=java-runtime}] for {org.gradle.category=library, org.gradle.dependency.bundling=external, org.gradle.jvm.version=24, org.gradle.libraryelements=jar, org.gradle.plugin.api-version=9.3.1, org.gradle.usage=java-runtime}
2026-03-16T23:45:28.571+0700 [DEBUG] [org.gradle.internal.resources.AbstractTrackedResourceLock] Unconstrained build operations Thread 3: acquired lock on worker lease
2026-03-16T23:45:28.571+0700 [DEBUG] [org.gradle.internal.resources.AbstractTrackedResourceLock] Unconstrained build operations Thread 9: acquired lock on worker lease
2026-03-16T23:45:28.572+0700 [DEBUG] [org.gradle.internal.resources.AbstractTrackedResourceLock] Unconstrained build operations Thread 6: acquired lock on worker lease
2026-03-16T23:45:28.573+0700 [DEBUG] [org.gradle.internal.resources.AbstractTrackedResourceLock] Unconstrained build operations Thread 4: acquired lock on worker lease
2026-03-16T23:45:28.573+0700 [DEBUG] [org.gradle.internal.resources.AbstractTrackedResourceLock] Unconstrained build operations Thread 5: acquired lock on worker lease
2026-03-16T23:45:28.573+0700 [DEBUG] [org.gradle.api.internal.artifacts.ivyservice.ivyresolve.CachingModuleComponentRepository] Found artifact 'org.gradle.internal.component.external.model.UrlBackedArtifactMetadata@3f3a429e' in resolver cache: C:\Users\USER\.gradle\caches\modules-2\files-2.1\com.android.tools.build\gradle-common-api\9.1.0\d6ec5d6f63bba959468581ca1b0eacb8f7b2054f\gradle-common-api-9.1.0.jar
2026-03-16T23:45:28.573+0700 [DEBUG] [org.gradle.internal.operations.DefaultBuildOperationRunner] Build operation 'Resolve gradle-common-api-9.1.0.jar (com.android.tools.build:gradle-common-api:9.1.0)' completed
2026-03-16T23:45:28.574+0700 [DEBUG] [org.gradle.api.internal.artifacts.ivyservice.ivyresolve.CachingModuleComponentRepository] Found artifact 'org.gradle.internal.component.external.model.UrlBackedArtifactMetadata@2f4919ed' in resolver cache: C:\Users\USER\.gradle\caches\modules-2\files-2.1\com.android.tools.build\aaptcompiler\9.1.0\20a60fe4ce3797ff197febf9c3aa2375ff8337d6\aaptcompiler-9.1.0.jar
2026-03-16T23:45:28.574+0700 [DEBUG] [org.gradle.api.internal.artifacts.ivyservice.ivyresolve.CachingModuleComponentRepository] Found artifact 'org.gradle.internal.component.external.model.UrlBackedArtifactMetadata@3b05d1a1' in resolver cache: C:\Users\USER\.gradle\caches\modules-2\files-2.1\com.android.tools.build\manifest-merger\32.1.0\9cc6a4a7b8d89e1b27dfaf8fb1eb9e6be1bb262\manifest-merger-32.1.0.jar
2026-03-16T23:45:28.574+0700 [DEBUG] [org.gradle.api.internal.artifacts.ivyservice.ivyresolve.CachingModuleComponentRepository] Found artifact 'org.gradle.internal.component.external.model.UrlBackedArtifactMetadata@70aaaf34' in resolver cache: C:\Users\USER\.gradle\caches\modules-2\files-2.1\com.android.tools.utp\gradle-work-action-api\32.1.0\b462ea25a15aa4d95b1f7f626e44e3e397942ab\gradle-work-action-api-32.1.0.jar
2026-03-16T23:45:28.574+0700 [DEBUG] [org.gradle.internal.operations.DefaultBuildOperationRunner] Build operation 'Resolve gradle-work-action-api-32.1.0.jar (com.android.tools.utp:gradle-work-action-api:32.1.0)' completed
2026-03-16T23:45:28.573+0700 [DEBUG] [org.gradle.api.internal.artifacts.ivyservice.ivyresolve.CachingModuleComponentRepository] Found artifact 'org.gradle.internal.component.external.model.UrlBackedArtifactMetadata@6e60429d' in resolver cache: C:\Users\USER\.gradle\caches\modules-2\files-2.1\com.android.tools.build\builder\9.1.0\da004d252ed93ae054aa62542baf696a730643e8\builder-9.1.0.jar
2026-03-16T23:45:28.574+0700 [DEBUG] [org.gradle.internal.operations.DefaultBuildOperationRunner] Build operation 'Resolve builder-9.1.0.jar (com.android.tools.build:builder:9.1.0)' completed
2026-03-16T23:45:28.573+0700 [DEBUG] [org.gradle.internal.resources.AbstractTrackedResourceLock] Unconstrained build operations Thread 8: acquired lock on worker lease
2026-03-16T23:45:28.575+0700 [DEBUG] [org.gradle.api.internal.artifacts.ivyservice.ivyresolve.CachingModuleComponentRepository] Found artifact 'sdklib-32.1.0.jar (com.android.tools:sdklib:32.1.0)' in resolver cache: C:\Users\USER\.gradle\caches\modules-2\files-2.1\com.android.tools\sdklib\32.1.0\42db9712f281ea425f7f1354573a124a14673a6c\sdklib-32.1.0.jar
2026-03-16T23:45:28.576+0700 [DEBUG] [org.gradle.internal.operations.DefaultBuildOperationRunner] Build operation 'Resolve sdklib-32.1.0.jar (com.android.tools:sdklib:32.1.0)' completed
2026-03-16T23:45:28.577+0700 [DEBUG] [org.gradle.api.internal.artifacts.ivyservice.ivyresolve.CachingModuleComponentRepository] Found artifact 'repository-32.1.0.jar (com.android.tools:repository:32.1.0)' in resolver cache: C:\Users\USER\.gradle\caches\modules-2\files-2.1\com.android.tools\repository\32.1.0\1946b4ae4216110bd048b1b299dd5f6c107f3669\repository-32.1.0.jar
2026-03-16T23:45:28.577+0700 [DEBUG] [org.gradle.internal.operations.DefaultBuildOperationRunner] Build operation 'Resolve repository-32.1.0.jar (com.android.tools:repository:32.1.0)' completed
2026-03-16T23:45:28.574+0700 [DEBUG] [org.gradle.internal.operations.DefaultBuildOperationRunner] Build operation 'Resolve manifest-merger-32.1.0.jar (com.android.tools.build:manifest-merger:32.1.0)' completed
2026-03-16T23:45:28.578+0700 [DEBUG] [org.gradle.api.internal.artifacts.ivyservice.ivyresolve.CachingModuleComponentRepository] Found artifact 'sdk-common-32.1.0.jar (com.android.tools:sdk-common:32.1.0)' in resolver cache: C:\Users\USER\.gradle\caches\modules-2\files-2.1\com.android.tools\sdk-common\32.1.0\9017aafcc7e479a405874b2ded53965c59bfdade\sdk-common-32.1.0.jar
2026-03-16T23:45:28.578+0700 [DEBUG] [org.gradle.internal.operations.DefaultBuildOperationRunner] Build operation 'Resolve sdk-common-32.1.0.jar (com.android.tools:sdk-common:32.1.0)' completed
2026-03-16T23:45:28.574+0700 [DEBUG] [org.gradle.api.internal.artifacts.ivyservice.ivyresolve.CachingModuleComponentRepository] Found artifact 'databinding-compiler-common-9.1.0.jar (androidx.databinding:databinding-compiler-common:9.1.0)' in resolver cache: C:\Users\USER\.gradle\caches\modules-2\files-2.1\androidx.databinding\databinding-compiler-common\9.1.0\5338d21374a65273b192a84f2a0c0083a9c9596\databinding-compiler-common-9.1.0.jar
2026-03-16T23:45:28.579+0700 [DEBUG] [org.gradle.internal.operations.DefaultBuildOperationRunner] Build operation 'Resolve databinding-compiler-common-9.1.0.jar (androidx.databinding:databinding-compiler-common:9.1.0)' completed
2026-03-16T23:45:28.574+0700 [DEBUG] [org.gradle.internal.operations.DefaultBuildOperationRunner] Build operation 'Resolve aaptcompiler-9.1.0.jar (com.android.tools.build:aaptcompiler:9.1.0)' completed
2026-03-16T23:45:28.578+0700 [DEBUG] [org.gradle.api.internal.artifacts.ivyservice.ivyresolve.CachingModuleComponentRepository] Found artifact 'org.gradle.internal.component.external.model.UrlBackedArtifactMetadata@749535f9' in resolver cache: C:\Users\USER\.gradle\caches\modules-2\files-2.1\com.android.tools.build\builder-test-api\9.1.0\b03fcc8d7b76ffbbf3a39253ec65796620e83c3\builder-test-api-9.1.0.jar
2026-03-16T23:45:28.578+0700 [DEBUG] [org.gradle.api.internal.artifacts.ivyservice.ivyresolve.CachingModuleComponentRepository] Found artifact 'shared-32.1.0.jar (com.android.tools.analytics-library:shared:32.1.0)' in resolver cache: C:\Users\USER\.gradle\caches\modules-2\files-2.1\com.android.tools.analytics-library\shared\32.1.0\deb3250fed3b6371488062f10e0fe37596e53702\shared-32.1.0.jar
2026-03-16T23:45:28.580+0700 [DEBUG] [org.gradle.internal.operations.DefaultBuildOperationRunner] Build operation 'Resolve shared-32.1.0.jar (com.android.tools.analytics-library:shared:32.1.0)' completed
2026-03-16T23:45:28.578+0700 [DEBUG] [org.gradle.api.internal.artifacts.ivyservice.ivyresolve.CachingModuleComponentRepository] Found artifact 'tracker-32.1.0.jar (com.android.tools.analytics-library:tracker:32.1.0)' in resolver cache: C:\Users\USER\.gradle\caches\modules-2\files-2.1\com.android.tools.analytics-library\tracker\32.1.0\53704dd455c94f83ffc107620af3cd9616d58eee\tracker-32.1.0.jar
2026-03-16T23:45:28.581+0700 [DEBUG] [org.gradle.internal.operations.DefaultBuildOperationRunner] Build operation 'Resolve tracker-32.1.0.jar (com.android.tools.analytics-library:tracker:32.1.0)' completed
2026-03-16T23:45:28.577+0700 [DEBUG] [org.gradle.api.internal.artifacts.ivyservice.ivyresolve.CachingModuleComponentRepository] Found artifact 'org.gradle.internal.component.external.model.UrlBackedArtifactMetadata@5043484f' in resolver cache: C:\Users\USER\.gradle\caches\modules-2\files-2.1\com.android.tools.build\gradle-settings-api\9.1.0\1ec7e89fab3ddac711beac393327717d866bd838\gradle-settings-api-9.1.0.jar
2026-03-16T23:45:28.582+0700 [DEBUG] [org.gradle.internal.operations.DefaultBuildOperationRunner] Build operation 'Resolve gradle-settings-api-9.1.0.jar (com.android.tools.build:gradle-settings-api:9.1.0)' completed
2026-03-16T23:45:28.576+0700 [DEBUG] [org.gradle.api.internal.artifacts.ivyservice.ivyresolve.CachingModuleComponentRepository] Found artifact 'org.gradle.internal.component.external.model.UrlBackedArtifactMetadata@eec1b1d' in resolver cache: C:\Users\USER\.gradle\caches\modules-2\files-2.1\com.android.tools.build\gradle\9.1.0\3d8efd5e883e6307bc88cfc317392811eda16643\gradle-9.1.0.jar
2026-03-16T23:45:28.583+0700 [DEBUG] [org.gradle.internal.operations.DefaultBuildOperationRunner] Build operation 'Resolve gradle-9.1.0.jar (com.android.tools.build:gradle:9.1.0)' completed
2026-03-16T23:45:28.576+0700 [DEBUG] [org.gradle.internal.resources.AbstractTrackedResourceLock] Unconstrained build operations Thread 7: acquired lock on worker lease
2026-03-16T23:45:28.582+0700 [DEBUG] [org.gradle.api.internal.artifacts.ivyservice.ivyresolve.CachingModuleComponentRepository] Found artifact 'kotlin-stdlib-jdk8-2.2.10.jar (org.jetbrains.kotlin:kotlin-stdlib-jdk8:2.2.10)' in resolver cache: C:\Users\USER\.gradle\caches\modules-2\files-2.1\org.jetbrains.kotlin\kotlin-stdlib-jdk8\2.2.10\80cc9a776a058eeda7053731350bc41af8858a5a\kotlin-stdlib-jdk8-2.2.10.jar
2026-03-16T23:45:28.584+0700 [DEBUG] [org.gradle.internal.operations.DefaultBuildOperationRunner] Build operation 'Resolve kotlin-stdlib-jdk8-2.2.10.jar (org.jetbrains.kotlin:kotlin-stdlib-jdk8:2.2.10)' completed
2026-03-16T23:45:28.582+0700 [DEBUG] [org.gradle.api.internal.artifacts.ivyservice.ivyresolve.CachingModuleComponentRepository] Found artifact 'common-32.1.0.jar (com.android.tools:common:32.1.0)' in resolver cache: C:\Users\USER\.gradle\caches\modules-2\files-2.1\com.android.tools\common\32.1.0\b257d00c7551a970e8080a67e8d72bb4cdf8e074\common-32.1.0.jar
2026-03-16T23:45:28.585+0700 [DEBUG] [org.gradle.api.internal.artifacts.ivyservice.ivyresolve.CachingModuleComponentRepository] Found artifact 'org.gradle.internal.component.external.model.UrlBackedArtifactMetadata@547cc69f' in resolver cache: C:\Users\USER\.gradle\caches\modules-2\files-2.1\org.jetbrains.kotlin\kotlin-gradle-plugin-model\2.2.10\530a4cac0ce3ac72ad548f9128cbae8b5bb22d3e\kotlin-gradle-plugin-model-2.2.10.jar
2026-03-16T23:45:28.585+0700 [DEBUG] [org.gradle.internal.operations.DefaultBuildOperationRunner] Build operation 'Resolve kotlin-gradle-plugin-model-2.2.10.jar (org.jetbrains.kotlin:kotlin-gradle-plugin-model:2.2.10)' completed
2026-03-16T23:45:28.580+0700 [DEBUG] [org.gradle.api.internal.artifacts.ivyservice.ivyresolve.CachingModuleComponentRepository] Found artifact 'layoutlib-api-32.1.0.jar (com.android.tools.layoutlib:layoutlib-api:32.1.0)' in resolver cache: C:\Users\USER\.gradle\caches\modules-2\files-2.1\com.android.tools.layoutlib\layoutlib-api\32.1.0\e7c5f003e971c745a123e85b5aeb4a2120f1bf10\layoutlib-api-32.1.0.jar
2026-03-16T23:45:28.586+0700 [DEBUG] [org.gradle.internal.operations.DefaultBuildOperationRunner] Build operation 'Resolve layoutlib-api-32.1.0.jar (com.android.tools.layoutlib:layoutlib-api:32.1.0)' completed
2026-03-16T23:45:28.587+0700 [DEBUG] [org.gradle.internal.operations.DefaultBuildOperationRunner] Build operation 'Resolve builder-test-api-9.1.0.jar (com.android.tools.build:builder-test-api:9.1.0)' completed
2026-03-16T23:45:28.579+0700 [DEBUG] [org.gradle.api.internal.artifacts.ivyservice.ivyresolve.CachingModuleComponentRepository] Found artifact 'ddmlib-32.1.0.jar (com.android.tools.ddms:ddmlib:32.1.0)' in resolver cache: C:\Users\USER\.gradle\caches\modules-2\files-2.1\com.android.tools.ddms\ddmlib\32.1.0\fe5e01368a40464ab41671e55fe6a5ca28251fc9\ddmlib-32.1.0.jar
2026-03-16T23:45:28.587+0700 [DEBUG] [org.gradle.internal.operations.DefaultBuildOperationRunner] Build operation 'Resolve ddmlib-32.1.0.jar (com.android.tools.ddms:ddmlib:32.1.0)' completed
2026-03-16T23:45:28.587+0700 [DEBUG] [org.gradle.api.internal.artifacts.ivyservice.ivyresolve.CachingModuleComponentRepository] Found artifact 'org.gradle.internal.component.external.model.UrlBackedArtifactMetadata@2b7698dc' in resolver cache: C:\Users\USER\.gradle\caches\modules-2\files-2.1\org.jetbrains.kotlin\kotlin-gradle-plugin-api\2.2.10\8b990c8b8a53b5179f6a7a43718079cabac9d4c9\kotlin-gradle-plugin-api-2.2.10.jar
2026-03-16T23:45:28.588+0700 [DEBUG] [org.gradle.internal.operations.DefaultBuildOperationRunner] Build operation 'Resolve kotlin-gradle-plugin-api-2.2.10.jar (org.jetbrains.kotlin:kotlin-gradle-plugin-api:2.2.10)' completed
2026-03-16T23:45:28.588+0700 [DEBUG] [org.gradle.api.internal.artifacts.ivyservice.ivyresolve.CachingModuleComponentRepository] Found artifact 'org.gradle.internal.component.external.model.UrlBackedArtifactMetadata@3ea54f12' in resolver cache: C:\Users\USER\.gradle\caches\modules-2\files-2.1\org.jetbrains.kotlin\kotlin-gradle-plugin\2.2.10\5b7032e3454baa99627177ef48a324dbf33d42a3\kotlin-gradle-plugin-2.2.10-gradle813.jar
2026-03-16T23:45:28.586+0700 [DEBUG] [org.gradle.api.internal.artifacts.ivyservice.ivyresolve.CachingModuleComponentRepository] Found artifact 'dvlib-32.1.0.jar (com.android.tools:dvlib:32.1.0)' in resolver cache: C:\Users\USER\.gradle\caches\modules-2\files-2.1\com.android.tools\dvlib\32.1.0\cea1f0aae3cf00529cb43b337c09f541eef2f0f8\dvlib-32.1.0.jar
2026-03-16T23:45:28.588+0700 [DEBUG] [org.gradle.internal.operations.DefaultBuildOperationRunner] Build operation 'Resolve dvlib-32.1.0.jar (com.android.tools:dvlib:32.1.0)' completed
2026-03-16T23:45:28.586+0700 [DEBUG] [org.gradle.api.internal.artifacts.ivyservice.ivyresolve.CachingModuleComponentRepository] Found artifact 'org.gradle.internal.component.external.model.UrlBackedArtifactMetadata@117e4274' in resolver cache: C:\Users\USER\.gradle\caches\modules-2\files-2.1\org.jetbrains.kotlin\fus-statistics-gradle-plugin\2.2.10\78379fac273b2e95d1b2274ff784a7b6943fb8c9\fus-statistics-gradle-plugin-2.2.10-gradle813.jar
2026-03-16T23:45:28.589+0700 [DEBUG] [org.gradle.internal.operations.DefaultBuildOperationRunner] Build operation 'Resolve fus-statistics-gradle-plugin-2.2.10-gradle813.jar (org.jetbrains.kotlin:fus-statistics-gradle-plugin:2.2.10)' completed
2026-03-16T23:45:28.589+0700 [DEBUG] [org.gradle.internal.operations.DefaultBuildOperationRunner] Build operation 'Resolve common-32.1.0.jar (com.android.tools:common:32.1.0)' completed
2026-03-16T23:45:28.589+0700 [DEBUG] [org.gradle.api.internal.artifacts.ivyservice.ivyresolve.CachingModuleComponentRepository] Found artifact 'kotlin-stdlib-jdk7-2.2.10.jar (org.jetbrains.kotlin:kotlin-stdlib-jdk7:2.2.10)' in resolver cache: C:\Users\USER\.gradle\caches\modules-2\files-2.1\org.jetbrains.kotlin\kotlin-stdlib-jdk7\2.2.10\18cc96ae090a71726822631e1808c7d329faab5d\kotlin-stdlib-jdk7-2.2.10.jar
2026-03-16T23:45:28.589+0700 [DEBUG] [org.gradle.internal.operations.DefaultBuildOperationRunner] Build operation 'Resolve kotlin-stdlib-jdk7-2.2.10.jar (org.jetbrains.kotlin:kotlin-stdlib-jdk7:2.2.10)' completed
2026-03-16T23:45:28.584+0700 [DEBUG] [org.gradle.api.internal.artifacts.ivyservice.ivyresolve.CachingModuleComponentRepository] Found artifact 'kotlin-reflect-2.2.21.jar (org.jetbrains.kotlin:kotlin-reflect:2.2.21)' in resolver cache: C:\Users\USER\.gradle\caches\modules-2\files-2.1\org.jetbrains.kotlin\kotlin-reflect\2.2.21\17bc47f5dfe27c2351538e711f0afe377b0de6b2\kotlin-reflect-2.2.21.jar
2026-03-16T23:45:28.590+0700 [DEBUG] [org.gradle.api.internal.artifacts.ivyservice.ivyresolve.CachingModuleComponentRepository] Found artifact 'annotations-13.0.jar (org.jetbrains:annotations:13.0)' in resolver cache: C:\Users\USER\.gradle\caches\modules-2\files-2.1\org.jetbrains\annotations\13.0\919f0dfe192fb4e063e7dacadee7f8bb9a2672a9\annotations-13.0.jar
2026-03-16T23:45:28.590+0700 [DEBUG] [org.gradle.internal.operations.DefaultBuildOperationRunner] Build operation 'Resolve annotations-13.0.jar (org.jetbrains:annotations:13.0)' completed
2026-03-16T23:45:28.583+0700 [DEBUG] [org.gradle.internal.resources.AbstractTrackedResourceLock] Unconstrained build operations Thread 13: acquired lock on worker lease
2026-03-16T23:45:28.591+0700 [DEBUG] [org.gradle.internal.resources.AbstractTrackedResourceLock] Unconstrained build operations Thread 12: acquired lock on worker lease
2026-03-16T23:45:28.591+0700 [DEBUG] [org.gradle.api.internal.artifacts.ivyservice.ivyresolve.CachingModuleComponentRepository] Found artifact 'bundletool-1.18.3.jar (com.android.tools.build:bundletool:1.18.3)' in resolver cache: C:\Users\USER\.gradle\caches\modules-2\files-2.1\com.android.tools.build\bundletool\1.18.3\8d7bee8e57a4158a872ed99190a60a498c2adc8d\bundletool-1.18.3.jar
2026-03-16T23:45:28.593+0700 [DEBUG] [org.gradle.internal.operations.DefaultBuildOperationRunner] Build operation 'Resolve kotlin-reflect-2.2.21.jar (org.jetbrains.kotlin:kotlin-reflect:2.2.21)' completed
2026-03-16T23:45:28.589+0700 [DEBUG] [org.gradle.api.internal.artifacts.ivyservice.ivyresolve.CachingModuleComponentRepository] Found artifact 'org.gradle.internal.component.external.model.UrlBackedArtifactMetadata@7e0748a5' in resolver cache: C:\Users\USER\.gradle\caches\modules-2\files-2.1\org.jetbrains.kotlinx\kotlinx-coroutines-core-jvm\1.9.0\9beade4c1c1569e4f36cbd2c37e02e3e41502601\kotlinx-coroutines-core-jvm-1.9.0.jar
2026-03-16T23:45:28.594+0700 [DEBUG] [org.gradle.internal.operations.DefaultBuildOperationRunner] Build operation 'Resolve kotlinx-coroutines-core-jvm-1.9.0.jar (org.jetbrains.kotlinx:kotlinx-coroutines-core-jvm:1.9.0)' completed
2026-03-16T23:45:28.595+0700 [DEBUG] [org.gradle.internal.operations.DefaultBuildOperationRunner] Build operation 'Resolve kotlin-gradle-plugin-2.2.10-gradle813.jar (org.jetbrains.kotlin:kotlin-gradle-plugin:2.2.10)' completed
2026-03-16T23:45:28.587+0700 [DEBUG] [org.gradle.api.internal.artifacts.ivyservice.ivyresolve.CachingModuleComponentRepository] Found artifact 'org.gradle.internal.component.external.model.UrlBackedArtifactMetadata@3197a50f' in resolver cache: C:\Users\USER\.gradle\caches\modules-2\files-2.1\org.jetbrains.kotlin\kotlin-gradle-plugin-api\2.2.10\8b990c8b8a53b5179f6a7a43718079cabac9d4c9\kotlin-gradle-plugin-api-2.2.10-gradle813.jar
2026-03-16T23:45:28.597+0700 [DEBUG] [org.gradle.internal.operations.DefaultBuildOperationRunner] Build operation 'Resolve kotlin-gradle-plugin-api-2.2.10-gradle813.jar (org.jetbrains.kotlin:kotlin-gradle-plugin-api:2.2.10)' completed
2026-03-16T23:45:28.596+0700 [DEBUG] [org.gradle.api.internal.artifacts.ivyservice.ivyresolve.CachingModuleComponentRepository] Found artifact 'kotlin-compiler-runner-2.2.10.jar (org.jetbrains.kotlin:kotlin-compiler-runner:2.2.10)' in resolver cache: C:\Users\USER\.gradle\caches\modules-2\files-2.1\org.jetbrains.kotlin\kotlin-compiler-runner\2.2.10\aee5165d5829687acee89311747076622a05d664\kotlin-compiler-runner-2.2.10.jar
2026-03-16T23:45:28.597+0700 [DEBUG] [org.gradle.internal.operations.DefaultBuildOperationRunner] Build operation 'Resolve kotlin-compiler-runner-2.2.10.jar (org.jetbrains.kotlin:kotlin-compiler-runner:2.2.10)' completed
2026-03-16T23:45:28.596+0700 [DEBUG] [org.gradle.api.internal.artifacts.ivyservice.ivyresolve.CachingModuleComponentRepository] Found artifact 'lint-typedef-remover-32.1.0.jar (com.android.tools.lint:lint-typedef-remover:32.1.0)' in resolver cache: C:\Users\USER\.gradle\caches\modules-2\files-2.1\com.android.tools.lint\lint-typedef-remover\32.1.0\33f5d5dd14dd3c4525aa8dff70f7653f317136d1\lint-typedef-remover-32.1.0.jar
2026-03-16T23:45:28.597+0700 [DEBUG] [org.gradle.internal.operations.DefaultBuildOperationRunner] Build operation 'Resolve lint-typedef-remover-32.1.0.jar (com.android.tools.lint:lint-typedef-remover:32.1.0)' completed
2026-03-16T23:45:28.595+0700 [DEBUG] [org.gradle.api.internal.artifacts.ivyservice.ivyresolve.CachingModuleComponentRepository] Found artifact 'crash-32.1.0.jar (com.android.tools.analytics-library:crash:32.1.0)' in resolver cache: C:\Users\USER\.gradle\caches\modules-2\files-2.1\com.android.tools.analytics-library\crash\32.1.0\83657cd3f57e8aa956b8cd923f5d327e7343653c\crash-32.1.0.jar
2026-03-16T23:45:28.598+0700 [DEBUG] [org.gradle.internal.operations.DefaultBuildOperationRunner] Build operation 'Resolve crash-32.1.0.jar (com.android.tools.analytics-library:crash:32.1.0)' completed
2026-03-16T23:45:28.594+0700 [DEBUG] [org.gradle.api.internal.artifacts.ivyservice.ivyresolve.CachingModuleComponentRepository] Found artifact 'org.gradle.internal.component.external.model.UrlBackedArtifactMetadata@174bda8c' in resolver cache: C:\Users\USER\.gradle\caches\modules-2\files-2.1\org.jetbrains.kotlin\kotlin-stdlib\2.2.21\fa374a986e128314c3db00a20aae55f72a258511\kotlin-stdlib-2.2.21.jar
2026-03-16T23:45:28.598+0700 [DEBUG] [org.gradle.internal.operations.DefaultBuildOperationRunner] Build operation 'Resolve kotlin-stdlib-2.2.21.jar (org.jetbrains.kotlin:kotlin-stdlib:2.2.21)' completed
2026-03-16T23:45:28.593+0700 [DEBUG] [org.gradle.api.internal.artifacts.ivyservice.ivyresolve.CachingModuleComponentRepository] Found artifact 'org.gradle.internal.component.external.model.UrlBackedArtifactMetadata@6fc3fef8' in resolver cache: C:\Users\USER\.gradle\caches\modules-2\files-2.1\com.android.tools.build\builder-model\9.1.0\689c58dc60c229bf6c389600a5b107dc36b5934e\builder-model-9.1.0.jar
2026-03-16T23:45:28.600+0700 [DEBUG] [org.gradle.internal.operations.DefaultBuildOperationRunner] Build operation 'Resolve builder-model-9.1.0.jar (com.android.tools.build:builder-model:9.1.0)' completed
2026-03-16T23:45:28.600+0700 [DEBUG] [org.gradle.internal.operations.DefaultBuildOperationRunner] Build operation 'Resolve bundletool-1.18.3.jar (com.android.tools.build:bundletool:1.18.3)' completed
2026-03-16T23:45:28.592+0700 [DEBUG] [org.gradle.api.internal.artifacts.ivyservice.ivyresolve.CachingModuleComponentRepository] Found artifact 'lint-model-32.1.0.jar (com.android.tools.lint:lint-model:32.1.0)' in resolver cache: C:\Users\USER\.gradle\caches\modules-2\files-2.1\com.android.tools.lint\lint-model\32.1.0\462841df127ea45c4937e2defaa099a792aeef98\lint-model-32.1.0.jar
2026-03-16T23:45:28.601+0700 [DEBUG] [org.gradle.internal.operations.DefaultBuildOperationRunner] Build operation 'Resolve lint-model-32.1.0.jar (com.android.tools.lint:lint-model:32.1.0)' completed
2026-03-16T23:45:28.592+0700 [DEBUG] [org.gradle.api.internal.artifacts.ivyservice.ivyresolve.CachingModuleComponentRepository] Found artifact 'org.gradle.internal.component.external.model.UrlBackedArtifactMetadata@276669bb' in resolver cache: C:\Users\USER\.gradle\caches\modules-2\files-2.1\com.android.tools.build\gradle-api\9.1.0\6bb9258401064e70a93c0e0843d0d19b83587d4a\gradle-api-9.1.0.jar
2026-03-16T23:45:28.602+0700 [DEBUG] [org.gradle.internal.operations.DefaultBuildOperationRunner] Build operation 'Resolve gradle-api-9.1.0.jar (com.android.tools.build:gradle-api:9.1.0)' completed
2026-03-16T23:45:28.592+0700 [DEBUG] [org.gradle.internal.resources.AbstractTrackedResourceLock] Unconstrained build operations Thread 10: acquired lock on worker lease
2026-03-16T23:45:28.603+0700 [DEBUG] [org.gradle.api.internal.artifacts.ivyservice.ivyresolve.CachingModuleComponentRepository] Found artifact 'asm-tree-9.9.jar (org.ow2.asm:asm-tree:9.9)' in resolver cache: C:\Users\USER\.gradle\caches\modules-2\files-2.1\org.ow2.asm\asm-tree\9.9\f8de6eead6d24dd0f45bd065bbe112b2cda6ea21\asm-tree-9.9.jar
2026-03-16T23:45:28.603+0700 [DEBUG] [org.gradle.internal.operations.DefaultBuildOperationRunner] Build operation 'Resolve asm-tree-9.9.jar (org.ow2.asm:asm-tree:9.9)' completed
2026-03-16T23:45:28.601+0700 [DEBUG] [org.gradle.api.internal.artifacts.ivyservice.ivyresolve.CachingModuleComponentRepository] Found artifact 'asm-util-9.9.jar (org.ow2.asm:asm-util:9.9)' in resolver cache: C:\Users\USER\.gradle\caches\modules-2\files-2.1\org.ow2.asm\asm-util\9.9\42fdfc0508b43807c8078d6e82ecff2ce2112ae8\asm-util-9.9.jar
2026-03-16T23:45:28.600+0700 [DEBUG] [org.gradle.api.internal.artifacts.ivyservice.ivyresolve.CachingModuleComponentRepository] Found artifact 'asm-commons-9.9.jar (org.ow2.asm:asm-commons:9.9)' in resolver cache: C:\Users\USER\.gradle\caches\modules-2\files-2.1\org.ow2.asm\asm-commons\9.9\db9165a3bf908ded6b08612d583a15d1d0c7bda0\asm-commons-9.9.jar
2026-03-16T23:45:28.604+0700 [DEBUG] [org.gradle.internal.operations.DefaultBuildOperationRunner] Build operation 'Resolve asm-commons-9.9.jar (org.ow2.asm:asm-commons:9.9)' completed
2026-03-16T23:45:28.599+0700 [DEBUG] [org.gradle.api.internal.artifacts.ivyservice.ivyresolve.CachingModuleComponentRepository] Found artifact 'org.gradle.internal.component.external.model.UrlBackedArtifactMetadata@ad38e18' in resolver cache: C:\Users\USER\.gradle\caches\modules-2\files-2.1\com.android.tools.build\aapt2-proto\9.1.0-14792394\acf00ea97102064130c6fce33ed18eef59bc692e\aapt2-proto-9.1.0-14792394.jar
2026-03-16T23:45:28.604+0700 [DEBUG] [org.gradle.internal.operations.DefaultBuildOperationRunner] Build operation 'Resolve aapt2-proto-9.1.0-14792394.jar (com.android.tools.build:aapt2-proto:9.1.0-14792394)' completed
2026-03-16T23:45:28.599+0700 [DEBUG] [org.gradle.api.internal.artifacts.ivyservice.ivyresolve.CachingModuleComponentRepository] Found artifact 'commons-io-2.16.1.jar (commons-io:commons-io:2.16.1)' in resolver cache: C:\Users\USER\.gradle\caches\modules-2\files-2.1\commons-io\commons-io\2.16.1\377d592e740dc77124e0901291dbfaa6810a200e\commons-io-2.16.1.jar
2026-03-16T23:45:28.604+0700 [DEBUG] [org.gradle.internal.operations.DefaultBuildOperationRunner] Build operation 'Resolve commons-io-2.16.1.jar (commons-io:commons-io:2.16.1)' completed
2026-03-16T23:45:28.605+0700 [DEBUG] [org.gradle.api.internal.artifacts.ivyservice.ivyresolve.CachingModuleComponentRepository] Found artifact 'httpmime-4.5.6.jar (org.apache.httpcomponents:httpmime:4.5.6)' in resolver cache: C:\Users\USER\.gradle\caches\modules-2\files-2.1\org.apache.httpcomponents\httpmime\4.5.6\164343da11db817e81e24e0d9869527e069850c9\httpmime-4.5.6.jar
2026-03-16T23:45:28.606+0700 [DEBUG] [org.gradle.api.internal.artifacts.ivyservice.ivyresolve.CachingModuleComponentRepository] Found artifact 'baseLibrary-9.1.0.jar (com.android.databinding:baseLibrary:9.1.0)' in resolver cache: C:\Users\USER\.gradle\caches\modules-2\files-2.1\com.android.databinding\baseLibrary\9.1.0\7e7399239e52d4069896277615e005add7ae8e5a\baseLibrary-9.1.0.jar
2026-03-16T23:45:28.606+0700 [DEBUG] [org.gradle.internal.operations.DefaultBuildOperationRunner] Build operation 'Resolve baseLibrary-9.1.0.jar (com.android.databinding:baseLibrary:9.1.0)' completed
2026-03-16T23:45:28.605+0700 [DEBUG] [org.gradle.api.internal.artifacts.ivyservice.ivyresolve.CachingModuleComponentRepository] Found artifact 'commons-compress-1.27.1.jar (org.apache.commons:commons-compress:1.27.1)' in resolver cache: C:\Users\USER\.gradle\caches\modules-2\files-2.1\org.apache.commons\commons-compress\1.27.1\a19151084758e2fbb6b41eddaa88e7b8ff4e6599\commons-compress-1.27.1.jar
2026-03-16T23:45:28.607+0700 [DEBUG] [org.gradle.internal.operations.DefaultBuildOperationRunner] Build operation 'Resolve commons-compress-1.27.1.jar (org.apache.commons:commons-compress:1.27.1)' completed
2026-03-16T23:45:28.605+0700 [DEBUG] [org.gradle.api.internal.artifacts.ivyservice.ivyresolve.CachingModuleComponentRepository] Found artifact 'javapoet-1.13.0.jar (com.squareup:javapoet:1.13.0)' in resolver cache: C:\Users\USER\.gradle\caches\modules-2\files-2.1\com.squareup\javapoet\1.13.0\d6562d385049f35eb50403fa86bb11cce76b866a\javapoet-1.13.0.jar
2026-03-16T23:45:28.608+0700 [DEBUG] [org.gradle.internal.operations.DefaultBuildOperationRunner] Build operation 'Resolve javapoet-1.13.0.jar (com.squareup:javapoet:1.13.0)' completed
2026-03-16T23:45:28.609+0700 [DEBUG] [org.gradle.api.internal.artifacts.ivyservice.ivyresolve.CachingModuleComponentRepository] Found artifact 'jopt-simple-4.9.jar (net.sf.jopt-simple:jopt-simple:4.9)' in resolver cache: C:\Users\USER\.gradle\caches\modules-2\files-2.1\net.sf.jopt-simple\jopt-simple\4.9\ee9e9eaa0a35360dcfeac129ff4923215fd65904\jopt-simple-4.9.jar
2026-03-16T23:45:28.609+0700 [DEBUG] [org.gradle.internal.operations.DefaultBuildOperationRunner] Build operation 'Resolve jopt-simple-4.9.jar (net.sf.jopt-simple:jopt-simple:4.9)' completed
2026-03-16T23:45:28.610+0700 [DEBUG] [org.gradle.internal.operations.DefaultBuildOperationRunner] Build operation 'Resolve asm-util-9.9.jar (org.ow2.asm:asm-util:9.9)' completed
2026-03-16T23:45:28.603+0700 [DEBUG] [org.gradle.api.internal.artifacts.ivyservice.ivyresolve.CachingModuleComponentRepository] Found artifact 'asm-analysis-9.9.jar (org.ow2.asm:asm-analysis:9.9)' in resolver cache: C:\Users\USER\.gradle\caches\modules-2\files-2.1\org.ow2.asm\asm-analysis\9.9\bf4fa6e66638851c1cd22c2caea0c3ee5d5f437\asm-analysis-9.9.jar
2026-03-16T23:45:28.612+0700 [DEBUG] [org.gradle.internal.operations.DefaultBuildOperationRunner] Build operation 'Resolve asm-analysis-9.9.jar (org.ow2.asm:asm-analysis:9.9)' completed
2026-03-16T23:45:28.603+0700 [DEBUG] [org.gradle.api.internal.artifacts.ivyservice.ivyresolve.CachingModuleComponentRepository] Found artifact 'org.gradle.internal.component.external.model.UrlBackedArtifactMetadata@616c4753' in resolver cache: C:\Users\USER\.gradle\caches\modules-2\files-2.1\com.android.tools.build.jetifier\jetifier-core\1.0.0-beta10\6e621022a9c95af12a7004d6b55805bbd1126837\jetifier-core-1.0.0-beta10.jar
2026-03-16T23:45:28.615+0700 [DEBUG] [org.gradle.internal.operations.DefaultBuildOperationRunner] Build operation 'Resolve jetifier-core-1.0.0-beta10.jar (com.android.tools.build.jetifier:jetifier-core:1.0.0-beta10)' completed
2026-03-16T23:45:28.602+0700 [DEBUG] [org.gradle.internal.resources.AbstractTrackedResourceLock] Unconstrained build operations Thread 11: acquired lock on worker lease
2026-03-16T23:45:28.615+0700 [DEBUG] [org.gradle.api.internal.artifacts.ivyservice.ivyresolve.CachingModuleComponentRepository] Found artifact 'gson-2.11.0.jar (com.google.code.gson:gson:2.11.0)' in resolver cache: C:\Users\USER\.gradle\caches\modules-2\files-2.1\com.google.code.gson\gson\2.11.0\527175ca6d81050b53bdd4c457a6d6e017626b0e\gson-2.11.0.jar
2026-03-16T23:45:28.616+0700 [DEBUG] [org.gradle.internal.operations.DefaultBuildOperationRunner] Build operation 'Resolve gson-2.11.0.jar (com.google.code.gson:gson:2.11.0)' completed
2026-03-16T23:45:28.612+0700 [DEBUG] [org.gradle.api.internal.artifacts.ivyservice.ivyresolve.CachingModuleComponentRepository] Found artifact 'kotlin-build-statistics-2.2.10.jar (org.jetbrains.kotlin:kotlin-build-statistics:2.2.10)' in resolver cache: C:\Users\USER\.gradle\caches\modules-2\files-2.1\org.jetbrains.kotlin\kotlin-build-statistics\2.2.10\e826d07e18ad23dc3894d40113fd5e79a94f83b3\kotlin-build-statistics-2.2.10.jar
2026-03-16T23:45:28.618+0700 [DEBUG] [org.gradle.internal.operations.DefaultBuildOperationRunner] Build operation 'Resolve kotlin-build-statistics-2.2.10.jar (org.jetbrains.kotlin:kotlin-build-statistics:2.2.10)' completed
2026-03-16T23:45:28.612+0700 [DEBUG] [org.gradle.api.internal.artifacts.ivyservice.ivyresolve.CachingModuleComponentRepository] Found artifact 'asm-9.9.jar (org.ow2.asm:asm:9.9)' in resolver cache: C:\Users\USER\.gradle\caches\modules-2\files-2.1\org.ow2.asm\asm\9.9\c29635c8a7afa03d74b33c1884df8abb2b3f3dcc\asm-9.9.jar
2026-03-16T23:45:28.619+0700 [DEBUG] [org.gradle.internal.operations.DefaultBuildOperationRunner] Build operation 'Resolve asm-9.9.jar (org.ow2.asm:asm:9.9)' completed
2026-03-16T23:45:28.610+0700 [DEBUG] [org.gradle.api.internal.artifacts.ivyservice.ivyresolve.CachingModuleComponentRepository] Found artifact 'protobuf-java-3.25.5.jar (com.google.protobuf:protobuf-java:3.25.5)' in resolver cache: C:\Users\USER\.gradle\caches\modules-2\files-2.1\com.google.protobuf\protobuf-java\3.25.5\5ae5c9ec39930ae9b5a61b32b93288818ec05ec1\protobuf-java-3.25.5.jar
2026-03-16T23:45:28.620+0700 [DEBUG] [org.gradle.internal.operations.DefaultBuildOperationRunner] Build operation 'Resolve protobuf-java-3.25.5.jar (com.google.protobuf:protobuf-java:3.25.5)' completed
2026-03-16T23:45:28.621+0700 [DEBUG] [org.gradle.api.internal.artifacts.ivyservice.ivyresolve.CachingModuleComponentRepository] Found artifact 'dagger-2.28.3.jar (com.google.dagger:dagger:2.28.3)' in resolver cache: C:\Users\USER\.gradle\caches\modules-2\files-2.1\com.google.dagger\dagger\2.28.3\10d83810ef9e19714116ed518896c90c6606d633\dagger-2.28.3.jar
2026-03-16T23:45:28.621+0700 [DEBUG] [org.gradle.internal.operations.DefaultBuildOperationRunner] Build operation 'Resolve dagger-2.28.3.jar (com.google.dagger:dagger:2.28.3)' completed
2026-03-16T23:45:28.622+0700 [DEBUG] [org.gradle.api.internal.artifacts.ivyservice.ivyresolve.CachingModuleComponentRepository] Found artifact 'javax.inject-1.jar (javax.inject:javax.inject:1)' in resolver cache: C:\Users\USER\.gradle\caches\modules-2\files-2.1\javax.inject\javax.inject\1\6975da39a7040257bd51d21a231b76c915872d38\javax.inject-1.jar
2026-03-16T23:45:28.622+0700 [DEBUG] [org.gradle.internal.operations.DefaultBuildOperationRunner] Build operation 'Resolve javax.inject-1.jar (javax.inject:javax.inject:1)' completed
2026-03-16T23:45:28.622+0700 [DEBUG] [org.gradle.api.internal.artifacts.ivyservice.ivyresolve.CachingModuleComponentRepository] Found artifact 'kxml2-2.3.0.jar (net.sf.kxml:kxml2:2.3.0)' in resolver cache: C:\Users\USER\.gradle\caches\modules-2\files-2.1\net.sf.kxml\kxml2\2.3.0\ccbc77a5fd907ef863c29f3596c6f54ffa4e9442\kxml2-2.3.0.jar
2026-03-16T23:45:28.623+0700 [DEBUG] [org.gradle.internal.operations.DefaultBuildOperationRunner] Build operation 'Resolve kxml2-2.3.0.jar (net.sf.kxml:kxml2:2.3.0)' completed
2026-03-16T23:45:28.609+0700 [DEBUG] [org.gradle.api.internal.artifacts.ivyservice.ivyresolve.CachingModuleComponentRepository] Found artifact 'jaxb-runtime-2.3.2.jar (org.glassfish.jaxb:jaxb-runtime:2.3.2)' in resolver cache: C:\Users\USER\.gradle\caches\modules-2\files-2.1\org.glassfish.jaxb\jaxb-runtime\2.3.2\5528bc882ea499a09d720b42af11785c4fc6be2a\jaxb-runtime-2.3.2.jar
2026-03-16T23:45:28.624+0700 [DEBUG] [org.gradle.internal.operations.DefaultBuildOperationRunner] Build operation 'Resolve jaxb-runtime-2.3.2.jar (org.glassfish.jaxb:jaxb-runtime:2.3.2)' completed
2026-03-16T23:45:28.608+0700 [DEBUG] [org.gradle.api.internal.artifacts.ivyservice.ivyresolve.CachingModuleComponentRepository] Found artifact 'tink-1.7.0.jar (com.google.crypto.tink:tink:1.7.0)' in resolver cache: C:\Users\USER\.gradle\caches\modules-2\files-2.1\com.google.crypto.tink\tink\1.7.0\668b57f109d32349b2870448f06ae6f202713edc\tink-1.7.0.jar
2026-03-16T23:45:28.625+0700 [DEBUG] [org.gradle.internal.operations.DefaultBuildOperationRunner] Build operation 'Resolve tink-1.7.0.jar (com.google.crypto.tink:tink:1.7.0)' completed
2026-03-16T23:45:28.607+0700 [DEBUG] [org.gradle.api.internal.artifacts.ivyservice.ivyresolve.CachingModuleComponentRepository] Found artifact 'protobuf-java-util-3.25.5.jar (com.google.protobuf:protobuf-java-util:3.25.5)' in resolver cache: C:\Users\USER\.gradle\caches\modules-2\files-2.1\com.google.protobuf\protobuf-java-util\3.25.5\38cc5ce479603e36466feda2a9f1dfdb2210ef00\protobuf-java-util-3.25.5.jar
2026-03-16T23:45:28.606+0700 [DEBUG] [org.gradle.api.internal.artifacts.ivyservice.ivyresolve.CachingModuleComponentRepository] Found artifact 'databinding-common-9.1.0.jar (androidx.databinding:databinding-common:9.1.0)' in resolver cache: C:\Users\USER\.gradle\caches\modules-2\files-2.1\androidx.databinding\databinding-common\9.1.0\2be3530b78477835e69dce953b17adc1dbc5c6fa\databinding-common-9.1.0.jar
2026-03-16T23:45:28.626+0700 [DEBUG] [org.gradle.internal.operations.DefaultBuildOperationRunner] Build operation 'Resolve databinding-common-9.1.0.jar (androidx.databinding:databinding-common:9.1.0)' completed
2026-03-16T23:45:28.626+0700 [DEBUG] [org.gradle.internal.operations.DefaultBuildOperationRunner] Build operation 'Resolve httpmime-4.5.6.jar (org.apache.httpcomponents:httpmime:4.5.6)' completed
2026-03-16T23:45:28.625+0700 [DEBUG] [org.gradle.api.internal.artifacts.ivyservice.ivyresolve.CachingModuleComponentRepository] Found artifact 'bcprov-jdk18on-1.79.jar (org.bouncycastle:bcprov-jdk18on:1.79)' in resolver cache: C:\Users\USER\.gradle\caches\modules-2\files-2.1\org.bouncycastle\bcprov-jdk18on\1.79\4d8e2732bcee15f1db93df266c3f5b70ce5cac21\bcprov-jdk18on-1.79.jar
2026-03-16T23:45:28.626+0700 [DEBUG] [org.gradle.internal.operations.DefaultBuildOperationRunner] Build operation 'Resolve bcprov-jdk18on-1.79.jar (org.bouncycastle:bcprov-jdk18on:1.79)' completed
2026-03-16T23:45:28.627+0700 [DEBUG] [org.gradle.internal.operations.DefaultBuildOperationRunner] Build operation 'Resolve protobuf-java-util-3.25.5.jar (com.google.protobuf:protobuf-java-util:3.25.5)' completed
2026-03-16T23:45:28.625+0700 [DEBUG] [org.gradle.api.internal.artifacts.ivyservice.ivyresolve.CachingModuleComponentRepository] Found artifact 'protos-32.1.0.jar (com.android.tools.analytics-library:protos:32.1.0)' in resolver cache: C:\Users\USER\.gradle\caches\modules-2\files-2.1\com.android.tools.analytics-library\protos\32.1.0\2a30675b2f4f4a60f78ce88d8df3dc1badea4ee5\protos-32.1.0.jar
2026-03-16T23:45:28.620+0700 [DEBUG] [org.gradle.api.internal.artifacts.ivyservice.ivyresolve.CachingModuleComponentRepository] Found artifact 'org.gradle.internal.component.external.model.UrlBackedArtifactMetadata@2359f98f' in resolver cache: C:\Users\USER\.gradle\caches\modules-2\files-2.1\com.google.guava\guava\33.3.1-jre\852f8b363da0111e819460021ca693cacca3e8db\guava-33.3.1-jre.jar
2026-03-16T23:45:28.628+0700 [DEBUG] [org.gradle.internal.operations.DefaultBuildOperationRunner] Build operation 'Resolve guava-33.3.1-jre.jar (com.google.guava:guava:33.3.1-jre)' completed
2026-03-16T23:45:28.620+0700 [DEBUG] [org.gradle.api.internal.artifacts.ivyservice.ivyresolve.CachingModuleComponentRepository] Found artifact 'apkzlib-9.1.0.jar (com.android.tools.build:apkzlib:9.1.0)' in resolver cache: C:\Users\USER\.gradle\caches\modules-2\files-2.1\com.android.tools.build\apkzlib\9.1.0\797a964d8f011d631816a3b7dbc92e58c3f76936\apkzlib-9.1.0.jar
2026-03-16T23:45:28.629+0700 [DEBUG] [org.gradle.api.internal.artifacts.ivyservice.ivyresolve.CachingModuleComponentRepository] Found artifact 'annotations-32.1.0.jar (com.android.tools:annotations:32.1.0)' in resolver cache: C:\Users\USER\.gradle\caches\modules-2\files-2.1\com.android.tools\annotations\32.1.0\a9a04a78f42fdb0276a0fc7fd538890f856a9753\annotations-32.1.0.jar
2026-03-16T23:45:28.629+0700 [DEBUG] [org.gradle.internal.operations.DefaultBuildOperationRunner] Build operation 'Resolve annotations-32.1.0.jar (com.android.tools:annotations:32.1.0)' completed
2026-03-16T23:45:28.617+0700 [DEBUG] [org.gradle.api.internal.artifacts.ivyservice.ivyresolve.CachingModuleComponentRepository] Found artifact 'tensorflow-lite-metadata-0.2.0.jar (org.tensorflow:tensorflow-lite-metadata:0.2.0)' in resolver cache: C:\Users\USER\.gradle\caches\modules-2\files-2.1\org.tensorflow\tensorflow-lite-metadata\0.2.0\7dbe8f75ae5c0ef7093c43c3ac8b560bbc7ea4b6\tensorflow-lite-metadata-0.2.0.jar
2026-03-16T23:45:28.630+0700 [DEBUG] [org.gradle.internal.operations.DefaultBuildOperationRunner] Build operation 'Resolve tensorflow-lite-metadata-0.2.0.jar (org.tensorflow:tensorflow-lite-metadata:0.2.0)' completed
2026-03-16T23:45:28.630+0700 [DEBUG] [org.gradle.api.internal.artifacts.ivyservice.ivyresolve.CachingModuleComponentRepository] Found artifact 'juniversalchardet-1.0.3.jar (com.googlecode.juniversalchardet:juniversalchardet:1.0.3)' in resolver cache: C:\Users\USER\.gradle\caches\modules-2\files-2.1\com.googlecode.juniversalchardet\juniversalchardet\1.0.3\cd49678784c46aa8789c060538e0154013bb421b\juniversalchardet-1.0.3.jar
2026-03-16T23:45:28.631+0700 [DEBUG] [org.gradle.internal.operations.DefaultBuildOperationRunner] Build operation 'Resolve juniversalchardet-1.0.3.jar (com.googlecode.juniversalchardet:juniversalchardet:1.0.3)' completed
2026-03-16T23:45:28.631+0700 [DEBUG] [org.gradle.api.internal.artifacts.ivyservice.ivyresolve.CachingModuleComponentRepository] Found artifact 'jimfs-1.1.jar (com.google.jimfs:jimfs:1.1)' in resolver cache: C:\Users\USER\.gradle\caches\modules-2\files-2.1\com.google.jimfs\jimfs\1.1\8fbd0579dc68aba6186935cc1bee21d2f3e7ec1c\jimfs-1.1.jar
2026-03-16T23:45:28.632+0700 [DEBUG] [org.gradle.internal.operations.DefaultBuildOperationRunner] Build operation 'Resolve jimfs-1.1.jar (com.google.jimfs:jimfs:1.1)' completed
2026-03-16T23:45:28.630+0700 [DEBUG] [org.gradle.api.internal.artifacts.ivyservice.ivyresolve.CachingModuleComponentRepository] Found artifact 'jna-platform-5.6.0.jar (net.java.dev.jna:jna-platform:5.6.0)' in resolver cache: C:\Users\USER\.gradle\caches\modules-2\files-2.1\net.java.dev.jna\jna-platform\5.6.0\d18424ffb8bbfd036d71bcaab9b546858f2ef986\jna-platform-5.6.0.jar
2026-03-16T23:45:28.632+0700 [DEBUG] [org.gradle.internal.operations.DefaultBuildOperationRunner] Build operation 'Resolve jna-platform-5.6.0.jar (net.java.dev.jna:jna-platform:5.6.0)' completed
2026-03-16T23:45:28.633+0700 [DEBUG] [org.gradle.internal.operations.DefaultBuildOperationRunner] Build operation 'Resolve apkzlib-9.1.0.jar (com.android.tools.build:apkzlib:9.1.0)' completed
2026-03-16T23:45:28.628+0700 [DEBUG] [org.gradle.api.internal.artifacts.ivyservice.ivyresolve.CachingModuleComponentRepository] Found artifact 'bcpkix-jdk18on-1.79.jar (org.bouncycastle:bcpkix-jdk18on:1.79)' in resolver cache: C:\Users\USER\.gradle\caches\modules-2\files-2.1\org.bouncycastle\bcpkix-jdk18on\1.79\7693cec3b8779b74b35466dcaeeaac7409872954\bcpkix-jdk18on-1.79.jar
2026-03-16T23:45:28.633+0700 [DEBUG] [org.gradle.internal.operations.DefaultBuildOperationRunner] Build operation 'Resolve bcpkix-jdk18on-1.79.jar (org.bouncycastle:bcpkix-jdk18on:1.79)' completed
2026-03-16T23:45:28.628+0700 [DEBUG] [org.gradle.api.internal.artifacts.ivyservice.ivyresolve.CachingModuleComponentRepository] Found artifact 'bcutil-jdk18on-1.79.jar (org.bouncycastle:bcutil-jdk18on:1.79)' in resolver cache: C:\Users\USER\.gradle\caches\modules-2\files-2.1\org.bouncycastle\bcutil-jdk18on\1.79\ecfc5aef97cc7676ea0de5c53c407b9f533f0ad5\bcutil-jdk18on-1.79.jar
2026-03-16T23:45:28.634+0700 [DEBUG] [org.gradle.internal.operations.DefaultBuildOperationRunner] Build operation 'Resolve bcutil-jdk18on-1.79.jar (org.bouncycastle:bcutil-jdk18on:1.79)' completed
2026-03-16T23:45:28.627+0700 [DEBUG] [org.gradle.api.internal.artifacts.ivyservice.ivyresolve.CachingModuleComponentRepository] Found artifact 'zipflinger-9.1.0.jar (com.android:zipflinger:9.1.0)' in resolver cache: C:\Users\USER\.gradle\caches\modules-2\files-2.1\com.android\zipflinger\9.1.0\8f244c1f655b3d3bdfce9da3ba0da33774e474b3\zipflinger-9.1.0.jar
2026-03-16T23:45:28.635+0700 [DEBUG] [org.gradle.internal.operations.DefaultBuildOperationRunner] Build operation 'Resolve zipflinger-9.1.0.jar (com.android:zipflinger:9.1.0)' completed
2026-03-16T23:45:28.635+0700 [DEBUG] [org.gradle.internal.operations.DefaultBuildOperationRunner] Build operation 'Resolve protos-32.1.0.jar (com.android.tools.analytics-library:protos:32.1.0)' completed
2026-03-16T23:45:28.627+0700 [DEBUG] [org.gradle.api.internal.artifacts.ivyservice.ivyresolve.CachingModuleComponentRepository] Found artifact 'signflinger-9.1.0.jar (com.android:signflinger:9.1.0)' in resolver cache: C:\Users\USER\.gradle\caches\modules-2\files-2.1\com.android\signflinger\9.1.0\7c41f72626807e344b3bd6ba06a75cd6c4c9d118\signflinger-9.1.0.jar
2026-03-16T23:45:28.635+0700 [DEBUG] [org.gradle.internal.operations.DefaultBuildOperationRunner] Build operation 'Resolve signflinger-9.1.0.jar (com.android:signflinger:9.1.0)' completed
2026-03-16T23:45:28.626+0700 [DEBUG] [org.gradle.api.internal.artifacts.ivyservice.ivyresolve.CachingModuleComponentRepository] Found artifact 'httpclient-4.5.14.jar (org.apache.httpcomponents:httpclient:4.5.14)' in resolver cache: C:\Users\USER\.gradle\caches\modules-2\files-2.1\org.apache.httpcomponents\httpclient\4.5.14\1194890e6f56ec29177673f2f12d0b8e627dec98\httpclient-4.5.14.jar
2026-03-16T23:45:28.635+0700 [DEBUG] [org.gradle.internal.operations.DefaultBuildOperationRunner] Build operation 'Resolve httpclient-4.5.14.jar (org.apache.httpcomponents:httpclient:4.5.14)' completed
2026-03-16T23:45:28.635+0700 [DEBUG] [org.gradle.api.internal.artifacts.ivyservice.ivyresolve.CachingModuleComponentRepository] Found artifact 'auto-value-annotations-1.6.2.jar (com.google.auto.value:auto-value-annotations:1.6.2)' in resolver cache: C:\Users\USER\.gradle\caches\modules-2\files-2.1\com.google.auto.value\auto-value-annotations\1.6.2\ed193d86e0af90cc2342aedbe73c5d86b03fa09b\auto-value-annotations-1.6.2.jar
2026-03-16T23:45:28.636+0700 [DEBUG] [org.gradle.internal.operations.DefaultBuildOperationRunner] Build operation 'Resolve auto-value-annotations-1.6.2.jar (com.google.auto.value:auto-value-annotations:1.6.2)' completed
2026-03-16T23:45:28.634+0700 [DEBUG] [org.gradle.api.internal.artifacts.ivyservice.ivyresolve.CachingModuleComponentRepository] Found artifact 'FastInfoset-1.2.16.jar (com.sun.xml.fastinfoset:FastInfoset:1.2.16)' in resolver cache: C:\Users\USER\.gradle\caches\modules-2\files-2.1\com.sun.xml.fastinfoset\FastInfoset\1.2.16\4eb6a0adad553bf759ffe86927df6f3b848c8bea\FastInfoset-1.2.16.jar
2026-03-16T23:45:28.636+0700 [DEBUG] [org.gradle.internal.operations.DefaultBuildOperationRunner] Build operation 'Resolve FastInfoset-1.2.16.jar (com.sun.xml.fastinfoset:FastInfoset:1.2.16)' completed
2026-03-16T23:45:28.636+0700 [DEBUG] [org.gradle.api.internal.artifacts.ivyservice.ivyresolve.CachingModuleComponentRepository] Found artifact 'jakarta.activation-api-1.2.1.jar (jakarta.activation:jakarta.activation-api:1.2.1)' in resolver cache: C:\Users\USER\.gradle\caches\modules-2\files-2.1\jakarta.activation\jakarta.activation-api\1.2.1\562a587face36ec7eff2db7f2fc95425c6602bc1\jakarta.activation-api-1.2.1.jar
2026-03-16T23:45:28.636+0700 [DEBUG] [org.gradle.internal.operations.DefaultBuildOperationRunner] Build operation 'Resolve jakarta.activation-api-1.2.1.jar (jakarta.activation:jakarta.activation-api:1.2.1)' completed
2026-03-16T23:45:28.633+0700 [DEBUG] [org.gradle.api.internal.artifacts.ivyservice.ivyresolve.CachingModuleComponentRepository] Found artifact 'istack-commons-runtime-3.0.8.jar (com.sun.istack:istack-commons-runtime:3.0.8)' in resolver cache: C:\Users\USER\.gradle\caches\modules-2\files-2.1\com.sun.istack\istack-commons-runtime\3.0.8\d6a97364045aa6b99bf2d3c566a3f98599c2d296\istack-commons-runtime-3.0.8.jar
2026-03-16T23:45:28.637+0700 [DEBUG] [org.gradle.api.internal.artifacts.ivyservice.ivyresolve.CachingModuleComponentRepository] Found artifact 'org.gradle.internal.component.external.model.UrlBackedArtifactMetadata@6bfc77d8' in resolver cache: C:\Users\USER\.gradle\caches\modules-2\files-2.1\org.jetbrains.kotlin\kotlin-gradle-plugin-idea\2.2.10\a07b350797aa4fe6d4bc6e1be2feecb638e94b13\kotlin-gradle-plugin-idea-2.2.10.jar
2026-03-16T23:45:28.637+0700 [DEBUG] [org.gradle.internal.operations.DefaultBuildOperationRunner] Build operation 'Resolve kotlin-gradle-plugin-idea-2.2.10.jar (org.jetbrains.kotlin:kotlin-gradle-plugin-idea:2.2.10)' completed
2026-03-16T23:45:28.633+0700 [DEBUG] [org.gradle.api.internal.artifacts.ivyservice.ivyresolve.CachingModuleComponentRepository] Found artifact 'txw2-2.3.2.jar (org.glassfish.jaxb:txw2:2.3.2)' in resolver cache: C:\Users\USER\.gradle\caches\modules-2\files-2.1\org.glassfish.jaxb\txw2\2.3.2\ce5be7da2e442c25ec14c766cb60cb802741727b\txw2-2.3.2.jar
2026-03-16T23:45:28.638+0700 [DEBUG] [org.gradle.internal.operations.DefaultBuildOperationRunner] Build operation 'Resolve txw2-2.3.2.jar (org.glassfish.jaxb:txw2:2.3.2)' completed
2026-03-16T23:45:28.632+0700 [DEBUG] [org.gradle.api.internal.artifacts.ivyservice.ivyresolve.CachingModuleComponentRepository] Found artifact 'stax-ex-1.8.1.jar (org.jvnet.staxex:stax-ex:1.8.1)' in resolver cache: C:\Users\USER\.gradle\caches\modules-2\files-2.1\org.jvnet.staxex\stax-ex\1.8.1\78011e483a21102fb4858f3e8f269a677e50aa23\stax-ex-1.8.1.jar
2026-03-16T23:45:28.638+0700 [DEBUG] [org.gradle.internal.operations.DefaultBuildOperationRunner] Build operation 'Resolve stax-ex-1.8.1.jar (org.jvnet.staxex:stax-ex:1.8.1)' completed
2026-03-16T23:45:28.632+0700 [DEBUG] [org.gradle.api.internal.artifacts.ivyservice.ivyresolve.CachingModuleComponentRepository] Found artifact 'org.gradle.internal.component.external.model.UrlBackedArtifactMetadata@285aabf4' in resolver cache: C:\Users\USER\.gradle\caches\modules-2\files-2.1\com.android.tools.build.jetifier\jetifier-processor\1.0.0-beta10\946c39eb0c052ff4f60a8939648a8b99af20d604\jetifier-processor-1.0.0-beta10.jar
2026-03-16T23:45:28.639+0700 [DEBUG] [org.gradle.api.internal.artifacts.ivyservice.ivyresolve.CachingModuleComponentRepository] Found artifact 'jakarta.xml.bind-api-2.3.2.jar (jakarta.xml.bind:jakarta.xml.bind-api:2.3.2)' in resolver cache: C:\Users\USER\.gradle\caches\modules-2\files-2.1\jakarta.xml.bind\jakarta.xml.bind-api\2.3.2\8d49996a4338670764d7ca4b85a1c4ccf7fe665d\jakarta.xml.bind-api-2.3.2.jar
2026-03-16T23:45:28.639+0700 [DEBUG] [org.gradle.internal.operations.DefaultBuildOperationRunner] Build operation 'Resolve jakarta.xml.bind-api-2.3.2.jar (jakarta.xml.bind:jakarta.xml.bind-api:2.3.2)' completed
2026-03-16T23:45:28.638+0700 [DEBUG] [org.gradle.api.internal.artifacts.ivyservice.ivyresolve.CachingModuleComponentRepository] Found artifact 'kotlin-klib-commonizer-api-2.2.10.jar (org.jetbrains.kotlin:kotlin-klib-commonizer-api:2.2.10)' in resolver cache: C:\Users\USER\.gradle\caches\modules-2\files-2.1\org.jetbrains.kotlin\kotlin-klib-commonizer-api\2.2.10\e7a9a8f5ca3d6027fb86f1df5bb2ce2812b1486a\kotlin-klib-commonizer-api-2.2.10.jar
2026-03-16T23:45:28.640+0700 [DEBUG] [org.gradle.api.internal.artifacts.ivyservice.ivyresolve.CachingModuleComponentRepository] Found artifact 'kotlin-util-klib-metadata-2.2.10.jar (org.jetbrains.kotlin:kotlin-util-klib-metadata:2.2.10)' in resolver cache: C:\Users\USER\.gradle\caches\modules-2\files-2.1\org.jetbrains.kotlin\kotlin-util-klib-metadata\2.2.10\aae4449834d66cddf14f0fb5b8867eb422bb52f0\kotlin-util-klib-metadata-2.2.10.jar
2026-03-16T23:45:28.641+0700 [DEBUG] [org.gradle.internal.operations.DefaultBuildOperationRunner] Build operation 'Resolve kotlin-util-klib-metadata-2.2.10.jar (org.jetbrains.kotlin:kotlin-util-klib-metadata:2.2.10)' completed
2026-03-16T23:45:28.641+0700 [DEBUG] [org.gradle.internal.operations.DefaultBuildOperationRunner] Build operation 'Resolve istack-commons-runtime-3.0.8.jar (com.sun.istack:istack-commons-runtime:3.0.8)' completed
2026-03-16T23:45:28.636+0700 [DEBUG] [org.gradle.api.internal.artifacts.ivyservice.ivyresolve.CachingModuleComponentRepository] Found artifact 'error_prone_annotations-2.28.0.jar (com.google.errorprone:error_prone_annotations:2.28.0)' in resolver cache: C:\Users\USER\.gradle\caches\modules-2\files-2.1\com.google.errorprone\error_prone_annotations\2.28.0\59fc00087ce372de42e394d2c789295dff2d19f0\error_prone_annotations-2.28.0.jar
2026-03-16T23:45:28.642+0700 [DEBUG] [org.gradle.internal.operations.DefaultBuildOperationRunner] Build operation 'Resolve error_prone_annotations-2.28.0.jar (com.google.errorprone:error_prone_annotations:2.28.0)' completed
2026-03-16T23:45:28.636+0700 [DEBUG] [org.gradle.api.internal.artifacts.ivyservice.ivyresolve.CachingModuleComponentRepository] Found artifact 'jdom2-2.0.6.jar (org.jdom:jdom2:2.0.6)' in resolver cache: C:\Users\USER\.gradle\caches\modules-2\files-2.1\org.jdom\jdom2\2.0.6\6f14738ec2e9dd0011e343717fa624a10f8aab64\jdom2-2.0.6.jar
2026-03-16T23:45:28.642+0700 [DEBUG] [org.gradle.internal.operations.DefaultBuildOperationRunner] Build operation 'Resolve jdom2-2.0.6.jar (org.jdom:jdom2:2.0.6)' completed
2026-03-16T23:45:28.636+0700 [DEBUG] [org.gradle.api.internal.artifacts.ivyservice.ivyresolve.CachingModuleComponentRepository] Found artifact 'jose4j-0.9.5.jar (org.bitbucket.b_c:jose4j:0.9.5)' in resolver cache: C:\Users\USER\.gradle\caches\modules-2\files-2.1\org.bitbucket.b_c\jose4j\0.9.5\e4ca26802488e6f16e24558d74ac8775a955fdd3\jose4j-0.9.5.jar
2026-03-16T23:45:28.643+0700 [DEBUG] [org.gradle.internal.operations.DefaultBuildOperationRunner] Build operation 'Resolve jose4j-0.9.5.jar (org.bitbucket.b_c:jose4j:0.9.5)' completed
2026-03-16T23:45:28.636+0700 [DEBUG] [org.gradle.api.internal.artifacts.ivyservice.ivyresolve.CachingModuleComponentRepository] Found artifact 'slf4j-api-1.7.30.jar (org.slf4j:slf4j-api:1.7.30)' in resolver cache: C:\Users\USER\.gradle\caches\modules-2\files-2.1\org.slf4j\slf4j-api\1.7.30\b5a4b6d16ab13e34a88fae84c35cd5d68cac922c\slf4j-api-1.7.30.jar
2026-03-16T23:45:28.643+0700 [DEBUG] [org.gradle.internal.operations.DefaultBuildOperationRunner] Build operation 'Resolve slf4j-api-1.7.30.jar (org.slf4j:slf4j-api:1.7.30)' completed
2026-03-16T23:45:28.635+0700 [DEBUG] [org.gradle.api.internal.artifacts.ivyservice.ivyresolve.CachingModuleComponentRepository] Found artifact 'httpcore-4.4.16.jar (org.apache.httpcomponents:httpcore:4.4.16)' in resolver cache: C:\Users\USER\.gradle\caches\modules-2\files-2.1\org.apache.httpcomponents\httpcore\4.4.16\51cf043c87253c9f58b539c9f7e44c8894223850\httpcore-4.4.16.jar
2026-03-16T23:45:28.644+0700 [DEBUG] [org.gradle.internal.operations.DefaultBuildOperationRunner] Build operation 'Resolve httpcore-4.4.16.jar (org.apache.httpcomponents:httpcore:4.4.16)' completed
2026-03-16T23:45:28.643+0700 [DEBUG] [org.gradle.api.internal.artifacts.ivyservice.ivyresolve.CachingModuleComponentRepository] Found artifact 'apksig-9.1.0.jar (com.android.tools.build:apksig:9.1.0)' in resolver cache: C:\Users\USER\.gradle\caches\modules-2\files-2.1\com.android.tools.build\apksig\9.1.0\2881101f6a9d0baf6a341926ef0ff08c98a5d13b\apksig-9.1.0.jar
2026-03-16T23:45:28.645+0700 [DEBUG] [org.gradle.internal.operations.DefaultBuildOperationRunner] Build operation 'Resolve apksig-9.1.0.jar (com.android.tools.build:apksig:9.1.0)' completed
2026-03-16T23:45:28.642+0700 [DEBUG] [org.gradle.api.internal.artifacts.ivyservice.ivyresolve.CachingModuleComponentRepository] Found artifact 'kotlin-gradle-plugin-idea-proto-2.2.10.jar (org.jetbrains.kotlin:kotlin-gradle-plugin-idea-proto:2.2.10)' in resolver cache: C:\Users\USER\.gradle\caches\modules-2\files-2.1\org.jetbrains.kotlin\kotlin-gradle-plugin-idea-proto\2.2.10\2caef57b02e64afbcbb276e4f1edb5d9807d8fa4\kotlin-gradle-plugin-idea-proto-2.2.10.jar
2026-03-16T23:45:28.646+0700 [DEBUG] [org.gradle.internal.operations.DefaultBuildOperationRunner] Build operation 'Resolve kotlin-gradle-plugin-idea-proto-2.2.10.jar (org.jetbrains.kotlin:kotlin-gradle-plugin-idea-proto:2.2.10)' completed
2026-03-16T23:45:28.640+0700 [DEBUG] [org.gradle.internal.operations.DefaultBuildOperationRunner] Build operation 'Resolve kotlin-klib-commonizer-api-2.2.10.jar (org.jetbrains.kotlin:kotlin-klib-commonizer-api:2.2.10)' completed
2026-03-16T23:45:28.647+0700 [DEBUG] [org.gradle.api.internal.artifacts.ivyservice.ivyresolve.CachingModuleComponentRepository] Found artifact 'org.gradle.internal.component.external.model.UrlBackedArtifactMetadata@6a6e7e61' in resolver cache: C:\Users\USER\.gradle\caches\modules-2\files-2.1\org.checkerframework\checker-qual\3.43.0\9425eee39e56b116d2b998b7c2cebcbd11a3c98b\checker-qual-3.43.0.jar
2026-03-16T23:45:28.647+0700 [DEBUG] [org.gradle.internal.operations.DefaultBuildOperationRunner] Build operation 'Resolve checker-qual-3.43.0.jar (org.checkerframework:checker-qual:3.43.0)' completed
2026-03-16T23:45:28.640+0700 [DEBUG] [org.gradle.api.internal.artifacts.ivyservice.ivyresolve.CachingModuleComponentRepository] Found artifact 'abi-tools-api-2.2.10.jar (org.jetbrains.kotlin:abi-tools-api:2.2.10)' in resolver cache: C:\Users\USER\.gradle\caches\modules-2\files-2.1\org.jetbrains.kotlin\abi-tools-api\2.2.10\d3d684d1dfec17b0c9f0fda875da938d5f304328\abi-tools-api-2.2.10.jar
2026-03-16T23:45:28.648+0700 [DEBUG] [org.gradle.internal.operations.DefaultBuildOperationRunner] Build operation 'Resolve abi-tools-api-2.2.10.jar (org.jetbrains.kotlin:abi-tools-api:2.2.10)' completed
2026-03-16T23:45:28.639+0700 [DEBUG] [org.gradle.internal.operations.DefaultBuildOperationRunner] Build operation 'Resolve jetifier-processor-1.0.0-beta10.jar (com.android.tools.build.jetifier:jetifier-processor:1.0.0-beta10)' completed
2026-03-16T23:45:28.649+0700 [DEBUG] [org.gradle.api.internal.artifacts.ivyservice.ivyresolve.CachingModuleComponentRepository] Found artifact 'jsr305-3.0.2.jar (com.google.code.findbugs:jsr305:3.0.2)' in resolver cache: C:\Users\USER\.gradle\caches\modules-2\files-2.1\com.google.code.findbugs\jsr305\3.0.2\25ea2e8b0c338a877313bd4672d3fe056ea78f0d\jsr305-3.0.2.jar
2026-03-16T23:45:28.648+0700 [DEBUG] [org.gradle.api.internal.artifacts.ivyservice.ivyresolve.CachingModuleComponentRepository] Found artifact 'jna-5.6.0.jar (net.java.dev.jna:jna:5.6.0)' in resolver cache: C:\Users\USER\.gradle\caches\modules-2\files-2.1\net.java.dev.jna\jna\5.6.0\330f2244e9030119ab3030fc3fededc86713d9cc\jna-5.6.0.jar
2026-03-16T23:45:28.647+0700 [DEBUG] [org.gradle.api.internal.artifacts.ivyservice.ivyresolve.CachingModuleComponentRepository] Found artifact 'commons-logging-1.2.jar (commons-logging:commons-logging:1.2)' in resolver cache: C:\Users\USER\.gradle\caches\modules-2\files-2.1\commons-logging\commons-logging\1.2\4bfc12adfe4842bf07b657f0369c4cb522955686\commons-logging-1.2.jar
2026-03-16T23:45:28.647+0700 [DEBUG] [org.gradle.api.internal.artifacts.ivyservice.ivyresolve.CachingModuleComponentRepository] Found artifact 'j2objc-annotations-3.0.0.jar (com.google.j2objc:j2objc-annotations:3.0.0)' in resolver cache: C:\Users\USER\.gradle\caches\modules-2\files-2.1\com.google.j2objc\j2objc-annotations\3.0.0\7399e65dd7e9ff3404f4535b2f017093bdb134c7\j2objc-annotations-3.0.0.jar
2026-03-16T23:45:28.651+0700 [DEBUG] [org.gradle.internal.operations.DefaultBuildOperationRunner] Build operation 'Resolve j2objc-annotations-3.0.0.jar (com.google.j2objc:j2objc-annotations:3.0.0)' completed
2026-03-16T23:45:28.646+0700 [DEBUG] [org.gradle.api.internal.artifacts.ivyservice.ivyresolve.CachingModuleComponentRepository] Found artifact 'flatbuffers-java-1.12.0.jar (com.google.flatbuffers:flatbuffers-java:1.12.0)' in resolver cache: C:\Users\USER\.gradle\caches\modules-2\files-2.1\com.google.flatbuffers\flatbuffers-java\1.12.0\8201cc7b511177a37071249e891f2f2fea4b32e9\flatbuffers-java-1.12.0.jar
2026-03-16T23:45:28.645+0700 [DEBUG] [org.gradle.api.internal.artifacts.ivyservice.ivyresolve.CachingModuleComponentRepository] Found artifact 'javawriter-2.5.0.jar (com.squareup:javawriter:2.5.0)' in resolver cache: C:\Users\USER\.gradle\caches\modules-2\files-2.1\com.squareup\javawriter\2.5.0\81241ff7078ef14f42ea2a8995fa09c096256e6b\javawriter-2.5.0.jar
2026-03-16T23:45:28.652+0700 [DEBUG] [org.gradle.internal.operations.DefaultBuildOperationRunner] Build operation 'Resolve javawriter-2.5.0.jar (com.squareup:javawriter:2.5.0)' completed
2026-03-16T23:45:28.645+0700 [DEBUG] [org.gradle.api.internal.artifacts.ivyservice.ivyresolve.CachingModuleComponentRepository] Found artifact 'listenablefuture-9999.0-empty-to-avoid-conflict-with-guava.jar (com.google.guava:listenablefuture:9999.0-empty-to-avoid-conflict-with-guava)' in resolver cache: C:\Users\USER\.gradle\caches\modules-2\files-2.1\com.google.guava\listenablefuture\9999.0-empty-to-avoid-conflict-with-guava\b421526c5f297295adef1c886e5246c39d4ac629\listenablefuture-9999.0-empty-to-avoid-conflict-with-guava.jar
2026-03-16T23:45:28.652+0700 [DEBUG] [org.gradle.internal.operations.DefaultBuildOperationRunner] Build operation 'Resolve listenablefuture-9999.0-empty-to-avoid-conflict-with-guava.jar (com.google.guava:listenablefuture:9999.0-empty-to-avoid-conflict-with-guava)' completed
2026-03-16T23:45:28.644+0700 [DEBUG] [org.gradle.api.internal.artifacts.ivyservice.ivyresolve.CachingModuleComponentRepository] Found artifact 'failureaccess-1.0.2.jar (com.google.guava:failureaccess:1.0.2)' in resolver cache: C:\Users\USER\.gradle\caches\modules-2\files-2.1\com.google.guava\failureaccess\1.0.2\c4a06a64e650562f30b7bf9aaec1bfed43aca12b\failureaccess-1.0.2.jar
2026-03-16T23:45:28.652+0700 [DEBUG] [org.gradle.internal.operations.DefaultBuildOperationRunner] Build operation 'Resolve failureaccess-1.0.2.jar (com.google.guava:failureaccess:1.0.2)' completed
2026-03-16T23:45:28.652+0700 [DEBUG] [org.gradle.api.internal.artifacts.ivyservice.ivyresolve.CachingModuleComponentRepository] Found artifact 'commons-codec-1.17.1.jar (commons-codec:commons-codec:1.17.1)' in resolver cache: C:\Users\USER\.gradle\caches\modules-2\files-2.1\commons-codec\commons-codec\1.17.1\973638b7149d333563584137ebf13a691bb60579\commons-codec-1.17.1.jar
2026-03-16T23:45:28.653+0700 [DEBUG] [org.gradle.internal.operations.DefaultBuildOperationRunner] Build operation 'Resolve commons-codec-1.17.1.jar (commons-codec:commons-codec:1.17.1)' completed
2026-03-16T23:45:28.652+0700 [DEBUG] [org.gradle.api.internal.artifacts.ivyservice.ivyresolve.CachingModuleComponentRepository] Found artifact 'commons-lang3-3.16.0.jar (org.apache.commons:commons-lang3:3.16.0)' in resolver cache: C:\Users\USER\.gradle\caches\modules-2\files-2.1\org.apache.commons\commons-lang3\3.16.0\3eb54effe40946dfb06dc5cd6c7ce4116cd51ea4\commons-lang3-3.16.0.jar
2026-03-16T23:45:28.653+0700 [DEBUG] [org.gradle.api.internal.artifacts.ivyservice.ivyresolve.CachingModuleComponentRepository] Found artifact 'kotlin-daemon-client-2.2.10.jar (org.jetbrains.kotlin:kotlin-daemon-client:2.2.10)' in resolver cache: C:\Users\USER\.gradle\caches\modules-2\files-2.1\org.jetbrains.kotlin\kotlin-daemon-client\2.2.10\9de9722b2ab63b00fed168c924c41ea3b2f7d9c5\kotlin-daemon-client-2.2.10.jar
2026-03-16T23:45:28.653+0700 [DEBUG] [org.gradle.internal.operations.DefaultBuildOperationRunner] Build operation 'Resolve kotlin-daemon-client-2.2.10.jar (org.jetbrains.kotlin:kotlin-daemon-client:2.2.10)' completed
2026-03-16T23:45:28.653+0700 [DEBUG] [org.gradle.internal.operations.DefaultBuildOperationRunner] Build operation 'Resolve flatbuffers-java-1.12.0.jar (com.google.flatbuffers:flatbuffers-java:1.12.0)' completed
2026-03-16T23:45:28.653+0700 [DEBUG] [org.gradle.internal.operations.DefaultBuildOperationRunner] Build operation 'Resolve commons-logging-1.2.jar (commons-logging:commons-logging:1.2)' completed
2026-03-16T23:45:28.654+0700 [DEBUG] [org.gradle.internal.operations.DefaultBuildOperationRunner] Build operation 'Resolve jna-5.6.0.jar (net.java.dev.jna:jna:5.6.0)' completed
2026-03-16T23:45:28.651+0700 [DEBUG] [org.gradle.api.internal.artifacts.ivyservice.ivyresolve.CachingModuleComponentRepository] Found artifact 'kotlin-tooling-core-2.2.10.jar (org.jetbrains.kotlin:kotlin-tooling-core:2.2.10)' in resolver cache: C:\Users\USER\.gradle\caches\modules-2\files-2.1\org.jetbrains.kotlin\kotlin-tooling-core\2.2.10\685151c03e638207a3b5045002411fbef78fdeb\kotlin-tooling-core-2.2.10.jar
2026-03-16T23:45:28.654+0700 [DEBUG] [org.gradle.internal.operations.DefaultBuildOperationRunner] Build operation 'Resolve kotlin-tooling-core-2.2.10.jar (org.jetbrains.kotlin:kotlin-tooling-core:2.2.10)' completed
2026-03-16T23:45:28.654+0700 [DEBUG] [org.gradle.internal.operations.DefaultBuildOperationRunner] Build operation 'Resolve jsr305-3.0.2.jar (com.google.code.findbugs:jsr305:3.0.2)' completed
2026-03-16T23:45:28.654+0700 [DEBUG] [org.gradle.api.internal.artifacts.ivyservice.ivyresolve.CachingModuleComponentRepository] Found artifact 'kotlin-native-utils-2.2.10.jar (org.jetbrains.kotlin:kotlin-native-utils:2.2.10)' in resolver cache: C:\Users\USER\.gradle\caches\modules-2\files-2.1\org.jetbrains.kotlin\kotlin-native-utils\2.2.10\6c6650142c8ddaf921ffc46f9757b39681c0c02e\kotlin-native-utils-2.2.10.jar
2026-03-16T23:45:28.654+0700 [DEBUG] [org.gradle.internal.operations.DefaultBuildOperationRunner] Build operation 'Resolve kotlin-native-utils-2.2.10.jar (org.jetbrains.kotlin:kotlin-native-utils:2.2.10)' completed
2026-03-16T23:45:28.653+0700 [DEBUG] [org.gradle.internal.resources.AbstractTrackedResourceLock] Unconstrained build operations Thread 4: released lock on worker lease
2026-03-16T23:45:28.653+0700 [DEBUG] [org.gradle.internal.operations.DefaultBuildOperationRunner] Build operation 'Resolve commons-lang3-3.16.0.jar (org.apache.commons:commons-lang3:3.16.0)' completed
2026-03-16T23:45:28.653+0700 [DEBUG] [org.gradle.api.internal.artifacts.ivyservice.ivyresolve.CachingModuleComponentRepository] Found artifact 'kotlin-build-tools-api-2.2.10.jar (org.jetbrains.kotlin:kotlin-build-tools-api:2.2.10)' in resolver cache: C:\Users\USER\.gradle\caches\modules-2\files-2.1\org.jetbrains.kotlin\kotlin-build-tools-api\2.2.10\eac607420801deb9abcf71e250ab1ea11b049c06\kotlin-build-tools-api-2.2.10.jar
2026-03-16T23:45:28.654+0700 [DEBUG] [org.gradle.internal.operations.DefaultBuildOperationRunner] Build operation 'Resolve kotlin-build-tools-api-2.2.10.jar (org.jetbrains.kotlin:kotlin-build-tools-api:2.2.10)' completed
2026-03-16T23:45:28.652+0700 [DEBUG] [org.gradle.api.internal.artifacts.ivyservice.ivyresolve.CachingModuleComponentRepository] Found artifact 'kotlin-util-klib-2.2.10.jar (org.jetbrains.kotlin:kotlin-util-klib:2.2.10)' in resolver cache: C:\Users\USER\.gradle\caches\modules-2\files-2.1\org.jetbrains.kotlin\kotlin-util-klib\2.2.10\82e5679f8609ebd439f96fd708cc8644b5f06f0\kotlin-util-klib-2.2.10.jar
2026-03-16T23:45:28.655+0700 [DEBUG] [org.gradle.internal.operations.DefaultBuildOperationRunner] Build operation 'Resolve kotlin-util-klib-2.2.10.jar (org.jetbrains.kotlin:kotlin-util-klib:2.2.10)' completed
2026-03-16T23:45:28.654+0700 [DEBUG] [org.gradle.internal.resources.AbstractTrackedResourceLock] Unconstrained build operations Thread 7: released lock on worker lease
2026-03-16T23:45:28.654+0700 [DEBUG] [org.gradle.api.internal.artifacts.ivyservice.ivyresolve.CachingModuleComponentRepository] Found artifact 'kotlin-gradle-plugin-annotations-2.2.10.jar (org.jetbrains.kotlin:kotlin-gradle-plugin-annotations:2.2.10)' in resolver cache: C:\Users\USER\.gradle\caches\modules-2\files-2.1\org.jetbrains.kotlin\kotlin-gradle-plugin-annotations\2.2.10\45152dbad91398d945afff472498c8610cef5ae5\kotlin-gradle-plugin-annotations-2.2.10.jar
2026-03-16T23:45:28.655+0700 [DEBUG] [org.gradle.internal.operations.DefaultBuildOperationRunner] Build operation 'Resolve kotlin-gradle-plugin-annotations-2.2.10.jar (org.jetbrains.kotlin:kotlin-gradle-plugin-annotations:2.2.10)' completed
2026-03-16T23:45:28.655+0700 [DEBUG] [org.gradle.internal.resources.AbstractTrackedResourceLock] Unconstrained build operations Thread 12: released lock on worker lease
2026-03-16T23:45:28.655+0700 [DEBUG] [org.gradle.api.internal.artifacts.ivyservice.ivyresolve.CachingModuleComponentRepository] Found artifact 'kotlin-util-io-2.2.10.jar (org.jetbrains.kotlin:kotlin-util-io:2.2.10)' in resolver cache: C:\Users\USER\.gradle\caches\modules-2\files-2.1\org.jetbrains.kotlin\kotlin-util-io\2.2.10\aa4dc86feb1b0d99f14f0510892ddecf6f6139fd\kotlin-util-io-2.2.10.jar
2026-03-16T23:45:28.655+0700 [DEBUG] [org.gradle.internal.operations.DefaultBuildOperationRunner] Build operation 'Resolve kotlin-util-io-2.2.10.jar (org.jetbrains.kotlin:kotlin-util-io:2.2.10)' completed
2026-03-16T23:45:28.655+0700 [DEBUG] [org.gradle.internal.resources.AbstractTrackedResourceLock] Unconstrained build operations Thread 10: released lock on worker lease
2026-03-16T23:45:28.655+0700 [DEBUG] [org.gradle.internal.resources.AbstractTrackedResourceLock] Unconstrained build operations Thread 8: released lock on worker lease
2026-03-16T23:45:28.655+0700 [DEBUG] [org.gradle.internal.resources.AbstractTrackedResourceLock] Unconstrained build operations Thread 13: released lock on worker lease
2026-03-16T23:45:28.655+0700 [DEBUG] [org.gradle.internal.resources.AbstractTrackedResourceLock] Daemon worker Thread 4: released lock on state of build :
2026-03-16T23:45:28.656+0700 [DEBUG] [org.gradle.internal.resources.AbstractTrackedResourceLock] Daemon worker Thread 4: released lock on worker lease
2026-03-16T23:45:28.656+0700 [DEBUG] [org.gradle.internal.resources.AbstractTrackedResourceLock] Unconstrained build operations Thread 6: released lock on worker lease
2026-03-16T23:45:28.656+0700 [DEBUG] [org.gradle.internal.resources.AbstractTrackedResourceLock] Unconstrained build operations Thread 11: released lock on worker lease
2026-03-16T23:45:28.656+0700 [DEBUG] [org.gradle.internal.resources.AbstractTrackedResourceLock] Unconstrained build operations Thread 9: released lock on worker lease
2026-03-16T23:45:28.656+0700 [DEBUG] [org.gradle.internal.resources.AbstractTrackedResourceLock] Unconstrained build operations Thread 3: released lock on worker lease
2026-03-16T23:45:28.656+0700 [DEBUG] [org.gradle.internal.resources.AbstractTrackedResourceLock] Unconstrained build operations Thread 5: released lock on worker lease
2026-03-16T23:45:28.656+0700 [DEBUG] [org.gradle.internal.resources.AbstractTrackedResourceLock] Daemon worker Thread 4: acquired lock on state of build :
2026-03-16T23:45:28.656+0700 [DEBUG] [org.gradle.internal.resources.AbstractTrackedResourceLock] Daemon worker Thread 4: acquired lock on worker lease
2026-03-16T23:45:28.657+0700 [DEBUG] [org.gradle.internal.operations.DefaultBuildOperationRunner] Build operation 'Resolve files of configuration 'classpath'' completed
2026-03-16T23:45:28.657+0700 [DEBUG] [org.gradle.internal.component.model.LoggingAttributeMatchingExplanationBuilder] Candidate {artifactType=jar, org.gradle.category=library, org.gradle.internal.instrumented=not-instrumented, org.gradle.libraryelements=jar, org.gradle.status=release, org.gradle.usage=java-runtime} doesn't match attributes {org.gradle.category=library, org.gradle.dependency.bundling=external, org.gradle.internal.instrumented=instrumented-and-upgraded, org.gradle.jvm.version=24, org.gradle.libraryelements=jar, org.gradle.plugin.api-version=9.3.1, org.gradle.usage=java-runtime}
2026-03-16T23:45:28.658+0700 [DEBUG] [org.gradle.internal.component.model.LoggingAttributeMatchingExplanationBuilder] Candidate {artifactType=jar, org.gradle.category=library, org.gradle.dependency.bundling=external, org.gradle.internal.instrumented=not-instrumented, org.gradle.jvm.environment=standard-jvm, org.gradle.jvm.version=11, org.gradle.libraryelements=jar, org.gradle.status=release, org.gradle.usage=java-runtime, org.jetbrains.kotlin.platform.type=jvm} doesn't match attributes {org.gradle.category=library, org.gradle.dependency.bundling=external, org.gradle.internal.instrumented=instrumented-and-upgraded, org.gradle.jvm.version=24, org.gradle.libraryelements=jar, org.gradle.plugin.api-version=9.3.1, org.gradle.usage=java-runtime}
2026-03-16T23:45:28.658+0700 [DEBUG] [org.gradle.internal.component.model.LoggingAttributeMatchingExplanationBuilder] Candidate {artifactType=jar, org.gradle.category=library, org.gradle.dependency.bundling=external, org.gradle.internal.instrumented=not-instrumented, org.gradle.jvm.environment=standard-jvm, org.gradle.jvm.version=11, org.gradle.libraryelements=jar, org.gradle.status=release, org.gradle.usage=java-runtime, org.jetbrains.kotlin.platform.type=jvm} doesn't match attributes {org.gradle.category=library, org.gradle.dependency.bundling=external, org.gradle.internal.instrumented=instrumented-and-upgraded, org.gradle.jvm.version=24, org.gradle.libraryelements=jar, org.gradle.plugin.api-version=9.3.1, org.gradle.usage=java-runtime}
2026-03-16T23:45:28.658+0700 [DEBUG] [org.gradle.internal.component.model.LoggingAttributeMatchingExplanationBuilder] Candidate {artifactType=jar, org.gradle.category=library, org.gradle.dependency.bundling=external, org.gradle.internal.instrumented=not-instrumented, org.gradle.jvm.environment=standard-jvm, org.gradle.jvm.version=11, org.gradle.libraryelements=jar, org.gradle.status=release, org.gradle.usage=java-runtime, org.jetbrains.kotlin.platform.type=jvm} doesn't match attributes {org.gradle.category=library, org.gradle.dependency.bundling=external, org.gradle.internal.instrumented=instrumented-and-upgraded, org.gradle.jvm.version=24, org.gradle.libraryelements=jar, org.gradle.plugin.api-version=9.3.1, org.gradle.usage=java-runtime}
2026-03-16T23:45:28.658+0700 [DEBUG] [org.gradle.internal.component.model.LoggingAttributeMatchingExplanationBuilder] Candidate {artifactType=jar, org.gradle.category=library, org.gradle.dependency.bundling=external, org.gradle.internal.instrumented=not-instrumented, org.gradle.jvm.environment=standard-jvm, org.gradle.jvm.version=11, org.gradle.libraryelements=jar, org.gradle.status=release, org.gradle.usage=java-runtime, org.jetbrains.kotlin.platform.type=jvm} doesn't match attributes {org.gradle.category=library, org.gradle.dependency.bundling=external, org.gradle.internal.instrumented=instrumented-and-upgraded, org.gradle.jvm.version=24, org.gradle.libraryelements=jar, org.gradle.plugin.api-version=9.3.1, org.gradle.usage=java-runtime}
2026-03-16T23:45:28.658+0700 [DEBUG] [org.gradle.internal.component.model.LoggingAttributeMatchingExplanationBuilder] Candidate {artifactType=jar, org.gradle.category=library, org.gradle.dependency.bundling=external, org.gradle.internal.instrumented=not-instrumented, org.gradle.jvm.environment=standard-jvm, org.gradle.jvm.version=11, org.gradle.libraryelements=jar, org.gradle.status=release, org.gradle.usage=java-runtime, org.jetbrains.kotlin.platform.type=jvm} doesn't match attributes {org.gradle.category=library, org.gradle.dependency.bundling=external, org.gradle.internal.instrumented=instrumented-and-upgraded, org.gradle.jvm.version=24, org.gradle.libraryelements=jar, org.gradle.plugin.api-version=9.3.1, org.gradle.usage=java-runtime}
2026-03-16T23:45:28.658+0700 [DEBUG] [org.gradle.internal.component.model.LoggingAttributeMatchingExplanationBuilder] Candidate {artifactType=jar, org.gradle.category=library, org.gradle.dependency.bundling=external, org.gradle.internal.instrumented=not-instrumented, org.gradle.jvm.environment=standard-jvm, org.gradle.jvm.version=11, org.gradle.libraryelements=jar, org.gradle.status=release, org.gradle.usage=java-runtime, org.jetbrains.kotlin.platform.type=jvm} doesn't match attributes {org.gradle.category=library, org.gradle.dependency.bundling=external, org.gradle.internal.instrumented=instrumented-and-upgraded, org.gradle.jvm.version=24, org.gradle.libraryelements=jar, org.gradle.plugin.api-version=9.3.1, org.gradle.usage=java-runtime}
2026-03-16T23:45:28.658+0700 [DEBUG] [org.gradle.internal.component.model.LoggingAttributeMatchingExplanationBuilder] Candidate {artifactType=jar, org.gradle.category=library, org.gradle.internal.instrumented=not-instrumented, org.gradle.libraryelements=jar, org.gradle.status=release, org.gradle.usage=java-runtime} doesn't match attributes {org.gradle.category=library, org.gradle.dependency.bundling=external, org.gradle.internal.instrumented=instrumented-and-upgraded, org.gradle.jvm.version=24, org.gradle.libraryelements=jar, org.gradle.plugin.api-version=9.3.1, org.gradle.usage=java-runtime}
2026-03-16T23:45:28.659+0700 [DEBUG] [org.gradle.internal.component.model.LoggingAttributeMatchingExplanationBuilder] Candidate {artifactType=jar, org.gradle.category=library, org.gradle.dependency.bundling=external, org.gradle.internal.instrumented=not-instrumented, org.gradle.jvm.version=7, org.gradle.libraryelements=jar, org.gradle.status=release, org.gradle.usage=java-runtime, org.jetbrains.kotlin.localToProject=public, org.jetbrains.kotlin.platform.type=jvm} doesn't match attributes {org.gradle.category=library, org.gradle.dependency.bundling=external, org.gradle.internal.instrumented=instrumented-and-upgraded, org.gradle.jvm.version=24, org.gradle.libraryelements=jar, org.gradle.plugin.api-version=9.3.1, org.gradle.usage=java-runtime}
2026-03-16T23:45:28.659+0700 [DEBUG] [org.gradle.internal.component.model.LoggingAttributeMatchingExplanationBuilder] Candidate {artifactType=jar, org.gradle.category=library, org.gradle.dependency.bundling=external, org.gradle.internal.instrumented=not-instrumented, org.gradle.jvm.version=7, org.gradle.libraryelements=jar, org.gradle.status=release, org.gradle.usage=java-runtime, org.jetbrains.kotlin.localToProject=public, org.jetbrains.kotlin.platform.type=jvm} doesn't match attributes {org.gradle.category=library, org.gradle.dependency.bundling=external, org.gradle.internal.instrumented=instrumented-and-upgraded, org.gradle.jvm.version=24, org.gradle.libraryelements=jar, org.gradle.plugin.api-version=9.3.1, org.gradle.usage=java-runtime}
2026-03-16T23:45:28.659+0700 [DEBUG] [org.gradle.internal.component.model.LoggingAttributeMatchingExplanationBuilder] Candidate {artifactType=jar, org.gradle.category=library, org.gradle.dependency.bundling=external, org.gradle.internal.instrumented=not-instrumented, org.gradle.jvm.environment=standard-jvm, org.gradle.jvm.version=11, org.gradle.libraryelements=jar, org.gradle.status=release, org.gradle.usage=java-runtime, org.jetbrains.kotlin.platform.type=jvm} doesn't match attributes {org.gradle.category=library, org.gradle.dependency.bundling=external, org.gradle.internal.instrumented=instrumented-and-upgraded, org.gradle.jvm.version=24, org.gradle.libraryelements=jar, org.gradle.plugin.api-version=9.3.1, org.gradle.usage=java-runtime}
2026-03-16T23:45:28.659+0700 [DEBUG] [org.gradle.internal.component.model.LoggingAttributeMatchingExplanationBuilder] Candidate {artifactType=jar, org.gradle.category=library, org.gradle.internal.instrumented=not-instrumented, org.gradle.libraryelements=jar, org.gradle.status=release, org.gradle.usage=java-runtime} doesn't match attributes {org.gradle.category=library, org.gradle.dependency.bundling=external, org.gradle.internal.instrumented=instrumented-and-upgraded, org.gradle.jvm.version=24, org.gradle.libraryelements=jar, org.gradle.plugin.api-version=9.3.1, org.gradle.usage=java-runtime}
2026-03-16T23:45:28.659+0700 [DEBUG] [org.gradle.internal.component.model.LoggingAttributeMatchingExplanationBuilder] Candidate {artifactType=jar, org.gradle.category=library, org.gradle.dependency.bundling=external, org.gradle.internal.instrumented=not-instrumented, org.gradle.jvm.environment=standard-jvm, org.gradle.jvm.version=11, org.gradle.libraryelements=jar, org.gradle.status=release, org.gradle.usage=java-runtime, org.jetbrains.kotlin.platform.type=jvm} doesn't match attributes {org.gradle.category=library, org.gradle.dependency.bundling=external, org.gradle.internal.instrumented=instrumented-and-upgraded, org.gradle.jvm.version=24, org.gradle.libraryelements=jar, org.gradle.plugin.api-version=9.3.1, org.gradle.usage=java-runtime}
2026-03-16T23:45:28.659+0700 [DEBUG] [org.gradle.internal.component.model.LoggingAttributeMatchingExplanationBuilder] Candidate {artifactType=jar, org.gradle.category=library, org.gradle.dependency.bundling=external, org.gradle.internal.instrumented=not-instrumented, org.gradle.jvm.environment=standard-jvm, org.gradle.jvm.version=11, org.gradle.libraryelements=jar, org.gradle.status=release, org.gradle.usage=java-runtime, org.jetbrains.kotlin.platform.type=jvm} doesn't match attributes {org.gradle.category=library, org.gradle.dependency.bundling=external, org.gradle.internal.instrumented=instrumented-and-upgraded, org.gradle.jvm.version=24, org.gradle.libraryelements=jar, org.gradle.plugin.api-version=9.3.1, org.gradle.usage=java-runtime}
2026-03-16T23:45:28.659+0700 [DEBUG] [org.gradle.internal.component.model.LoggingAttributeMatchingExplanationBuilder] Candidate {artifactType=jar, org.gradle.category=library, org.gradle.internal.instrumented=not-instrumented, org.gradle.libraryelements=jar, org.gradle.status=release, org.gradle.usage=java-runtime} doesn't match attributes {org.gradle.category=library, org.gradle.dependency.bundling=external, org.gradle.internal.instrumented=instrumented-and-upgraded, org.gradle.jvm.version=24, org.gradle.libraryelements=jar, org.gradle.plugin.api-version=9.3.1, org.gradle.usage=java-runtime}
2026-03-16T23:45:28.659+0700 [DEBUG] [org.gradle.internal.component.model.LoggingAttributeMatchingExplanationBuilder] Candidate {artifactType=jar, org.gradle.category=library, org.gradle.internal.instrumented=not-instrumented, org.gradle.libraryelements=jar, org.gradle.status=release, org.gradle.usage=java-runtime} doesn't match attributes {org.gradle.category=library, org.gradle.dependency.bundling=external, org.gradle.internal.instrumented=instrumented-and-upgraded, org.gradle.jvm.version=24, org.gradle.libraryelements=jar, org.gradle.plugin.api-version=9.3.1, org.gradle.usage=java-runtime}
2026-03-16T23:45:28.660+0700 [DEBUG] [org.gradle.internal.component.model.LoggingAttributeMatchingExplanationBuilder] Candidate {artifactType=jar, org.gradle.category=library, org.gradle.internal.instrumented=not-instrumented, org.gradle.libraryelements=jar, org.gradle.status=release, org.gradle.usage=java-runtime} doesn't match attributes {org.gradle.category=library, org.gradle.dependency.bundling=external, org.gradle.internal.instrumented=instrumented-and-upgraded, org.gradle.jvm.version=24, org.gradle.libraryelements=jar, org.gradle.plugin.api-version=9.3.1, org.gradle.usage=java-runtime}
2026-03-16T23:45:28.660+0700 [DEBUG] [org.gradle.internal.component.model.LoggingAttributeMatchingExplanationBuilder] Candidate {artifactType=jar, org.gradle.category=library, org.gradle.internal.instrumented=not-instrumented, org.gradle.libraryelements=jar, org.gradle.status=release, org.gradle.usage=java-runtime} doesn't match attributes {org.gradle.category=library, org.gradle.dependency.bundling=external, org.gradle.internal.instrumented=instrumented-and-upgraded, org.gradle.jvm.version=24, org.gradle.libraryelements=jar, org.gradle.plugin.api-version=9.3.1, org.gradle.usage=java-runtime}
2026-03-16T23:45:28.660+0700 [DEBUG] [org.gradle.internal.component.model.LoggingAttributeMatchingExplanationBuilder] Candidate {artifactType=jar, org.gradle.category=library, org.gradle.internal.instrumented=not-instrumented, org.gradle.libraryelements=jar, org.gradle.status=release, org.gradle.usage=java-runtime} doesn't match attributes {org.gradle.category=library, org.gradle.dependency.bundling=external, org.gradle.internal.instrumented=instrumented-and-upgraded, org.gradle.jvm.version=24, org.gradle.libraryelements=jar, org.gradle.plugin.api-version=9.3.1, org.gradle.usage=java-runtime}
2026-03-16T23:45:28.660+0700 [DEBUG] [org.gradle.internal.component.model.LoggingAttributeMatchingExplanationBuilder] Candidate {artifactType=jar, org.gradle.category=library, org.gradle.dependency.bundling=external, org.gradle.internal.instrumented=not-instrumented, org.gradle.jvm.version=11, org.gradle.libraryelements=jar, org.gradle.status=release, org.gradle.usage=java-runtime} doesn't match attributes {org.gradle.category=library, org.gradle.dependency.bundling=external, org.gradle.internal.instrumented=instrumented-and-upgraded, org.gradle.jvm.version=24, org.gradle.libraryelements=jar, org.gradle.plugin.api-version=9.3.1, org.gradle.usage=java-runtime}
2026-03-16T23:45:28.661+0700 [DEBUG] [org.gradle.internal.component.model.LoggingAttributeMatchingExplanationBuilder] Candidate {artifactType=jar, org.gradle.category=library, org.gradle.internal.instrumented=not-instrumented, org.gradle.libraryelements=jar, org.gradle.status=release, org.gradle.usage=java-runtime} doesn't match attributes {org.gradle.category=library, org.gradle.dependency.bundling=external, org.gradle.internal.instrumented=instrumented-and-upgraded, org.gradle.jvm.version=24, org.gradle.libraryelements=jar, org.gradle.plugin.api-version=9.3.1, org.gradle.usage=java-runtime}
2026-03-16T23:45:28.661+0700 [DEBUG] [org.gradle.internal.component.model.LoggingAttributeMatchingExplanationBuilder] Candidate {artifactType=jar, org.gradle.category=library, org.gradle.internal.instrumented=not-instrumented, org.gradle.libraryelements=jar, org.gradle.status=release, org.gradle.usage=java-runtime} doesn't match attributes {org.gradle.category=library, org.gradle.dependency.bundling=external, org.gradle.internal.instrumented=instrumented-and-upgraded, org.gradle.jvm.version=24, org.gradle.libraryelements=jar, org.gradle.plugin.api-version=9.3.1, org.gradle.usage=java-runtime}
2026-03-16T23:45:28.661+0700 [DEBUG] [org.gradle.internal.component.model.LoggingAttributeMatchingExplanationBuilder] Candidate {artifactType=jar, org.gradle.category=library, org.gradle.internal.instrumented=not-instrumented, org.gradle.libraryelements=jar, org.gradle.status=release, org.gradle.usage=java-runtime} doesn't match attributes {org.gradle.category=library, org.gradle.dependency.bundling=external, org.gradle.internal.instrumented=instrumented-and-upgraded, org.gradle.jvm.version=24, org.gradle.libraryelements=jar, org.gradle.plugin.api-version=9.3.1, org.gradle.usage=java-runtime}
2026-03-16T23:45:28.661+0700 [DEBUG] [org.gradle.internal.component.model.LoggingAttributeMatchingExplanationBuilder] Candidate {artifactType=jar, org.gradle.category=library, org.gradle.internal.instrumented=not-instrumented, org.gradle.libraryelements=jar, org.gradle.status=release, org.gradle.usage=java-runtime} doesn't match attributes {org.gradle.category=library, org.gradle.dependency.bundling=external, org.gradle.internal.instrumented=instrumented-and-upgraded, org.gradle.jvm.version=24, org.gradle.libraryelements=jar, org.gradle.plugin.api-version=9.3.1, org.gradle.usage=java-runtime}
2026-03-16T23:45:28.661+0700 [DEBUG] [org.gradle.internal.component.model.LoggingAttributeMatchingExplanationBuilder] Candidate {artifactType=jar, org.gradle.category=library, org.gradle.internal.instrumented=not-instrumented, org.gradle.libraryelements=jar, org.gradle.status=release, org.gradle.usage=java-runtime} doesn't match attributes {org.gradle.category=library, org.gradle.dependency.bundling=external, org.gradle.internal.instrumented=instrumented-and-upgraded, org.gradle.jvm.version=24, org.gradle.libraryelements=jar, org.gradle.plugin.api-version=9.3.1, org.gradle.usage=java-runtime}
2026-03-16T23:45:28.661+0700 [DEBUG] [org.gradle.internal.component.model.LoggingAttributeMatchingExplanationBuilder] Candidate {artifactType=jar, org.gradle.category=library, org.gradle.internal.instrumented=not-instrumented, org.gradle.libraryelements=jar, org.gradle.status=release, org.gradle.usage=java-runtime} doesn't match attributes {org.gradle.category=library, org.gradle.dependency.bundling=external, org.gradle.internal.instrumented=instrumented-and-upgraded, org.gradle.jvm.version=24, org.gradle.libraryelements=jar, org.gradle.plugin.api-version=9.3.1, org.gradle.usage=java-runtime}
2026-03-16T23:45:28.662+0700 [DEBUG] [org.gradle.internal.component.model.LoggingAttributeMatchingExplanationBuilder] Candidate {org.gradle.category=platform, org.gradle.internal.instrumented=not-instrumented, org.gradle.status=release, org.gradle.usage=java-runtime} doesn't match attributes {org.gradle.category=platform, org.gradle.dependency.bundling=external, org.gradle.internal.instrumented=instrumented-and-upgraded, org.gradle.jvm.version=24, org.gradle.libraryelements=jar, org.gradle.plugin.api-version=9.3.1, org.gradle.usage=java-runtime}
2026-03-16T23:45:28.662+0700 [DEBUG] [org.gradle.internal.component.model.LoggingAttributeMatchingExplanationBuilder] Candidate {org.gradle.category=library, org.gradle.internal.instrumented=not-instrumented, org.gradle.jvm.environment=standard-jvm, org.gradle.libraryelements=jar, org.gradle.status=release, org.gradle.usage=java-runtime, org.jetbrains.kotlin.platform.type=jvm} doesn't match attributes {org.gradle.category=library, org.gradle.dependency.bundling=external, org.gradle.internal.instrumented=instrumented-and-upgraded, org.gradle.jvm.version=24, org.gradle.libraryelements=jar, org.gradle.plugin.api-version=9.3.1, org.gradle.usage=java-runtime}
2026-03-16T23:45:28.663+0700 [DEBUG] [org.gradle.internal.component.model.LoggingAttributeMatchingExplanationBuilder] Candidate {artifactType=jar, org.gradle.category=library, org.gradle.dependency.bundling=external, org.gradle.internal.instrumented=not-instrumented, org.gradle.jvm.environment=standard-jvm, org.gradle.jvm.version=8, org.gradle.libraryelements=jar, org.gradle.status=release, org.gradle.usage=java-runtime} doesn't match attributes {org.gradle.category=library, org.gradle.dependency.bundling=external, org.gradle.internal.instrumented=instrumented-and-upgraded, org.gradle.jvm.version=24, org.gradle.libraryelements=jar, org.gradle.plugin.api-version=9.3.1, org.gradle.usage=java-runtime}
2026-03-16T23:45:28.663+0700 [DEBUG] [org.gradle.internal.component.model.LoggingAttributeMatchingExplanationBuilder] Candidate {artifactType=jar, org.gradle.category=library, org.gradle.dependency.bundling=external, org.gradle.internal.instrumented=not-instrumented, org.gradle.jvm.environment=standard-jvm, org.gradle.jvm.version=8, org.gradle.libraryelements=jar, org.gradle.plugin.api-version=8.13, org.gradle.status=release, org.gradle.usage=java-runtime} doesn't match attributes {org.gradle.category=library, org.gradle.dependency.bundling=external, org.gradle.internal.instrumented=instrumented-and-upgraded, org.gradle.jvm.version=24, org.gradle.libraryelements=jar, org.gradle.plugin.api-version=9.3.1, org.gradle.usage=java-runtime}
2026-03-16T23:45:28.664+0700 [DEBUG] [org.gradle.internal.component.model.LoggingAttributeMatchingExplanationBuilder] Candidate {artifactType=jar, org.gradle.category=library, org.gradle.dependency.bundling=external, org.gradle.internal.instrumented=not-instrumented, org.gradle.jvm.environment=standard-jvm, org.gradle.jvm.version=8, org.gradle.libraryelements=jar, org.gradle.status=release, org.gradle.usage=java-runtime} doesn't match attributes {org.gradle.category=library, org.gradle.dependency.bundling=external, org.gradle.internal.instrumented=instrumented-and-upgraded, org.gradle.jvm.version=24, org.gradle.libraryelements=jar, org.gradle.plugin.api-version=9.3.1, org.gradle.usage=java-runtime}
2026-03-16T23:45:28.664+0700 [DEBUG] [org.gradle.internal.component.model.LoggingAttributeMatchingExplanationBuilder] Candidate {artifactType=jar, org.gradle.category=library, org.gradle.dependency.bundling=external, org.gradle.internal.instrumented=not-instrumented, org.gradle.jvm.environment=standard-jvm, org.gradle.jvm.version=8, org.gradle.libraryelements=jar, org.gradle.plugin.api-version=8.13, org.gradle.status=release, org.gradle.usage=java-runtime} doesn't match attributes {org.gradle.category=library, org.gradle.dependency.bundling=external, org.gradle.internal.instrumented=instrumented-and-upgraded, org.gradle.jvm.version=24, org.gradle.libraryelements=jar, org.gradle.plugin.api-version=9.3.1, org.gradle.usage=java-runtime}
2026-03-16T23:45:28.664+0700 [DEBUG] [org.gradle.internal.component.model.LoggingAttributeMatchingExplanationBuilder] Candidate {org.gradle.category=platform, org.gradle.internal.instrumented=not-instrumented, org.gradle.status=release, org.gradle.usage=java-runtime} doesn't match attributes {org.gradle.category=platform, org.gradle.dependency.bundling=external, org.gradle.internal.instrumented=instrumented-and-upgraded, org.gradle.jvm.version=24, org.gradle.libraryelements=jar, org.gradle.plugin.api-version=9.3.1, org.gradle.usage=java-runtime}
2026-03-16T23:45:28.665+0700 [DEBUG] [org.gradle.internal.component.model.LoggingAttributeMatchingExplanationBuilder] Candidate {org.gradle.category=platform, org.gradle.internal.instrumented=not-instrumented, org.gradle.status=release, org.gradle.usage=java-runtime} doesn't match attributes {org.gradle.category=platform, org.gradle.dependency.bundling=external, org.gradle.internal.instrumented=instrumented-and-upgraded, org.gradle.jvm.version=24, org.gradle.libraryelements=jar, org.gradle.plugin.api-version=9.3.1, org.gradle.usage=java-runtime}
2026-03-16T23:45:28.665+0700 [DEBUG] [org.gradle.internal.component.model.LoggingAttributeMatchingExplanationBuilder] Candidate {org.gradle.category=platform, org.gradle.internal.instrumented=not-instrumented, org.gradle.status=release, org.gradle.usage=java-runtime} doesn't match attributes {org.gradle.category=platform, org.gradle.dependency.bundling=external, org.gradle.internal.instrumented=instrumented-and-upgraded, org.gradle.jvm.version=24, org.gradle.libraryelements=jar, org.gradle.plugin.api-version=9.3.1, org.gradle.usage=java-runtime}
2026-03-16T23:45:28.665+0700 [DEBUG] [org.gradle.internal.component.model.LoggingAttributeMatchingExplanationBuilder] Candidate {org.gradle.category=platform, org.gradle.internal.instrumented=not-instrumented, org.gradle.status=release, org.gradle.usage=java-runtime} doesn't match attributes {org.gradle.category=platform, org.gradle.dependency.bundling=external, org.gradle.internal.instrumented=instrumented-and-upgraded, org.gradle.jvm.version=24, org.gradle.libraryelements=jar, org.gradle.plugin.api-version=9.3.1, org.gradle.usage=java-runtime}
2026-03-16T23:45:28.665+0700 [DEBUG] [org.gradle.internal.component.model.LoggingAttributeMatchingExplanationBuilder] Candidate {artifactType=jar, org.gradle.category=library, org.gradle.dependency.bundling=external, org.gradle.internal.instrumented=not-instrumented, org.gradle.jvm.environment=standard-jvm, org.gradle.jvm.version=8, org.gradle.libraryelements=jar, org.gradle.plugin.api-version=8.13, org.gradle.status=release, org.gradle.usage=java-runtime} doesn't match attributes {org.gradle.category=library, org.gradle.dependency.bundling=external, org.gradle.internal.instrumented=instrumented-and-upgraded, org.gradle.jvm.version=24, org.gradle.libraryelements=jar, org.gradle.plugin.api-version=9.3.1, org.gradle.usage=java-runtime}
2026-03-16T23:45:28.666+0700 [DEBUG] [org.gradle.internal.component.model.LoggingAttributeMatchingExplanationBuilder] Candidate {artifactType=jar, org.gradle.category=library, org.gradle.internal.instrumented=not-instrumented, org.gradle.libraryelements=jar, org.gradle.status=release, org.gradle.usage=java-runtime} doesn't match attributes {org.gradle.category=library, org.gradle.dependency.bundling=external, org.gradle.internal.instrumented=instrumented-and-upgraded, org.gradle.jvm.version=24, org.gradle.libraryelements=jar, org.gradle.plugin.api-version=9.3.1, org.gradle.usage=java-runtime}
2026-03-16T23:45:28.666+0700 [DEBUG] [org.gradle.internal.component.model.LoggingAttributeMatchingExplanationBuilder] Candidate {artifactType=jar, org.gradle.category=library, org.gradle.internal.instrumented=not-instrumented, org.gradle.jvm.environment=standard-jvm, org.gradle.libraryelements=jar, org.gradle.status=release, org.gradle.usage=java-runtime, org.jetbrains.kotlin.platform.type=jvm} doesn't match attributes {org.gradle.category=library, org.gradle.dependency.bundling=external, org.gradle.internal.instrumented=instrumented-and-upgraded, org.gradle.jvm.version=24, org.gradle.libraryelements=jar, org.gradle.plugin.api-version=9.3.1, org.gradle.usage=java-runtime}
2026-03-16T23:45:28.666+0700 [DEBUG] [org.gradle.internal.component.model.LoggingAttributeMatchingExplanationBuilder] Candidate {artifactType=jar, org.gradle.category=library, org.gradle.internal.instrumented=not-instrumented, org.gradle.libraryelements=jar, org.gradle.status=release, org.gradle.usage=java-runtime} doesn't match attributes {org.gradle.category=library, org.gradle.dependency.bundling=external, org.gradle.internal.instrumented=instrumented-and-upgraded, org.gradle.jvm.version=24, org.gradle.libraryelements=jar, org.gradle.plugin.api-version=9.3.1, org.gradle.usage=java-runtime}
2026-03-16T23:45:28.666+0700 [DEBUG] [org.gradle.internal.component.model.LoggingAttributeMatchingExplanationBuilder] Candidate {artifactType=jar, org.gradle.category=library, org.gradle.internal.instrumented=not-instrumented, org.gradle.jvm.environment=standard-jvm, org.gradle.libraryelements=jar, org.gradle.status=release, org.gradle.usage=java-runtime, org.jetbrains.kotlin.platform.type=jvm} doesn't match attributes {org.gradle.category=library, org.gradle.dependency.bundling=external, org.gradle.internal.instrumented=instrumented-and-upgraded, org.gradle.jvm.version=24, org.gradle.libraryelements=jar, org.gradle.plugin.api-version=9.3.1, org.gradle.usage=java-runtime}
2026-03-16T23:45:28.666+0700 [DEBUG] [org.gradle.internal.component.model.LoggingAttributeMatchingExplanationBuilder] Candidate {artifactType=jar, org.gradle.category=library, org.gradle.internal.instrumented=not-instrumented, org.gradle.libraryelements=jar, org.gradle.status=release, org.gradle.usage=java-runtime} doesn't match attributes {org.gradle.category=library, org.gradle.dependency.bundling=external, org.gradle.internal.instrumented=instrumented-and-upgraded, org.gradle.jvm.version=24, org.gradle.libraryelements=jar, org.gradle.plugin.api-version=9.3.1, org.gradle.usage=java-runtime}
2026-03-16T23:45:28.666+0700 [DEBUG] [org.gradle.internal.component.model.LoggingAttributeMatchingExplanationBuilder] Candidate {artifactType=jar, org.gradle.category=library, org.gradle.internal.instrumented=not-instrumented, org.gradle.libraryelements=jar, org.gradle.status=release, org.gradle.usage=java-runtime} doesn't match attributes {org.gradle.category=library, org.gradle.dependency.bundling=external, org.gradle.internal.instrumented=instrumented-and-upgraded, org.gradle.jvm.version=24, org.gradle.libraryelements=jar, org.gradle.plugin.api-version=9.3.1, org.gradle.usage=java-runtime}
2026-03-16T23:45:28.666+0700 [DEBUG] [org.gradle.internal.component.model.LoggingAttributeMatchingExplanationBuilder] Candidate {artifactType=jar, org.gradle.category=library, org.gradle.dependency.bundling=external, org.gradle.internal.instrumented=not-instrumented, org.gradle.jvm.version=11, org.gradle.libraryelements=jar, org.gradle.status=release, org.gradle.usage=java-runtime} doesn't match attributes {org.gradle.category=library, org.gradle.dependency.bundling=external, org.gradle.internal.instrumented=instrumented-and-upgraded, org.gradle.jvm.version=24, org.gradle.libraryelements=jar, org.gradle.plugin.api-version=9.3.1, org.gradle.usage=java-runtime}
2026-03-16T23:45:28.666+0700 [DEBUG] [org.gradle.internal.component.model.LoggingAttributeMatchingExplanationBuilder] Candidate {artifactType=jar, org.gradle.category=library, org.gradle.internal.instrumented=not-instrumented, org.gradle.libraryelements=jar, org.gradle.status=release, org.gradle.usage=java-runtime} doesn't match attributes {org.gradle.category=library, org.gradle.dependency.bundling=external, org.gradle.internal.instrumented=instrumented-and-upgraded, org.gradle.jvm.version=24, org.gradle.libraryelements=jar, org.gradle.plugin.api-version=9.3.1, org.gradle.usage=java-runtime}
2026-03-16T23:45:28.666+0700 [DEBUG] [org.gradle.internal.component.model.LoggingAttributeMatchingExplanationBuilder] Candidate {artifactType=jar, org.gradle.category=library, org.gradle.internal.instrumented=not-instrumented, org.gradle.libraryelements=jar, org.gradle.status=release, org.gradle.usage=java-runtime} doesn't match attributes {org.gradle.category=library, org.gradle.dependency.bundling=external, org.gradle.internal.instrumented=instrumented-and-upgraded, org.gradle.jvm.version=24, org.gradle.libraryelements=jar, org.gradle.plugin.api-version=9.3.1, org.gradle.usage=java-runtime}
2026-03-16T23:45:28.667+0700 [DEBUG] [org.gradle.internal.component.model.LoggingAttributeMatchingExplanationBuilder] Candidate {artifactType=jar, org.gradle.category=library, org.gradle.internal.instrumented=not-instrumented, org.gradle.libraryelements=jar, org.gradle.status=release, org.gradle.usage=java-runtime} doesn't match attributes {org.gradle.category=library, org.gradle.dependency.bundling=external, org.gradle.internal.instrumented=instrumented-and-upgraded, org.gradle.jvm.version=24, org.gradle.libraryelements=jar, org.gradle.plugin.api-version=9.3.1, org.gradle.usage=java-runtime}
2026-03-16T23:45:28.667+0700 [DEBUG] [org.gradle.internal.component.model.LoggingAttributeMatchingExplanationBuilder] Candidate {artifactType=jar, org.gradle.category=library, org.gradle.internal.instrumented=not-instrumented, org.gradle.libraryelements=jar, org.gradle.status=release, org.gradle.usage=java-runtime} doesn't match attributes {org.gradle.category=library, org.gradle.dependency.bundling=external, org.gradle.internal.instrumented=instrumented-and-upgraded, org.gradle.jvm.version=24, org.gradle.libraryelements=jar, org.gradle.plugin.api-version=9.3.1, org.gradle.usage=java-runtime}
2026-03-16T23:45:28.667+0700 [DEBUG] [org.gradle.internal.component.model.LoggingAttributeMatchingExplanationBuilder] Candidate {artifactType=jar, org.gradle.category=library, org.gradle.internal.instrumented=not-instrumented, org.gradle.libraryelements=jar, org.gradle.status=release, org.gradle.usage=java-runtime} doesn't match attributes {org.gradle.category=library, org.gradle.dependency.bundling=external, org.gradle.internal.instrumented=instrumented-and-upgraded, org.gradle.jvm.version=24, org.gradle.libraryelements=jar, org.gradle.plugin.api-version=9.3.1, org.gradle.usage=java-runtime}
2026-03-16T23:45:28.667+0700 [DEBUG] [org.gradle.internal.component.model.LoggingAttributeMatchingExplanationBuilder] Candidate {artifactType=jar, org.gradle.category=library, org.gradle.internal.instrumented=not-instrumented, org.gradle.libraryelements=jar, org.gradle.status=release, org.gradle.usage=java-runtime} doesn't match attributes {org.gradle.category=library, org.gradle.dependency.bundling=external, org.gradle.internal.instrumented=instrumented-and-upgraded, org.gradle.jvm.version=24, org.gradle.libraryelements=jar, org.gradle.plugin.api-version=9.3.1, org.gradle.usage=java-runtime}
2026-03-16T23:45:28.667+0700 [DEBUG] [org.gradle.internal.component.model.LoggingAttributeMatchingExplanationBuilder] Candidate {artifactType=jar, org.gradle.category=library, org.gradle.internal.instrumented=not-instrumented, org.gradle.libraryelements=jar, org.gradle.status=release, org.gradle.usage=java-runtime} doesn't match attributes {org.gradle.category=library, org.gradle.dependency.bundling=external, org.gradle.internal.instrumented=instrumented-and-upgraded, org.gradle.jvm.version=24, org.gradle.libraryelements=jar, org.gradle.plugin.api-version=9.3.1, org.gradle.usage=java-runtime}
2026-03-16T23:45:28.667+0700 [DEBUG] [org.gradle.internal.component.model.LoggingAttributeMatchingExplanationBuilder] Candidate {artifactType=jar, org.gradle.category=library, org.gradle.internal.instrumented=not-instrumented, org.gradle.libraryelements=jar, org.gradle.status=release, org.gradle.usage=java-runtime} doesn't match attributes {org.gradle.category=library, org.gradle.dependency.bundling=external, org.gradle.internal.instrumented=instrumented-and-upgraded, org.gradle.jvm.version=24, org.gradle.libraryelements=jar, org.gradle.plugin.api-version=9.3.1, org.gradle.usage=java-runtime}
2026-03-16T23:45:28.667+0700 [DEBUG] [org.gradle.internal.component.model.LoggingAttributeMatchingExplanationBuilder] Candidate {artifactType=jar, org.gradle.category=library, org.gradle.internal.instrumented=not-instrumented, org.gradle.libraryelements=jar, org.gradle.status=release, org.gradle.usage=java-runtime} doesn't match attributes {org.gradle.category=library, org.gradle.dependency.bundling=external, org.gradle.internal.instrumented=instrumented-and-upgraded, org.gradle.jvm.version=24, org.gradle.libraryelements=jar, org.gradle.plugin.api-version=9.3.1, org.gradle.usage=java-runtime}
2026-03-16T23:45:28.668+0700 [DEBUG] [org.gradle.internal.component.model.LoggingAttributeMatchingExplanationBuilder] Candidate {artifactType=jar, org.gradle.category=library, org.gradle.internal.instrumented=not-instrumented, org.gradle.libraryelements=jar, org.gradle.status=release, org.gradle.usage=java-runtime} doesn't match attributes {org.gradle.category=library, org.gradle.dependency.bundling=external, org.gradle.internal.instrumented=instrumented-and-upgraded, org.gradle.jvm.version=24, org.gradle.libraryelements=jar, org.gradle.plugin.api-version=9.3.1, org.gradle.usage=java-runtime}
2026-03-16T23:45:28.668+0700 [DEBUG] [org.gradle.internal.component.model.LoggingAttributeMatchingExplanationBuilder] Candidate {artifactType=jar, org.gradle.category=library, org.gradle.internal.instrumented=not-instrumented, org.gradle.libraryelements=jar, org.gradle.status=release, org.gradle.usage=java-runtime} doesn't match attributes {org.gradle.category=library, org.gradle.dependency.bundling=external, org.gradle.internal.instrumented=instrumented-and-upgraded, org.gradle.jvm.version=24, org.gradle.libraryelements=jar, org.gradle.plugin.api-version=9.3.1, org.gradle.usage=java-runtime}
2026-03-16T23:45:28.668+0700 [DEBUG] [org.gradle.internal.component.model.LoggingAttributeMatchingExplanationBuilder] Candidate {artifactType=jar, org.gradle.category=library, org.gradle.internal.instrumented=not-instrumented, org.gradle.libraryelements=jar, org.gradle.status=release, org.gradle.usage=java-runtime} doesn't match attributes {org.gradle.category=library, org.gradle.dependency.bundling=external, org.gradle.internal.instrumented=instrumented-and-upgraded, org.gradle.jvm.version=24, org.gradle.libraryelements=jar, org.gradle.plugin.api-version=9.3.1, org.gradle.usage=java-runtime}
2026-03-16T23:45:28.668+0700 [DEBUG] [org.gradle.internal.component.model.LoggingAttributeMatchingExplanationBuilder] Candidate {artifactType=jar, org.gradle.category=library, org.gradle.internal.instrumented=not-instrumented, org.gradle.libraryelements=jar, org.gradle.status=release, org.gradle.usage=java-runtime} doesn't match attributes {org.gradle.category=library, org.gradle.dependency.bundling=external, org.gradle.internal.instrumented=instrumented-and-upgraded, org.gradle.jvm.version=24, org.gradle.libraryelements=jar, org.gradle.plugin.api-version=9.3.1, org.gradle.usage=java-runtime}
2026-03-16T23:45:28.669+0700 [DEBUG] [org.gradle.internal.component.model.LoggingAttributeMatchingExplanationBuilder] Candidate {artifactType=jar, org.gradle.category=library, org.gradle.internal.instrumented=not-instrumented, org.gradle.libraryelements=jar, org.gradle.status=release, org.gradle.usage=java-runtime} doesn't match attributes {org.gradle.category=library, org.gradle.dependency.bundling=external, org.gradle.internal.instrumented=instrumented-and-upgraded, org.gradle.jvm.version=24, org.gradle.libraryelements=jar, org.gradle.plugin.api-version=9.3.1, org.gradle.usage=java-runtime}
2026-03-16T23:45:28.669+0700 [DEBUG] [org.gradle.internal.component.model.LoggingAttributeMatchingExplanationBuilder] Candidate {artifactType=jar, org.gradle.category=library, org.gradle.internal.instrumented=not-instrumented, org.gradle.libraryelements=jar, org.gradle.status=release, org.gradle.usage=java-runtime} doesn't match attributes {org.gradle.category=library, org.gradle.dependency.bundling=external, org.gradle.internal.instrumented=instrumented-and-upgraded, org.gradle.jvm.version=24, org.gradle.libraryelements=jar, org.gradle.plugin.api-version=9.3.1, org.gradle.usage=java-runtime}
2026-03-16T23:45:28.669+0700 [DEBUG] [org.gradle.internal.component.model.LoggingAttributeMatchingExplanationBuilder] Candidate {artifactType=jar, org.gradle.category=library, org.gradle.internal.instrumented=not-instrumented, org.gradle.libraryelements=jar, org.gradle.status=release, org.gradle.usage=java-runtime} doesn't match attributes {org.gradle.category=library, org.gradle.dependency.bundling=external, org.gradle.internal.instrumented=instrumented-and-upgraded, org.gradle.jvm.version=24, org.gradle.libraryelements=jar, org.gradle.plugin.api-version=9.3.1, org.gradle.usage=java-runtime}
2026-03-16T23:45:28.669+0700 [DEBUG] [org.gradle.internal.component.model.LoggingAttributeMatchingExplanationBuilder] Candidate {artifactType=jar, org.gradle.category=library, org.gradle.internal.instrumented=not-instrumented, org.gradle.libraryelements=jar, org.gradle.status=release, org.gradle.usage=java-runtime} doesn't match attributes {org.gradle.category=library, org.gradle.dependency.bundling=external, org.gradle.internal.instrumented=instrumented-and-upgraded, org.gradle.jvm.version=24, org.gradle.libraryelements=jar, org.gradle.plugin.api-version=9.3.1, org.gradle.usage=java-runtime}
2026-03-16T23:45:28.669+0700 [DEBUG] [org.gradle.internal.component.model.LoggingAttributeMatchingExplanationBuilder] Candidate {artifactType=jar, org.gradle.category=library, org.gradle.internal.instrumented=not-instrumented, org.gradle.libraryelements=jar, org.gradle.status=release, org.gradle.usage=java-runtime} doesn't match attributes {org.gradle.category=library, org.gradle.dependency.bundling=external, org.gradle.internal.instrumented=instrumented-and-upgraded, org.gradle.jvm.version=24, org.gradle.libraryelements=jar, org.gradle.plugin.api-version=9.3.1, org.gradle.usage=java-runtime}
2026-03-16T23:45:28.670+0700 [DEBUG] [org.gradle.internal.component.model.LoggingAttributeMatchingExplanationBuilder] Candidate {artifactType=jar, org.gradle.category=library, org.gradle.internal.instrumented=not-instrumented, org.gradle.libraryelements=jar, org.gradle.status=release, org.gradle.usage=java-runtime} doesn't match attributes {org.gradle.category=library, org.gradle.dependency.bundling=external, org.gradle.internal.instrumented=instrumented-and-upgraded, org.gradle.jvm.version=24, org.gradle.libraryelements=jar, org.gradle.plugin.api-version=9.3.1, org.gradle.usage=java-runtime}
2026-03-16T23:45:28.670+0700 [DEBUG] [org.gradle.internal.component.model.LoggingAttributeMatchingExplanationBuilder] Candidate {artifactType=jar, org.gradle.category=library, org.gradle.internal.instrumented=not-instrumented, org.gradle.libraryelements=jar, org.gradle.status=release, org.gradle.usage=java-runtime} doesn't match attributes {org.gradle.category=library, org.gradle.dependency.bundling=external, org.gradle.internal.instrumented=instrumented-and-upgraded, org.gradle.jvm.version=24, org.gradle.libraryelements=jar, org.gradle.plugin.api-version=9.3.1, org.gradle.usage=java-runtime}
2026-03-16T23:45:28.670+0700 [DEBUG] [org.gradle.internal.component.model.LoggingAttributeMatchingExplanationBuilder] Candidate {artifactType=jar, org.gradle.category=library, org.gradle.internal.instrumented=not-instrumented, org.gradle.libraryelements=jar, org.gradle.status=release, org.gradle.usage=java-runtime} doesn't match attributes {org.gradle.category=library, org.gradle.dependency.bundling=external, org.gradle.internal.instrumented=instrumented-and-upgraded, org.gradle.jvm.version=24, org.gradle.libraryelements=jar, org.gradle.plugin.api-version=9.3.1, org.gradle.usage=java-runtime}
2026-03-16T23:45:28.670+0700 [DEBUG] [org.gradle.internal.component.model.LoggingAttributeMatchingExplanationBuilder] Candidate {artifactType=jar, org.gradle.category=library, org.gradle.internal.instrumented=not-instrumented, org.gradle.libraryelements=jar, org.gradle.status=release, org.gradle.usage=java-runtime} doesn't match attributes {org.gradle.category=library, org.gradle.dependency.bundling=external, org.gradle.internal.instrumented=instrumented-and-upgraded, org.gradle.jvm.version=24, org.gradle.libraryelements=jar, org.gradle.plugin.api-version=9.3.1, org.gradle.usage=java-runtime}
2026-03-16T23:45:28.670+0700 [DEBUG] [org.gradle.internal.component.model.LoggingAttributeMatchingExplanationBuilder] Candidate {artifactType=jar, org.gradle.category=library, org.gradle.internal.instrumented=not-instrumented, org.gradle.libraryelements=jar, org.gradle.status=release, org.gradle.usage=java-runtime} doesn't match attributes {org.gradle.category=library, org.gradle.dependency.bundling=external, org.gradle.internal.instrumented=instrumented-and-upgraded, org.gradle.jvm.version=24, org.gradle.libraryelements=jar, org.gradle.plugin.api-version=9.3.1, org.gradle.usage=java-runtime}
2026-03-16T23:45:28.671+0700 [DEBUG] [org.gradle.internal.component.model.LoggingAttributeMatchingExplanationBuilder] Candidate {artifactType=jar, org.gradle.category=library, org.gradle.internal.instrumented=not-instrumented, org.gradle.libraryelements=jar, org.gradle.status=release, org.gradle.usage=java-runtime} doesn't match attributes {org.gradle.category=library, org.gradle.dependency.bundling=external, org.gradle.internal.instrumented=instrumented-and-upgraded, org.gradle.jvm.version=24, org.gradle.libraryelements=jar, org.gradle.plugin.api-version=9.3.1, org.gradle.usage=java-runtime}
2026-03-16T23:45:28.671+0700 [DEBUG] [org.gradle.internal.component.model.LoggingAttributeMatchingExplanationBuilder] Candidate {artifactType=jar, org.gradle.category=library, org.gradle.dependency.bundling=external, org.gradle.internal.instrumented=not-instrumented, org.gradle.jvm.environment=standard-jvm, org.gradle.jvm.version=8, org.gradle.libraryelements=jar, org.gradle.status=release, org.gradle.usage=java-runtime} doesn't match attributes {org.gradle.category=library, org.gradle.dependency.bundling=external, org.gradle.internal.instrumented=instrumented-and-upgraded, org.gradle.jvm.version=24, org.gradle.libraryelements=jar, org.gradle.plugin.api-version=9.3.1, org.gradle.usage=java-runtime}
2026-03-16T23:45:28.672+0700 [DEBUG] [org.gradle.internal.component.model.LoggingAttributeMatchingExplanationBuilder] Candidate {artifactType=jar, org.gradle.category=library, org.gradle.internal.instrumented=not-instrumented, org.gradle.libraryelements=jar, org.gradle.status=release, org.gradle.usage=java-runtime} doesn't match attributes {org.gradle.category=library, org.gradle.dependency.bundling=external, org.gradle.internal.instrumented=instrumented-and-upgraded, org.gradle.jvm.version=24, org.gradle.libraryelements=jar, org.gradle.plugin.api-version=9.3.1, org.gradle.usage=java-runtime}
2026-03-16T23:45:28.672+0700 [DEBUG] [org.gradle.internal.component.model.LoggingAttributeMatchingExplanationBuilder] Candidate {artifactType=jar, org.gradle.category=library, org.gradle.internal.instrumented=not-instrumented, org.gradle.libraryelements=jar, org.gradle.status=release, org.gradle.usage=java-runtime} doesn't match attributes {org.gradle.category=library, org.gradle.dependency.bundling=external, org.gradle.internal.instrumented=instrumented-and-upgraded, org.gradle.jvm.version=24, org.gradle.libraryelements=jar, org.gradle.plugin.api-version=9.3.1, org.gradle.usage=java-runtime}
2026-03-16T23:45:28.672+0700 [DEBUG] [org.gradle.internal.component.model.LoggingAttributeMatchingExplanationBuilder] Candidate {artifactType=jar, org.gradle.category=library, org.gradle.internal.instrumented=not-instrumented, org.gradle.libraryelements=jar, org.gradle.status=release, org.gradle.usage=java-runtime} doesn't match attributes {org.gradle.category=library, org.gradle.dependency.bundling=external, org.gradle.internal.instrumented=instrumented-and-upgraded, org.gradle.jvm.version=24, org.gradle.libraryelements=jar, org.gradle.plugin.api-version=9.3.1, org.gradle.usage=java-runtime}
2026-03-16T23:45:28.672+0700 [DEBUG] [org.gradle.internal.component.model.LoggingAttributeMatchingExplanationBuilder] Candidate {artifactType=jar, org.gradle.category=library, org.gradle.internal.instrumented=not-instrumented, org.gradle.libraryelements=jar, org.gradle.status=release, org.gradle.usage=java-runtime} doesn't match attributes {org.gradle.category=library, org.gradle.dependency.bundling=external, org.gradle.internal.instrumented=instrumented-and-upgraded, org.gradle.jvm.version=24, org.gradle.libraryelements=jar, org.gradle.plugin.api-version=9.3.1, org.gradle.usage=java-runtime}
2026-03-16T23:45:28.673+0700 [DEBUG] [org.gradle.internal.component.model.LoggingAttributeMatchingExplanationBuilder] Candidate {artifactType=jar, org.gradle.category=library, org.gradle.internal.instrumented=not-instrumented, org.gradle.libraryelements=jar, org.gradle.status=release, org.gradle.usage=java-runtime} doesn't match attributes {org.gradle.category=library, org.gradle.dependency.bundling=external, org.gradle.internal.instrumented=instrumented-and-upgraded, org.gradle.jvm.version=24, org.gradle.libraryelements=jar, org.gradle.plugin.api-version=9.3.1, org.gradle.usage=java-runtime}
2026-03-16T23:45:28.673+0700 [DEBUG] [org.gradle.internal.component.model.LoggingAttributeMatchingExplanationBuilder] Candidate {artifactType=jar, org.gradle.category=library, org.gradle.internal.instrumented=not-instrumented, org.gradle.libraryelements=jar, org.gradle.status=release, org.gradle.usage=java-runtime} doesn't match attributes {org.gradle.category=library, org.gradle.dependency.bundling=external, org.gradle.internal.instrumented=instrumented-and-upgraded, org.gradle.jvm.version=24, org.gradle.libraryelements=jar, org.gradle.plugin.api-version=9.3.1, org.gradle.usage=java-runtime}
2026-03-16T23:45:28.673+0700 [DEBUG] [org.gradle.internal.component.model.LoggingAttributeMatchingExplanationBuilder] Candidate {artifactType=jar, org.gradle.category=library, org.gradle.internal.instrumented=not-instrumented, org.gradle.libraryelements=jar, org.gradle.status=release, org.gradle.usage=java-runtime} doesn't match attributes {org.gradle.category=library, org.gradle.dependency.bundling=external, org.gradle.internal.instrumented=instrumented-and-upgraded, org.gradle.jvm.version=24, org.gradle.libraryelements=jar, org.gradle.plugin.api-version=9.3.1, org.gradle.usage=java-runtime}
2026-03-16T23:45:28.673+0700 [DEBUG] [org.gradle.internal.component.model.LoggingAttributeMatchingExplanationBuilder] Candidate {artifactType=jar, org.gradle.category=library, org.gradle.internal.instrumented=not-instrumented, org.gradle.libraryelements=jar, org.gradle.status=release, org.gradle.usage=java-runtime} doesn't match attributes {org.gradle.category=library, org.gradle.dependency.bundling=external, org.gradle.internal.instrumented=instrumented-and-upgraded, org.gradle.jvm.version=24, org.gradle.libraryelements=jar, org.gradle.plugin.api-version=9.3.1, org.gradle.usage=java-runtime}
2026-03-16T23:45:28.674+0700 [DEBUG] [org.gradle.internal.component.model.LoggingAttributeMatchingExplanationBuilder] Candidate {artifactType=jar, org.gradle.category=library, org.gradle.internal.instrumented=not-instrumented, org.gradle.libraryelements=jar, org.gradle.status=release, org.gradle.usage=java-runtime} doesn't match attributes {org.gradle.category=library, org.gradle.dependency.bundling=external, org.gradle.internal.instrumented=instrumented-and-upgraded, org.gradle.jvm.version=24, org.gradle.libraryelements=jar, org.gradle.plugin.api-version=9.3.1, org.gradle.usage=java-runtime}
2026-03-16T23:45:28.674+0700 [DEBUG] [org.gradle.internal.component.model.LoggingAttributeMatchingExplanationBuilder] Candidate {artifactType=jar, org.gradle.category=library, org.gradle.internal.instrumented=not-instrumented, org.gradle.libraryelements=jar, org.gradle.status=release, org.gradle.usage=java-runtime} doesn't match attributes {org.gradle.category=library, org.gradle.dependency.bundling=external, org.gradle.internal.instrumented=instrumented-and-upgraded, org.gradle.jvm.version=24, org.gradle.libraryelements=jar, org.gradle.plugin.api-version=9.3.1, org.gradle.usage=java-runtime}
2026-03-16T23:45:28.674+0700 [DEBUG] [org.gradle.internal.component.model.LoggingAttributeMatchingExplanationBuilder] Candidate {artifactType=jar, org.gradle.category=library, org.gradle.internal.instrumented=not-instrumented, org.gradle.libraryelements=jar, org.gradle.status=release, org.gradle.usage=java-runtime} doesn't match attributes {org.gradle.category=library, org.gradle.dependency.bundling=external, org.gradle.internal.instrumented=instrumented-and-upgraded, org.gradle.jvm.version=24, org.gradle.libraryelements=jar, org.gradle.plugin.api-version=9.3.1, org.gradle.usage=java-runtime}
2026-03-16T23:45:28.674+0700 [DEBUG] [org.gradle.internal.component.model.LoggingAttributeMatchingExplanationBuilder] Candidate {artifactType=jar, org.gradle.category=library, org.gradle.internal.instrumented=not-instrumented, org.gradle.libraryelements=jar, org.gradle.status=release, org.gradle.usage=java-runtime} doesn't match attributes {org.gradle.category=library, org.gradle.dependency.bundling=external, org.gradle.internal.instrumented=instrumented-and-upgraded, org.gradle.jvm.version=24, org.gradle.libraryelements=jar, org.gradle.plugin.api-version=9.3.1, org.gradle.usage=java-runtime}
2026-03-16T23:45:28.674+0700 [DEBUG] [org.gradle.internal.component.model.LoggingAttributeMatchingExplanationBuilder] Candidate {artifactType=jar, org.gradle.category=library, org.gradle.internal.instrumented=not-instrumented, org.gradle.libraryelements=jar, org.gradle.status=release, org.gradle.usage=java-runtime} doesn't match attributes {org.gradle.category=library, org.gradle.dependency.bundling=external, org.gradle.internal.instrumented=instrumented-and-upgraded, org.gradle.jvm.version=24, org.gradle.libraryelements=jar, org.gradle.plugin.api-version=9.3.1, org.gradle.usage=java-runtime}
2026-03-16T23:45:28.675+0700 [DEBUG] [org.gradle.internal.component.model.LoggingAttributeMatchingExplanationBuilder] Candidate {artifactType=jar, org.gradle.category=library, org.gradle.internal.instrumented=not-instrumented, org.gradle.libraryelements=jar, org.gradle.status=release, org.gradle.usage=java-runtime} doesn't match attributes {org.gradle.category=library, org.gradle.dependency.bundling=external, org.gradle.internal.instrumented=instrumented-and-upgraded, org.gradle.jvm.version=24, org.gradle.libraryelements=jar, org.gradle.plugin.api-version=9.3.1, org.gradle.usage=java-runtime}
2026-03-16T23:45:28.675+0700 [DEBUG] [org.gradle.internal.component.model.LoggingAttributeMatchingExplanationBuilder] Candidate {artifactType=jar, org.gradle.category=library, org.gradle.internal.instrumented=not-instrumented, org.gradle.libraryelements=jar, org.gradle.status=release, org.gradle.usage=java-runtime} doesn't match attributes {org.gradle.category=library, org.gradle.dependency.bundling=external, org.gradle.internal.instrumented=instrumented-and-upgraded, org.gradle.jvm.version=24, org.gradle.libraryelements=jar, org.gradle.plugin.api-version=9.3.1, org.gradle.usage=java-runtime}
2026-03-16T23:45:28.675+0700 [DEBUG] [org.gradle.internal.component.model.LoggingAttributeMatchingExplanationBuilder] Candidate {artifactType=jar, org.gradle.category=library, org.gradle.internal.instrumented=not-instrumented, org.gradle.libraryelements=jar, org.gradle.status=release, org.gradle.usage=java-runtime} doesn't match attributes {org.gradle.category=library, org.gradle.dependency.bundling=external, org.gradle.internal.instrumented=instrumented-and-upgraded, org.gradle.jvm.version=24, org.gradle.libraryelements=jar, org.gradle.plugin.api-version=9.3.1, org.gradle.usage=java-runtime}
2026-03-16T23:45:28.675+0700 [DEBUG] [org.gradle.internal.component.model.LoggingAttributeMatchingExplanationBuilder] Candidate {artifactType=jar, org.gradle.category=library, org.gradle.internal.instrumented=not-instrumented, org.gradle.libraryelements=jar, org.gradle.status=release, org.gradle.usage=java-runtime} doesn't match attributes {org.gradle.category=library, org.gradle.dependency.bundling=external, org.gradle.internal.instrumented=instrumented-and-upgraded, org.gradle.jvm.version=24, org.gradle.libraryelements=jar, org.gradle.plugin.api-version=9.3.1, org.gradle.usage=java-runtime}
2026-03-16T23:45:28.675+0700 [DEBUG] [org.gradle.internal.component.model.LoggingAttributeMatchingExplanationBuilder] Candidate {artifactType=jar, org.gradle.category=library, org.gradle.internal.instrumented=not-instrumented, org.gradle.libraryelements=jar, org.gradle.status=release, org.gradle.usage=java-runtime} doesn't match attributes {org.gradle.category=library, org.gradle.dependency.bundling=external, org.gradle.internal.instrumented=instrumented-and-upgraded, org.gradle.jvm.version=24, org.gradle.libraryelements=jar, org.gradle.plugin.api-version=9.3.1, org.gradle.usage=java-runtime}
2026-03-16T23:45:28.675+0700 [DEBUG] [org.gradle.internal.component.model.LoggingAttributeMatchingExplanationBuilder] Candidate {artifactType=jar, org.gradle.category=library, org.gradle.internal.instrumented=not-instrumented, org.gradle.libraryelements=jar, org.gradle.status=release, org.gradle.usage=java-runtime} doesn't match attributes {org.gradle.category=library, org.gradle.dependency.bundling=external, org.gradle.internal.instrumented=instrumented-and-upgraded, org.gradle.jvm.version=24, org.gradle.libraryelements=jar, org.gradle.plugin.api-version=9.3.1, org.gradle.usage=java-runtime}
2026-03-16T23:45:28.676+0700 [DEBUG] [org.gradle.internal.component.model.LoggingAttributeMatchingExplanationBuilder] Candidate {artifactType=jar, org.gradle.category=library, org.gradle.internal.instrumented=not-instrumented, org.gradle.libraryelements=jar, org.gradle.status=release, org.gradle.usage=java-runtime} doesn't match attributes {org.gradle.category=library, org.gradle.dependency.bundling=external, org.gradle.internal.instrumented=instrumented-and-upgraded, org.gradle.jvm.version=24, org.gradle.libraryelements=jar, org.gradle.plugin.api-version=9.3.1, org.gradle.usage=java-runtime}
2026-03-16T23:45:28.676+0700 [DEBUG] [org.gradle.internal.component.model.LoggingAttributeMatchingExplanationBuilder] Candidate {artifactType=jar, org.gradle.category=library, org.gradle.internal.instrumented=not-instrumented, org.gradle.libraryelements=jar, org.gradle.status=release, org.gradle.usage=java-runtime} doesn't match attributes {org.gradle.category=library, org.gradle.dependency.bundling=external, org.gradle.internal.instrumented=instrumented-and-upgraded, org.gradle.jvm.version=24, org.gradle.libraryelements=jar, org.gradle.plugin.api-version=9.3.1, org.gradle.usage=java-runtime}
2026-03-16T23:45:28.676+0700 [DEBUG] [org.gradle.internal.component.model.LoggingAttributeMatchingExplanationBuilder] Candidate {artifactType=jar, org.gradle.category=library, org.gradle.internal.instrumented=not-instrumented, org.gradle.libraryelements=jar, org.gradle.status=release, org.gradle.usage=java-runtime} doesn't match attributes {org.gradle.category=library, org.gradle.dependency.bundling=external, org.gradle.internal.instrumented=instrumented-and-upgraded, org.gradle.jvm.version=24, org.gradle.libraryelements=jar, org.gradle.plugin.api-version=9.3.1, org.gradle.usage=java-runtime}
2026-03-16T23:45:28.676+0700 [DEBUG] [org.gradle.internal.component.model.LoggingAttributeMatchingExplanationBuilder] Candidate {artifactType=jar, org.gradle.category=library, org.gradle.internal.instrumented=not-instrumented, org.gradle.libraryelements=jar, org.gradle.status=release, org.gradle.usage=java-runtime} doesn't match attributes {org.gradle.category=library, org.gradle.dependency.bundling=external, org.gradle.internal.instrumented=instrumented-and-upgraded, org.gradle.jvm.version=24, org.gradle.libraryelements=jar, org.gradle.plugin.api-version=9.3.1, org.gradle.usage=java-runtime}
2026-03-16T23:45:28.677+0700 [DEBUG] [org.gradle.internal.component.model.LoggingAttributeMatchingExplanationBuilder] Candidate {artifactType=jar, org.gradle.category=library, org.gradle.internal.instrumented=not-instrumented, org.gradle.libraryelements=jar, org.gradle.status=release, org.gradle.usage=java-runtime} doesn't match attributes {org.gradle.category=library, org.gradle.dependency.bundling=external, org.gradle.internal.instrumented=instrumented-and-upgraded, org.gradle.jvm.version=24, org.gradle.libraryelements=jar, org.gradle.plugin.api-version=9.3.1, org.gradle.usage=java-runtime}
2026-03-16T23:45:28.677+0700 [DEBUG] [org.gradle.internal.component.model.LoggingAttributeMatchingExplanationBuilder] Candidate {artifactType=jar, org.gradle.category=library, org.gradle.internal.instrumented=not-instrumented, org.gradle.libraryelements=jar, org.gradle.status=release, org.gradle.usage=java-runtime} doesn't match attributes {org.gradle.category=library, org.gradle.dependency.bundling=external, org.gradle.internal.instrumented=instrumented-and-upgraded, org.gradle.jvm.version=24, org.gradle.libraryelements=jar, org.gradle.plugin.api-version=9.3.1, org.gradle.usage=java-runtime}
2026-03-16T23:45:28.677+0700 [DEBUG] [org.gradle.internal.component.model.LoggingAttributeMatchingExplanationBuilder] Candidate {artifactType=jar, org.gradle.category=library, org.gradle.dependency.bundling=external, org.gradle.internal.instrumented=not-instrumented, org.gradle.jvm.environment=standard-jvm, org.gradle.jvm.version=8, org.gradle.libraryelements=jar, org.gradle.status=release, org.gradle.usage=java-runtime, org.jetbrains.kotlin.platform.type=jvm} doesn't match attributes {org.gradle.category=library, org.gradle.dependency.bundling=external, org.gradle.internal.instrumented=instrumented-and-upgraded, org.gradle.jvm.version=24, org.gradle.libraryelements=jar, org.gradle.plugin.api-version=9.3.1, org.gradle.usage=java-runtime}
2026-03-16T23:45:28.677+0700 [DEBUG] [org.gradle.internal.component.model.LoggingAttributeMatchingExplanationBuilder] Candidate {artifactType=jar, org.gradle.category=library, org.gradle.internal.instrumented=not-instrumented, org.gradle.libraryelements=jar, org.gradle.status=release, org.gradle.usage=java-runtime} doesn't match attributes {org.gradle.category=library, org.gradle.dependency.bundling=external, org.gradle.internal.instrumented=instrumented-and-upgraded, org.gradle.jvm.version=24, org.gradle.libraryelements=jar, org.gradle.plugin.api-version=9.3.1, org.gradle.usage=java-runtime}
2026-03-16T23:45:28.678+0700 [DEBUG] [org.gradle.internal.component.model.LoggingAttributeMatchingExplanationBuilder] Candidate {artifactType=jar, org.gradle.category=library, org.gradle.internal.instrumented=not-instrumented, org.gradle.libraryelements=jar, org.gradle.status=release, org.gradle.usage=java-runtime} doesn't match attributes {org.gradle.category=library, org.gradle.dependency.bundling=external, org.gradle.internal.instrumented=instrumented-and-upgraded, org.gradle.jvm.version=24, org.gradle.libraryelements=jar, org.gradle.plugin.api-version=9.3.1, org.gradle.usage=java-runtime}
2026-03-16T23:45:28.678+0700 [DEBUG] [org.gradle.internal.component.model.LoggingAttributeMatchingExplanationBuilder] Candidate {artifactType=jar, org.gradle.category=library, org.gradle.internal.instrumented=not-instrumented, org.gradle.libraryelements=jar, org.gradle.status=release, org.gradle.usage=java-runtime} doesn't match attributes {org.gradle.category=library, org.gradle.dependency.bundling=external, org.gradle.internal.instrumented=instrumented-and-upgraded, org.gradle.jvm.version=24, org.gradle.libraryelements=jar, org.gradle.plugin.api-version=9.3.1, org.gradle.usage=java-runtime}
2026-03-16T23:45:28.678+0700 [DEBUG] [org.gradle.internal.component.model.LoggingAttributeMatchingExplanationBuilder] Candidate {artifactType=jar, org.gradle.category=library, org.gradle.internal.instrumented=not-instrumented, org.gradle.libraryelements=jar, org.gradle.status=release, org.gradle.usage=java-runtime} doesn't match attributes {org.gradle.category=library, org.gradle.dependency.bundling=external, org.gradle.internal.instrumented=instrumented-and-upgraded, org.gradle.jvm.version=24, org.gradle.libraryelements=jar, org.gradle.plugin.api-version=9.3.1, org.gradle.usage=java-runtime}
2026-03-16T23:45:28.678+0700 [DEBUG] [org.gradle.internal.component.model.LoggingAttributeMatchingExplanationBuilder] Candidate {artifactType=jar, org.gradle.category=library, org.gradle.internal.instrumented=not-instrumented, org.gradle.libraryelements=jar, org.gradle.status=release, org.gradle.usage=java-runtime} doesn't match attributes {org.gradle.category=library, org.gradle.dependency.bundling=external, org.gradle.internal.instrumented=instrumented-and-upgraded, org.gradle.jvm.version=24, org.gradle.libraryelements=jar, org.gradle.plugin.api-version=9.3.1, org.gradle.usage=java-runtime}
2026-03-16T23:45:28.678+0700 [DEBUG] [org.gradle.internal.component.model.LoggingAttributeMatchingExplanationBuilder] Candidate {artifactType=jar, org.gradle.category=library, org.gradle.dependency.bundling=external, org.gradle.internal.instrumented=not-instrumented, org.gradle.jvm.version=8, org.gradle.libraryelements=jar, org.gradle.status=release, org.gradle.usage=java-runtime} doesn't match attributes {org.gradle.category=library, org.gradle.dependency.bundling=external, org.gradle.internal.instrumented=instrumented-and-upgraded, org.gradle.jvm.version=24, org.gradle.libraryelements=jar, org.gradle.plugin.api-version=9.3.1, org.gradle.usage=java-runtime}
2026-03-16T23:45:28.678+0700 [DEBUG] [org.gradle.internal.component.model.LoggingAttributeMatchingExplanationBuilder] Candidate {artifactType=jar, org.gradle.category=library, org.gradle.internal.instrumented=not-instrumented, org.gradle.libraryelements=jar, org.gradle.status=release, org.gradle.usage=java-runtime} doesn't match attributes {org.gradle.category=library, org.gradle.dependency.bundling=external, org.gradle.internal.instrumented=instrumented-and-upgraded, org.gradle.jvm.version=24, org.gradle.libraryelements=jar, org.gradle.plugin.api-version=9.3.1, org.gradle.usage=java-runtime}
2026-03-16T23:45:28.678+0700 [DEBUG] [org.gradle.internal.component.model.LoggingAttributeMatchingExplanationBuilder] Candidate {artifactType=jar, org.gradle.category=library, org.gradle.internal.instrumented=not-instrumented, org.gradle.libraryelements=jar, org.gradle.status=release, org.gradle.usage=java-runtime} doesn't match attributes {org.gradle.category=library, org.gradle.dependency.bundling=external, org.gradle.internal.instrumented=instrumented-and-upgraded, org.gradle.jvm.version=24, org.gradle.libraryelements=jar, org.gradle.plugin.api-version=9.3.1, org.gradle.usage=java-runtime}
2026-03-16T23:45:28.678+0700 [DEBUG] [org.gradle.internal.component.model.LoggingAttributeMatchingExplanationBuilder] Candidate {artifactType=jar, org.gradle.category=library, org.gradle.internal.instrumented=not-instrumented, org.gradle.libraryelements=jar, org.gradle.status=release, org.gradle.usage=java-runtime} doesn't match attributes {org.gradle.category=library, org.gradle.dependency.bundling=external, org.gradle.internal.instrumented=instrumented-and-upgraded, org.gradle.jvm.version=24, org.gradle.libraryelements=jar, org.gradle.plugin.api-version=9.3.1, org.gradle.usage=java-runtime}
2026-03-16T23:45:28.678+0700 [DEBUG] [org.gradle.internal.component.model.LoggingAttributeMatchingExplanationBuilder] Candidate {artifactType=jar, org.gradle.category=library, org.gradle.internal.instrumented=not-instrumented, org.gradle.libraryelements=jar, org.gradle.status=release, org.gradle.usage=java-runtime} doesn't match attributes {org.gradle.category=library, org.gradle.dependency.bundling=external, org.gradle.internal.instrumented=instrumented-and-upgraded, org.gradle.jvm.version=24, org.gradle.libraryelements=jar, org.gradle.plugin.api-version=9.3.1, org.gradle.usage=java-runtime}
2026-03-16T23:45:28.679+0700 [DEBUG] [org.gradle.internal.component.model.LoggingAttributeMatchingExplanationBuilder] Candidate {artifactType=jar, org.gradle.category=library, org.gradle.internal.instrumented=not-instrumented, org.gradle.libraryelements=jar, org.gradle.status=release, org.gradle.usage=java-runtime} doesn't match attributes {org.gradle.category=library, org.gradle.dependency.bundling=external, org.gradle.internal.instrumented=instrumented-and-upgraded, org.gradle.jvm.version=24, org.gradle.libraryelements=jar, org.gradle.plugin.api-version=9.3.1, org.gradle.usage=java-runtime}
2026-03-16T23:45:28.679+0700 [DEBUG] [org.gradle.internal.component.model.LoggingAttributeMatchingExplanationBuilder] Candidate {artifactType=jar, org.gradle.category=library, org.gradle.internal.instrumented=not-instrumented, org.gradle.libraryelements=jar, org.gradle.status=release, org.gradle.usage=java-runtime} doesn't match attributes {org.gradle.category=library, org.gradle.dependency.bundling=external, org.gradle.internal.instrumented=instrumented-and-upgraded, org.gradle.jvm.version=24, org.gradle.libraryelements=jar, org.gradle.plugin.api-version=9.3.1, org.gradle.usage=java-runtime}
2026-03-16T23:45:28.679+0700 [DEBUG] [org.gradle.internal.component.model.LoggingAttributeMatchingExplanationBuilder] Candidate {artifactType=jar, org.gradle.category=library, org.gradle.internal.instrumented=not-instrumented, org.gradle.libraryelements=jar, org.gradle.status=release, org.gradle.usage=java-runtime} doesn't match attributes {org.gradle.category=library, org.gradle.dependency.bundling=external, org.gradle.internal.instrumented=instrumented-and-upgraded, org.gradle.jvm.version=24, org.gradle.libraryelements=jar, org.gradle.plugin.api-version=9.3.1, org.gradle.usage=java-runtime}
2026-03-16T23:45:28.679+0700 [DEBUG] [org.gradle.internal.component.model.LoggingAttributeMatchingExplanationBuilder] Candidate {artifactType=jar, org.gradle.category=library, org.gradle.internal.instrumented=not-instrumented, org.gradle.libraryelements=jar, org.gradle.status=release, org.gradle.usage=java-runtime} doesn't match attributes {org.gradle.category=library, org.gradle.dependency.bundling=external, org.gradle.internal.instrumented=instrumented-and-upgraded, org.gradle.jvm.version=24, org.gradle.libraryelements=jar, org.gradle.plugin.api-version=9.3.1, org.gradle.usage=java-runtime}
2026-03-16T23:45:28.679+0700 [DEBUG] [org.gradle.internal.component.model.LoggingAttributeMatchingExplanationBuilder] Candidate {artifactType=jar, org.gradle.category=library, org.gradle.internal.instrumented=not-instrumented, org.gradle.libraryelements=jar, org.gradle.status=release, org.gradle.usage=java-runtime} doesn't match attributes {org.gradle.category=library, org.gradle.dependency.bundling=external, org.gradle.internal.instrumented=instrumented-and-upgraded, org.gradle.jvm.version=24, org.gradle.libraryelements=jar, org.gradle.plugin.api-version=9.3.1, org.gradle.usage=java-runtime}
2026-03-16T23:45:28.680+0700 [DEBUG] [org.gradle.internal.component.model.LoggingAttributeMatchingExplanationBuilder] Candidate {artifactType=jar, org.gradle.category=library, org.gradle.internal.instrumented=not-instrumented, org.gradle.libraryelements=jar, org.gradle.status=release, org.gradle.usage=java-runtime} doesn't match attributes {org.gradle.category=library, org.gradle.dependency.bundling=external, org.gradle.internal.instrumented=instrumented-and-upgraded, org.gradle.jvm.version=24, org.gradle.libraryelements=jar, org.gradle.plugin.api-version=9.3.1, org.gradle.usage=java-runtime}
2026-03-16T23:45:28.680+0700 [DEBUG] [org.gradle.internal.component.model.LoggingAttributeMatchingExplanationBuilder] Candidate {artifactType=jar, org.gradle.category=library, org.gradle.internal.instrumented=not-instrumented, org.gradle.libraryelements=jar, org.gradle.status=release, org.gradle.usage=java-runtime} doesn't match attributes {org.gradle.category=library, org.gradle.dependency.bundling=external, org.gradle.internal.instrumented=instrumented-and-upgraded, org.gradle.jvm.version=24, org.gradle.libraryelements=jar, org.gradle.plugin.api-version=9.3.1, org.gradle.usage=java-runtime}
2026-03-16T23:45:28.680+0700 [DEBUG] [org.gradle.internal.component.model.LoggingAttributeMatchingExplanationBuilder] Candidate {artifactType=jar, org.gradle.category=library, org.gradle.internal.instrumented=not-instrumented, org.gradle.libraryelements=jar, org.gradle.status=release, org.gradle.usage=java-runtime} doesn't match attributes {org.gradle.category=library, org.gradle.dependency.bundling=external, org.gradle.internal.instrumented=instrumented-and-upgraded, org.gradle.jvm.version=24, org.gradle.libraryelements=jar, org.gradle.plugin.api-version=9.3.1, org.gradle.usage=java-runtime}
2026-03-16T23:45:28.680+0700 [DEBUG] [org.gradle.internal.component.model.LoggingAttributeMatchingExplanationBuilder] Candidate {artifactType=jar, org.gradle.category=library, org.gradle.internal.instrumented=not-instrumented, org.gradle.libraryelements=jar, org.gradle.status=release, org.gradle.usage=java-runtime} doesn't match attributes {org.gradle.category=library, org.gradle.dependency.bundling=external, org.gradle.internal.instrumented=instrumented-and-upgraded, org.gradle.jvm.version=24, org.gradle.libraryelements=jar, org.gradle.plugin.api-version=9.3.1, org.gradle.usage=java-runtime}
2026-03-16T23:45:28.680+0700 [DEBUG] [org.gradle.internal.component.model.LoggingAttributeMatchingExplanationBuilder] Candidate {artifactType=jar, org.gradle.category=library, org.gradle.internal.instrumented=not-instrumented, org.gradle.libraryelements=jar, org.gradle.status=release, org.gradle.usage=java-runtime} doesn't match attributes {org.gradle.category=library, org.gradle.dependency.bundling=external, org.gradle.internal.instrumented=instrumented-and-upgraded, org.gradle.jvm.version=24, org.gradle.libraryelements=jar, org.gradle.plugin.api-version=9.3.1, org.gradle.usage=java-runtime}
2026-03-16T23:45:28.680+0700 [DEBUG] [org.gradle.internal.component.model.LoggingAttributeMatchingExplanationBuilder] Candidate {artifactType=jar, org.gradle.category=library, org.gradle.internal.instrumented=not-instrumented, org.gradle.libraryelements=jar, org.gradle.status=release, org.gradle.usage=java-runtime} doesn't match attributes {org.gradle.category=library, org.gradle.dependency.bundling=external, org.gradle.internal.instrumented=instrumented-and-upgraded, org.gradle.jvm.version=24, org.gradle.libraryelements=jar, org.gradle.plugin.api-version=9.3.1, org.gradle.usage=java-runtime}
2026-03-16T23:45:28.681+0700 [DEBUG] [org.gradle.internal.component.model.LoggingAttributeMatchingExplanationBuilder] Candidate {artifactType=jar, org.gradle.category=library, org.gradle.internal.instrumented=not-instrumented, org.gradle.libraryelements=jar, org.gradle.status=release, org.gradle.usage=java-runtime} doesn't match attributes {org.gradle.category=library, org.gradle.dependency.bundling=external, org.gradle.internal.instrumented=instrumented-and-upgraded, org.gradle.jvm.version=24, org.gradle.libraryelements=jar, org.gradle.plugin.api-version=9.3.1, org.gradle.usage=java-runtime}
2026-03-16T23:45:28.681+0700 [DEBUG] [org.gradle.internal.operations.DefaultBuildOperationRunner] Build operation 'Fingerprint transform inputs' completed
2026-03-16T23:45:28.682+0700 [DEBUG] [org.gradle.internal.component.model.LoggingAttributeMatchingExplanationBuilder] Candidate {artifactType=jar, org.gradle.category=library, org.gradle.internal.instrumented=not-instrumented, org.gradle.libraryelements=jar, org.gradle.status=release, org.gradle.usage=java-runtime} doesn't match attributes {org.gradle.category=library, org.gradle.dependency.bundling=external, org.gradle.internal.instrumented=analyzed-artifact, org.gradle.jvm.version=24, org.gradle.libraryelements=classes, org.gradle.plugin.api-version=9.3.1, org.gradle.usage=java-runtime}
2026-03-16T23:45:28.682+0700 [DEBUG] [org.gradle.internal.component.model.LoggingAttributeMatchingExplanationBuilder] Candidate {artifactType=jar, org.gradle.category=library, org.gradle.dependency.bundling=external, org.gradle.internal.instrumented=not-instrumented, org.gradle.jvm.environment=standard-jvm, org.gradle.jvm.version=11, org.gradle.libraryelements=jar, org.gradle.status=release, org.gradle.usage=java-runtime, org.jetbrains.kotlin.platform.type=jvm} doesn't match attributes {org.gradle.category=library, org.gradle.dependency.bundling=external, org.gradle.internal.instrumented=analyzed-artifact, org.gradle.jvm.version=24, org.gradle.libraryelements=classes, org.gradle.plugin.api-version=9.3.1, org.gradle.usage=java-runtime}
2026-03-16T23:45:28.682+0700 [DEBUG] [org.gradle.internal.component.model.LoggingAttributeMatchingExplanationBuilder] Candidate {artifactType=jar, org.gradle.category=library, org.gradle.dependency.bundling=external, org.gradle.internal.instrumented=not-instrumented, org.gradle.jvm.environment=standard-jvm, org.gradle.jvm.version=11, org.gradle.libraryelements=jar, org.gradle.status=release, org.gradle.usage=java-runtime, org.jetbrains.kotlin.platform.type=jvm} doesn't match attributes {org.gradle.category=library, org.gradle.dependency.bundling=external, org.gradle.internal.instrumented=analyzed-artifact, org.gradle.jvm.version=24, org.gradle.libraryelements=classes, org.gradle.plugin.api-version=9.3.1, org.gradle.usage=java-runtime}
2026-03-16T23:45:28.682+0700 [DEBUG] [org.gradle.internal.component.model.LoggingAttributeMatchingExplanationBuilder] Candidate {artifactType=jar, org.gradle.category=library, org.gradle.dependency.bundling=external, org.gradle.internal.instrumented=not-instrumented, org.gradle.jvm.environment=standard-jvm, org.gradle.jvm.version=11, org.gradle.libraryelements=jar, org.gradle.status=release, org.gradle.usage=java-runtime, org.jetbrains.kotlin.platform.type=jvm} doesn't match attributes {org.gradle.category=library, org.gradle.dependency.bundling=external, org.gradle.internal.instrumented=analyzed-artifact, org.gradle.jvm.version=24, org.gradle.libraryelements=classes, org.gradle.plugin.api-version=9.3.1, org.gradle.usage=java-runtime}
2026-03-16T23:45:28.683+0700 [DEBUG] [org.gradle.internal.component.model.LoggingAttributeMatchingExplanationBuilder] Candidate {artifactType=jar, org.gradle.category=library, org.gradle.dependency.bundling=external, org.gradle.internal.instrumented=not-instrumented, org.gradle.jvm.environment=standard-jvm, org.gradle.jvm.version=11, org.gradle.libraryelements=jar, org.gradle.status=release, org.gradle.usage=java-runtime, org.jetbrains.kotlin.platform.type=jvm} doesn't match attributes {org.gradle.category=library, org.gradle.dependency.bundling=external, org.gradle.internal.instrumented=analyzed-artifact, org.gradle.jvm.version=24, org.gradle.libraryelements=classes, org.gradle.plugin.api-version=9.3.1, org.gradle.usage=java-runtime}
2026-03-16T23:45:28.683+0700 [DEBUG] [org.gradle.internal.component.model.LoggingAttributeMatchingExplanationBuilder] Candidate {artifactType=jar, org.gradle.category=library, org.gradle.dependency.bundling=external, org.gradle.internal.instrumented=not-instrumented, org.gradle.jvm.environment=standard-jvm, org.gradle.jvm.version=11, org.gradle.libraryelements=jar, org.gradle.status=release, org.gradle.usage=java-runtime, org.jetbrains.kotlin.platform.type=jvm} doesn't match attributes {org.gradle.category=library, org.gradle.dependency.bundling=external, org.gradle.internal.instrumented=analyzed-artifact, org.gradle.jvm.version=24, org.gradle.libraryelements=classes, org.gradle.plugin.api-version=9.3.1, org.gradle.usage=java-runtime}
2026-03-16T23:45:28.683+0700 [DEBUG] [org.gradle.internal.component.model.LoggingAttributeMatchingExplanationBuilder] Candidate {artifactType=jar, org.gradle.category=library, org.gradle.dependency.bundling=external, org.gradle.internal.instrumented=not-instrumented, org.gradle.jvm.environment=standard-jvm, org.gradle.jvm.version=11, org.gradle.libraryelements=jar, org.gradle.status=release, org.gradle.usage=java-runtime, org.jetbrains.kotlin.platform.type=jvm} doesn't match attributes {org.gradle.category=library, org.gradle.dependency.bundling=external, org.gradle.internal.instrumented=analyzed-artifact, org.gradle.jvm.version=24, org.gradle.libraryelements=classes, org.gradle.plugin.api-version=9.3.1, org.gradle.usage=java-runtime}
2026-03-16T23:45:28.683+0700 [DEBUG] [org.gradle.internal.component.model.LoggingAttributeMatchingExplanationBuilder] Candidate {artifactType=jar, org.gradle.category=library, org.gradle.internal.instrumented=not-instrumented, org.gradle.libraryelements=jar, org.gradle.status=release, org.gradle.usage=java-runtime} doesn't match attributes {org.gradle.category=library, org.gradle.dependency.bundling=external, org.gradle.internal.instrumented=analyzed-artifact, org.gradle.jvm.version=24, org.gradle.libraryelements=classes, org.gradle.plugin.api-version=9.3.1, org.gradle.usage=java-runtime}
2026-03-16T23:45:28.684+0700 [DEBUG] [org.gradle.internal.component.model.LoggingAttributeMatchingExplanationBuilder] Candidate {artifactType=jar, org.gradle.category=library, org.gradle.dependency.bundling=external, org.gradle.internal.instrumented=not-instrumented, org.gradle.jvm.version=7, org.gradle.libraryelements=jar, org.gradle.status=release, org.gradle.usage=java-runtime, org.jetbrains.kotlin.localToProject=public, org.jetbrains.kotlin.platform.type=jvm} doesn't match attributes {org.gradle.category=library, org.gradle.dependency.bundling=external, org.gradle.internal.instrumented=analyzed-artifact, org.gradle.jvm.version=24, org.gradle.libraryelements=classes, org.gradle.plugin.api-version=9.3.1, org.gradle.usage=java-runtime}
2026-03-16T23:45:28.684+0700 [DEBUG] [org.gradle.internal.component.model.LoggingAttributeMatchingExplanationBuilder] Candidate {artifactType=jar, org.gradle.category=library, org.gradle.dependency.bundling=external, org.gradle.internal.instrumented=not-instrumented, org.gradle.jvm.version=7, org.gradle.libraryelements=jar, org.gradle.status=release, org.gradle.usage=java-runtime, org.jetbrains.kotlin.localToProject=public, org.jetbrains.kotlin.platform.type=jvm} doesn't match attributes {org.gradle.category=library, org.gradle.dependency.bundling=external, org.gradle.internal.instrumented=analyzed-artifact, org.gradle.jvm.version=24, org.gradle.libraryelements=classes, org.gradle.plugin.api-version=9.3.1, org.gradle.usage=java-runtime}
2026-03-16T23:45:28.684+0700 [DEBUG] [org.gradle.internal.component.model.LoggingAttributeMatchingExplanationBuilder] Candidate {artifactType=jar, org.gradle.category=library, org.gradle.dependency.bundling=external, org.gradle.internal.instrumented=not-instrumented, org.gradle.jvm.environment=standard-jvm, org.gradle.jvm.version=11, org.gradle.libraryelements=jar, org.gradle.status=release, org.gradle.usage=java-runtime, org.jetbrains.kotlin.platform.type=jvm} doesn't match attributes {org.gradle.category=library, org.gradle.dependency.bundling=external, org.gradle.internal.instrumented=analyzed-artifact, org.gradle.jvm.version=24, org.gradle.libraryelements=classes, org.gradle.plugin.api-version=9.3.1, org.gradle.usage=java-runtime}
2026-03-16T23:45:28.684+0700 [DEBUG] [org.gradle.internal.component.model.LoggingAttributeMatchingExplanationBuilder] Candidate {artifactType=jar, org.gradle.category=library, org.gradle.internal.instrumented=not-instrumented, org.gradle.libraryelements=jar, org.gradle.status=release, org.gradle.usage=java-runtime} doesn't match attributes {org.gradle.category=library, org.gradle.dependency.bundling=external, org.gradle.internal.instrumented=analyzed-artifact, org.gradle.jvm.version=24, org.gradle.libraryelements=classes, org.gradle.plugin.api-version=9.3.1, org.gradle.usage=java-runtime}
2026-03-16T23:45:28.685+0700 [DEBUG] [org.gradle.internal.component.model.LoggingAttributeMatchingExplanationBuilder] Candidate {artifactType=jar, org.gradle.category=library, org.gradle.dependency.bundling=external, org.gradle.internal.instrumented=not-instrumented, org.gradle.jvm.environment=standard-jvm, org.gradle.jvm.version=11, org.gradle.libraryelements=jar, org.gradle.status=release, org.gradle.usage=java-runtime, org.jetbrains.kotlin.platform.type=jvm} doesn't match attributes {org.gradle.category=library, org.gradle.dependency.bundling=external, org.gradle.internal.instrumented=analyzed-artifact, org.gradle.jvm.version=24, org.gradle.libraryelements=classes, org.gradle.plugin.api-version=9.3.1, org.gradle.usage=java-runtime}
2026-03-16T23:45:28.685+0700 [DEBUG] [org.gradle.internal.component.model.LoggingAttributeMatchingExplanationBuilder] Candidate {artifactType=jar, org.gradle.category=library, org.gradle.dependency.bundling=external, org.gradle.internal.instrumented=not-instrumented, org.gradle.jvm.environment=standard-jvm, org.gradle.jvm.version=11, org.gradle.libraryelements=jar, org.gradle.status=release, org.gradle.usage=java-runtime, org.jetbrains.kotlin.platform.type=jvm} doesn't match attributes {org.gradle.category=library, org.gradle.dependency.bundling=external, org.gradle.internal.instrumented=analyzed-artifact, org.gradle.jvm.version=24, org.gradle.libraryelements=classes, org.gradle.plugin.api-version=9.3.1, org.gradle.usage=java-runtime}
2026-03-16T23:45:28.685+0700 [DEBUG] [org.gradle.internal.component.model.LoggingAttributeMatchingExplanationBuilder] Candidate {artifactType=jar, org.gradle.category=library, org.gradle.internal.instrumented=not-instrumented, org.gradle.libraryelements=jar, org.gradle.status=release, org.gradle.usage=java-runtime} doesn't match attributes {org.gradle.category=library, org.gradle.dependency.bundling=external, org.gradle.internal.instrumented=analyzed-artifact, org.gradle.jvm.version=24, org.gradle.libraryelements=classes, org.gradle.plugin.api-version=9.3.1, org.gradle.usage=java-runtime}
2026-03-16T23:45:28.685+0700 [DEBUG] [org.gradle.internal.component.model.LoggingAttributeMatchingExplanationBuilder] Candidate {artifactType=jar, org.gradle.category=library, org.gradle.internal.instrumented=not-instrumented, org.gradle.libraryelements=jar, org.gradle.status=release, org.gradle.usage=java-runtime} doesn't match attributes {org.gradle.category=library, org.gradle.dependency.bundling=external, org.gradle.internal.instrumented=analyzed-artifact, org.gradle.jvm.version=24, org.gradle.libraryelements=classes, org.gradle.plugin.api-version=9.3.1, org.gradle.usage=java-runtime}
2026-03-16T23:45:28.685+0700 [DEBUG] [org.gradle.internal.component.model.LoggingAttributeMatchingExplanationBuilder] Candidate {artifactType=jar, org.gradle.category=library, org.gradle.internal.instrumented=not-instrumented, org.gradle.libraryelements=jar, org.gradle.status=release, org.gradle.usage=java-runtime} doesn't match attributes {org.gradle.category=library, org.gradle.dependency.bundling=external, org.gradle.internal.instrumented=analyzed-artifact, org.gradle.jvm.version=24, org.gradle.libraryelements=classes, org.gradle.plugin.api-version=9.3.1, org.gradle.usage=java-runtime}
2026-03-16T23:45:28.686+0700 [DEBUG] [org.gradle.internal.component.model.LoggingAttributeMatchingExplanationBuilder] Candidate {artifactType=jar, org.gradle.category=library, org.gradle.internal.instrumented=not-instrumented, org.gradle.libraryelements=jar, org.gradle.status=release, org.gradle.usage=java-runtime} doesn't match attributes {org.gradle.category=library, org.gradle.dependency.bundling=external, org.gradle.internal.instrumented=analyzed-artifact, org.gradle.jvm.version=24, org.gradle.libraryelements=classes, org.gradle.plugin.api-version=9.3.1, org.gradle.usage=java-runtime}
2026-03-16T23:45:28.686+0700 [DEBUG] [org.gradle.internal.component.model.LoggingAttributeMatchingExplanationBuilder] Candidate {artifactType=jar, org.gradle.category=library, org.gradle.internal.instrumented=not-instrumented, org.gradle.libraryelements=jar, org.gradle.status=release, org.gradle.usage=java-runtime} doesn't match attributes {org.gradle.category=library, org.gradle.dependency.bundling=external, org.gradle.internal.instrumented=analyzed-artifact, org.gradle.jvm.version=24, org.gradle.libraryelements=classes, org.gradle.plugin.api-version=9.3.1, org.gradle.usage=java-runtime}
2026-03-16T23:45:28.686+0700 [DEBUG] [org.gradle.internal.component.model.LoggingAttributeMatchingExplanationBuilder] Candidate {artifactType=jar, org.gradle.category=library, org.gradle.dependency.bundling=external, org.gradle.internal.instrumented=not-instrumented, org.gradle.jvm.version=11, org.gradle.libraryelements=jar, org.gradle.status=release, org.gradle.usage=java-runtime} doesn't match attributes {org.gradle.category=library, org.gradle.dependency.bundling=external, org.gradle.internal.instrumented=analyzed-artifact, org.gradle.jvm.version=24, org.gradle.libraryelements=classes, org.gradle.plugin.api-version=9.3.1, org.gradle.usage=java-runtime}
2026-03-16T23:45:28.686+0700 [DEBUG] [org.gradle.internal.component.model.LoggingAttributeMatchingExplanationBuilder] Candidate {artifactType=jar, org.gradle.category=library, org.gradle.internal.instrumented=not-instrumented, org.gradle.libraryelements=jar, org.gradle.status=release, org.gradle.usage=java-runtime} doesn't match attributes {org.gradle.category=library, org.gradle.dependency.bundling=external, org.gradle.internal.instrumented=analyzed-artifact, org.gradle.jvm.version=24, org.gradle.libraryelements=classes, org.gradle.plugin.api-version=9.3.1, org.gradle.usage=java-runtime}
2026-03-16T23:45:28.686+0700 [DEBUG] [org.gradle.internal.component.model.LoggingAttributeMatchingExplanationBuilder] Candidate {artifactType=jar, org.gradle.category=library, org.gradle.internal.instrumented=not-instrumented, org.gradle.libraryelements=jar, org.gradle.status=release, org.gradle.usage=java-runtime} doesn't match attributes {org.gradle.category=library, org.gradle.dependency.bundling=external, org.gradle.internal.instrumented=analyzed-artifact, org.gradle.jvm.version=24, org.gradle.libraryelements=classes, org.gradle.plugin.api-version=9.3.1, org.gradle.usage=java-runtime}
2026-03-16T23:45:28.686+0700 [DEBUG] [org.gradle.internal.component.model.LoggingAttributeMatchingExplanationBuilder] Candidate {artifactType=jar, org.gradle.category=library, org.gradle.internal.instrumented=not-instrumented, org.gradle.libraryelements=jar, org.gradle.status=release, org.gradle.usage=java-runtime} doesn't match attributes {org.gradle.category=library, org.gradle.dependency.bundling=external, org.gradle.internal.instrumented=analyzed-artifact, org.gradle.jvm.version=24, org.gradle.libraryelements=classes, org.gradle.plugin.api-version=9.3.1, org.gradle.usage=java-runtime}
2026-03-16T23:45:28.687+0700 [DEBUG] [org.gradle.internal.component.model.LoggingAttributeMatchingExplanationBuilder] Candidate {artifactType=jar, org.gradle.category=library, org.gradle.internal.instrumented=not-instrumented, org.gradle.libraryelements=jar, org.gradle.status=release, org.gradle.usage=java-runtime} doesn't match attributes {org.gradle.category=library, org.gradle.dependency.bundling=external, org.gradle.internal.instrumented=analyzed-artifact, org.gradle.jvm.version=24, org.gradle.libraryelements=classes, org.gradle.plugin.api-version=9.3.1, org.gradle.usage=java-runtime}
2026-03-16T23:45:28.687+0700 [DEBUG] [org.gradle.internal.component.model.LoggingAttributeMatchingExplanationBuilder] Candidate {artifactType=jar, org.gradle.category=library, org.gradle.internal.instrumented=not-instrumented, org.gradle.libraryelements=jar, org.gradle.status=release, org.gradle.usage=java-runtime} doesn't match attributes {org.gradle.category=library, org.gradle.dependency.bundling=external, org.gradle.internal.instrumented=analyzed-artifact, org.gradle.jvm.version=24, org.gradle.libraryelements=classes, org.gradle.plugin.api-version=9.3.1, org.gradle.usage=java-runtime}
2026-03-16T23:45:28.687+0700 [DEBUG] [org.gradle.internal.component.model.LoggingAttributeMatchingExplanationBuilder] Candidate {artifactType=jar, org.gradle.category=library, org.gradle.internal.instrumented=not-instrumented, org.gradle.libraryelements=jar, org.gradle.status=release, org.gradle.usage=java-runtime} doesn't match attributes {org.gradle.category=library, org.gradle.dependency.bundling=external, org.gradle.internal.instrumented=analyzed-artifact, org.gradle.jvm.version=24, org.gradle.libraryelements=classes, org.gradle.plugin.api-version=9.3.1, org.gradle.usage=java-runtime}
2026-03-16T23:45:28.687+0700 [DEBUG] [org.gradle.internal.component.model.LoggingAttributeMatchingExplanationBuilder] Candidate {org.gradle.category=platform, org.gradle.internal.instrumented=not-instrumented, org.gradle.status=release, org.gradle.usage=java-runtime} doesn't match attributes {org.gradle.category=platform, org.gradle.dependency.bundling=external, org.gradle.internal.instrumented=analyzed-artifact, org.gradle.jvm.version=24, org.gradle.libraryelements=classes, org.gradle.plugin.api-version=9.3.1, org.gradle.usage=java-runtime}
2026-03-16T23:45:28.687+0700 [DEBUG] [org.gradle.internal.component.model.LoggingAttributeMatchingExplanationBuilder] Candidate {org.gradle.category=library, org.gradle.internal.instrumented=not-instrumented, org.gradle.jvm.environment=standard-jvm, org.gradle.libraryelements=jar, org.gradle.status=release, org.gradle.usage=java-runtime, org.jetbrains.kotlin.platform.type=jvm} doesn't match attributes {org.gradle.category=library, org.gradle.dependency.bundling=external, org.gradle.internal.instrumented=analyzed-artifact, org.gradle.jvm.version=24, org.gradle.libraryelements=classes, org.gradle.plugin.api-version=9.3.1, org.gradle.usage=java-runtime}
2026-03-16T23:45:28.688+0700 [DEBUG] [org.gradle.internal.component.model.LoggingAttributeMatchingExplanationBuilder] Candidate {artifactType=jar, org.gradle.category=library, org.gradle.dependency.bundling=external, org.gradle.internal.instrumented=not-instrumented, org.gradle.jvm.environment=standard-jvm, org.gradle.jvm.version=8, org.gradle.libraryelements=jar, org.gradle.status=release, org.gradle.usage=java-runtime} doesn't match attributes {org.gradle.category=library, org.gradle.dependency.bundling=external, org.gradle.internal.instrumented=analyzed-artifact, org.gradle.jvm.version=24, org.gradle.libraryelements=classes, org.gradle.plugin.api-version=9.3.1, org.gradle.usage=java-runtime}
2026-03-16T23:45:28.688+0700 [DEBUG] [org.gradle.internal.component.model.LoggingAttributeMatchingExplanationBuilder] Candidate {artifactType=jar, org.gradle.category=library, org.gradle.dependency.bundling=external, org.gradle.internal.instrumented=not-instrumented, org.gradle.jvm.environment=standard-jvm, org.gradle.jvm.version=8, org.gradle.libraryelements=jar, org.gradle.plugin.api-version=8.13, org.gradle.status=release, org.gradle.usage=java-runtime} doesn't match attributes {org.gradle.category=library, org.gradle.dependency.bundling=external, org.gradle.internal.instrumented=analyzed-artifact, org.gradle.jvm.version=24, org.gradle.libraryelements=classes, org.gradle.plugin.api-version=9.3.1, org.gradle.usage=java-runtime}
2026-03-16T23:45:28.688+0700 [DEBUG] [org.gradle.internal.component.model.LoggingAttributeMatchingExplanationBuilder] Candidate {artifactType=jar, org.gradle.category=library, org.gradle.dependency.bundling=external, org.gradle.internal.instrumented=not-instrumented, org.gradle.jvm.environment=standard-jvm, org.gradle.jvm.version=8, org.gradle.libraryelements=jar, org.gradle.status=release, org.gradle.usage=java-runtime} doesn't match attributes {org.gradle.category=library, org.gradle.dependency.bundling=external, org.gradle.internal.instrumented=analyzed-artifact, org.gradle.jvm.version=24, org.gradle.libraryelements=classes, org.gradle.plugin.api-version=9.3.1, org.gradle.usage=java-runtime}
2026-03-16T23:45:28.688+0700 [DEBUG] [org.gradle.internal.component.model.LoggingAttributeMatchingExplanationBuilder] Candidate {artifactType=jar, org.gradle.category=library, org.gradle.dependency.bundling=external, org.gradle.internal.instrumented=not-instrumented, org.gradle.jvm.environment=standard-jvm, org.gradle.jvm.version=8, org.gradle.libraryelements=jar, org.gradle.plugin.api-version=8.13, org.gradle.status=release, org.gradle.usage=java-runtime} doesn't match attributes {org.gradle.category=library, org.gradle.dependency.bundling=external, org.gradle.internal.instrumented=analyzed-artifact, org.gradle.jvm.version=24, org.gradle.libraryelements=classes, org.gradle.plugin.api-version=9.3.1, org.gradle.usage=java-runtime}
2026-03-16T23:45:28.688+0700 [DEBUG] [org.gradle.internal.component.model.LoggingAttributeMatchingExplanationBuilder] Candidate {org.gradle.category=platform, org.gradle.internal.instrumented=not-instrumented, org.gradle.status=release, org.gradle.usage=java-runtime} doesn't match attributes {org.gradle.category=platform, org.gradle.dependency.bundling=external, org.gradle.internal.instrumented=analyzed-artifact, org.gradle.jvm.version=24, org.gradle.libraryelements=classes, org.gradle.plugin.api-version=9.3.1, org.gradle.usage=java-runtime}
2026-03-16T23:45:28.688+0700 [DEBUG] [org.gradle.internal.component.model.LoggingAttributeMatchingExplanationBuilder] Candidate {org.gradle.category=platform, org.gradle.internal.instrumented=not-instrumented, org.gradle.status=release, org.gradle.usage=java-runtime} doesn't match attributes {org.gradle.category=platform, org.gradle.dependency.bundling=external, org.gradle.internal.instrumented=analyzed-artifact, org.gradle.jvm.version=24, org.gradle.libraryelements=classes, org.gradle.plugin.api-version=9.3.1, org.gradle.usage=java-runtime}
2026-03-16T23:45:28.688+0700 [DEBUG] [org.gradle.internal.component.model.LoggingAttributeMatchingExplanationBuilder] Candidate {org.gradle.category=platform, org.gradle.internal.instrumented=not-instrumented, org.gradle.status=release, org.gradle.usage=java-runtime} doesn't match attributes {org.gradle.category=platform, org.gradle.dependency.bundling=external, org.gradle.internal.instrumented=analyzed-artifact, org.gradle.jvm.version=24, org.gradle.libraryelements=classes, org.gradle.plugin.api-version=9.3.1, org.gradle.usage=java-runtime}
2026-03-16T23:45:28.688+0700 [DEBUG] [org.gradle.internal.component.model.LoggingAttributeMatchingExplanationBuilder] Candidate {org.gradle.category=platform, org.gradle.internal.instrumented=not-instrumented, org.gradle.status=release, org.gradle.usage=java-runtime} doesn't match attributes {org.gradle.category=platform, org.gradle.dependency.bundling=external, org.gradle.internal.instrumented=analyzed-artifact, org.gradle.jvm.version=24, org.gradle.libraryelements=classes, org.gradle.plugin.api-version=9.3.1, org.gradle.usage=java-runtime}
2026-03-16T23:45:28.689+0700 [DEBUG] [org.gradle.internal.component.model.LoggingAttributeMatchingExplanationBuilder] Candidate {artifactType=jar, org.gradle.category=library, org.gradle.dependency.bundling=external, org.gradle.internal.instrumented=not-instrumented, org.gradle.jvm.environment=standard-jvm, org.gradle.jvm.version=8, org.gradle.libraryelements=jar, org.gradle.plugin.api-version=8.13, org.gradle.status=release, org.gradle.usage=java-runtime} doesn't match attributes {org.gradle.category=library, org.gradle.dependency.bundling=external, org.gradle.internal.instrumented=analyzed-artifact, org.gradle.jvm.version=24, org.gradle.libraryelements=classes, org.gradle.plugin.api-version=9.3.1, org.gradle.usage=java-runtime}
2026-03-16T23:45:28.689+0700 [DEBUG] [org.gradle.internal.component.model.LoggingAttributeMatchingExplanationBuilder] Candidate {artifactType=jar, org.gradle.category=library, org.gradle.internal.instrumented=not-instrumented, org.gradle.libraryelements=jar, org.gradle.status=release, org.gradle.usage=java-runtime} doesn't match attributes {org.gradle.category=library, org.gradle.dependency.bundling=external, org.gradle.internal.instrumented=analyzed-artifact, org.gradle.jvm.version=24, org.gradle.libraryelements=classes, org.gradle.plugin.api-version=9.3.1, org.gradle.usage=java-runtime}
2026-03-16T23:45:28.689+0700 [DEBUG] [org.gradle.internal.component.model.LoggingAttributeMatchingExplanationBuilder] Candidate {artifactType=jar, org.gradle.category=library, org.gradle.internal.instrumented=not-instrumented, org.gradle.jvm.environment=standard-jvm, org.gradle.libraryelements=jar, org.gradle.status=release, org.gradle.usage=java-runtime, org.jetbrains.kotlin.platform.type=jvm} doesn't match attributes {org.gradle.category=library, org.gradle.dependency.bundling=external, org.gradle.internal.instrumented=analyzed-artifact, org.gradle.jvm.version=24, org.gradle.libraryelements=classes, org.gradle.plugin.api-version=9.3.1, org.gradle.usage=java-runtime}
2026-03-16T23:45:28.689+0700 [DEBUG] [org.gradle.internal.component.model.LoggingAttributeMatchingExplanationBuilder] Candidate {artifactType=jar, org.gradle.category=library, org.gradle.internal.instrumented=not-instrumented, org.gradle.libraryelements=jar, org.gradle.status=release, org.gradle.usage=java-runtime} doesn't match attributes {org.gradle.category=library, org.gradle.dependency.bundling=external, org.gradle.internal.instrumented=analyzed-artifact, org.gradle.jvm.version=24, org.gradle.libraryelements=classes, org.gradle.plugin.api-version=9.3.1, org.gradle.usage=java-runtime}
2026-03-16T23:45:28.690+0700 [DEBUG] [org.gradle.internal.component.model.LoggingAttributeMatchingExplanationBuilder] Candidate {artifactType=jar, org.gradle.category=library, org.gradle.internal.instrumented=not-instrumented, org.gradle.jvm.environment=standard-jvm, org.gradle.libraryelements=jar, org.gradle.status=release, org.gradle.usage=java-runtime, org.jetbrains.kotlin.platform.type=jvm} doesn't match attributes {org.gradle.category=library, org.gradle.dependency.bundling=external, org.gradle.internal.instrumented=analyzed-artifact, org.gradle.jvm.version=24, org.gradle.libraryelements=classes, org.gradle.plugin.api-version=9.3.1, org.gradle.usage=java-runtime}
2026-03-16T23:45:28.690+0700 [DEBUG] [org.gradle.internal.component.model.LoggingAttributeMatchingExplanationBuilder] Candidate {artifactType=jar, org.gradle.category=library, org.gradle.internal.instrumented=not-instrumented, org.gradle.libraryelements=jar, org.gradle.status=release, org.gradle.usage=java-runtime} doesn't match attributes {org.gradle.category=library, org.gradle.dependency.bundling=external, org.gradle.internal.instrumented=analyzed-artifact, org.gradle.jvm.version=24, org.gradle.libraryelements=classes, org.gradle.plugin.api-version=9.3.1, org.gradle.usage=java-runtime}
2026-03-16T23:45:28.690+0700 [DEBUG] [org.gradle.internal.component.model.LoggingAttributeMatchingExplanationBuilder] Candidate {artifactType=jar, org.gradle.category=library, org.gradle.internal.instrumented=not-instrumented, org.gradle.libraryelements=jar, org.gradle.status=release, org.gradle.usage=java-runtime} doesn't match attributes {org.gradle.category=library, org.gradle.dependency.bundling=external, org.gradle.internal.instrumented=analyzed-artifact, org.gradle.jvm.version=24, org.gradle.libraryelements=classes, org.gradle.plugin.api-version=9.3.1, org.gradle.usage=java-runtime}
2026-03-16T23:45:28.690+0700 [DEBUG] [org.gradle.internal.component.model.LoggingAttributeMatchingExplanationBuilder] Candidate {artifactType=jar, org.gradle.category=library, org.gradle.dependency.bundling=external, org.gradle.internal.instrumented=not-instrumented, org.gradle.jvm.version=11, org.gradle.libraryelements=jar, org.gradle.status=release, org.gradle.usage=java-runtime} doesn't match attributes {org.gradle.category=library, org.gradle.dependency.bundling=external, org.gradle.internal.instrumented=analyzed-artifact, org.gradle.jvm.version=24, org.gradle.libraryelements=classes, org.gradle.plugin.api-version=9.3.1, org.gradle.usage=java-runtime}
2026-03-16T23:45:28.690+0700 [DEBUG] [org.gradle.internal.component.model.LoggingAttributeMatchingExplanationBuilder] Candidate {artifactType=jar, org.gradle.category=library, org.gradle.internal.instrumented=not-instrumented, org.gradle.libraryelements=jar, org.gradle.status=release, org.gradle.usage=java-runtime} doesn't match attributes {org.gradle.category=library, org.gradle.dependency.bundling=external, org.gradle.internal.instrumented=analyzed-artifact, org.gradle.jvm.version=24, org.gradle.libraryelements=classes, org.gradle.plugin.api-version=9.3.1, org.gradle.usage=java-runtime}
2026-03-16T23:45:28.691+0700 [DEBUG] [org.gradle.internal.component.model.LoggingAttributeMatchingExplanationBuilder] Candidate {artifactType=jar, org.gradle.category=library, org.gradle.internal.instrumented=not-instrumented, org.gradle.libraryelements=jar, org.gradle.status=release, org.gradle.usage=java-runtime} doesn't match attributes {org.gradle.category=library, org.gradle.dependency.bundling=external, org.gradle.internal.instrumented=analyzed-artifact, org.gradle.jvm.version=24, org.gradle.libraryelements=classes, org.gradle.plugin.api-version=9.3.1, org.gradle.usage=java-runtime}
2026-03-16T23:45:28.691+0700 [DEBUG] [org.gradle.internal.component.model.LoggingAttributeMatchingExplanationBuilder] Candidate {artifactType=jar, org.gradle.category=library, org.gradle.internal.instrumented=not-instrumented, org.gradle.libraryelements=jar, org.gradle.status=release, org.gradle.usage=java-runtime} doesn't match attributes {org.gradle.category=library, org.gradle.dependency.bundling=external, org.gradle.internal.instrumented=analyzed-artifact, org.gradle.jvm.version=24, org.gradle.libraryelements=classes, org.gradle.plugin.api-version=9.3.1, org.gradle.usage=java-runtime}
2026-03-16T23:45:28.691+0700 [DEBUG] [org.gradle.internal.component.model.LoggingAttributeMatchingExplanationBuilder] Candidate {artifactType=jar, org.gradle.category=library, org.gradle.internal.instrumented=not-instrumented, org.gradle.libraryelements=jar, org.gradle.status=release, org.gradle.usage=java-runtime} doesn't match attributes {org.gradle.category=library, org.gradle.dependency.bundling=external, org.gradle.internal.instrumented=analyzed-artifact, org.gradle.jvm.version=24, org.gradle.libraryelements=classes, org.gradle.plugin.api-version=9.3.1, org.gradle.usage=java-runtime}
2026-03-16T23:45:28.692+0700 [DEBUG] [org.gradle.internal.component.model.LoggingAttributeMatchingExplanationBuilder] Candidate {artifactType=jar, org.gradle.category=library, org.gradle.internal.instrumented=not-instrumented, org.gradle.libraryelements=jar, org.gradle.status=release, org.gradle.usage=java-runtime} doesn't match attributes {org.gradle.category=library, org.gradle.dependency.bundling=external, org.gradle.internal.instrumented=analyzed-artifact, org.gradle.jvm.version=24, org.gradle.libraryelements=classes, org.gradle.plugin.api-version=9.3.1, org.gradle.usage=java-runtime}
2026-03-16T23:45:28.692+0700 [DEBUG] [org.gradle.internal.component.model.LoggingAttributeMatchingExplanationBuilder] Candidate {artifactType=jar, org.gradle.category=library, org.gradle.internal.instrumented=not-instrumented, org.gradle.libraryelements=jar, org.gradle.status=release, org.gradle.usage=java-runtime} doesn't match attributes {org.gradle.category=library, org.gradle.dependency.bundling=external, org.gradle.internal.instrumented=analyzed-artifact, org.gradle.jvm.version=24, org.gradle.libraryelements=classes, org.gradle.plugin.api-version=9.3.1, org.gradle.usage=java-runtime}
2026-03-16T23:45:28.692+0700 [DEBUG] [org.gradle.internal.component.model.LoggingAttributeMatchingExplanationBuilder] Candidate {artifactType=jar, org.gradle.category=library, org.gradle.internal.instrumented=not-instrumented, org.gradle.libraryelements=jar, org.gradle.status=release, org.gradle.usage=java-runtime} doesn't match attributes {org.gradle.category=library, org.gradle.dependency.bundling=external, org.gradle.internal.instrumented=analyzed-artifact, org.gradle.jvm.version=24, org.gradle.libraryelements=classes, org.gradle.plugin.api-version=9.3.1, org.gradle.usage=java-runtime}
2026-03-16T23:45:28.692+0700 [DEBUG] [org.gradle.internal.component.model.LoggingAttributeMatchingExplanationBuilder] Candidate {artifactType=jar, org.gradle.category=library, org.gradle.internal.instrumented=not-instrumented, org.gradle.libraryelements=jar, org.gradle.status=release, org.gradle.usage=java-runtime} doesn't match attributes {org.gradle.category=library, org.gradle.dependency.bundling=external, org.gradle.internal.instrumented=analyzed-artifact, org.gradle.jvm.version=24, org.gradle.libraryelements=classes, org.gradle.plugin.api-version=9.3.1, org.gradle.usage=java-runtime}
2026-03-16T23:45:28.692+0700 [DEBUG] [org.gradle.internal.component.model.LoggingAttributeMatchingExplanationBuilder] Candidate {artifactType=jar, org.gradle.category=library, org.gradle.internal.instrumented=not-instrumented, org.gradle.libraryelements=jar, org.gradle.status=release, org.gradle.usage=java-runtime} doesn't match attributes {org.gradle.category=library, org.gradle.dependency.bundling=external, org.gradle.internal.instrumented=analyzed-artifact, org.gradle.jvm.version=24, org.gradle.libraryelements=classes, org.gradle.plugin.api-version=9.3.1, org.gradle.usage=java-runtime}
2026-03-16T23:45:28.693+0700 [DEBUG] [org.gradle.internal.component.model.LoggingAttributeMatchingExplanationBuilder] Candidate {artifactType=jar, org.gradle.category=library, org.gradle.internal.instrumented=not-instrumented, org.gradle.libraryelements=jar, org.gradle.status=release, org.gradle.usage=java-runtime} doesn't match attributes {org.gradle.category=library, org.gradle.dependency.bundling=external, org.gradle.internal.instrumented=analyzed-artifact, org.gradle.jvm.version=24, org.gradle.libraryelements=classes, org.gradle.plugin.api-version=9.3.1, org.gradle.usage=java-runtime}
2026-03-16T23:45:28.693+0700 [DEBUG] [org.gradle.internal.component.model.LoggingAttributeMatchingExplanationBuilder] Candidate {artifactType=jar, org.gradle.category=library, org.gradle.internal.instrumented=not-instrumented, org.gradle.libraryelements=jar, org.gradle.status=release, org.gradle.usage=java-runtime} doesn't match attributes {org.gradle.category=library, org.gradle.dependency.bundling=external, org.gradle.internal.instrumented=analyzed-artifact, org.gradle.jvm.version=24, org.gradle.libraryelements=classes, org.gradle.plugin.api-version=9.3.1, org.gradle.usage=java-runtime}
2026-03-16T23:45:28.693+0700 [DEBUG] [org.gradle.internal.component.model.LoggingAttributeMatchingExplanationBuilder] Candidate {artifactType=jar, org.gradle.category=library, org.gradle.internal.instrumented=not-instrumented, org.gradle.libraryelements=jar, org.gradle.status=release, org.gradle.usage=java-runtime} doesn't match attributes {org.gradle.category=library, org.gradle.dependency.bundling=external, org.gradle.internal.instrumented=analyzed-artifact, org.gradle.jvm.version=24, org.gradle.libraryelements=classes, org.gradle.plugin.api-version=9.3.1, org.gradle.usage=java-runtime}
2026-03-16T23:45:28.693+0700 [DEBUG] [org.gradle.internal.component.model.LoggingAttributeMatchingExplanationBuilder] Candidate {artifactType=jar, org.gradle.category=library, org.gradle.internal.instrumented=not-instrumented, org.gradle.libraryelements=jar, org.gradle.status=release, org.gradle.usage=java-runtime} doesn't match attributes {org.gradle.category=library, org.gradle.dependency.bundling=external, org.gradle.internal.instrumented=analyzed-artifact, org.gradle.jvm.version=24, org.gradle.libraryelements=classes, org.gradle.plugin.api-version=9.3.1, org.gradle.usage=java-runtime}
2026-03-16T23:45:28.693+0700 [DEBUG] [org.gradle.internal.component.model.LoggingAttributeMatchingExplanationBuilder] Candidate {artifactType=jar, org.gradle.category=library, org.gradle.internal.instrumented=not-instrumented, org.gradle.libraryelements=jar, org.gradle.status=release, org.gradle.usage=java-runtime} doesn't match attributes {org.gradle.category=library, org.gradle.dependency.bundling=external, org.gradle.internal.instrumented=analyzed-artifact, org.gradle.jvm.version=24, org.gradle.libraryelements=classes, org.gradle.plugin.api-version=9.3.1, org.gradle.usage=java-runtime}
2026-03-16T23:45:28.694+0700 [DEBUG] [org.gradle.internal.component.model.LoggingAttributeMatchingExplanationBuilder] Candidate {artifactType=jar, org.gradle.category=library, org.gradle.internal.instrumented=not-instrumented, org.gradle.libraryelements=jar, org.gradle.status=release, org.gradle.usage=java-runtime} doesn't match attributes {org.gradle.category=library, org.gradle.dependency.bundling=external, org.gradle.internal.instrumented=analyzed-artifact, org.gradle.jvm.version=24, org.gradle.libraryelements=classes, org.gradle.plugin.api-version=9.3.1, org.gradle.usage=java-runtime}
2026-03-16T23:45:28.694+0700 [DEBUG] [org.gradle.internal.component.model.LoggingAttributeMatchingExplanationBuilder] Candidate {artifactType=jar, org.gradle.category=library, org.gradle.internal.instrumented=not-instrumented, org.gradle.libraryelements=jar, org.gradle.status=release, org.gradle.usage=java-runtime} doesn't match attributes {org.gradle.category=library, org.gradle.dependency.bundling=external, org.gradle.internal.instrumented=analyzed-artifact, org.gradle.jvm.version=24, org.gradle.libraryelements=classes, org.gradle.plugin.api-version=9.3.1, org.gradle.usage=java-runtime}
2026-03-16T23:45:28.694+0700 [DEBUG] [org.gradle.internal.component.model.LoggingAttributeMatchingExplanationBuilder] Candidate {artifactType=jar, org.gradle.category=library, org.gradle.internal.instrumented=not-instrumented, org.gradle.libraryelements=jar, org.gradle.status=release, org.gradle.usage=java-runtime} doesn't match attributes {org.gradle.category=library, org.gradle.dependency.bundling=external, org.gradle.internal.instrumented=analyzed-artifact, org.gradle.jvm.version=24, org.gradle.libraryelements=classes, org.gradle.plugin.api-version=9.3.1, org.gradle.usage=java-runtime}
2026-03-16T23:45:28.694+0700 [DEBUG] [org.gradle.internal.component.model.LoggingAttributeMatchingExplanationBuilder] Candidate {artifactType=jar, org.gradle.category=library, org.gradle.internal.instrumented=not-instrumented, org.gradle.libraryelements=jar, org.gradle.status=release, org.gradle.usage=java-runtime} doesn't match attributes {org.gradle.category=library, org.gradle.dependency.bundling=external, org.gradle.internal.instrumented=analyzed-artifact, org.gradle.jvm.version=24, org.gradle.libraryelements=classes, org.gradle.plugin.api-version=9.3.1, org.gradle.usage=java-runtime}
2026-03-16T23:45:28.695+0700 [DEBUG] [org.gradle.internal.component.model.LoggingAttributeMatchingExplanationBuilder] Candidate {artifactType=jar, org.gradle.category=library, org.gradle.internal.instrumented=not-instrumented, org.gradle.libraryelements=jar, org.gradle.status=release, org.gradle.usage=java-runtime} doesn't match attributes {org.gradle.category=library, org.gradle.dependency.bundling=external, org.gradle.internal.instrumented=analyzed-artifact, org.gradle.jvm.version=24, org.gradle.libraryelements=classes, org.gradle.plugin.api-version=9.3.1, org.gradle.usage=java-runtime}
2026-03-16T23:45:28.695+0700 [DEBUG] [org.gradle.internal.component.model.LoggingAttributeMatchingExplanationBuilder] Candidate {artifactType=jar, org.gradle.category=library, org.gradle.internal.instrumented=not-instrumented, org.gradle.libraryelements=jar, org.gradle.status=release, org.gradle.usage=java-runtime} doesn't match attributes {org.gradle.category=library, org.gradle.dependency.bundling=external, org.gradle.internal.instrumented=analyzed-artifact, org.gradle.jvm.version=24, org.gradle.libraryelements=classes, org.gradle.plugin.api-version=9.3.1, org.gradle.usage=java-runtime}
2026-03-16T23:45:28.695+0700 [DEBUG] [org.gradle.internal.component.model.LoggingAttributeMatchingExplanationBuilder] Candidate {artifactType=jar, org.gradle.category=library, org.gradle.internal.instrumented=not-instrumented, org.gradle.libraryelements=jar, org.gradle.status=release, org.gradle.usage=java-runtime} doesn't match attributes {org.gradle.category=library, org.gradle.dependency.bundling=external, org.gradle.internal.instrumented=analyzed-artifact, org.gradle.jvm.version=24, org.gradle.libraryelements=classes, org.gradle.plugin.api-version=9.3.1, org.gradle.usage=java-runtime}
2026-03-16T23:45:28.696+0700 [DEBUG] [org.gradle.internal.component.model.LoggingAttributeMatchingExplanationBuilder] Candidate {artifactType=jar, org.gradle.category=library, org.gradle.internal.instrumented=not-instrumented, org.gradle.libraryelements=jar, org.gradle.status=release, org.gradle.usage=java-runtime} doesn't match attributes {org.gradle.category=library, org.gradle.dependency.bundling=external, org.gradle.internal.instrumented=analyzed-artifact, org.gradle.jvm.version=24, org.gradle.libraryelements=classes, org.gradle.plugin.api-version=9.3.1, org.gradle.usage=java-runtime}
2026-03-16T23:45:28.696+0700 [DEBUG] [org.gradle.internal.component.model.LoggingAttributeMatchingExplanationBuilder] Candidate {artifactType=jar, org.gradle.category=library, org.gradle.internal.instrumented=not-instrumented, org.gradle.libraryelements=jar, org.gradle.status=release, org.gradle.usage=java-runtime} doesn't match attributes {org.gradle.category=library, org.gradle.dependency.bundling=external, org.gradle.internal.instrumented=analyzed-artifact, org.gradle.jvm.version=24, org.gradle.libraryelements=classes, org.gradle.plugin.api-version=9.3.1, org.gradle.usage=java-runtime}
2026-03-16T23:45:28.697+0700 [DEBUG] [org.gradle.internal.component.model.LoggingAttributeMatchingExplanationBuilder] Candidate {artifactType=jar, org.gradle.category=library, org.gradle.internal.instrumented=not-instrumented, org.gradle.libraryelements=jar, org.gradle.status=release, org.gradle.usage=java-runtime} doesn't match attributes {org.gradle.category=library, org.gradle.dependency.bundling=external, org.gradle.internal.instrumented=analyzed-artifact, org.gradle.jvm.version=24, org.gradle.libraryelements=classes, org.gradle.plugin.api-version=9.3.1, org.gradle.usage=java-runtime}
2026-03-16T23:45:28.697+0700 [DEBUG] [org.gradle.internal.component.model.LoggingAttributeMatchingExplanationBuilder] Candidate {artifactType=jar, org.gradle.category=library, org.gradle.dependency.bundling=external, org.gradle.internal.instrumented=not-instrumented, org.gradle.jvm.environment=standard-jvm, org.gradle.jvm.version=8, org.gradle.libraryelements=jar, org.gradle.status=release, org.gradle.usage=java-runtime} doesn't match attributes {org.gradle.category=library, org.gradle.dependency.bundling=external, org.gradle.internal.instrumented=analyzed-artifact, org.gradle.jvm.version=24, org.gradle.libraryelements=classes, org.gradle.plugin.api-version=9.3.1, org.gradle.usage=java-runtime}
2026-03-16T23:45:28.697+0700 [DEBUG] [org.gradle.internal.component.model.LoggingAttributeMatchingExplanationBuilder] Candidate {artifactType=jar, org.gradle.category=library, org.gradle.internal.instrumented=not-instrumented, org.gradle.libraryelements=jar, org.gradle.status=release, org.gradle.usage=java-runtime} doesn't match attributes {org.gradle.category=library, org.gradle.dependency.bundling=external, org.gradle.internal.instrumented=analyzed-artifact, org.gradle.jvm.version=24, org.gradle.libraryelements=classes, org.gradle.plugin.api-version=9.3.1, org.gradle.usage=java-runtime}
2026-03-16T23:45:28.697+0700 [DEBUG] [org.gradle.internal.component.model.LoggingAttributeMatchingExplanationBuilder] Candidate {artifactType=jar, org.gradle.category=library, org.gradle.internal.instrumented=not-instrumented, org.gradle.libraryelements=jar, org.gradle.status=release, org.gradle.usage=java-runtime} doesn't match attributes {org.gradle.category=library, org.gradle.dependency.bundling=external, org.gradle.internal.instrumented=analyzed-artifact, org.gradle.jvm.version=24, org.gradle.libraryelements=classes, org.gradle.plugin.api-version=9.3.1, org.gradle.usage=java-runtime}
2026-03-16T23:45:28.697+0700 [DEBUG] [org.gradle.internal.component.model.LoggingAttributeMatchingExplanationBuilder] Candidate {artifactType=jar, org.gradle.category=library, org.gradle.internal.instrumented=not-instrumented, org.gradle.libraryelements=jar, org.gradle.status=release, org.gradle.usage=java-runtime} doesn't match attributes {org.gradle.category=library, org.gradle.dependency.bundling=external, org.gradle.internal.instrumented=analyzed-artifact, org.gradle.jvm.version=24, org.gradle.libraryelements=classes, org.gradle.plugin.api-version=9.3.1, org.gradle.usage=java-runtime}
2026-03-16T23:45:28.697+0700 [DEBUG] [org.gradle.internal.component.model.LoggingAttributeMatchingExplanationBuilder] Candidate {artifactType=jar, org.gradle.category=library, org.gradle.internal.instrumented=not-instrumented, org.gradle.libraryelements=jar, org.gradle.status=release, org.gradle.usage=java-runtime} doesn't match attributes {org.gradle.category=library, org.gradle.dependency.bundling=external, org.gradle.internal.instrumented=analyzed-artifact, org.gradle.jvm.version=24, org.gradle.libraryelements=classes, org.gradle.plugin.api-version=9.3.1, org.gradle.usage=java-runtime}
2026-03-16T23:45:28.697+0700 [DEBUG] [org.gradle.internal.component.model.LoggingAttributeMatchingExplanationBuilder] Candidate {artifactType=jar, org.gradle.category=library, org.gradle.internal.instrumented=not-instrumented, org.gradle.libraryelements=jar, org.gradle.status=release, org.gradle.usage=java-runtime} doesn't match attributes {org.gradle.category=library, org.gradle.dependency.bundling=external, org.gradle.internal.instrumented=analyzed-artifact, org.gradle.jvm.version=24, org.gradle.libraryelements=classes, org.gradle.plugin.api-version=9.3.1, org.gradle.usage=java-runtime}
2026-03-16T23:45:28.697+0700 [DEBUG] [org.gradle.internal.component.model.LoggingAttributeMatchingExplanationBuilder] Candidate {artifactType=jar, org.gradle.category=library, org.gradle.internal.instrumented=not-instrumented, org.gradle.libraryelements=jar, org.gradle.status=release, org.gradle.usage=java-runtime} doesn't match attributes {org.gradle.category=library, org.gradle.dependency.bundling=external, org.gradle.internal.instrumented=analyzed-artifact, org.gradle.jvm.version=24, org.gradle.libraryelements=classes, org.gradle.plugin.api-version=9.3.1, org.gradle.usage=java-runtime}
2026-03-16T23:45:28.698+0700 [DEBUG] [org.gradle.internal.component.model.LoggingAttributeMatchingExplanationBuilder] Candidate {artifactType=jar, org.gradle.category=library, org.gradle.internal.instrumented=not-instrumented, org.gradle.libraryelements=jar, org.gradle.status=release, org.gradle.usage=java-runtime} doesn't match attributes {org.gradle.category=library, org.gradle.dependency.bundling=external, org.gradle.internal.instrumented=analyzed-artifact, org.gradle.jvm.version=24, org.gradle.libraryelements=classes, org.gradle.plugin.api-version=9.3.1, org.gradle.usage=java-runtime}
2026-03-16T23:45:28.698+0700 [DEBUG] [org.gradle.internal.component.model.LoggingAttributeMatchingExplanationBuilder] Candidate {artifactType=jar, org.gradle.category=library, org.gradle.internal.instrumented=not-instrumented, org.gradle.libraryelements=jar, org.gradle.status=release, org.gradle.usage=java-runtime} doesn't match attributes {org.gradle.category=library, org.gradle.dependency.bundling=external, org.gradle.internal.instrumented=analyzed-artifact, org.gradle.jvm.version=24, org.gradle.libraryelements=classes, org.gradle.plugin.api-version=9.3.1, org.gradle.usage=java-runtime}
2026-03-16T23:45:28.698+0700 [DEBUG] [org.gradle.internal.component.model.LoggingAttributeMatchingExplanationBuilder] Candidate {artifactType=jar, org.gradle.category=library, org.gradle.internal.instrumented=not-instrumented, org.gradle.libraryelements=jar, org.gradle.status=release, org.gradle.usage=java-runtime} doesn't match attributes {org.gradle.category=library, org.gradle.dependency.bundling=external, org.gradle.internal.instrumented=analyzed-artifact, org.gradle.jvm.version=24, org.gradle.libraryelements=classes, org.gradle.plugin.api-version=9.3.1, org.gradle.usage=java-runtime}
2026-03-16T23:45:28.698+0700 [DEBUG] [org.gradle.internal.component.model.LoggingAttributeMatchingExplanationBuilder] Candidate {artifactType=jar, org.gradle.category=library, org.gradle.internal.instrumented=not-instrumented, org.gradle.libraryelements=jar, org.gradle.status=release, org.gradle.usage=java-runtime} doesn't match attributes {org.gradle.category=library, org.gradle.dependency.bundling=external, org.gradle.internal.instrumented=analyzed-artifact, org.gradle.jvm.version=24, org.gradle.libraryelements=classes, org.gradle.plugin.api-version=9.3.1, org.gradle.usage=java-runtime}
2026-03-16T23:45:28.698+0700 [DEBUG] [org.gradle.internal.component.model.LoggingAttributeMatchingExplanationBuilder] Candidate {artifactType=jar, org.gradle.category=library, org.gradle.internal.instrumented=not-instrumented, org.gradle.libraryelements=jar, org.gradle.status=release, org.gradle.usage=java-runtime} doesn't match attributes {org.gradle.category=library, org.gradle.dependency.bundling=external, org.gradle.internal.instrumented=analyzed-artifact, org.gradle.jvm.version=24, org.gradle.libraryelements=classes, org.gradle.plugin.api-version=9.3.1, org.gradle.usage=java-runtime}
2026-03-16T23:45:28.698+0700 [DEBUG] [org.gradle.internal.component.model.LoggingAttributeMatchingExplanationBuilder] Candidate {artifactType=jar, org.gradle.category=library, org.gradle.internal.instrumented=not-instrumented, org.gradle.libraryelements=jar, org.gradle.status=release, org.gradle.usage=java-runtime} doesn't match attributes {org.gradle.category=library, org.gradle.dependency.bundling=external, org.gradle.internal.instrumented=analyzed-artifact, org.gradle.jvm.version=24, org.gradle.libraryelements=classes, org.gradle.plugin.api-version=9.3.1, org.gradle.usage=java-runtime}
2026-03-16T23:45:28.698+0700 [DEBUG] [org.gradle.internal.component.model.LoggingAttributeMatchingExplanationBuilder] Candidate {artifactType=jar, org.gradle.category=library, org.gradle.internal.instrumented=not-instrumented, org.gradle.libraryelements=jar, org.gradle.status=release, org.gradle.usage=java-runtime} doesn't match attributes {org.gradle.category=library, org.gradle.dependency.bundling=external, org.gradle.internal.instrumented=analyzed-artifact, org.gradle.jvm.version=24, org.gradle.libraryelements=classes, org.gradle.plugin.api-version=9.3.1, org.gradle.usage=java-runtime}
2026-03-16T23:45:28.698+0700 [DEBUG] [org.gradle.internal.component.model.LoggingAttributeMatchingExplanationBuilder] Candidate {artifactType=jar, org.gradle.category=library, org.gradle.internal.instrumented=not-instrumented, org.gradle.libraryelements=jar, org.gradle.status=release, org.gradle.usage=java-runtime} doesn't match attributes {org.gradle.category=library, org.gradle.dependency.bundling=external, org.gradle.internal.instrumented=analyzed-artifact, org.gradle.jvm.version=24, org.gradle.libraryelements=classes, org.gradle.plugin.api-version=9.3.1, org.gradle.usage=java-runtime}
2026-03-16T23:45:28.699+0700 [DEBUG] [org.gradle.internal.component.model.LoggingAttributeMatchingExplanationBuilder] Candidate {artifactType=jar, org.gradle.category=library, org.gradle.internal.instrumented=not-instrumented, org.gradle.libraryelements=jar, org.gradle.status=release, org.gradle.usage=java-runtime} doesn't match attributes {org.gradle.category=library, org.gradle.dependency.bundling=external, org.gradle.internal.instrumented=analyzed-artifact, org.gradle.jvm.version=24, org.gradle.libraryelements=classes, org.gradle.plugin.api-version=9.3.1, org.gradle.usage=java-runtime}
2026-03-16T23:45:28.699+0700 [DEBUG] [org.gradle.internal.component.model.LoggingAttributeMatchingExplanationBuilder] Candidate {artifactType=jar, org.gradle.category=library, org.gradle.internal.instrumented=not-instrumented, org.gradle.libraryelements=jar, org.gradle.status=release, org.gradle.usage=java-runtime} doesn't match attributes {org.gradle.category=library, org.gradle.dependency.bundling=external, org.gradle.internal.instrumented=analyzed-artifact, org.gradle.jvm.version=24, org.gradle.libraryelements=classes, org.gradle.plugin.api-version=9.3.1, org.gradle.usage=java-runtime}
2026-03-16T23:45:28.699+0700 [DEBUG] [org.gradle.internal.component.model.LoggingAttributeMatchingExplanationBuilder] Candidate {artifactType=jar, org.gradle.category=library, org.gradle.internal.instrumented=not-instrumented, org.gradle.libraryelements=jar, org.gradle.status=release, org.gradle.usage=java-runtime} doesn't match attributes {org.gradle.category=library, org.gradle.dependency.bundling=external, org.gradle.internal.instrumented=analyzed-artifact, org.gradle.jvm.version=24, org.gradle.libraryelements=classes, org.gradle.plugin.api-version=9.3.1, org.gradle.usage=java-runtime}
2026-03-16T23:45:28.700+0700 [DEBUG] [org.gradle.internal.component.model.LoggingAttributeMatchingExplanationBuilder] Candidate {artifactType=jar, org.gradle.category=library, org.gradle.internal.instrumented=not-instrumented, org.gradle.libraryelements=jar, org.gradle.status=release, org.gradle.usage=java-runtime} doesn't match attributes {org.gradle.category=library, org.gradle.dependency.bundling=external, org.gradle.internal.instrumented=analyzed-artifact, org.gradle.jvm.version=24, org.gradle.libraryelements=classes, org.gradle.plugin.api-version=9.3.1, org.gradle.usage=java-runtime}
2026-03-16T23:45:28.700+0700 [DEBUG] [org.gradle.internal.component.model.LoggingAttributeMatchingExplanationBuilder] Candidate {artifactType=jar, org.gradle.category=library, org.gradle.internal.instrumented=not-instrumented, org.gradle.libraryelements=jar, org.gradle.status=release, org.gradle.usage=java-runtime} doesn't match attributes {org.gradle.category=library, org.gradle.dependency.bundling=external, org.gradle.internal.instrumented=analyzed-artifact, org.gradle.jvm.version=24, org.gradle.libraryelements=classes, org.gradle.plugin.api-version=9.3.1, org.gradle.usage=java-runtime}
2026-03-16T23:45:28.700+0700 [DEBUG] [org.gradle.internal.component.model.LoggingAttributeMatchingExplanationBuilder] Candidate {artifactType=jar, org.gradle.category=library, org.gradle.internal.instrumented=not-instrumented, org.gradle.libraryelements=jar, org.gradle.status=release, org.gradle.usage=java-runtime} doesn't match attributes {org.gradle.category=library, org.gradle.dependency.bundling=external, org.gradle.internal.instrumented=analyzed-artifact, org.gradle.jvm.version=24, org.gradle.libraryelements=classes, org.gradle.plugin.api-version=9.3.1, org.gradle.usage=java-runtime}
2026-03-16T23:45:28.700+0700 [DEBUG] [org.gradle.internal.component.model.LoggingAttributeMatchingExplanationBuilder] Candidate {artifactType=jar, org.gradle.category=library, org.gradle.internal.instrumented=not-instrumented, org.gradle.libraryelements=jar, org.gradle.status=release, org.gradle.usage=java-runtime} doesn't match attributes {org.gradle.category=library, org.gradle.dependency.bundling=external, org.gradle.internal.instrumented=analyzed-artifact, org.gradle.jvm.version=24, org.gradle.libraryelements=classes, org.gradle.plugin.api-version=9.3.1, org.gradle.usage=java-runtime}
2026-03-16T23:45:28.700+0700 [DEBUG] [org.gradle.internal.component.model.LoggingAttributeMatchingExplanationBuilder] Candidate {artifactType=jar, org.gradle.category=library, org.gradle.internal.instrumented=not-instrumented, org.gradle.libraryelements=jar, org.gradle.status=release, org.gradle.usage=java-runtime} doesn't match attributes {org.gradle.category=library, org.gradle.dependency.bundling=external, org.gradle.internal.instrumented=analyzed-artifact, org.gradle.jvm.version=24, org.gradle.libraryelements=classes, org.gradle.plugin.api-version=9.3.1, org.gradle.usage=java-runtime}
2026-03-16T23:45:28.701+0700 [DEBUG] [org.gradle.internal.component.model.LoggingAttributeMatchingExplanationBuilder] Candidate {artifactType=jar, org.gradle.category=library, org.gradle.internal.instrumented=not-instrumented, org.gradle.libraryelements=jar, org.gradle.status=release, org.gradle.usage=java-runtime} doesn't match attributes {org.gradle.category=library, org.gradle.dependency.bundling=external, org.gradle.internal.instrumented=analyzed-artifact, org.gradle.jvm.version=24, org.gradle.libraryelements=classes, org.gradle.plugin.api-version=9.3.1, org.gradle.usage=java-runtime}
2026-03-16T23:45:28.701+0700 [DEBUG] [org.gradle.internal.component.model.LoggingAttributeMatchingExplanationBuilder] Candidate {artifactType=jar, org.gradle.category=library, org.gradle.internal.instrumented=not-instrumented, org.gradle.libraryelements=jar, org.gradle.status=release, org.gradle.usage=java-runtime} doesn't match attributes {org.gradle.category=library, org.gradle.dependency.bundling=external, org.gradle.internal.instrumented=analyzed-artifact, org.gradle.jvm.version=24, org.gradle.libraryelements=classes, org.gradle.plugin.api-version=9.3.1, org.gradle.usage=java-runtime}
2026-03-16T23:45:28.701+0700 [DEBUG] [org.gradle.internal.component.model.LoggingAttributeMatchingExplanationBuilder] Candidate {artifactType=jar, org.gradle.category=library, org.gradle.internal.instrumented=not-instrumented, org.gradle.libraryelements=jar, org.gradle.status=release, org.gradle.usage=java-runtime} doesn't match attributes {org.gradle.category=library, org.gradle.dependency.bundling=external, org.gradle.internal.instrumented=analyzed-artifact, org.gradle.jvm.version=24, org.gradle.libraryelements=classes, org.gradle.plugin.api-version=9.3.1, org.gradle.usage=java-runtime}
2026-03-16T23:45:28.701+0700 [DEBUG] [org.gradle.internal.component.model.LoggingAttributeMatchingExplanationBuilder] Candidate {artifactType=jar, org.gradle.category=library, org.gradle.dependency.bundling=external, org.gradle.internal.instrumented=not-instrumented, org.gradle.jvm.environment=standard-jvm, org.gradle.jvm.version=8, org.gradle.libraryelements=jar, org.gradle.status=release, org.gradle.usage=java-runtime, org.jetbrains.kotlin.platform.type=jvm} doesn't match attributes {org.gradle.category=library, org.gradle.dependency.bundling=external, org.gradle.internal.instrumented=analyzed-artifact, org.gradle.jvm.version=24, org.gradle.libraryelements=classes, org.gradle.plugin.api-version=9.3.1, org.gradle.usage=java-runtime}
2026-03-16T23:45:28.701+0700 [DEBUG] [org.gradle.internal.component.model.LoggingAttributeMatchingExplanationBuilder] Candidate {artifactType=jar, org.gradle.category=library, org.gradle.internal.instrumented=not-instrumented, org.gradle.libraryelements=jar, org.gradle.status=release, org.gradle.usage=java-runtime} doesn't match attributes {org.gradle.category=library, org.gradle.dependency.bundling=external, org.gradle.internal.instrumented=analyzed-artifact, org.gradle.jvm.version=24, org.gradle.libraryelements=classes, org.gradle.plugin.api-version=9.3.1, org.gradle.usage=java-runtime}
2026-03-16T23:45:28.702+0700 [DEBUG] [org.gradle.internal.component.model.LoggingAttributeMatchingExplanationBuilder] Candidate {artifactType=jar, org.gradle.category=library, org.gradle.internal.instrumented=not-instrumented, org.gradle.libraryelements=jar, org.gradle.status=release, org.gradle.usage=java-runtime} doesn't match attributes {org.gradle.category=library, org.gradle.dependency.bundling=external, org.gradle.internal.instrumented=analyzed-artifact, org.gradle.jvm.version=24, org.gradle.libraryelements=classes, org.gradle.plugin.api-version=9.3.1, org.gradle.usage=java-runtime}
2026-03-16T23:45:28.702+0700 [DEBUG] [org.gradle.internal.component.model.LoggingAttributeMatchingExplanationBuilder] Candidate {artifactType=jar, org.gradle.category=library, org.gradle.internal.instrumented=not-instrumented, org.gradle.libraryelements=jar, org.gradle.status=release, org.gradle.usage=java-runtime} doesn't match attributes {org.gradle.category=library, org.gradle.dependency.bundling=external, org.gradle.internal.instrumented=analyzed-artifact, org.gradle.jvm.version=24, org.gradle.libraryelements=classes, org.gradle.plugin.api-version=9.3.1, org.gradle.usage=java-runtime}
2026-03-16T23:45:28.702+0700 [DEBUG] [org.gradle.internal.component.model.LoggingAttributeMatchingExplanationBuilder] Candidate {artifactType=jar, org.gradle.category=library, org.gradle.internal.instrumented=not-instrumented, org.gradle.libraryelements=jar, org.gradle.status=release, org.gradle.usage=java-runtime} doesn't match attributes {org.gradle.category=library, org.gradle.dependency.bundling=external, org.gradle.internal.instrumented=analyzed-artifact, org.gradle.jvm.version=24, org.gradle.libraryelements=classes, org.gradle.plugin.api-version=9.3.1, org.gradle.usage=java-runtime}
2026-03-16T23:45:28.702+0700 [DEBUG] [org.gradle.internal.component.model.LoggingAttributeMatchingExplanationBuilder] Candidate {artifactType=jar, org.gradle.category=library, org.gradle.internal.instrumented=not-instrumented, org.gradle.libraryelements=jar, org.gradle.status=release, org.gradle.usage=java-runtime} doesn't match attributes {org.gradle.category=library, org.gradle.dependency.bundling=external, org.gradle.internal.instrumented=analyzed-artifact, org.gradle.jvm.version=24, org.gradle.libraryelements=classes, org.gradle.plugin.api-version=9.3.1, org.gradle.usage=java-runtime}
2026-03-16T23:45:28.702+0700 [DEBUG] [org.gradle.internal.component.model.LoggingAttributeMatchingExplanationBuilder] Candidate {artifactType=jar, org.gradle.category=library, org.gradle.dependency.bundling=external, org.gradle.internal.instrumented=not-instrumented, org.gradle.jvm.version=8, org.gradle.libraryelements=jar, org.gradle.status=release, org.gradle.usage=java-runtime} doesn't match attributes {org.gradle.category=library, org.gradle.dependency.bundling=external, org.gradle.internal.instrumented=analyzed-artifact, org.gradle.jvm.version=24, org.gradle.libraryelements=classes, org.gradle.plugin.api-version=9.3.1, org.gradle.usage=java-runtime}
2026-03-16T23:45:28.703+0700 [DEBUG] [org.gradle.internal.component.model.LoggingAttributeMatchingExplanationBuilder] Candidate {artifactType=jar, org.gradle.category=library, org.gradle.internal.instrumented=not-instrumented, org.gradle.libraryelements=jar, org.gradle.status=release, org.gradle.usage=java-runtime} doesn't match attributes {org.gradle.category=library, org.gradle.dependency.bundling=external, org.gradle.internal.instrumented=analyzed-artifact, org.gradle.jvm.version=24, org.gradle.libraryelements=classes, org.gradle.plugin.api-version=9.3.1, org.gradle.usage=java-runtime}
2026-03-16T23:45:28.703+0700 [DEBUG] [org.gradle.internal.component.model.LoggingAttributeMatchingExplanationBuilder] Candidate {artifactType=jar, org.gradle.category=library, org.gradle.internal.instrumented=not-instrumented, org.gradle.libraryelements=jar, org.gradle.status=release, org.gradle.usage=java-runtime} doesn't match attributes {org.gradle.category=library, org.gradle.dependency.bundling=external, org.gradle.internal.instrumented=analyzed-artifact, org.gradle.jvm.version=24, org.gradle.libraryelements=classes, org.gradle.plugin.api-version=9.3.1, org.gradle.usage=java-runtime}
2026-03-16T23:45:28.703+0700 [DEBUG] [org.gradle.internal.component.model.LoggingAttributeMatchingExplanationBuilder] Candidate {artifactType=jar, org.gradle.category=library, org.gradle.internal.instrumented=not-instrumented, org.gradle.libraryelements=jar, org.gradle.status=release, org.gradle.usage=java-runtime} doesn't match attributes {org.gradle.category=library, org.gradle.dependency.bundling=external, org.gradle.internal.instrumented=analyzed-artifact, org.gradle.jvm.version=24, org.gradle.libraryelements=classes, org.gradle.plugin.api-version=9.3.1, org.gradle.usage=java-runtime}
2026-03-16T23:45:28.704+0700 [DEBUG] [org.gradle.internal.component.model.LoggingAttributeMatchingExplanationBuilder] Candidate {artifactType=jar, org.gradle.category=library, org.gradle.internal.instrumented=not-instrumented, org.gradle.libraryelements=jar, org.gradle.status=release, org.gradle.usage=java-runtime} doesn't match attributes {org.gradle.category=library, org.gradle.dependency.bundling=external, org.gradle.internal.instrumented=analyzed-artifact, org.gradle.jvm.version=24, org.gradle.libraryelements=classes, org.gradle.plugin.api-version=9.3.1, org.gradle.usage=java-runtime}
2026-03-16T23:45:28.704+0700 [DEBUG] [org.gradle.internal.component.model.LoggingAttributeMatchingExplanationBuilder] Candidate {artifactType=jar, org.gradle.category=library, org.gradle.internal.instrumented=not-instrumented, org.gradle.libraryelements=jar, org.gradle.status=release, org.gradle.usage=java-runtime} doesn't match attributes {org.gradle.category=library, org.gradle.dependency.bundling=external, org.gradle.internal.instrumented=analyzed-artifact, org.gradle.jvm.version=24, org.gradle.libraryelements=classes, org.gradle.plugin.api-version=9.3.1, org.gradle.usage=java-runtime}
2026-03-16T23:45:28.704+0700 [DEBUG] [org.gradle.internal.component.model.LoggingAttributeMatchingExplanationBuilder] Candidate {artifactType=jar, org.gradle.category=library, org.gradle.internal.instrumented=not-instrumented, org.gradle.libraryelements=jar, org.gradle.status=release, org.gradle.usage=java-runtime} doesn't match attributes {org.gradle.category=library, org.gradle.dependency.bundling=external, org.gradle.internal.instrumented=analyzed-artifact, org.gradle.jvm.version=24, org.gradle.libraryelements=classes, org.gradle.plugin.api-version=9.3.1, org.gradle.usage=java-runtime}
2026-03-16T23:45:28.704+0700 [DEBUG] [org.gradle.internal.component.model.LoggingAttributeMatchingExplanationBuilder] Candidate {artifactType=jar, org.gradle.category=library, org.gradle.internal.instrumented=not-instrumented, org.gradle.libraryelements=jar, org.gradle.status=release, org.gradle.usage=java-runtime} doesn't match attributes {org.gradle.category=library, org.gradle.dependency.bundling=external, org.gradle.internal.instrumented=analyzed-artifact, org.gradle.jvm.version=24, org.gradle.libraryelements=classes, org.gradle.plugin.api-version=9.3.1, org.gradle.usage=java-runtime}
2026-03-16T23:45:28.705+0700 [DEBUG] [org.gradle.internal.component.model.LoggingAttributeMatchingExplanationBuilder] Candidate {artifactType=jar, org.gradle.category=library, org.gradle.internal.instrumented=not-instrumented, org.gradle.libraryelements=jar, org.gradle.status=release, org.gradle.usage=java-runtime} doesn't match attributes {org.gradle.category=library, org.gradle.dependency.bundling=external, org.gradle.internal.instrumented=analyzed-artifact, org.gradle.jvm.version=24, org.gradle.libraryelements=classes, org.gradle.plugin.api-version=9.3.1, org.gradle.usage=java-runtime}
2026-03-16T23:45:28.705+0700 [DEBUG] [org.gradle.internal.component.model.LoggingAttributeMatchingExplanationBuilder] Candidate {artifactType=jar, org.gradle.category=library, org.gradle.internal.instrumented=not-instrumented, org.gradle.libraryelements=jar, org.gradle.status=release, org.gradle.usage=java-runtime} doesn't match attributes {org.gradle.category=library, org.gradle.dependency.bundling=external, org.gradle.internal.instrumented=analyzed-artifact, org.gradle.jvm.version=24, org.gradle.libraryelements=classes, org.gradle.plugin.api-version=9.3.1, org.gradle.usage=java-runtime}
2026-03-16T23:45:28.705+0700 [DEBUG] [org.gradle.internal.component.model.LoggingAttributeMatchingExplanationBuilder] Candidate {artifactType=jar, org.gradle.category=library, org.gradle.internal.instrumented=not-instrumented, org.gradle.libraryelements=jar, org.gradle.status=release, org.gradle.usage=java-runtime} doesn't match attributes {org.gradle.category=library, org.gradle.dependency.bundling=external, org.gradle.internal.instrumented=analyzed-artifact, org.gradle.jvm.version=24, org.gradle.libraryelements=classes, org.gradle.plugin.api-version=9.3.1, org.gradle.usage=java-runtime}
2026-03-16T23:45:28.705+0700 [DEBUG] [org.gradle.internal.component.model.LoggingAttributeMatchingExplanationBuilder] Candidate {artifactType=jar, org.gradle.category=library, org.gradle.internal.instrumented=not-instrumented, org.gradle.libraryelements=jar, org.gradle.status=release, org.gradle.usage=java-runtime} doesn't match attributes {org.gradle.category=library, org.gradle.dependency.bundling=external, org.gradle.internal.instrumented=analyzed-artifact, org.gradle.jvm.version=24, org.gradle.libraryelements=classes, org.gradle.plugin.api-version=9.3.1, org.gradle.usage=java-runtime}
2026-03-16T23:45:28.706+0700 [DEBUG] [org.gradle.internal.component.model.LoggingAttributeMatchingExplanationBuilder] Candidate {artifactType=jar, org.gradle.category=library, org.gradle.internal.instrumented=not-instrumented, org.gradle.libraryelements=jar, org.gradle.status=release, org.gradle.usage=java-runtime} doesn't match attributes {org.gradle.category=library, org.gradle.dependency.bundling=external, org.gradle.internal.instrumented=analyzed-artifact, org.gradle.jvm.version=24, org.gradle.libraryelements=classes, org.gradle.plugin.api-version=9.3.1, org.gradle.usage=java-runtime}
2026-03-16T23:45:28.706+0700 [DEBUG] [org.gradle.internal.component.model.LoggingAttributeMatchingExplanationBuilder] Candidate {artifactType=jar, org.gradle.category=library, org.gradle.internal.instrumented=not-instrumented, org.gradle.libraryelements=jar, org.gradle.status=release, org.gradle.usage=java-runtime} doesn't match attributes {org.gradle.category=library, org.gradle.dependency.bundling=external, org.gradle.internal.instrumented=analyzed-artifact, org.gradle.jvm.version=24, org.gradle.libraryelements=classes, org.gradle.plugin.api-version=9.3.1, org.gradle.usage=java-runtime}
2026-03-16T23:45:28.706+0700 [DEBUG] [org.gradle.internal.component.model.LoggingAttributeMatchingExplanationBuilder] Candidate {artifactType=jar, org.gradle.category=library, org.gradle.internal.instrumented=not-instrumented, org.gradle.libraryelements=jar, org.gradle.status=release, org.gradle.usage=java-runtime} doesn't match attributes {org.gradle.category=library, org.gradle.dependency.bundling=external, org.gradle.internal.instrumented=analyzed-artifact, org.gradle.jvm.version=24, org.gradle.libraryelements=classes, org.gradle.plugin.api-version=9.3.1, org.gradle.usage=java-runtime}
2026-03-16T23:45:28.706+0700 [DEBUG] [org.gradle.internal.component.model.LoggingAttributeMatchingExplanationBuilder] Candidate {artifactType=jar, org.gradle.category=library, org.gradle.internal.instrumented=not-instrumented, org.gradle.libraryelements=jar, org.gradle.status=release, org.gradle.usage=java-runtime} doesn't match attributes {org.gradle.category=library, org.gradle.dependency.bundling=external, org.gradle.internal.instrumented=analyzed-artifact, org.gradle.jvm.version=24, org.gradle.libraryelements=classes, org.gradle.plugin.api-version=9.3.1, org.gradle.usage=java-runtime}
2026-03-16T23:45:28.706+0700 [DEBUG] [org.gradle.internal.component.model.LoggingAttributeMatchingExplanationBuilder] Candidate {artifactType=jar, org.gradle.category=library, org.gradle.internal.instrumented=not-instrumented, org.gradle.libraryelements=jar, org.gradle.status=release, org.gradle.usage=java-runtime} doesn't match attributes {org.gradle.category=library, org.gradle.dependency.bundling=external, org.gradle.internal.instrumented=analyzed-artifact, org.gradle.jvm.version=24, org.gradle.libraryelements=classes, org.gradle.plugin.api-version=9.3.1, org.gradle.usage=java-runtime}
2026-03-16T23:45:28.712+0700 [DEBUG] [org.gradle.internal.operations.DefaultBuildOperationRunner] Build operation 'Resolve files of configuration 'classpath'' completed
2026-03-16T23:45:28.715+0700 [DEBUG] [org.gradle.internal.operations.DefaultBuildOperationRunner] Build operation 'Fingerprint transform inputs' completed
2026-03-16T23:45:28.716+0700 [DEBUG] [org.gradle.internal.operations.DefaultBuildOperationRunner] Build operation 'Fingerprint transform inputs' completed
2026-03-16T23:45:28.716+0700 [DEBUG] [org.gradle.internal.resources.AbstractTrackedResourceLock] Unconstrained build operations Thread 14: acquired lock on worker lease
2026-03-16T23:45:28.717+0700 [DEBUG] [org.gradle.internal.resources.AbstractTrackedResourceLock] Unconstrained build operations Thread 15: acquired lock on worker lease
2026-03-16T23:45:28.718+0700 [DEBUG] [org.gradle.internal.operations.DefaultBuildOperationRunner] Build operation 'Execute transform chain: gradle-settings-api-9.1.0.jar (com.android.tools.build:gradle-settings-api:9.1.0)' completed
2026-03-16T23:45:28.717+0700 [DEBUG] [org.gradle.internal.resources.AbstractTrackedResourceLock] Unconstrained build operations Thread 17: acquired lock on worker lease
2026-03-16T23:45:28.719+0700 [DEBUG] [org.gradle.internal.operations.DefaultBuildOperationRunner] Build operation 'Execute transform chain: gradle-work-action-api-32.1.0.jar (com.android.tools.utp:gradle-work-action-api:32.1.0)' completed
2026-03-16T23:45:28.718+0700 [DEBUG] [org.gradle.internal.resources.AbstractTrackedResourceLock] Unconstrained build operations Thread 16: acquired lock on worker lease
2026-03-16T23:45:28.720+0700 [DEBUG] [org.gradle.internal.operations.DefaultBuildOperationRunner] Build operation 'Execute transform chain: gradle-api-9.1.0.jar (com.android.tools.build:gradle-api:9.1.0)' completed
2026-03-16T23:45:28.721+0700 [DEBUG] [org.gradle.internal.operations.DefaultBuildOperationRunner] Build operation 'Execute transform chain: sdk-common-32.1.0.jar (com.android.tools:sdk-common:32.1.0)' completed
2026-03-16T23:45:28.719+0700 [DEBUG] [org.gradle.internal.resources.AbstractTrackedResourceLock] Unconstrained build operations Thread 23: acquired lock on worker lease
2026-03-16T23:45:28.719+0700 [DEBUG] [org.gradle.internal.operations.DefaultBuildOperationRunner] Build operation 'Execute transform chain: gradle-common-api-9.1.0.jar (com.android.tools.build:gradle-common-api:9.1.0)' completed
2026-03-16T23:45:28.722+0700 [DEBUG] [org.gradle.internal.resources.AbstractTrackedResourceLock] Unconstrained build operations Thread 18: acquired lock on worker lease
2026-03-16T23:45:28.723+0700 [DEBUG] [org.gradle.internal.operations.DefaultBuildOperationRunner] Build operation 'Execute transform chain: sdklib-32.1.0.jar (com.android.tools:sdklib:32.1.0)' completed
2026-03-16T23:45:28.723+0700 [DEBUG] [org.gradle.internal.operations.DefaultBuildOperationRunner] Build operation 'Execute transform chain: builder-model-9.1.0.jar (com.android.tools.build:builder-model:9.1.0)' completed
2026-03-16T23:45:28.724+0700 [DEBUG] [org.gradle.internal.operations.DefaultBuildOperationRunner] Build operation 'Execute transform chain: gradle-9.1.0.jar (com.android.tools.build:gradle:9.1.0)' completed
2026-03-16T23:45:28.724+0700 [DEBUG] [org.gradle.internal.operations.DefaultBuildOperationRunner] Build operation 'Execute transform chain: builder-test-api-9.1.0.jar (com.android.tools.build:builder-test-api:9.1.0)' completed
2026-03-16T23:45:28.726+0700 [DEBUG] [org.gradle.internal.operations.DefaultBuildOperationRunner] Build operation 'Execute transform chain: lint-model-32.1.0.jar (com.android.tools.lint:lint-model:32.1.0)' completed
2026-03-16T23:45:28.722+0700 [DEBUG] [org.gradle.internal.resources.AbstractTrackedResourceLock] Unconstrained build operations Thread 22: acquired lock on worker lease
2026-03-16T23:45:28.727+0700 [DEBUG] [org.gradle.internal.resources.AbstractTrackedResourceLock] Unconstrained build operations Thread 21: acquired lock on worker lease
2026-03-16T23:45:28.728+0700 [DEBUG] [org.gradle.internal.resources.AbstractTrackedResourceLock] Unconstrained build operations Thread 20: acquired lock on worker lease
2026-03-16T23:45:28.728+0700 [DEBUG] [org.gradle.internal.operations.DefaultBuildOperationRunner] Build operation 'Execute transform chain: jetifier-processor-1.0.0-beta10.jar (com.android.tools.build.jetifier:jetifier-processor:1.0.0-beta10)' completed
2026-03-16T23:45:28.729+0700 [DEBUG] [org.gradle.internal.operations.DefaultBuildOperationRunner] Build operation 'Execute transform chain: builder-9.1.0.jar (com.android.tools.build:builder:9.1.0)' completed
2026-03-16T23:45:28.729+0700 [DEBUG] [org.gradle.internal.operations.DefaultBuildOperationRunner] Build operation 'Execute transform chain: tracker-32.1.0.jar (com.android.tools.analytics-library:tracker:32.1.0)' completed
2026-03-16T23:45:28.730+0700 [DEBUG] [org.gradle.internal.operations.DefaultBuildOperationRunner] Build operation 'Execute transform chain: kotlin-reflect-2.2.21.jar (org.jetbrains.kotlin:kotlin-reflect:2.2.21)' completed
2026-03-16T23:45:28.730+0700 [DEBUG] [org.gradle.internal.operations.DefaultBuildOperationRunner] Build operation 'Execute transform chain: shared-32.1.0.jar (com.android.tools.analytics-library:shared:32.1.0)' completed
2026-03-16T23:45:28.731+0700 [DEBUG] [org.gradle.internal.operations.DefaultBuildOperationRunner] Build operation 'Execute transform chain: layoutlib-api-32.1.0.jar (com.android.tools.layoutlib:layoutlib-api:32.1.0)' completed
2026-03-16T23:45:28.731+0700 [DEBUG] [org.gradle.internal.operations.DefaultBuildOperationRunner] Build operation 'Execute transform chain: kotlin-gradle-plugin-model-2.2.10.jar (org.jetbrains.kotlin:kotlin-gradle-plugin-model:2.2.10)' completed
2026-03-16T23:45:28.729+0700 [DEBUG] [org.gradle.internal.operations.DefaultBuildOperationRunner] Build operation 'Execute transform chain: ddmlib-32.1.0.jar (com.android.tools.ddms:ddmlib:32.1.0)' completed
2026-03-16T23:45:28.731+0700 [DEBUG] [org.gradle.internal.operations.DefaultBuildOperationRunner] Build operation 'Execute transform chain: kotlin-gradle-plugin-api-2.2.10-gradle813.jar (org.jetbrains.kotlin:kotlin-gradle-plugin-api:2.2.10)' completed
2026-03-16T23:45:28.731+0700 [DEBUG] [org.gradle.internal.operations.DefaultBuildOperationRunner] Build operation 'Execute transform chain: dvlib-32.1.0.jar (com.android.tools:dvlib:32.1.0)' completed
2026-03-16T23:45:28.732+0700 [DEBUG] [org.gradle.internal.operations.DefaultBuildOperationRunner] Build operation 'Execute transform chain: kotlin-stdlib-jdk8-2.2.10.jar (org.jetbrains.kotlin:kotlin-stdlib-jdk8:2.2.10)' completed
2026-03-16T23:45:28.732+0700 [DEBUG] [org.gradle.internal.operations.DefaultBuildOperationRunner] Build operation 'Execute transform chain: repository-32.1.0.jar (com.android.tools:repository:32.1.0)' completed
2026-03-16T23:45:28.733+0700 [DEBUG] [org.gradle.internal.operations.DefaultBuildOperationRunner] Build operation 'Execute transform chain: kotlin-stdlib-2.2.21.jar (org.jetbrains.kotlin:kotlin-stdlib:2.2.21)' completed
2026-03-16T23:45:28.728+0700 [DEBUG] [org.gradle.internal.resources.AbstractTrackedResourceLock] Unconstrained build operations Thread 19: acquired lock on worker lease
2026-03-16T23:45:28.733+0700 [DEBUG] [org.gradle.internal.operations.DefaultBuildOperationRunner] Build operation 'Execute transform chain: jetifier-core-1.0.0-beta10.jar (com.android.tools.build.jetifier:jetifier-core:1.0.0-beta10)' completed
2026-03-16T23:45:28.734+0700 [DEBUG] [org.gradle.internal.operations.DefaultBuildOperationRunner] Build operation 'Execute transform chain: aaptcompiler-9.1.0.jar (com.android.tools.build:aaptcompiler:9.1.0)' completed
2026-03-16T23:45:28.733+0700 [DEBUG] [org.gradle.internal.resources.AbstractTrackedResourceLock] Unconstrained build operations Thread 24: acquired lock on worker lease
2026-03-16T23:45:28.734+0700 [DEBUG] [org.gradle.internal.operations.DefaultBuildOperationRunner] Build operation 'Execute transform chain: bundletool-1.18.3.jar (com.android.tools.build:bundletool:1.18.3)' completed
2026-03-16T23:45:28.735+0700 [DEBUG] [org.gradle.internal.operations.DefaultBuildOperationRunner] Build operation 'Execute transform chain: annotations-13.0.jar (org.jetbrains:annotations:13.0)' completed
2026-03-16T23:45:28.735+0700 [DEBUG] [org.gradle.internal.operations.DefaultBuildOperationRunner] Build operation 'Execute transform chain: lint-typedef-remover-32.1.0.jar (com.android.tools.lint:lint-typedef-remover:32.1.0)' completed
2026-03-16T23:45:28.735+0700 [DEBUG] [org.gradle.internal.operations.DefaultBuildOperationRunner] Build operation 'Execute transform chain: kotlin-stdlib-jdk7-2.2.10.jar (org.jetbrains.kotlin:kotlin-stdlib-jdk7:2.2.10)' completed
2026-03-16T23:45:28.736+0700 [DEBUG] [org.gradle.internal.operations.DefaultBuildOperationRunner] Build operation 'Execute transform chain: baseLibrary-9.1.0.jar (com.android.databinding:baseLibrary:9.1.0)' completed
2026-03-16T23:45:28.736+0700 [DEBUG] [org.gradle.internal.operations.DefaultBuildOperationRunner] Build operation 'Execute transform chain: kotlin-compiler-runner-2.2.10.jar (org.jetbrains.kotlin:kotlin-compiler-runner:2.2.10)' completed
2026-03-16T23:45:28.736+0700 [DEBUG] [org.gradle.internal.operations.DefaultBuildOperationRunner] Build operation 'Execute transform chain: fus-statistics-gradle-plugin-2.2.10-gradle813.jar (org.jetbrains.kotlin:fus-statistics-gradle-plugin:2.2.10)' completed
2026-03-16T23:45:28.737+0700 [DEBUG] [org.gradle.internal.operations.DefaultBuildOperationRunner] Build operation 'Execute transform chain: commons-io-2.16.1.jar (commons-io:commons-io:2.16.1)' completed
2026-03-16T23:45:28.738+0700 [DEBUG] [org.gradle.internal.operations.DefaultBuildOperationRunner] Build operation 'Execute transform chain: commons-compress-1.27.1.jar (org.apache.commons:commons-compress:1.27.1)' completed
2026-03-16T23:45:28.738+0700 [DEBUG] [org.gradle.internal.operations.DefaultBuildOperationRunner] Build operation 'Execute transform chain: kotlinx-coroutines-core-jvm-1.9.0.jar (org.jetbrains.kotlinx:kotlinx-coroutines-core-jvm:1.9.0)' completed
2026-03-16T23:45:28.738+0700 [DEBUG] [org.gradle.internal.operations.DefaultBuildOperationRunner] Build operation 'Execute transform chain: httpmime-4.5.6.jar (org.apache.httpcomponents:httpmime:4.5.6)' completed
2026-03-16T23:45:28.739+0700 [DEBUG] [org.gradle.internal.operations.DefaultBuildOperationRunner] Build operation 'Execute transform chain: databinding-common-9.1.0.jar (androidx.databinding:databinding-common:9.1.0)' completed
2026-03-16T23:45:28.735+0700 [DEBUG] [org.gradle.internal.operations.DefaultBuildOperationRunner] Build operation 'Execute transform chain: common-32.1.0.jar (com.android.tools:common:32.1.0)' completed
2026-03-16T23:45:28.739+0700 [DEBUG] [org.gradle.internal.operations.DefaultBuildOperationRunner] Build operation 'Execute transform chain: databinding-compiler-common-9.1.0.jar (androidx.databinding:databinding-compiler-common:9.1.0)' completed
2026-03-16T23:45:28.740+0700 [DEBUG] [org.gradle.internal.operations.DefaultBuildOperationRunner] Build operation 'Execute transform chain: jopt-simple-4.9.jar (net.sf.jopt-simple:jopt-simple:4.9)' completed
2026-03-16T23:45:28.741+0700 [DEBUG] [org.gradle.internal.operations.DefaultBuildOperationRunner] Build operation 'Execute transform chain: javapoet-1.13.0.jar (com.squareup:javapoet:1.13.0)' completed
2026-03-16T23:45:28.741+0700 [DEBUG] [org.gradle.internal.operations.DefaultBuildOperationRunner] Build operation 'Execute transform chain: aapt2-proto-9.1.0-14792394.jar (com.android.tools.build:aapt2-proto:9.1.0-14792394)' completed
2026-03-16T23:45:28.742+0700 [DEBUG] [org.gradle.internal.operations.DefaultBuildOperationRunner] Build operation 'Execute transform chain: manifest-merger-32.1.0.jar (com.android.tools.build:manifest-merger:32.1.0)' completed
2026-03-16T23:45:28.742+0700 [DEBUG] [org.gradle.internal.operations.DefaultBuildOperationRunner] Build operation 'Execute transform chain: crash-32.1.0.jar (com.android.tools.analytics-library:crash:32.1.0)' completed
2026-03-16T23:45:28.743+0700 [DEBUG] [org.gradle.internal.operations.DefaultBuildOperationRunner] Build operation 'Execute transform chain: protobuf-java-3.25.5.jar (com.google.protobuf:protobuf-java:3.25.5)' completed
2026-03-16T23:45:28.744+0700 [DEBUG] [org.gradle.internal.operations.DefaultBuildOperationRunner] Build operation 'Execute transform chain: asm-tree-9.9.jar (org.ow2.asm:asm-tree:9.9)' completed
2026-03-16T23:45:28.744+0700 [DEBUG] [org.gradle.internal.operations.DefaultBuildOperationRunner] Build operation 'Execute transform chain: gson-2.11.0.jar (com.google.code.gson:gson:2.11.0)' completed
2026-03-16T23:45:28.737+0700 [DEBUG] [org.gradle.internal.operations.DefaultBuildOperationRunner] Build operation 'Execute transform chain: kotlin-gradle-plugin-2.2.10-gradle813.jar (org.jetbrains.kotlin:kotlin-gradle-plugin:2.2.10)' completed
2026-03-16T23:45:28.745+0700 [DEBUG] [org.gradle.internal.operations.DefaultBuildOperationRunner] Build operation 'Execute transform chain: asm-commons-9.9.jar (org.ow2.asm:asm-commons:9.9)' completed
2026-03-16T23:45:28.737+0700 [DEBUG] [org.gradle.internal.operations.DefaultBuildOperationRunner] Build operation 'Execute transform chain: kotlin-gradle-plugin-api-2.2.10.jar (org.jetbrains.kotlin:kotlin-gradle-plugin-api:2.2.10)' completed
2026-03-16T23:45:28.746+0700 [DEBUG] [org.gradle.internal.operations.DefaultBuildOperationRunner] Build operation 'Execute transform chain: apkzlib-9.1.0.jar (com.android.tools.build:apkzlib:9.1.0)' completed
2026-03-16T23:45:28.747+0700 [DEBUG] [org.gradle.internal.operations.DefaultBuildOperationRunner] Build operation 'Execute transform chain: dagger-2.28.3.jar (com.google.dagger:dagger:2.28.3)' completed
2026-03-16T23:45:28.747+0700 [DEBUG] [org.gradle.internal.operations.DefaultBuildOperationRunner] Build operation 'Execute transform chain: asm-util-9.9.jar (org.ow2.asm:asm-util:9.9)' completed
2026-03-16T23:45:28.748+0700 [DEBUG] [org.gradle.internal.operations.DefaultBuildOperationRunner] Build operation 'Execute transform chain: tensorflow-lite-metadata-0.2.0.jar (org.tensorflow:tensorflow-lite-metadata:0.2.0)' completed
2026-03-16T23:45:28.748+0700 [DEBUG] [org.gradle.internal.operations.DefaultBuildOperationRunner] Build operation 'Execute transform chain: asm-analysis-9.9.jar (org.ow2.asm:asm-analysis:9.9)' completed
2026-03-16T23:45:28.748+0700 [DEBUG] [org.gradle.internal.operations.DefaultBuildOperationRunner] Build operation 'Execute transform chain: asm-9.9.jar (org.ow2.asm:asm:9.9)' completed
2026-03-16T23:45:28.748+0700 [DEBUG] [org.gradle.internal.operations.DefaultBuildOperationRunner] Build operation 'Execute transform chain: kotlin-build-statistics-2.2.10.jar (org.jetbrains.kotlin:kotlin-build-statistics:2.2.10)' completed
2026-03-16T23:45:28.743+0700 [DEBUG] [org.gradle.internal.operations.DefaultBuildOperationRunner] Build operation 'Execute transform chain: jaxb-runtime-2.3.2.jar (org.glassfish.jaxb:jaxb-runtime:2.3.2)' completed
2026-03-16T23:45:28.749+0700 [DEBUG] [org.gradle.internal.operations.DefaultBuildOperationRunner] Build operation 'Execute transform chain: httpclient-4.5.14.jar (org.apache.httpcomponents:httpclient:4.5.14)' completed
2026-03-16T23:45:28.749+0700 [DEBUG] [org.gradle.internal.operations.DefaultBuildOperationRunner] Build operation 'Execute transform chain: protos-32.1.0.jar (com.android.tools.analytics-library:protos:32.1.0)' completed
2026-03-16T23:45:28.750+0700 [DEBUG] [org.gradle.internal.operations.DefaultBuildOperationRunner] Build operation 'Execute transform chain: zipflinger-9.1.0.jar (com.android:zipflinger:9.1.0)' completed
2026-03-16T23:45:28.750+0700 [DEBUG] [org.gradle.internal.operations.DefaultBuildOperationRunner] Build operation 'Execute transform chain: protobuf-java-util-3.25.5.jar (com.google.protobuf:protobuf-java-util:3.25.5)' completed
2026-03-16T23:45:28.750+0700 [DEBUG] [org.gradle.internal.operations.DefaultBuildOperationRunner] Build operation 'Execute transform chain: annotations-32.1.0.jar (com.android.tools:annotations:32.1.0)' completed
2026-03-16T23:45:28.750+0700 [DEBUG] [org.gradle.internal.operations.DefaultBuildOperationRunner] Build operation 'Execute transform chain: tink-1.7.0.jar (com.google.crypto.tink:tink:1.7.0)' completed
2026-03-16T23:45:28.751+0700 [DEBUG] [org.gradle.internal.operations.DefaultBuildOperationRunner] Build operation 'Execute transform chain: signflinger-9.1.0.jar (com.android:signflinger:9.1.0)' completed
2026-03-16T23:45:28.752+0700 [DEBUG] [org.gradle.internal.operations.DefaultBuildOperationRunner] Build operation 'Execute transform chain: bcutil-jdk18on-1.79.jar (org.bouncycastle:bcutil-jdk18on:1.79)' completed
2026-03-16T23:45:28.752+0700 [DEBUG] [org.gradle.internal.operations.DefaultBuildOperationRunner] Build operation 'Execute transform chain: kxml2-2.3.0.jar (net.sf.kxml:kxml2:2.3.0)' completed
2026-03-16T23:45:28.753+0700 [DEBUG] [org.gradle.internal.operations.DefaultBuildOperationRunner] Build operation 'Execute transform chain: javax.inject-1.jar (javax.inject:javax.inject:1)' completed
2026-03-16T23:45:28.747+0700 [DEBUG] [org.gradle.internal.operations.DefaultBuildOperationRunner] Build operation 'Execute transform chain: jimfs-1.1.jar (com.google.jimfs:jimfs:1.1)' completed
2026-03-16T23:45:28.753+0700 [DEBUG] [org.gradle.internal.operations.DefaultBuildOperationRunner] Build operation 'Execute transform chain: jakarta.activation-api-1.2.1.jar (jakarta.activation:jakarta.activation-api:1.2.1)' completed
2026-03-16T23:45:28.754+0700 [DEBUG] [org.gradle.internal.operations.DefaultBuildOperationRunner] Build operation 'Execute transform chain: bcpkix-jdk18on-1.79.jar (org.bouncycastle:bcpkix-jdk18on:1.79)' completed
2026-03-16T23:45:28.752+0700 [DEBUG] [org.gradle.internal.operations.DefaultBuildOperationRunner] Build operation 'Execute transform chain: bcprov-jdk18on-1.79.jar (org.bouncycastle:bcprov-jdk18on:1.79)' completed
2026-03-16T23:45:28.754+0700 [DEBUG] [org.gradle.internal.operations.DefaultBuildOperationRunner] Build operation 'Execute transform chain: txw2-2.3.2.jar (org.glassfish.jaxb:txw2:2.3.2)' completed
2026-03-16T23:45:28.754+0700 [DEBUG] [org.gradle.internal.operations.DefaultBuildOperationRunner] Build operation 'Execute transform chain: httpcore-4.4.16.jar (org.apache.httpcomponents:httpcore:4.4.16)' completed
2026-03-16T23:45:28.755+0700 [DEBUG] [org.gradle.internal.operations.DefaultBuildOperationRunner] Build operation 'Execute transform chain: jakarta.xml.bind-api-2.3.2.jar (jakarta.xml.bind:jakarta.xml.bind-api:2.3.2)' completed
2026-03-16T23:45:28.755+0700 [DEBUG] [org.gradle.internal.operations.DefaultBuildOperationRunner] Build operation 'Execute transform chain: stax-ex-1.8.1.jar (org.jvnet.staxex:stax-ex:1.8.1)' completed
2026-03-16T23:45:28.755+0700 [DEBUG] [org.gradle.internal.operations.DefaultBuildOperationRunner] Build operation 'Execute transform chain: kotlin-gradle-plugin-idea-2.2.10.jar (org.jetbrains.kotlin:kotlin-gradle-plugin-idea:2.2.10)' completed
2026-03-16T23:45:28.756+0700 [DEBUG] [org.gradle.internal.operations.DefaultBuildOperationRunner] Build operation 'Execute transform chain: kotlin-klib-commonizer-api-2.2.10.jar (org.jetbrains.kotlin:kotlin-klib-commonizer-api:2.2.10)' completed
2026-03-16T23:45:28.756+0700 [DEBUG] [org.gradle.internal.operations.DefaultBuildOperationRunner] Build operation 'Execute transform chain: juniversalchardet-1.0.3.jar (com.googlecode.juniversalchardet:juniversalchardet:1.0.3)' completed
2026-03-16T23:45:28.757+0700 [DEBUG] [org.gradle.internal.operations.DefaultBuildOperationRunner] Build operation 'Execute transform chain: kotlin-gradle-plugin-idea-proto-2.2.10.jar (org.jetbrains.kotlin:kotlin-gradle-plugin-idea-proto:2.2.10)' completed
2026-03-16T23:45:28.757+0700 [DEBUG] [org.gradle.internal.operations.DefaultBuildOperationRunner] Build operation 'Execute transform chain: jdom2-2.0.6.jar (org.jdom:jdom2:2.0.6)' completed
2026-03-16T23:45:28.757+0700 [DEBUG] [org.gradle.internal.operations.DefaultBuildOperationRunner] Build operation 'Execute transform chain: slf4j-api-1.7.30.jar (org.slf4j:slf4j-api:1.7.30)' completed
2026-03-16T23:45:28.758+0700 [DEBUG] [org.gradle.internal.operations.DefaultBuildOperationRunner] Build operation 'Execute transform chain: error_prone_annotations-2.28.0.jar (com.google.errorprone:error_prone_annotations:2.28.0)' completed
2026-03-16T23:45:28.758+0700 [DEBUG] [org.gradle.internal.operations.DefaultBuildOperationRunner] Build operation 'Execute transform chain: FastInfoset-1.2.16.jar (com.sun.xml.fastinfoset:FastInfoset:1.2.16)' completed
2026-03-16T23:45:28.759+0700 [DEBUG] [org.gradle.internal.operations.DefaultBuildOperationRunner] Build operation 'Execute transform chain: guava-33.3.1-jre.jar (com.google.guava:guava:33.3.1-jre)' completed
2026-03-16T23:45:28.759+0700 [DEBUG] [org.gradle.internal.operations.DefaultBuildOperationRunner] Build operation 'Execute transform chain: auto-value-annotations-1.6.2.jar (com.google.auto.value:auto-value-annotations:1.6.2)' completed
2026-03-16T23:45:28.759+0700 [DEBUG] [org.gradle.internal.operations.DefaultBuildOperationRunner] Build operation 'Execute transform chain: flatbuffers-java-1.12.0.jar (com.google.flatbuffers:flatbuffers-java:1.12.0)' completed
2026-03-16T23:45:28.757+0700 [DEBUG] [org.gradle.internal.operations.DefaultBuildOperationRunner] Build operation 'Execute transform chain: istack-commons-runtime-3.0.8.jar (com.sun.istack:istack-commons-runtime:3.0.8)' completed
2026-03-16T23:45:28.773+0700 [DEBUG] [org.gradle.internal.operations.DefaultBuildOperationRunner] Build operation 'Execute transform chain: jose4j-0.9.5.jar (org.bitbucket.b_c:jose4j:0.9.5)' completed
2026-03-16T23:45:28.774+0700 [DEBUG] [org.gradle.internal.operations.DefaultBuildOperationRunner] Build operation 'Execute transform chain: listenablefuture-9999.0-empty-to-avoid-conflict-with-guava.jar (com.google.guava:listenablefuture:9999.0-empty-to-avoid-conflict-with-guava)' completed
2026-03-16T23:45:28.775+0700 [DEBUG] [org.gradle.internal.operations.DefaultBuildOperationRunner] Build operation 'Execute transform chain: commons-logging-1.2.jar (commons-logging:commons-logging:1.2)' completed
2026-03-16T23:45:28.776+0700 [DEBUG] [org.gradle.internal.operations.DefaultBuildOperationRunner] Build operation 'Execute transform chain: j2objc-annotations-3.0.0.jar (com.google.j2objc:j2objc-annotations:3.0.0)' completed
2026-03-16T23:45:28.776+0700 [DEBUG] [org.gradle.internal.operations.DefaultBuildOperationRunner] Build operation 'Execute transform chain: jsr305-3.0.2.jar (com.google.code.findbugs:jsr305:3.0.2)' completed
2026-03-16T23:45:28.776+0700 [DEBUG] [org.gradle.internal.operations.DefaultBuildOperationRunner] Build operation 'Execute transform chain: kotlin-util-klib-metadata-2.2.10.jar (org.jetbrains.kotlin:kotlin-util-klib-metadata:2.2.10)' completed
2026-03-16T23:45:28.756+0700 [DEBUG] [org.gradle.internal.operations.DefaultBuildOperationRunner] Build operation 'Execute transform chain: jna-platform-5.6.0.jar (net.java.dev.jna:jna-platform:5.6.0)' completed
2026-03-16T23:45:28.777+0700 [DEBUG] [org.gradle.internal.operations.DefaultBuildOperationRunner] Build operation 'Execute transform chain: kotlin-build-tools-api-2.2.10.jar (org.jetbrains.kotlin:kotlin-build-tools-api:2.2.10)' completed
2026-03-16T23:45:28.777+0700 [DEBUG] [org.gradle.internal.operations.DefaultBuildOperationRunner] Build operation 'Execute transform chain: abi-tools-api-2.2.10.jar (org.jetbrains.kotlin:abi-tools-api:2.2.10)' completed
2026-03-16T23:45:28.777+0700 [DEBUG] [org.gradle.internal.operations.DefaultBuildOperationRunner] Build operation 'Execute transform chain: jna-5.6.0.jar (net.java.dev.jna:jna:5.6.0)' completed
2026-03-16T23:45:28.777+0700 [DEBUG] [org.gradle.internal.operations.DefaultBuildOperationRunner] Build operation 'Execute transform chain: checker-qual-3.43.0.jar (org.checkerframework:checker-qual:3.43.0)' completed
2026-03-16T23:45:28.778+0700 [DEBUG] [org.gradle.internal.operations.DefaultBuildOperationRunner] Build operation 'Execute transform chain: commons-lang3-3.16.0.jar (org.apache.commons:commons-lang3:3.16.0)' completed
2026-03-16T23:45:28.778+0700 [DEBUG] [org.gradle.internal.operations.DefaultBuildOperationRunner] Build operation 'Execute transform chain: apksig-9.1.0.jar (com.android.tools.build:apksig:9.1.0)' completed
2026-03-16T23:45:28.778+0700 [DEBUG] [org.gradle.internal.operations.DefaultBuildOperationRunner] Build operation 'Execute transform chain: javawriter-2.5.0.jar (com.squareup:javawriter:2.5.0)' completed
2026-03-16T23:45:28.778+0700 [DEBUG] [org.gradle.internal.operations.DefaultBuildOperationRunner] Build operation 'Execute transform chain: failureaccess-1.0.2.jar (com.google.guava:failureaccess:1.0.2)' completed
2026-03-16T23:45:28.778+0700 [DEBUG] [org.gradle.internal.operations.DefaultBuildOperationRunner] Build operation 'Execute transform chain: commons-codec-1.17.1.jar (commons-codec:commons-codec:1.17.1)' completed
2026-03-16T23:45:28.777+0700 [DEBUG] [org.gradle.internal.resources.AbstractTrackedResourceLock] Unconstrained build operations Thread 23: released lock on worker lease
2026-03-16T23:45:28.779+0700 [DEBUG] [org.gradle.internal.operations.DefaultBuildOperationRunner] Build operation 'Execute transform chain: kotlin-daemon-client-2.2.10.jar (org.jetbrains.kotlin:kotlin-daemon-client:2.2.10)' completed
2026-03-16T23:45:28.779+0700 [DEBUG] [org.gradle.internal.operations.DefaultBuildOperationRunner] Build operation 'Execute transform chain: kotlin-tooling-core-2.2.10.jar (org.jetbrains.kotlin:kotlin-tooling-core:2.2.10)' completed
2026-03-16T23:45:28.779+0700 [DEBUG] [org.gradle.internal.operations.DefaultBuildOperationRunner] Build operation 'Execute transform chain: kotlin-util-io-2.2.10.jar (org.jetbrains.kotlin:kotlin-util-io:2.2.10)' completed
2026-03-16T23:45:28.779+0700 [DEBUG] [org.gradle.internal.operations.DefaultBuildOperationRunner] Build operation 'Execute transform chain: kotlin-gradle-plugin-annotations-2.2.10.jar (org.jetbrains.kotlin:kotlin-gradle-plugin-annotations:2.2.10)' completed
2026-03-16T23:45:28.779+0700 [DEBUG] [org.gradle.internal.operations.DefaultBuildOperationRunner] Build operation 'Execute transform chain: kotlin-util-klib-2.2.10.jar (org.jetbrains.kotlin:kotlin-util-klib:2.2.10)' completed
2026-03-16T23:45:28.779+0700 [DEBUG] [org.gradle.internal.operations.DefaultBuildOperationRunner] Build operation 'Execute transform chain: kotlin-native-utils-2.2.10.jar (org.jetbrains.kotlin:kotlin-native-utils:2.2.10)' completed
2026-03-16T23:45:28.779+0700 [DEBUG] [org.gradle.internal.resources.AbstractTrackedResourceLock] Unconstrained build operations Thread 16: released lock on worker lease
2026-03-16T23:45:28.779+0700 [DEBUG] [org.gradle.internal.resources.AbstractTrackedResourceLock] Unconstrained build operations Thread 17: released lock on worker lease
2026-03-16T23:45:28.779+0700 [DEBUG] [org.gradle.internal.resources.AbstractTrackedResourceLock] Daemon worker Thread 4: released lock on state of build :
2026-03-16T23:45:28.779+0700 [DEBUG] [org.gradle.internal.resources.AbstractTrackedResourceLock] Daemon worker Thread 4: released lock on worker lease
2026-03-16T23:45:28.780+0700 [DEBUG] [org.gradle.internal.resources.AbstractTrackedResourceLock] Unconstrained build operations Thread 14: released lock on worker lease
2026-03-16T23:45:28.780+0700 [DEBUG] [org.gradle.internal.resources.AbstractTrackedResourceLock] Unconstrained build operations Thread 15: released lock on worker lease
2026-03-16T23:45:28.780+0700 [DEBUG] [org.gradle.internal.resources.AbstractTrackedResourceLock] Unconstrained build operations Thread 18: released lock on worker lease
2026-03-16T23:45:28.780+0700 [DEBUG] [org.gradle.internal.resources.AbstractTrackedResourceLock] Unconstrained build operations Thread 19: released lock on worker lease
2026-03-16T23:45:28.780+0700 [DEBUG] [org.gradle.internal.resources.AbstractTrackedResourceLock] Unconstrained build operations Thread 21: released lock on worker lease
2026-03-16T23:45:28.780+0700 [DEBUG] [org.gradle.internal.resources.AbstractTrackedResourceLock] Unconstrained build operations Thread 24: released lock on worker lease
2026-03-16T23:45:28.780+0700 [DEBUG] [org.gradle.internal.resources.AbstractTrackedResourceLock] Unconstrained build operations Thread 20: released lock on worker lease
2026-03-16T23:45:28.780+0700 [DEBUG] [org.gradle.internal.resources.AbstractTrackedResourceLock] Unconstrained build operations Thread 22: released lock on worker lease
2026-03-16T23:45:28.780+0700 [DEBUG] [org.gradle.internal.resources.AbstractTrackedResourceLock] Daemon worker Thread 4: acquired lock on state of build :
2026-03-16T23:45:28.780+0700 [DEBUG] [org.gradle.internal.resources.AbstractTrackedResourceLock] Daemon worker Thread 4: acquired lock on worker lease
2026-03-16T23:45:28.782+0700 [DEBUG] [org.gradle.internal.operations.DefaultBuildOperationRunner] Build operation 'Resolve files of configuration 'classpath'' completed
2026-03-16T23:45:28.783+0700 [DEBUG] [org.gradle.internal.operations.DefaultBuildOperationRunner] Build operation 'Resolve files of configuration 'classpath'' completed
2026-03-16T23:45:28.786+0700 [DEBUG] [org.gradle.internal.operations.DefaultBuildOperationRunner] Build operation 'Register task :kotlinDslAccessorsReport' completed
2026-03-16T23:45:28.786+0700 [DEBUG] [org.gradle.internal.operations.DefaultBuildOperationRunner] Build operation 'Apply plugin org.gradle.kotlin.dsl.provider.plugins.KotlinScriptBasePlugin to root project 'App'' completed
2026-03-16T23:45:28.786+0700 [DEBUG] [org.gradle.internal.operations.DefaultBuildOperationRunner] Build operation 'Apply build file 'build.gradle.kts' to root project 'App'' completed
2026-03-16T23:45:28.786+0700 [DEBUG] [org.gradle.configuration.project.BuildScriptProcessor] Timing: Running the build script took 0.597 secs
2026-03-16T23:45:28.787+0700 [DEBUG] [org.gradle.internal.operations.DefaultBuildOperationRunner] Build operation 'Notify afterEvaluate listeners of :' completed
2026-03-16T23:45:28.787+0700 [DEBUG] [org.gradle.internal.resources.AbstractTrackedResourceLock] Daemon worker Thread 4: released lock on state of build :
2026-03-16T23:45:28.787+0700 [DEBUG] [org.gradle.internal.operations.DefaultBuildOperationRunner] Completing Build operation 'Configure project :'
2026-03-16T23:45:28.787+0700 [DEBUG] [org.gradle.internal.operations.DefaultBuildOperationRunner] Build operation 'Configure project :' completed
2026-03-16T23:45:28.787+0700 [DEBUG] [org.gradle.internal.operations.DefaultBuildOperationRunner] Build operation 'Configure project :app' started
2026-03-16T23:45:28.787+0700 [DEBUG] [org.gradle.internal.operations.DefaultBuildOperationRunner] Build operation 'Notify beforeEvaluate listeners of :app' started
2026-03-16T23:45:28.788+0700 [DEBUG] [org.gradle.internal.operations.DefaultBuildOperationRunner] Completing Build operation 'Notify beforeEvaluate listeners of :app'
2026-03-16T23:45:28.788+0700 [DEBUG] [org.gradle.internal.operations.DefaultBuildOperationRunner] Build operation 'Apply plugin org.gradle.help-tasks to project ':app'' started
2026-03-16T23:45:28.789+0700 [DEBUG] [org.gradle.internal.operations.DefaultBuildOperationRunner] Build operation 'Register task :app:help' started
2026-03-16T23:45:28.790+0700 [DEBUG] [org.gradle.internal.operations.DefaultBuildOperationRunner] Completing Build operation 'Register task :app:help'
2026-03-16T23:45:28.790+0700 [DEBUG] [org.gradle.internal.operations.DefaultBuildOperationRunner] Build operation 'Register task :app:projects' started
2026-03-16T23:45:28.790+0700 [DEBUG] [org.gradle.internal.operations.DefaultBuildOperationRunner] Completing Build operation 'Register task :app:projects'
2026-03-16T23:45:28.790+0700 [DEBUG] [org.gradle.internal.operations.DefaultBuildOperationRunner] Build operation 'Register task :app:tasks' started
2026-03-16T23:45:28.790+0700 [DEBUG] [org.gradle.internal.operations.DefaultBuildOperationRunner] Completing Build operation 'Register task :app:tasks'
2026-03-16T23:45:28.790+0700 [DEBUG] [org.gradle.internal.operations.DefaultBuildOperationRunner] Build operation 'Register task :app:properties' started
2026-03-16T23:45:28.790+0700 [DEBUG] [org.gradle.internal.operations.DefaultBuildOperationRunner] Completing Build operation 'Register task :app:properties'
2026-03-16T23:45:28.790+0700 [DEBUG] [org.gradle.internal.operations.DefaultBuildOperationRunner] Completing Build operation 'Apply plugin org.gradle.help-tasks to project ':app''
2026-03-16T23:45:28.791+0700 [DEBUG] [org.gradle.internal.operations.DefaultBuildOperationRunner] Build operation 'Apply plugin org.gradle.software-reporting-tasks to project ':app'' started
2026-03-16T23:45:28.791+0700 [DEBUG] [org.gradle.internal.operations.DefaultBuildOperationRunner] Build operation 'Register task :app:dependencyInsight' started
2026-03-16T23:45:28.791+0700 [DEBUG] [org.gradle.internal.operations.DefaultBuildOperationRunner] Completing Build operation 'Register task :app:dependencyInsight'
2026-03-16T23:45:28.791+0700 [DEBUG] [org.gradle.internal.operations.DefaultBuildOperationRunner] Build operation 'Register task :app:dependencies' started
2026-03-16T23:45:28.791+0700 [DEBUG] [org.gradle.internal.operations.DefaultBuildOperationRunner] Completing Build operation 'Register task :app:dependencies'
2026-03-16T23:45:28.791+0700 [DEBUG] [org.gradle.internal.operations.DefaultBuildOperationRunner] Build operation 'Register task :app:buildEnvironment' started
2026-03-16T23:45:28.791+0700 [DEBUG] [org.gradle.internal.operations.DefaultBuildOperationRunner] Completing Build operation 'Register task :app:buildEnvironment'
2026-03-16T23:45:28.792+0700 [DEBUG] [org.gradle.internal.operations.DefaultBuildOperationRunner] Build operation 'Register task :app:outgoingVariants' started
2026-03-16T23:45:28.792+0700 [DEBUG] [org.gradle.internal.operations.DefaultBuildOperationRunner] Completing Build operation 'Register task :app:outgoingVariants'
2026-03-16T23:45:28.792+0700 [DEBUG] [org.gradle.internal.operations.DefaultBuildOperationRunner] Build operation 'Register task :app:resolvableConfigurations' started
2026-03-16T23:45:28.792+0700 [DEBUG] [org.gradle.internal.operations.DefaultBuildOperationRunner] Completing Build operation 'Register task :app:resolvableConfigurations'
2026-03-16T23:45:28.792+0700 [DEBUG] [org.gradle.internal.operations.DefaultBuildOperationRunner] Build operation 'Register task :app:artifactTransforms' started
2026-03-16T23:45:28.792+0700 [DEBUG] [org.gradle.internal.operations.DefaultBuildOperationRunner] Completing Build operation 'Register task :app:artifactTransforms'
2026-03-16T23:45:28.793+0700 [DEBUG] [org.gradle.internal.operations.DefaultBuildOperationRunner] Completing Build operation 'Apply plugin org.gradle.software-reporting-tasks to project ':app''
2026-03-16T23:45:28.793+0700 [DEBUG] [org.gradle.internal.operations.DefaultBuildOperationRunner] Build operation 'Apply plugin org.gradle.build-init to project ':app'' started
2026-03-16T23:45:28.793+0700 [DEBUG] [org.gradle.internal.operations.DefaultBuildOperationRunner] Completing Build operation 'Apply plugin org.gradle.build-init to project ':app''
2026-03-16T23:45:28.794+0700 [DEBUG] [org.gradle.internal.operations.DefaultBuildOperationRunner] Build operation 'Apply plugin org.gradle.wrapper to project ':app'' started
2026-03-16T23:45:28.794+0700 [DEBUG] [org.gradle.internal.operations.DefaultBuildOperationRunner] Completing Build operation 'Apply plugin org.gradle.wrapper to project ':app''
2026-03-16T23:45:28.794+0700 [DEBUG] [org.gradle.internal.operations.DefaultBuildOperationRunner] Build operation 'Register task :app:javaToolchains' started
2026-03-16T23:45:28.794+0700 [DEBUG] [org.gradle.internal.operations.DefaultBuildOperationRunner] Completing Build operation 'Register task :app:javaToolchains'
2026-03-16T23:45:28.796+0700 [DEBUG] [org.gradle.internal.operations.DefaultBuildOperationRunner] Build operation 'Apply build file 'app\build.gradle.kts' to project ':app'' started
2026-03-16T23:45:28.806+0700 [DEBUG] [org.gradle.internal.operations.DefaultBuildOperationRunner] Build operation 'Resolve dependencies of classpath' started
2026-03-16T23:45:28.807+0700 [DEBUG] [org.gradle.internal.operations.DefaultBuildOperationRunner] Completing Build operation 'Resolve dependencies of classpath'
2026-03-16T23:45:28.808+0700 [DEBUG] [org.gradle.internal.operations.DefaultBuildOperationRunner] Build operation 'Apply plugin com.android.application to project ':app'' started
2026-03-16T23:45:28.809+0700 [DEBUG] [org.gradle.internal.operations.DefaultBuildOperationRunner] Build operation 'Apply plugin com.android.internal.version-check to project ':app'' started
2026-03-16T23:45:28.809+0700 [DEBUG] [org.gradle.internal.operations.DefaultBuildOperationRunner] Completing Build operation 'Apply plugin com.android.internal.version-check to project ':app''
2026-03-16T23:45:28.810+0700 [DEBUG] [org.gradle.internal.operations.DefaultBuildOperationRunner] Build operation 'Apply plugin com.android.internal.application to project ':app'' started
2026-03-16T23:45:28.826+0700 [DEBUG] [org.gradle.internal.operations.DefaultBuildOperationRunner] Build operation 'Apply plugin org.gradle.api.plugins.JavaBasePlugin to project ':app'' started
2026-03-16T23:45:28.826+0700 [DEBUG] [org.gradle.internal.operations.DefaultBuildOperationRunner] Build operation 'Apply plugin org.gradle.api.plugins.BasePlugin to project ':app'' started
2026-03-16T23:45:28.826+0700 [DEBUG] [org.gradle.internal.operations.DefaultBuildOperationRunner] Build operation 'Apply plugin org.gradle.language.base.plugins.LifecycleBasePlugin to project ':app'' started
2026-03-16T23:45:28.826+0700 [DEBUG] [org.gradle.internal.operations.DefaultBuildOperationRunner] Build operation 'Register task :app:clean' started
2026-03-16T23:45:28.826+0700 [DEBUG] [org.gradle.internal.operations.DefaultBuildOperationRunner] Completing Build operation 'Register task :app:clean'
2026-03-16T23:45:28.827+0700 [DEBUG] [org.gradle.internal.operations.DefaultBuildOperationRunner] Build operation 'Register task :app:assemble' started
2026-03-16T23:45:28.827+0700 [DEBUG] [org.gradle.internal.operations.DefaultBuildOperationRunner] Completing Build operation 'Register task :app:assemble'
2026-03-16T23:45:28.827+0700 [DEBUG] [org.gradle.internal.operations.DefaultBuildOperationRunner] Build operation 'Register task :app:check' started
2026-03-16T23:45:28.827+0700 [DEBUG] [org.gradle.internal.operations.DefaultBuildOperationRunner] Completing Build operation 'Register task :app:check'
2026-03-16T23:45:28.827+0700 [DEBUG] [org.gradle.internal.operations.DefaultBuildOperationRunner] Build operation 'Register task :app:build' started
2026-03-16T23:45:28.828+0700 [DEBUG] [org.gradle.internal.operations.DefaultBuildOperationRunner] Completing Build operation 'Register task :app:build'
2026-03-16T23:45:28.828+0700 [DEBUG] [org.gradle.internal.operations.DefaultBuildOperationRunner] Completing Build operation 'Apply plugin org.gradle.language.base.plugins.LifecycleBasePlugin to project ':app''
2026-03-16T23:45:28.828+0700 [DEBUG] [org.gradle.internal.operations.DefaultBuildOperationRunner] Build operation 'Execute container callback action' started
2026-03-16T23:45:28.829+0700 [DEBUG] [org.gradle.internal.operations.DefaultBuildOperationRunner] Completing Build operation 'Execute container callback action'
2026-03-16T23:45:28.829+0700 [DEBUG] [org.gradle.internal.operations.DefaultBuildOperationRunner] Completing Build operation 'Apply plugin org.gradle.api.plugins.BasePlugin to project ':app''
2026-03-16T23:45:28.829+0700 [DEBUG] [org.gradle.internal.operations.DefaultBuildOperationRunner] Build operation 'Apply plugin org.gradle.api.plugins.JvmEcosystemPlugin to project ':app'' started
2026-03-16T23:45:28.830+0700 [DEBUG] [org.gradle.internal.operations.DefaultBuildOperationRunner] Completing Build operation 'Apply plugin org.gradle.api.plugins.JvmEcosystemPlugin to project ':app''
2026-03-16T23:45:28.830+0700 [DEBUG] [org.gradle.internal.operations.DefaultBuildOperationRunner] Build operation 'Apply plugin org.gradle.api.plugins.ReportingBasePlugin to project ':app'' started
2026-03-16T23:45:28.831+0700 [DEBUG] [org.gradle.internal.operations.DefaultBuildOperationRunner] Completing Build operation 'Apply plugin org.gradle.api.plugins.ReportingBasePlugin to project ':app''
2026-03-16T23:45:28.831+0700 [DEBUG] [org.gradle.internal.operations.DefaultBuildOperationRunner] Build operation 'Apply plugin org.gradle.api.plugins.JvmToolchainsPlugin to project ':app'' started
2026-03-16T23:45:28.833+0700 [DEBUG] [org.gradle.internal.operations.DefaultBuildOperationRunner] Completing Build operation 'Apply plugin org.gradle.api.plugins.JvmToolchainsPlugin to project ':app''
2026-03-16T23:45:28.833+0700 [DEBUG] [org.gradle.internal.operations.DefaultBuildOperationRunner] Build operation 'Register task :app:buildNeeded' started
2026-03-16T23:45:28.833+0700 [DEBUG] [org.gradle.internal.operations.DefaultBuildOperationRunner] Completing Build operation 'Register task :app:buildNeeded'
2026-03-16T23:45:28.833+0700 [DEBUG] [org.gradle.internal.operations.DefaultBuildOperationRunner] Build operation 'Register task :app:buildDependents' started
2026-03-16T23:45:28.834+0700 [DEBUG] [org.gradle.internal.operations.DefaultBuildOperationRunner] Completing Build operation 'Register task :app:buildDependents'
2026-03-16T23:45:28.834+0700 [DEBUG] [org.gradle.internal.operations.DefaultBuildOperationRunner] Completing Build operation 'Apply plugin org.gradle.api.plugins.JavaBasePlugin to project ':app''
2026-03-16T23:45:28.834+0700 [DEBUG] [org.gradle.internal.operations.DefaultBuildOperationRunner] Build operation 'Execute container callback action' started
2026-03-16T23:45:28.835+0700 [DEBUG] [org.gradle.internal.operations.DefaultBuildOperationRunner] Completing Build operation 'Execute container callback action'
2026-03-16T23:45:28.835+0700 [DEBUG] [org.gradle.internal.operations.DefaultBuildOperationRunner] Build operation 'Execute container callback action' started
2026-03-16T23:45:28.835+0700 [DEBUG] [org.gradle.internal.operations.DefaultBuildOperationRunner] Completing Build operation 'Execute container callback action'
2026-03-16T23:45:28.839+0700 [DEBUG] [org.gradle.internal.operations.DefaultBuildOperationRunner] Build operation 'Apply plugin org.jetbrains.kotlin.gradle.plugin.KotlinBaseApiPlugin to project ':app'' started
2026-03-16T23:45:28.841+0700 [DEBUG] [org.gradle.internal.operations.DefaultBuildOperationRunner] Build operation 'Execute container callback action' started
2026-03-16T23:45:28.841+0700 [DEBUG] [org.gradle.internal.operations.DefaultBuildOperationRunner] Completing Build operation 'Execute container callback action'
2026-03-16T23:45:28.852+0700 [DEBUG] [org.gradle.internal.operations.DefaultBuildOperationRunner] Build operation 'Execute container callback action' started
2026-03-16T23:45:28.852+0700 [DEBUG] [org.gradle.internal.operations.DefaultBuildOperationRunner] Completing Build operation 'Execute container callback action'
2026-03-16T23:45:28.852+0700 [DEBUG] [org.gradle.internal.operations.DefaultBuildOperationRunner] Build operation 'Execute container callback action' started
2026-03-16T23:45:28.852+0700 [DEBUG] [org.gradle.internal.operations.DefaultBuildOperationRunner] Completing Build operation 'Execute container callback action'
2026-03-16T23:45:28.853+0700 [DEBUG] [org.gradle.internal.operations.DefaultBuildOperationRunner] Build operation 'Execute container callback action' started
2026-03-16T23:45:28.853+0700 [DEBUG] [org.gradle.internal.operations.DefaultBuildOperationRunner] Completing Build operation 'Execute container callback action'
2026-03-16T23:45:28.857+0700 [DEBUG] [org.gradle.internal.operations.DefaultBuildOperationRunner] Completing Build operation 'Apply plugin org.jetbrains.kotlin.gradle.plugin.KotlinBaseApiPlugin to project ':app''
2026-03-16T23:45:28.858+0700 [DEBUG] [org.gradle.internal.operations.DefaultBuildOperationRunner] Build operation 'Execute container callback action' started
2026-03-16T23:45:28.858+0700 [DEBUG] [org.gradle.internal.operations.DefaultBuildOperationRunner] Build operation 'Execute container callback action' started
2026-03-16T23:45:28.858+0700 [DEBUG] [org.gradle.internal.operations.DefaultBuildOperationRunner] Completing Build operation 'Execute container callback action'
2026-03-16T23:45:28.859+0700 [DEBUG] [org.gradle.internal.operations.DefaultBuildOperationRunner] Completing Build operation 'Execute container callback action'
2026-03-16T23:45:28.859+0700 [DEBUG] [org.gradle.internal.operations.DefaultBuildOperationRunner] Build operation 'Execute container callback action' started
2026-03-16T23:45:28.859+0700 [DEBUG] [org.gradle.internal.operations.DefaultBuildOperationRunner] Build operation 'Execute container callback action' started
2026-03-16T23:45:28.860+0700 [DEBUG] [org.gradle.internal.operations.DefaultBuildOperationRunner] Completing Build operation 'Execute container callback action'
2026-03-16T23:45:28.860+0700 [DEBUG] [org.gradle.internal.operations.DefaultBuildOperationRunner] Completing Build operation 'Execute container callback action'
2026-03-16T23:45:28.863+0700 [DEBUG] [org.gradle.internal.operations.DefaultBuildOperationRunner] Build operation 'Execute container callback action' started
2026-03-16T23:45:28.863+0700 [DEBUG] [org.gradle.internal.operations.DefaultBuildOperationRunner] Completing Build operation 'Execute container callback action'
2026-03-16T23:45:28.864+0700 [DEBUG] [org.gradle.internal.operations.DefaultBuildOperationRunner] Build operation 'Execute container callback action' started
2026-03-16T23:45:28.864+0700 [DEBUG] [org.gradle.internal.operations.DefaultBuildOperationRunner] Completing Build operation 'Execute container callback action'
2026-03-16T23:45:28.864+0700 [DEBUG] [org.gradle.internal.operations.DefaultBuildOperationRunner] Build operation 'Execute container callback action' started
2026-03-16T23:45:28.864+0700 [DEBUG] [org.gradle.internal.operations.DefaultBuildOperationRunner] Completing Build operation 'Execute container callback action'
2026-03-16T23:45:28.865+0700 [DEBUG] [org.gradle.internal.operations.DefaultBuildOperationRunner] Build operation 'Execute container callback action' started
2026-03-16T23:45:28.865+0700 [DEBUG] [org.gradle.internal.operations.DefaultBuildOperationRunner] Completing Build operation 'Execute container callback action'
2026-03-16T23:45:28.865+0700 [DEBUG] [org.gradle.internal.operations.DefaultBuildOperationRunner] Build operation 'Execute container callback action' started
2026-03-16T23:45:28.865+0700 [DEBUG] [org.gradle.internal.operations.DefaultBuildOperationRunner] Completing Build operation 'Execute container callback action'
2026-03-16T23:45:28.866+0700 [DEBUG] [org.gradle.internal.operations.DefaultBuildOperationRunner] Build operation 'Execute container callback action' started
2026-03-16T23:45:28.866+0700 [DEBUG] [org.gradle.internal.operations.DefaultBuildOperationRunner] Completing Build operation 'Execute container callback action'
2026-03-16T23:45:28.866+0700 [DEBUG] [org.gradle.internal.operations.DefaultBuildOperationRunner] Build operation 'Execute container callback action' started
2026-03-16T23:45:28.866+0700 [DEBUG] [org.gradle.internal.operations.DefaultBuildOperationRunner] Completing Build operation 'Execute container callback action'
2026-03-16T23:45:28.867+0700 [DEBUG] [org.gradle.internal.operations.DefaultBuildOperationRunner] Build operation 'Execute container callback action' started
2026-03-16T23:45:28.867+0700 [DEBUG] [org.gradle.internal.operations.DefaultBuildOperationRunner] Completing Build operation 'Execute container callback action'
2026-03-16T23:45:28.867+0700 [DEBUG] [org.gradle.internal.operations.DefaultBuildOperationRunner] Build operation 'Execute container callback action' started
2026-03-16T23:45:28.867+0700 [DEBUG] [org.gradle.internal.operations.DefaultBuildOperationRunner] Completing Build operation 'Execute container callback action'
2026-03-16T23:45:28.867+0700 [DEBUG] [org.gradle.internal.operations.DefaultBuildOperationRunner] Build operation 'Execute container callback action' started
2026-03-16T23:45:28.867+0700 [DEBUG] [org.gradle.internal.operations.DefaultBuildOperationRunner] Completing Build operation 'Execute container callback action'
2026-03-16T23:45:28.868+0700 [DEBUG] [org.gradle.internal.operations.DefaultBuildOperationRunner] Build operation 'Execute container callback action' started
2026-03-16T23:45:28.868+0700 [DEBUG] [org.gradle.internal.operations.DefaultBuildOperationRunner] Completing Build operation 'Execute container callback action'
2026-03-16T23:45:28.868+0700 [DEBUG] [org.gradle.internal.operations.DefaultBuildOperationRunner] Build operation 'Execute container callback action' started
2026-03-16T23:45:28.868+0700 [DEBUG] [org.gradle.internal.operations.DefaultBuildOperationRunner] Completing Build operation 'Execute container callback action'
2026-03-16T23:45:28.868+0700 [DEBUG] [org.gradle.internal.operations.DefaultBuildOperationRunner] Build operation 'Execute container callback action' started
2026-03-16T23:45:28.868+0700 [DEBUG] [org.gradle.internal.operations.DefaultBuildOperationRunner] Completing Build operation 'Execute container callback action'
2026-03-16T23:45:28.869+0700 [DEBUG] [org.gradle.internal.operations.DefaultBuildOperationRunner] Build operation 'Execute container callback action' started
2026-03-16T23:45:28.869+0700 [DEBUG] [org.gradle.internal.operations.DefaultBuildOperationRunner] Completing Build operation 'Execute container callback action'
2026-03-16T23:45:28.869+0700 [DEBUG] [org.gradle.internal.operations.DefaultBuildOperationRunner] Build operation 'Execute container callback action' started
2026-03-16T23:45:28.869+0700 [DEBUG] [org.gradle.internal.operations.DefaultBuildOperationRunner] Completing Build operation 'Execute container callback action'
2026-03-16T23:45:28.870+0700 [DEBUG] [org.gradle.internal.operations.DefaultBuildOperationRunner] Build operation 'Execute container callback action' started
2026-03-16T23:45:28.870+0700 [DEBUG] [org.gradle.internal.operations.DefaultBuildOperationRunner] Completing Build operation 'Execute container callback action'
2026-03-16T23:45:28.870+0700 [DEBUG] [org.gradle.internal.operations.DefaultBuildOperationRunner] Build operation 'Execute container callback action' started
2026-03-16T23:45:28.870+0700 [DEBUG] [org.gradle.internal.operations.DefaultBuildOperationRunner] Completing Build operation 'Execute container callback action'
2026-03-16T23:45:28.871+0700 [DEBUG] [org.gradle.internal.operations.DefaultBuildOperationRunner] Build operation 'Execute container callback action' started
2026-03-16T23:45:28.871+0700 [DEBUG] [org.gradle.internal.operations.DefaultBuildOperationRunner] Completing Build operation 'Execute container callback action'
2026-03-16T23:45:28.871+0700 [DEBUG] [org.gradle.internal.operations.DefaultBuildOperationRunner] Build operation 'Execute container callback action' started
2026-03-16T23:45:28.871+0700 [DEBUG] [org.gradle.internal.operations.DefaultBuildOperationRunner] Completing Build operation 'Execute container callback action'
2026-03-16T23:45:28.872+0700 [DEBUG] [org.gradle.internal.operations.DefaultBuildOperationRunner] Build operation 'Execute container callback action' started
2026-03-16T23:45:28.872+0700 [DEBUG] [org.gradle.internal.operations.DefaultBuildOperationRunner] Completing Build operation 'Execute container callback action'
2026-03-16T23:45:28.874+0700 [DEBUG] [org.gradle.internal.operations.DefaultBuildOperationRunner] Build operation 'Execute container callback action' started
2026-03-16T23:45:28.874+0700 [DEBUG] [org.gradle.internal.operations.DefaultBuildOperationRunner] Completing Build operation 'Execute container callback action'
2026-03-16T23:45:28.875+0700 [DEBUG] [org.gradle.internal.operations.DefaultBuildOperationRunner] Build operation 'Execute container callback action' started
2026-03-16T23:45:28.875+0700 [DEBUG] [org.gradle.internal.operations.DefaultBuildOperationRunner] Completing Build operation 'Execute container callback action'
2026-03-16T23:45:28.876+0700 [DEBUG] [org.gradle.internal.operations.DefaultBuildOperationRunner] Build operation 'Execute container callback action' started
2026-03-16T23:45:28.876+0700 [DEBUG] [org.gradle.internal.operations.DefaultBuildOperationRunner] Completing Build operation 'Execute container callback action'
2026-03-16T23:45:28.878+0700 [DEBUG] [org.gradle.internal.operations.DefaultBuildOperationRunner] Build operation 'Execute container callback action' started
2026-03-16T23:45:28.878+0700 [DEBUG] [org.gradle.internal.operations.DefaultBuildOperationRunner] Build operation 'Execute container callback action' started
2026-03-16T23:45:28.878+0700 [DEBUG] [org.gradle.internal.operations.DefaultBuildOperationRunner] Completing Build operation 'Execute container callback action'
2026-03-16T23:45:28.879+0700 [DEBUG] [org.gradle.internal.operations.DefaultBuildOperationRunner] Build operation 'Execute container callback action' started
2026-03-16T23:45:28.879+0700 [DEBUG] [org.gradle.internal.operations.DefaultBuildOperationRunner] Completing Build operation 'Execute container callback action'
2026-03-16T23:45:28.879+0700 [DEBUG] [org.gradle.internal.operations.DefaultBuildOperationRunner] Build operation 'Execute container callback action' started
2026-03-16T23:45:28.879+0700 [DEBUG] [org.gradle.internal.operations.DefaultBuildOperationRunner] Completing Build operation 'Execute container callback action'
2026-03-16T23:45:28.880+0700 [DEBUG] [org.gradle.internal.operations.DefaultBuildOperationRunner] Build operation 'Execute container callback action' started
2026-03-16T23:45:28.880+0700 [DEBUG] [org.gradle.internal.operations.DefaultBuildOperationRunner] Completing Build operation 'Execute container callback action'
2026-03-16T23:45:28.880+0700 [DEBUG] [org.gradle.internal.operations.DefaultBuildOperationRunner] Build operation 'Execute container callback action' started
2026-03-16T23:45:28.880+0700 [DEBUG] [org.gradle.internal.operations.DefaultBuildOperationRunner] Completing Build operation 'Execute container callback action'
2026-03-16T23:45:28.880+0700 [DEBUG] [org.gradle.internal.operations.DefaultBuildOperationRunner] Build operation 'Execute container callback action' started
2026-03-16T23:45:28.880+0700 [DEBUG] [org.gradle.internal.operations.DefaultBuildOperationRunner] Completing Build operation 'Execute container callback action'
2026-03-16T23:45:28.881+0700 [DEBUG] [org.gradle.internal.operations.DefaultBuildOperationRunner] Build operation 'Execute container callback action' started
2026-03-16T23:45:28.881+0700 [DEBUG] [org.gradle.internal.operations.DefaultBuildOperationRunner] Completing Build operation 'Execute container callback action'
2026-03-16T23:45:28.881+0700 [DEBUG] [org.gradle.internal.operations.DefaultBuildOperationRunner] Build operation 'Execute container callback action' started
2026-03-16T23:45:28.881+0700 [DEBUG] [org.gradle.internal.operations.DefaultBuildOperationRunner] Completing Build operation 'Execute container callback action'
2026-03-16T23:45:28.881+0700 [DEBUG] [org.gradle.internal.operations.DefaultBuildOperationRunner] Build operation 'Execute container callback action' started
2026-03-16T23:45:28.881+0700 [DEBUG] [org.gradle.internal.operations.DefaultBuildOperationRunner] Completing Build operation 'Execute container callback action'
2026-03-16T23:45:28.881+0700 [DEBUG] [org.gradle.internal.operations.DefaultBuildOperationRunner] Build operation 'Execute container callback action' started
2026-03-16T23:45:28.881+0700 [DEBUG] [org.gradle.internal.operations.DefaultBuildOperationRunner] Completing Build operation 'Execute container callback action'
2026-03-16T23:45:28.882+0700 [DEBUG] [org.gradle.internal.operations.DefaultBuildOperationRunner] Build operation 'Execute container callback action' started
2026-03-16T23:45:28.882+0700 [DEBUG] [org.gradle.internal.operations.DefaultBuildOperationRunner] Completing Build operation 'Execute container callback action'
2026-03-16T23:45:28.882+0700 [DEBUG] [org.gradle.internal.operations.DefaultBuildOperationRunner] Build operation 'Execute container callback action' started
2026-03-16T23:45:28.882+0700 [DEBUG] [org.gradle.internal.operations.DefaultBuildOperationRunner] Completing Build operation 'Execute container callback action'
2026-03-16T23:45:28.883+0700 [DEBUG] [org.gradle.internal.operations.DefaultBuildOperationRunner] Build operation 'Execute container callback action' started
2026-03-16T23:45:28.883+0700 [DEBUG] [org.gradle.internal.operations.DefaultBuildOperationRunner] Completing Build operation 'Execute container callback action'
2026-03-16T23:45:28.883+0700 [DEBUG] [org.gradle.internal.operations.DefaultBuildOperationRunner] Build operation 'Execute container callback action' started
2026-03-16T23:45:28.883+0700 [DEBUG] [org.gradle.internal.operations.DefaultBuildOperationRunner] Completing Build operation 'Execute container callback action'
2026-03-16T23:45:28.883+0700 [DEBUG] [org.gradle.internal.operations.DefaultBuildOperationRunner] Build operation 'Execute container callback action' started
2026-03-16T23:45:28.883+0700 [DEBUG] [org.gradle.internal.operations.DefaultBuildOperationRunner] Completing Build operation 'Execute container callback action'
2026-03-16T23:45:28.884+0700 [DEBUG] [org.gradle.internal.operations.DefaultBuildOperationRunner] Build operation 'Execute container callback action' started
2026-03-16T23:45:28.884+0700 [DEBUG] [org.gradle.internal.operations.DefaultBuildOperationRunner] Completing Build operation 'Execute container callback action'
2026-03-16T23:45:28.884+0700 [DEBUG] [org.gradle.internal.operations.DefaultBuildOperationRunner] Build operation 'Execute container callback action' started
2026-03-16T23:45:28.884+0700 [DEBUG] [org.gradle.internal.operations.DefaultBuildOperationRunner] Completing Build operation 'Execute container callback action'
2026-03-16T23:45:28.884+0700 [DEBUG] [org.gradle.internal.operations.DefaultBuildOperationRunner] Build operation 'Execute container callback action' started
2026-03-16T23:45:28.884+0700 [DEBUG] [org.gradle.internal.operations.DefaultBuildOperationRunner] Completing Build operation 'Execute container callback action'
2026-03-16T23:45:28.884+0700 [DEBUG] [org.gradle.internal.operations.DefaultBuildOperationRunner] Build operation 'Execute container callback action' started
2026-03-16T23:45:28.885+0700 [DEBUG] [org.gradle.internal.operations.DefaultBuildOperationRunner] Completing Build operation 'Execute container callback action'
2026-03-16T23:45:28.885+0700 [DEBUG] [org.gradle.internal.operations.DefaultBuildOperationRunner] Build operation 'Execute container callback action' started
2026-03-16T23:45:28.885+0700 [DEBUG] [org.gradle.internal.operations.DefaultBuildOperationRunner] Completing Build operation 'Execute container callback action'
2026-03-16T23:45:28.886+0700 [DEBUG] [org.gradle.internal.operations.DefaultBuildOperationRunner] Completing Build operation 'Execute container callback action'
2026-03-16T23:45:28.887+0700 [DEBUG] [org.gradle.internal.operations.DefaultBuildOperationRunner] Build operation 'Execute container callback action' started
2026-03-16T23:45:28.887+0700 [DEBUG] [org.gradle.internal.operations.DefaultBuildOperationRunner] Build operation 'Execute container callback action' started
2026-03-16T23:45:28.887+0700 [DEBUG] [org.gradle.internal.operations.DefaultBuildOperationRunner] Completing Build operation 'Execute container callback action'
2026-03-16T23:45:28.888+0700 [DEBUG] [org.gradle.internal.operations.DefaultBuildOperationRunner] Build operation 'Execute container callback action' started
2026-03-16T23:45:28.888+0700 [DEBUG] [org.gradle.internal.operations.DefaultBuildOperationRunner] Completing Build operation 'Execute container callback action'
2026-03-16T23:45:28.888+0700 [DEBUG] [org.gradle.internal.operations.DefaultBuildOperationRunner] Build operation 'Execute container callback action' started
2026-03-16T23:45:28.888+0700 [DEBUG] [org.gradle.internal.operations.DefaultBuildOperationRunner] Completing Build operation 'Execute container callback action'
2026-03-16T23:45:28.889+0700 [DEBUG] [org.gradle.internal.operations.DefaultBuildOperationRunner] Build operation 'Execute container callback action' started
2026-03-16T23:45:28.889+0700 [DEBUG] [org.gradle.internal.operations.DefaultBuildOperationRunner] Completing Build operation 'Execute container callback action'
2026-03-16T23:45:28.889+0700 [DEBUG] [org.gradle.internal.operations.DefaultBuildOperationRunner] Build operation 'Execute container callback action' started
2026-03-16T23:45:28.889+0700 [DEBUG] [org.gradle.internal.operations.DefaultBuildOperationRunner] Completing Build operation 'Execute container callback action'
2026-03-16T23:45:28.889+0700 [DEBUG] [org.gradle.internal.operations.DefaultBuildOperationRunner] Build operation 'Execute container callback action' started
2026-03-16T23:45:28.889+0700 [DEBUG] [org.gradle.internal.operations.DefaultBuildOperationRunner] Completing Build operation 'Execute container callback action'
2026-03-16T23:45:28.890+0700 [DEBUG] [org.gradle.internal.operations.DefaultBuildOperationRunner] Build operation 'Execute container callback action' started
2026-03-16T23:45:28.890+0700 [DEBUG] [org.gradle.internal.operations.DefaultBuildOperationRunner] Completing Build operation 'Execute container callback action'
2026-03-16T23:45:28.890+0700 [DEBUG] [org.gradle.internal.operations.DefaultBuildOperationRunner] Build operation 'Execute container callback action' started
2026-03-16T23:45:28.890+0700 [DEBUG] [org.gradle.internal.operations.DefaultBuildOperationRunner] Completing Build operation 'Execute container callback action'
2026-03-16T23:45:28.890+0700 [DEBUG] [org.gradle.internal.operations.DefaultBuildOperationRunner] Build operation 'Execute container callback action' started
2026-03-16T23:45:28.891+0700 [DEBUG] [org.gradle.internal.operations.DefaultBuildOperationRunner] Completing Build operation 'Execute container callback action'
2026-03-16T23:45:28.891+0700 [DEBUG] [org.gradle.internal.operations.DefaultBuildOperationRunner] Build operation 'Execute container callback action' started
2026-03-16T23:45:28.891+0700 [DEBUG] [org.gradle.internal.operations.DefaultBuildOperationRunner] Completing Build operation 'Execute container callback action'
2026-03-16T23:45:28.891+0700 [DEBUG] [org.gradle.internal.operations.DefaultBuildOperationRunner] Build operation 'Execute container callback action' started
2026-03-16T23:45:28.891+0700 [DEBUG] [org.gradle.internal.operations.DefaultBuildOperationRunner] Completing Build operation 'Execute container callback action'
2026-03-16T23:45:28.891+0700 [DEBUG] [org.gradle.internal.operations.DefaultBuildOperationRunner] Build operation 'Execute container callback action' started
2026-03-16T23:45:28.891+0700 [DEBUG] [org.gradle.internal.operations.DefaultBuildOperationRunner] Completing Build operation 'Execute container callback action'
2026-03-16T23:45:28.891+0700 [DEBUG] [org.gradle.internal.operations.DefaultBuildOperationRunner] Build operation 'Execute container callback action' started
2026-03-16T23:45:28.892+0700 [DEBUG] [org.gradle.internal.operations.DefaultBuildOperationRunner] Completing Build operation 'Execute container callback action'
2026-03-16T23:45:28.892+0700 [DEBUG] [org.gradle.internal.operations.DefaultBuildOperationRunner] Build operation 'Execute container callback action' started
2026-03-16T23:45:28.892+0700 [DEBUG] [org.gradle.internal.operations.DefaultBuildOperationRunner] Completing Build operation 'Execute container callback action'
2026-03-16T23:45:28.892+0700 [DEBUG] [org.gradle.internal.operations.DefaultBuildOperationRunner] Build operation 'Execute container callback action' started
2026-03-16T23:45:28.892+0700 [DEBUG] [org.gradle.internal.operations.DefaultBuildOperationRunner] Completing Build operation 'Execute container callback action'
2026-03-16T23:45:28.892+0700 [DEBUG] [org.gradle.internal.operations.DefaultBuildOperationRunner] Build operation 'Execute container callback action' started
2026-03-16T23:45:28.892+0700 [DEBUG] [org.gradle.internal.operations.DefaultBuildOperationRunner] Completing Build operation 'Execute container callback action'
2026-03-16T23:45:28.893+0700 [DEBUG] [org.gradle.internal.operations.DefaultBuildOperationRunner] Build operation 'Execute container callback action' started
2026-03-16T23:45:28.893+0700 [DEBUG] [org.gradle.internal.operations.DefaultBuildOperationRunner] Completing Build operation 'Execute container callback action'
2026-03-16T23:45:28.893+0700 [DEBUG] [org.gradle.internal.operations.DefaultBuildOperationRunner] Build operation 'Execute container callback action' started
2026-03-16T23:45:28.893+0700 [DEBUG] [org.gradle.internal.operations.DefaultBuildOperationRunner] Completing Build operation 'Execute container callback action'
2026-03-16T23:45:28.893+0700 [DEBUG] [org.gradle.internal.operations.DefaultBuildOperationRunner] Build operation 'Execute container callback action' started
2026-03-16T23:45:28.893+0700 [DEBUG] [org.gradle.internal.operations.DefaultBuildOperationRunner] Completing Build operation 'Execute container callback action'
2026-03-16T23:45:28.894+0700 [DEBUG] [org.gradle.internal.operations.DefaultBuildOperationRunner] Build operation 'Execute container callback action' started
2026-03-16T23:45:28.894+0700 [DEBUG] [org.gradle.internal.operations.DefaultBuildOperationRunner] Completing Build operation 'Execute container callback action'
2026-03-16T23:45:28.894+0700 [DEBUG] [org.gradle.internal.operations.DefaultBuildOperationRunner] Completing Build operation 'Execute container callback action'
2026-03-16T23:45:28.895+0700 [DEBUG] [org.gradle.internal.operations.DefaultBuildOperationRunner] Build operation 'Execute container callback action' started
2026-03-16T23:45:28.895+0700 [DEBUG] [org.gradle.internal.operations.DefaultBuildOperationRunner] Completing Build operation 'Execute container callback action'
2026-03-16T23:45:28.895+0700 [DEBUG] [org.gradle.internal.operations.DefaultBuildOperationRunner] Build operation 'Register task :app:uninstallAll' started
2026-03-16T23:45:28.895+0700 [DEBUG] [org.gradle.internal.operations.DefaultBuildOperationRunner] Completing Build operation 'Register task :app:uninstallAll'
2026-03-16T23:45:28.895+0700 [DEBUG] [org.gradle.internal.operations.DefaultBuildOperationRunner] Build operation 'Register task :app:deviceCheck' started
2026-03-16T23:45:28.895+0700 [DEBUG] [org.gradle.internal.operations.DefaultBuildOperationRunner] Completing Build operation 'Register task :app:deviceCheck'
2026-03-16T23:45:28.895+0700 [DEBUG] [org.gradle.internal.operations.DefaultBuildOperationRunner] Build operation 'Register task :app:connectedCheck' started
2026-03-16T23:45:28.896+0700 [DEBUG] [org.gradle.internal.operations.DefaultBuildOperationRunner] Completing Build operation 'Register task :app:connectedCheck'
2026-03-16T23:45:28.896+0700 [DEBUG] [org.gradle.internal.operations.DefaultBuildOperationRunner] Build operation 'Register task :app:preBuild' started
2026-03-16T23:45:28.896+0700 [DEBUG] [org.gradle.internal.operations.DefaultBuildOperationRunner] Completing Build operation 'Register task :app:preBuild'
2026-03-16T23:45:28.896+0700 [DEBUG] [org.gradle.internal.operations.DefaultBuildOperationRunner] Build operation 'Register task :app:extractProguardFiles' started
2026-03-16T23:45:28.896+0700 [DEBUG] [org.gradle.internal.operations.DefaultBuildOperationRunner] Completing Build operation 'Register task :app:extractProguardFiles'
2026-03-16T23:45:28.896+0700 [DEBUG] [org.gradle.internal.operations.DefaultBuildOperationRunner] Build operation 'Register task :app:assembleAndroidTest' started
2026-03-16T23:45:28.896+0700 [DEBUG] [org.gradle.internal.operations.DefaultBuildOperationRunner] Completing Build operation 'Register task :app:assembleAndroidTest'
2026-03-16T23:45:28.896+0700 [DEBUG] [org.gradle.internal.operations.DefaultBuildOperationRunner] Build operation 'Register task :app:assembleUnitTest' started
2026-03-16T23:45:28.896+0700 [DEBUG] [org.gradle.internal.operations.DefaultBuildOperationRunner] Completing Build operation 'Register task :app:assembleUnitTest'
2026-03-16T23:45:28.896+0700 [DEBUG] [org.gradle.internal.operations.DefaultBuildOperationRunner] Build operation 'Register task :app:compileLint' started
2026-03-16T23:45:28.897+0700 [DEBUG] [org.gradle.internal.operations.DefaultBuildOperationRunner] Completing Build operation 'Register task :app:compileLint'
2026-03-16T23:45:28.897+0700 [DEBUG] [org.gradle.internal.operations.DefaultBuildOperationRunner] Build operation 'Register task :app:lintFix' started
2026-03-16T23:45:28.897+0700 [DEBUG] [org.gradle.internal.operations.DefaultBuildOperationRunner] Completing Build operation 'Register task :app:lintFix'
2026-03-16T23:45:28.897+0700 [DEBUG] [org.gradle.internal.operations.DefaultBuildOperationRunner] Build operation 'Register task :app:lint' started
2026-03-16T23:45:28.897+0700 [DEBUG] [org.gradle.internal.operations.DefaultBuildOperationRunner] Completing Build operation 'Register task :app:lint'
2026-03-16T23:45:28.898+0700 [DEBUG] [org.gradle.internal.operations.DefaultBuildOperationRunner] Build operation 'Register task :app:updateLintBaseline' started
2026-03-16T23:45:28.898+0700 [DEBUG] [org.gradle.internal.operations.DefaultBuildOperationRunner] Completing Build operation 'Register task :app:updateLintBaseline'
2026-03-16T23:45:28.898+0700 [DEBUG] [org.gradle.internal.operations.DefaultBuildOperationRunner] Build operation 'Register task :app:resolveConfigAttr' started
2026-03-16T23:45:28.898+0700 [DEBUG] [org.gradle.internal.operations.DefaultBuildOperationRunner] Completing Build operation 'Register task :app:resolveConfigAttr'
2026-03-16T23:45:28.898+0700 [DEBUG] [org.gradle.internal.operations.DefaultBuildOperationRunner] Build operation 'Register task :app:consumeConfigAttr' started
2026-03-16T23:45:28.898+0700 [DEBUG] [org.gradle.internal.operations.DefaultBuildOperationRunner] Completing Build operation 'Register task :app:consumeConfigAttr'
2026-03-16T23:45:28.899+0700 [DEBUG] [org.gradle.internal.operations.DefaultBuildOperationRunner] Build operation 'Apply plugin com.android.build.gradle.api.AndroidBasePlugin to project ':app'' started
2026-03-16T23:45:28.900+0700 [DEBUG] [org.gradle.internal.operations.DefaultBuildOperationRunner] Completing Build operation 'Apply plugin com.android.build.gradle.api.AndroidBasePlugin to project ':app''
2026-03-16T23:45:28.900+0700 [DEBUG] [org.gradle.internal.operations.DefaultBuildOperationRunner] Completing Build operation 'Apply plugin com.android.internal.application to project ':app''
2026-03-16T23:45:28.901+0700 [DEBUG] [org.gradle.internal.operations.DefaultBuildOperationRunner] Build operation 'Execute container callback action' started
2026-03-16T23:45:28.901+0700 [DEBUG] [org.gradle.internal.operations.DefaultBuildOperationRunner] Completing Build operation 'Execute container callback action'
2026-03-16T23:45:28.901+0700 [DEBUG] [org.gradle.internal.operations.DefaultBuildOperationRunner] Completing Build operation 'Apply plugin com.android.application to project ':app''
2026-03-16T23:45:28.901+0700 [DEBUG] [org.gradle.internal.operations.DefaultBuildOperationRunner] Build operation 'Apply plugin org.gradle.kotlin.dsl.provider.plugins.KotlinScriptBasePlugin to project ':app'' started
2026-03-16T23:45:28.902+0700 [DEBUG] [org.gradle.internal.operations.DefaultBuildOperationRunner] Build operation 'Register task :app:kotlinDslAccessorsReport' started
2026-03-16T23:45:28.902+0700 [DEBUG] [org.gradle.internal.operations.DefaultBuildOperationRunner] Completing Build operation 'Register task :app:kotlinDslAccessorsReport'
2026-03-16T23:45:28.902+0700 [DEBUG] [org.gradle.internal.operations.DefaultBuildOperationRunner] Completing Build operation 'Apply plugin org.gradle.kotlin.dsl.provider.plugins.KotlinScriptBasePlugin to project ':app''
2026-03-16T23:45:28.905+0700 [DEBUG] [org.gradle.internal.operations.DefaultBuildOperationRunner] Build operation 'Execute container callback action' started
2026-03-16T23:45:28.905+0700 [DEBUG] [org.gradle.internal.operations.DefaultBuildOperationRunner] Completing Build operation 'Execute container callback action'
2026-03-16T23:45:28.905+0700 [DEBUG] [org.gradle.internal.operations.DefaultBuildOperationRunner] Build operation 'Execute container callback action' started
2026-03-16T23:45:28.905+0700 [DEBUG] [org.gradle.internal.operations.DefaultBuildOperationRunner] Completing Build operation 'Execute container callback action'
2026-03-16T23:45:28.905+0700 [DEBUG] [org.gradle.internal.operations.DefaultBuildOperationRunner] Build operation 'Execute container callback action' started
2026-03-16T23:45:28.905+0700 [DEBUG] [org.gradle.internal.operations.DefaultBuildOperationRunner] Completing Build operation 'Execute container callback action'
2026-03-16T23:45:28.905+0700 [DEBUG] [org.gradle.internal.operations.DefaultBuildOperationRunner] Build operation 'Execute container callback action' started
2026-03-16T23:45:28.905+0700 [DEBUG] [org.gradle.internal.operations.DefaultBuildOperationRunner] Completing Build operation 'Execute container callback action'
2026-03-16T23:45:28.918+0700 [DEBUG] [org.gradle.internal.operations.DefaultBuildOperationRunner] Build operation 'Snapshot inputs and outputs before executing Kotlin DSL script compilation (Project/TopLevel/stage2)' started
2026-03-16T23:45:28.918+0700 [DEBUG] [org.gradle.internal.operations.DefaultBuildOperationRunner] Completing Build operation 'Snapshot inputs and outputs before executing Kotlin DSL script compilation (Project/TopLevel/stage2)'
2026-03-16T23:45:28.923+0700 [DEBUG] [org.gradle.internal.operations.DefaultBuildOperationRunner] Build operation 'Executing Kotlin DSL script compilation (Project/TopLevel/stage2)' started
2026-03-16T23:45:28.929+0700 [DEBUG] [org.gradle.internal.operations.DefaultBuildOperationRunner] Build operation 'Compile script build.gradle.kts (BODY)' started
2026-03-16T23:45:28.981+0700 [DEBUG] [org.gradle.process.internal.health.memory.DefaultMemoryManager] 1686668902 physical memory requested, 1619828736 free
2026-03-16T23:45:28.982+0700 [DEBUG] [org.gradle.workers.internal.WorkerDaemonExpiration] Will attempt to release 1608 of memory
2026-03-16T23:45:28.982+0700 [DEBUG] [org.gradle.process.internal.health.memory.DefaultMemoryManager] 1686668902 physical memory requested, 0 released, 1619828736 free
2026-03-16T23:45:28.982+0700 [DEBUG] [org.gradle.process.internal.health.memory.DefaultMemoryManager] 3373337804 virtual memory requested, 2204815360 free
2026-03-16T23:45:28.982+0700 [DEBUG] [org.gradle.workers.internal.WorkerDaemonExpiration] Will attempt to release 3217 of memory
2026-03-16T23:45:28.982+0700 [DEBUG] [org.gradle.process.internal.health.memory.DefaultMemoryManager] 3373337804 virtual memory requested, 0 released, 2204815360 free
2026-03-16T23:45:30.070+0700 [DEBUG] [org.gradle.internal.operations.DefaultBuildOperationRunner] Completing Build operation 'Compile script build.gradle.kts (BODY)'
2026-03-16T23:45:30.074+0700 [DEBUG] [org.gradle.internal.operations.DefaultBuildOperationRunner] Completing Build operation 'Executing Kotlin DSL script compilation (Project/TopLevel/stage2)'
2026-03-16T23:45:30.075+0700 [DEBUG] [org.gradle.internal.operations.DefaultBuildOperationRunner] Build operation 'Snapshot outputs after executing Kotlin DSL script compilation (Project/TopLevel/stage2)' started
2026-03-16T23:45:30.075+0700 [DEBUG] [org.gradle.internal.operations.DefaultBuildOperationRunner] Completing Build operation 'Snapshot outputs after executing Kotlin DSL script compilation (Project/TopLevel/stage2)'
2026-03-16T23:45:30.075+0700 [DEBUG] [org.gradle.internal.operations.DefaultBuildOperationRunner] Completing Build operation 'Apply build file 'app\build.gradle.kts' to project ':app''
2026-03-16T23:45:30.076+0700 [DEBUG] [org.gradle.internal.operations.DefaultBuildOperationRunner] Build operation 'Notify afterEvaluate listeners of :app' started
2026-03-16T23:45:30.076+0700 [DEBUG] [org.gradle.internal.operations.DefaultBuildOperationRunner] Build operation 'Execute Project.afterEvaluate listener' started
2026-03-16T23:45:30.078+0700 [DEBUG] [org.gradle.internal.operations.DefaultBuildOperationRunner] Completing Build operation 'Execute Project.afterEvaluate listener'
2026-03-16T23:45:30.079+0700 [DEBUG] [org.gradle.internal.operations.DefaultBuildOperationRunner] Completing Build operation 'Notify afterEvaluate listeners of :app'
2026-03-16T23:45:28.787+0700 [LIFECYCLE] [org.gradle.internal.logging.progress.ProgressLoggerFactory] 
2026-03-16T23:45:28.787+0700 [LIFECYCLE] [org.gradle.internal.logging.progress.ProgressLoggerFactory] > Configure project :app
2026-03-16T23:45:28.787+0700 [DEBUG] [org.gradle.internal.resources.AbstractTrackedResourceLock] Daemon worker Thread 4: acquired lock on state of build :
2026-03-16T23:45:28.788+0700 [DEBUG] [org.gradle.internal.operations.DefaultBuildOperationRunner] Build operation 'Notify beforeEvaluate listeners of :app' completed
2026-03-16T23:45:28.788+0700 [DEBUG] [org.gradle.model.internal.registry.DefaultModelRegistry] Project :app - Transitioning model element '<root>' from state Registered to Created
2026-03-16T23:45:28.789+0700 [DEBUG] [org.gradle.model.internal.registry.DefaultModelRegistry] Project :app - Transitioning model element '<root>' to state Discovered.
2026-03-16T23:45:28.789+0700 [DEBUG] [org.gradle.model.internal.registry.DefaultModelRegistry] Project :app - Transitioning model element '<root>' to state Created.
2026-03-16T23:45:28.790+0700 [DEBUG] [org.gradle.internal.operations.DefaultBuildOperationRunner] Build operation 'Register task :app:help' completed
2026-03-16T23:45:28.790+0700 [DEBUG] [org.gradle.internal.operations.DefaultBuildOperationRunner] Build operation 'Register task :app:projects' completed
2026-03-16T23:45:28.790+0700 [DEBUG] [org.gradle.internal.operations.DefaultBuildOperationRunner] Build operation 'Register task :app:tasks' completed
2026-03-16T23:45:28.790+0700 [DEBUG] [org.gradle.internal.operations.DefaultBuildOperationRunner] Build operation 'Register task :app:properties' completed
2026-03-16T23:45:28.790+0700 [DEBUG] [org.gradle.internal.operations.DefaultBuildOperationRunner] Build operation 'Apply plugin org.gradle.help-tasks to project ':app'' completed
2026-03-16T23:45:28.791+0700 [DEBUG] [org.gradle.internal.operations.DefaultBuildOperationRunner] Build operation 'Register task :app:dependencyInsight' completed
2026-03-16T23:45:28.791+0700 [DEBUG] [org.gradle.internal.operations.DefaultBuildOperationRunner] Build operation 'Register task :app:dependencies' completed
2026-03-16T23:45:28.791+0700 [DEBUG] [org.gradle.internal.operations.DefaultBuildOperationRunner] Build operation 'Register task :app:buildEnvironment' completed
2026-03-16T23:45:28.792+0700 [DEBUG] [org.gradle.internal.operations.DefaultBuildOperationRunner] Build operation 'Register task :app:outgoingVariants' completed
2026-03-16T23:45:28.792+0700 [DEBUG] [org.gradle.internal.operations.DefaultBuildOperationRunner] Build operation 'Register task :app:resolvableConfigurations' completed
2026-03-16T23:45:28.793+0700 [DEBUG] [org.gradle.internal.operations.DefaultBuildOperationRunner] Build operation 'Register task :app:artifactTransforms' completed
2026-03-16T23:45:28.793+0700 [DEBUG] [org.gradle.internal.operations.DefaultBuildOperationRunner] Build operation 'Apply plugin org.gradle.software-reporting-tasks to project ':app'' completed
2026-03-16T23:45:28.793+0700 [DEBUG] [org.gradle.internal.operations.DefaultBuildOperationRunner] Build operation 'Apply plugin org.gradle.build-init to project ':app'' completed
2026-03-16T23:45:28.794+0700 [DEBUG] [org.gradle.internal.operations.DefaultBuildOperationRunner] Build operation 'Apply plugin org.gradle.wrapper to project ':app'' completed
2026-03-16T23:45:28.794+0700 [DEBUG] [org.gradle.internal.operations.DefaultBuildOperationRunner] Build operation 'Register task :app:javaToolchains' completed
2026-03-16T23:45:28.794+0700 [INFO] [org.gradle.configuration.project.BuildScriptProcessor] Evaluating project ':app' using build file 'D:\Projects\HealthCareFitness_Android\app\build.gradle.kts'.
2026-03-16T23:45:28.795+0700 [DEBUG] [org.gradle.internal.locking.LockFileReaderWriter] Lockfiles root: D:\Projects\HealthCareFitness_Android\app\gradle\dependency-locks
2026-03-16T23:45:28.796+0700 [DEBUG] [org.gradle.kotlin.dsl.provider.KotlinScriptPlugin] Applying Kotlin script to project ':app'
2026-03-16T23:45:28.804+0700 [INFO] [org.gradle.plugin.use.internal.DefaultPluginRequestApplicator] Resolved plugin [id: 'com.android.application', version: '9.1.0']
2026-03-16T23:45:28.807+0700 [DEBUG] [org.gradle.internal.operations.DefaultBuildOperationRunner] Build operation 'Resolve dependencies of classpath' completed
2026-03-16T23:45:28.809+0700 [DEBUG] [org.gradle.internal.operations.DefaultBuildOperationRunner] Build operation 'Apply plugin com.android.internal.version-check to project ':app'' completed
2026-03-16T23:45:28.817+0700 [DEBUG] [org.gradle.internal.locking.LockFileReaderWriter] Lockfiles root: D:\Projects\HealthCareFitness_Android\app\gradle\dependency-locks
2026-03-16T23:45:28.826+0700 [DEBUG] [org.gradle.internal.operations.DefaultBuildOperationRunner] Build operation 'Register task :app:clean' completed
2026-03-16T23:45:28.827+0700 [DEBUG] [org.gradle.internal.operations.DefaultBuildOperationRunner] Build operation 'Register task :app:assemble' completed
2026-03-16T23:45:28.827+0700 [DEBUG] [org.gradle.internal.operations.DefaultBuildOperationRunner] Build operation 'Register task :app:check' completed
2026-03-16T23:45:28.828+0700 [DEBUG] [org.gradle.internal.operations.DefaultBuildOperationRunner] Build operation 'Register task :app:build' completed
2026-03-16T23:45:28.828+0700 [DEBUG] [org.gradle.internal.operations.DefaultBuildOperationRunner] Build operation 'Apply plugin org.gradle.language.base.plugins.LifecycleBasePlugin to project ':app'' completed
2026-03-16T23:45:28.829+0700 [DEBUG] [org.gradle.internal.operations.DefaultBuildOperationRunner] Build operation 'Execute container callback action' completed
2026-03-16T23:45:28.829+0700 [DEBUG] [org.gradle.internal.operations.DefaultBuildOperationRunner] Build operation 'Apply plugin org.gradle.api.plugins.BasePlugin to project ':app'' completed
2026-03-16T23:45:28.830+0700 [DEBUG] [org.gradle.internal.operations.DefaultBuildOperationRunner] Build operation 'Apply plugin org.gradle.api.plugins.JvmEcosystemPlugin to project ':app'' completed
2026-03-16T23:45:28.831+0700 [DEBUG] [org.gradle.internal.operations.DefaultBuildOperationRunner] Build operation 'Apply plugin org.gradle.api.plugins.ReportingBasePlugin to project ':app'' completed
2026-03-16T23:45:28.833+0700 [DEBUG] [org.gradle.internal.operations.DefaultBuildOperationRunner] Build operation 'Apply plugin org.gradle.api.plugins.JvmToolchainsPlugin to project ':app'' completed
2026-03-16T23:45:28.833+0700 [DEBUG] [org.gradle.internal.operations.DefaultBuildOperationRunner] Build operation 'Register task :app:buildNeeded' completed
2026-03-16T23:45:28.834+0700 [DEBUG] [org.gradle.internal.operations.DefaultBuildOperationRunner] Build operation 'Register task :app:buildDependents' completed
2026-03-16T23:45:28.834+0700 [DEBUG] [org.gradle.internal.operations.DefaultBuildOperationRunner] Build operation 'Apply plugin org.gradle.api.plugins.JavaBasePlugin to project ':app'' completed
2026-03-16T23:45:28.835+0700 [DEBUG] [org.gradle.internal.operations.DefaultBuildOperationRunner] Build operation 'Execute container callback action' completed
2026-03-16T23:45:28.835+0700 [DEBUG] [org.gradle.internal.operations.DefaultBuildOperationRunner] Build operation 'Execute container callback action' completed
2026-03-16T23:45:28.841+0700 [DEBUG] [org.gradle.internal.operations.DefaultBuildOperationRunner] Build operation 'Execute container callback action' completed
2026-03-16T23:45:28.845+0700 [DEBUG] [org.jetbrains.kotlin.gradle.plugin.statistics.KotlinBuildStatsBeanService] Executing [class org.jetbrains.kotlin.gradle.plugin.statistics.KotlinBuildStatsBeanService.initStatsService]
2026-03-16T23:45:28.846+0700 [DEBUG] [org.jetbrains.kotlin.gradle.plugin.statistics.KotlinBuildStatsServicesRegistry] Instantiated class org.jetbrains.kotlin.gradle.plugin.statistics.KotlinBuildStatsBeanService_v2: new instance org.jetbrains.kotlin.gradle.plugin.statistics.DefaultKotlinBuildStatsBeanService@61634459
2026-03-16T23:45:28.847+0700 [DEBUG] [org.jetbrains.kotlin.gradle.plugin.statistics.KotlinBuildStatsServicesRegistry] Instantiated class org.jetbrains.kotlin.gradle.plugin.statistics.KotlinBuildStatsBeanService: new instance org.jetbrains.kotlin.gradle.plugin.statistics.old.Pre232IdeaKotlinBuildStatsBeanService@3f134d4a
2026-03-16T23:45:28.848+0700 [INFO] [org.jetbrains.kotlin.gradle.fus.BuildUidService$Inject_] Build b91d31e7-5ef0-474d-91d6-8325151d7fce is started
2026-03-16T23:45:28.849+0700 [DEBUG] [org.jetbrains.kotlin.gradle.plugin.statistics.FlowActionBuildFusService$Inject_] [KOTLIN] Initialize FlowActionBuildFusService$Inject_
2026-03-16T23:45:28.850+0700 [DEBUG] [org.jetbrains.kotlin.gradle.plugin.statistics.KotlinBuildStatsLoggerService] Executing [class org.jetbrains.kotlin.gradle.plugin.statistics.KotlinBuildStatsLoggerService.initSessionLogger]
2026-03-16T23:45:28.850+0700 [DEBUG] [org.jetbrains.kotlin.gradle.plugin.statistics.KotlinBuildStatsLoggerService] Executing [class org.jetbrains.kotlin.gradle.plugin.statistics.KotlinBuildStatsLoggerService.initSessionLogger]
2026-03-16T23:45:28.850+0700 [DEBUG] [org.jetbrains.kotlin.gradle.plugin.statistics.FlowActionBuildFusService$Inject_] FlowActionBuildFusService$Inject_ 415462019 is created
2026-03-16T23:45:28.852+0700 [DEBUG] [org.gradle.internal.operations.DefaultBuildOperationRunner] Build operation 'Execute container callback action' completed
2026-03-16T23:45:28.852+0700 [DEBUG] [org.gradle.internal.operations.DefaultBuildOperationRunner] Build operation 'Execute container callback action' completed
2026-03-16T23:45:28.853+0700 [DEBUG] [org.gradle.internal.operations.DefaultBuildOperationRunner] Build operation 'Execute container callback action' completed
2026-03-16T23:45:28.853+0700 [DEBUG] [org.jetbrains.kotlin.gradle.plugin.KotlinGradleBuildServices$Inject_] [KOTLIN] Initialized KotlinGradleBuildServices
2026-03-16T23:45:28.857+0700 [DEBUG] [org.gradle.internal.operations.DefaultBuildOperationRunner] Build operation 'Apply plugin org.jetbrains.kotlin.gradle.plugin.KotlinBaseApiPlugin to project ':app'' completed
2026-03-16T23:45:28.858+0700 [DEBUG] [org.gradle.internal.operations.DefaultBuildOperationRunner] Build operation 'Execute container callback action' completed
2026-03-16T23:45:28.859+0700 [DEBUG] [org.gradle.internal.operations.DefaultBuildOperationRunner] Build operation 'Execute container callback action' completed
2026-03-16T23:45:28.860+0700 [DEBUG] [org.gradle.internal.operations.DefaultBuildOperationRunner] Build operation 'Execute container callback action' completed
2026-03-16T23:45:28.860+0700 [DEBUG] [org.gradle.internal.operations.DefaultBuildOperationRunner] Build operation 'Execute container callback action' completed
2026-03-16T23:45:28.863+0700 [DEBUG] [com.android.build.gradle.internal.dependency.SourceSetManager] Creating configuration androidTestImplementation
2026-03-16T23:45:28.863+0700 [DEBUG] [org.gradle.internal.operations.DefaultBuildOperationRunner] Build operation 'Execute container callback action' completed
2026-03-16T23:45:28.864+0700 [DEBUG] [com.android.build.gradle.internal.dependency.SourceSetManager] Creating configuration androidTestRuntimeOnly
2026-03-16T23:45:28.864+0700 [DEBUG] [org.gradle.internal.operations.DefaultBuildOperationRunner] Build operation 'Execute container callback action' completed
2026-03-16T23:45:28.864+0700 [DEBUG] [com.android.build.gradle.internal.dependency.SourceSetManager] Creating configuration androidTestCompileOnly
2026-03-16T23:45:28.864+0700 [DEBUG] [org.gradle.internal.operations.DefaultBuildOperationRunner] Build operation 'Execute container callback action' completed
2026-03-16T23:45:28.864+0700 [DEBUG] [com.android.build.gradle.internal.dependency.SourceSetManager] Creating configuration androidTestAnnotationProcessor
2026-03-16T23:45:28.865+0700 [DEBUG] [org.gradle.internal.operations.DefaultBuildOperationRunner] Build operation 'Execute container callback action' completed
2026-03-16T23:45:28.865+0700 [DEBUG] [com.android.build.gradle.internal.dependency.SourceSetManager] Creating configuration testImplementation
2026-03-16T23:45:28.865+0700 [DEBUG] [org.gradle.internal.operations.DefaultBuildOperationRunner] Build operation 'Execute container callback action' completed
2026-03-16T23:45:28.866+0700 [DEBUG] [com.android.build.gradle.internal.dependency.SourceSetManager] Creating configuration testRuntimeOnly
2026-03-16T23:45:28.866+0700 [DEBUG] [org.gradle.internal.operations.DefaultBuildOperationRunner] Build operation 'Execute container callback action' completed
2026-03-16T23:45:28.866+0700 [DEBUG] [com.android.build.gradle.internal.dependency.SourceSetManager] Creating configuration testCompileOnly
2026-03-16T23:45:28.866+0700 [DEBUG] [org.gradle.internal.operations.DefaultBuildOperationRunner] Build operation 'Execute container callback action' completed
2026-03-16T23:45:28.867+0700 [DEBUG] [com.android.build.gradle.internal.dependency.SourceSetManager] Creating configuration testAnnotationProcessor
2026-03-16T23:45:28.867+0700 [DEBUG] [org.gradle.internal.operations.DefaultBuildOperationRunner] Build operation 'Execute container callback action' completed
2026-03-16T23:45:28.867+0700 [DEBUG] [com.android.build.gradle.internal.dependency.SourceSetManager] Creating configuration testFixturesApi
2026-03-16T23:45:28.867+0700 [DEBUG] [org.gradle.internal.operations.DefaultBuildOperationRunner] Build operation 'Execute container callback action' completed
2026-03-16T23:45:28.867+0700 [DEBUG] [com.android.build.gradle.internal.dependency.SourceSetManager] Creating configuration testFixturesImplementation
2026-03-16T23:45:28.868+0700 [DEBUG] [org.gradle.internal.operations.DefaultBuildOperationRunner] Build operation 'Execute container callback action' completed
2026-03-16T23:45:28.868+0700 [DEBUG] [com.android.build.gradle.internal.dependency.SourceSetManager] Creating configuration testFixturesRuntimeOnly
2026-03-16T23:45:28.868+0700 [DEBUG] [org.gradle.internal.operations.DefaultBuildOperationRunner] Build operation 'Execute container callback action' completed
2026-03-16T23:45:28.868+0700 [DEBUG] [com.android.build.gradle.internal.dependency.SourceSetManager] Creating configuration testFixturesCompileOnly
2026-03-16T23:45:28.868+0700 [DEBUG] [org.gradle.internal.operations.DefaultBuildOperationRunner] Build operation 'Execute container callback action' completed
2026-03-16T23:45:28.868+0700 [DEBUG] [com.android.build.gradle.internal.dependency.SourceSetManager] Creating configuration testFixturesCompileOnlyApi
2026-03-16T23:45:28.869+0700 [DEBUG] [org.gradle.internal.operations.DefaultBuildOperationRunner] Build operation 'Execute container callback action' completed
2026-03-16T23:45:28.869+0700 [DEBUG] [com.android.build.gradle.internal.dependency.SourceSetManager] Creating configuration testFixturesAnnotationProcessor
2026-03-16T23:45:28.869+0700 [DEBUG] [org.gradle.internal.operations.DefaultBuildOperationRunner] Build operation 'Execute container callback action' completed
2026-03-16T23:45:28.869+0700 [DEBUG] [com.android.build.gradle.internal.dependency.SourceSetManager] Creating configuration api
2026-03-16T23:45:28.869+0700 [DEBUG] [org.gradle.internal.operations.DefaultBuildOperationRunner] Build operation 'Execute container callback action' completed
2026-03-16T23:45:28.869+0700 [DEBUG] [com.android.build.gradle.internal.dependency.SourceSetManager] Creating configuration implementation
2026-03-16T23:45:28.870+0700 [DEBUG] [org.gradle.internal.operations.DefaultBuildOperationRunner] Build operation 'Execute container callback action' completed
2026-03-16T23:45:28.870+0700 [DEBUG] [com.android.build.gradle.internal.dependency.SourceSetManager] Creating configuration runtimeOnly
2026-03-16T23:45:28.871+0700 [DEBUG] [org.gradle.internal.operations.DefaultBuildOperationRunner] Build operation 'Execute container callback action' completed
2026-03-16T23:45:28.871+0700 [DEBUG] [com.android.build.gradle.internal.dependency.SourceSetManager] Creating configuration compileOnly
2026-03-16T23:45:28.871+0700 [DEBUG] [org.gradle.internal.operations.DefaultBuildOperationRunner] Build operation 'Execute container callback action' completed
2026-03-16T23:45:28.871+0700 [DEBUG] [com.android.build.gradle.internal.dependency.SourceSetManager] Creating configuration compileOnlyApi
2026-03-16T23:45:28.871+0700 [DEBUG] [org.gradle.internal.operations.DefaultBuildOperationRunner] Build operation 'Execute container callback action' completed
2026-03-16T23:45:28.871+0700 [DEBUG] [com.android.build.gradle.internal.dependency.SourceSetManager] Creating configuration annotationProcessor
2026-03-16T23:45:28.872+0700 [DEBUG] [org.gradle.internal.operations.DefaultBuildOperationRunner] Build operation 'Execute container callback action' completed
2026-03-16T23:45:28.874+0700 [DEBUG] [org.gradle.internal.operations.DefaultBuildOperationRunner] Build operation 'Execute container callback action' completed
2026-03-16T23:45:28.875+0700 [DEBUG] [org.gradle.internal.operations.DefaultBuildOperationRunner] Build operation 'Execute container callback action' completed
2026-03-16T23:45:28.876+0700 [INFO] [org.gradle.api.Project] Using default execution profile
2026-03-16T23:45:28.876+0700 [DEBUG] [org.gradle.internal.operations.DefaultBuildOperationRunner] Build operation 'Execute container callback action' completed
2026-03-16T23:45:28.878+0700 [DEBUG] [com.android.build.gradle.internal.dependency.SourceSetManager] Creating configuration androidTestDebugImplementation
2026-03-16T23:45:28.878+0700 [DEBUG] [org.gradle.internal.operations.DefaultBuildOperationRunner] Build operation 'Execute container callback action' completed
2026-03-16T23:45:28.878+0700 [DEBUG] [com.android.build.gradle.internal.dependency.SourceSetManager] Creating configuration androidTestDebugRuntimeOnly
2026-03-16T23:45:28.879+0700 [DEBUG] [org.gradle.internal.operations.DefaultBuildOperationRunner] Build operation 'Execute container callback action' completed
2026-03-16T23:45:28.879+0700 [DEBUG] [com.android.build.gradle.internal.dependency.SourceSetManager] Creating configuration androidTestDebugCompileOnly
2026-03-16T23:45:28.879+0700 [DEBUG] [org.gradle.internal.operations.DefaultBuildOperationRunner] Build operation 'Execute container callback action' completed
2026-03-16T23:45:28.880+0700 [DEBUG] [com.android.build.gradle.internal.dependency.SourceSetManager] Creating configuration androidTestDebugAnnotationProcessor
2026-03-16T23:45:28.880+0700 [DEBUG] [org.gradle.internal.operations.DefaultBuildOperationRunner] Build operation 'Execute container callback action' completed
2026-03-16T23:45:28.880+0700 [DEBUG] [com.android.build.gradle.internal.dependency.SourceSetManager] Creating configuration testDebugImplementation
2026-03-16T23:45:28.880+0700 [DEBUG] [org.gradle.internal.operations.DefaultBuildOperationRunner] Build operation 'Execute container callback action' completed
2026-03-16T23:45:28.880+0700 [DEBUG] [com.android.build.gradle.internal.dependency.SourceSetManager] Creating configuration testDebugRuntimeOnly
2026-03-16T23:45:28.880+0700 [DEBUG] [org.gradle.internal.operations.DefaultBuildOperationRunner] Build operation 'Execute container callback action' completed
2026-03-16T23:45:28.880+0700 [DEBUG] [com.android.build.gradle.internal.dependency.SourceSetManager] Creating configuration testDebugCompileOnly
2026-03-16T23:45:28.881+0700 [DEBUG] [org.gradle.internal.operations.DefaultBuildOperationRunner] Build operation 'Execute container callback action' completed
2026-03-16T23:45:28.881+0700 [DEBUG] [com.android.build.gradle.internal.dependency.SourceSetManager] Creating configuration testDebugAnnotationProcessor
2026-03-16T23:45:28.881+0700 [DEBUG] [org.gradle.internal.operations.DefaultBuildOperationRunner] Build operation 'Execute container callback action' completed
2026-03-16T23:45:28.881+0700 [DEBUG] [com.android.build.gradle.internal.dependency.SourceSetManager] Creating configuration testFixturesDebugApi
2026-03-16T23:45:28.881+0700 [DEBUG] [org.gradle.internal.operations.DefaultBuildOperationRunner] Build operation 'Execute container callback action' completed
2026-03-16T23:45:28.881+0700 [DEBUG] [com.android.build.gradle.internal.dependency.SourceSetManager] Creating configuration testFixturesDebugImplementation
2026-03-16T23:45:28.881+0700 [DEBUG] [org.gradle.internal.operations.DefaultBuildOperationRunner] Build operation 'Execute container callback action' completed
2026-03-16T23:45:28.882+0700 [DEBUG] [com.android.build.gradle.internal.dependency.SourceSetManager] Creating configuration testFixturesDebugRuntimeOnly
2026-03-16T23:45:28.882+0700 [DEBUG] [org.gradle.internal.operations.DefaultBuildOperationRunner] Build operation 'Execute container callback action' completed
2026-03-16T23:45:28.882+0700 [DEBUG] [com.android.build.gradle.internal.dependency.SourceSetManager] Creating configuration testFixturesDebugCompileOnly
2026-03-16T23:45:28.882+0700 [DEBUG] [org.gradle.internal.operations.DefaultBuildOperationRunner] Build operation 'Execute container callback action' completed
2026-03-16T23:45:28.882+0700 [DEBUG] [com.android.build.gradle.internal.dependency.SourceSetManager] Creating configuration testFixturesDebugCompileOnlyApi
2026-03-16T23:45:28.883+0700 [DEBUG] [org.gradle.internal.operations.DefaultBuildOperationRunner] Build operation 'Execute container callback action' completed
2026-03-16T23:45:28.883+0700 [DEBUG] [com.android.build.gradle.internal.dependency.SourceSetManager] Creating configuration testFixturesDebugAnnotationProcessor
2026-03-16T23:45:28.883+0700 [DEBUG] [org.gradle.internal.operations.DefaultBuildOperationRunner] Build operation 'Execute container callback action' completed
2026-03-16T23:45:28.883+0700 [DEBUG] [com.android.build.gradle.internal.dependency.SourceSetManager] Creating configuration debugApi
2026-03-16T23:45:28.883+0700 [DEBUG] [org.gradle.internal.operations.DefaultBuildOperationRunner] Build operation 'Execute container callback action' completed
2026-03-16T23:45:28.883+0700 [DEBUG] [com.android.build.gradle.internal.dependency.SourceSetManager] Creating configuration debugImplementation
2026-03-16T23:45:28.884+0700 [DEBUG] [org.gradle.internal.operations.DefaultBuildOperationRunner] Build operation 'Execute container callback action' completed
2026-03-16T23:45:28.884+0700 [DEBUG] [com.android.build.gradle.internal.dependency.SourceSetManager] Creating configuration debugRuntimeOnly
2026-03-16T23:45:28.884+0700 [DEBUG] [org.gradle.internal.operations.DefaultBuildOperationRunner] Build operation 'Execute container callback action' completed
2026-03-16T23:45:28.884+0700 [DEBUG] [com.android.build.gradle.internal.dependency.SourceSetManager] Creating configuration debugCompileOnly
2026-03-16T23:45:28.884+0700 [DEBUG] [org.gradle.internal.operations.DefaultBuildOperationRunner] Build operation 'Execute container callback action' completed
2026-03-16T23:45:28.884+0700 [DEBUG] [com.android.build.gradle.internal.dependency.SourceSetManager] Creating configuration debugCompileOnlyApi
2026-03-16T23:45:28.885+0700 [DEBUG] [org.gradle.internal.operations.DefaultBuildOperationRunner] Build operation 'Execute container callback action' completed
2026-03-16T23:45:28.885+0700 [DEBUG] [com.android.build.gradle.internal.dependency.SourceSetManager] Creating configuration debugAnnotationProcessor
2026-03-16T23:45:28.885+0700 [DEBUG] [org.gradle.internal.operations.DefaultBuildOperationRunner] Build operation 'Execute container callback action' completed
2026-03-16T23:45:28.887+0700 [DEBUG] [org.gradle.internal.operations.DefaultBuildOperationRunner] Build operation 'Execute container callback action' completed
2026-03-16T23:45:28.887+0700 [DEBUG] [com.android.build.gradle.internal.dependency.SourceSetManager] Creating configuration androidTestReleaseImplementation
2026-03-16T23:45:28.888+0700 [DEBUG] [org.gradle.internal.operations.DefaultBuildOperationRunner] Build operation 'Execute container callback action' completed
2026-03-16T23:45:28.888+0700 [DEBUG] [com.android.build.gradle.internal.dependency.SourceSetManager] Creating configuration androidTestReleaseRuntimeOnly
2026-03-16T23:45:28.888+0700 [DEBUG] [org.gradle.internal.operations.DefaultBuildOperationRunner] Build operation 'Execute container callback action' completed
2026-03-16T23:45:28.888+0700 [DEBUG] [com.android.build.gradle.internal.dependency.SourceSetManager] Creating configuration androidTestReleaseCompileOnly
2026-03-16T23:45:28.888+0700 [DEBUG] [org.gradle.internal.operations.DefaultBuildOperationRunner] Build operation 'Execute container callback action' completed
2026-03-16T23:45:28.888+0700 [DEBUG] [com.android.build.gradle.internal.dependency.SourceSetManager] Creating configuration androidTestReleaseAnnotationProcessor
2026-03-16T23:45:28.889+0700 [DEBUG] [org.gradle.internal.operations.DefaultBuildOperationRunner] Build operation 'Execute container callback action' completed
2026-03-16T23:45:28.889+0700 [DEBUG] [com.android.build.gradle.internal.dependency.SourceSetManager] Creating configuration testReleaseImplementation
2026-03-16T23:45:28.889+0700 [DEBUG] [org.gradle.internal.operations.DefaultBuildOperationRunner] Build operation 'Execute container callback action' completed
2026-03-16T23:45:28.889+0700 [DEBUG] [com.android.build.gradle.internal.dependency.SourceSetManager] Creating configuration testReleaseRuntimeOnly
2026-03-16T23:45:28.890+0700 [DEBUG] [org.gradle.internal.operations.DefaultBuildOperationRunner] Build operation 'Execute container callback action' completed
2026-03-16T23:45:28.890+0700 [DEBUG] [com.android.build.gradle.internal.dependency.SourceSetManager] Creating configuration testReleaseCompileOnly
2026-03-16T23:45:28.890+0700 [DEBUG] [org.gradle.internal.operations.DefaultBuildOperationRunner] Build operation 'Execute container callback action' completed
2026-03-16T23:45:28.890+0700 [DEBUG] [com.android.build.gradle.internal.dependency.SourceSetManager] Creating configuration testReleaseAnnotationProcessor
2026-03-16T23:45:28.890+0700 [DEBUG] [org.gradle.internal.operations.DefaultBuildOperationRunner] Build operation 'Execute container callback action' completed
2026-03-16T23:45:28.890+0700 [DEBUG] [com.android.build.gradle.internal.dependency.SourceSetManager] Creating configuration testFixturesReleaseApi
2026-03-16T23:45:28.891+0700 [DEBUG] [org.gradle.internal.operations.DefaultBuildOperationRunner] Build operation 'Execute container callback action' completed
2026-03-16T23:45:28.891+0700 [DEBUG] [com.android.build.gradle.internal.dependency.SourceSetManager] Creating configuration testFixturesReleaseImplementation
2026-03-16T23:45:28.891+0700 [DEBUG] [org.gradle.internal.operations.DefaultBuildOperationRunner] Build operation 'Execute container callback action' completed
2026-03-16T23:45:28.891+0700 [DEBUG] [com.android.build.gradle.internal.dependency.SourceSetManager] Creating configuration testFixturesReleaseRuntimeOnly
2026-03-16T23:45:28.891+0700 [DEBUG] [org.gradle.internal.operations.DefaultBuildOperationRunner] Build operation 'Execute container callback action' completed
2026-03-16T23:45:28.891+0700 [DEBUG] [com.android.build.gradle.internal.dependency.SourceSetManager] Creating configuration testFixturesReleaseCompileOnly
2026-03-16T23:45:28.891+0700 [DEBUG] [org.gradle.internal.operations.DefaultBuildOperationRunner] Build operation 'Execute container callback action' completed
2026-03-16T23:45:28.891+0700 [DEBUG] [com.android.build.gradle.internal.dependency.SourceSetManager] Creating configuration testFixturesReleaseCompileOnlyApi
2026-03-16T23:45:28.892+0700 [DEBUG] [org.gradle.internal.operations.DefaultBuildOperationRunner] Build operation 'Execute container callback action' completed
2026-03-16T23:45:28.892+0700 [DEBUG] [com.android.build.gradle.internal.dependency.SourceSetManager] Creating configuration testFixturesReleaseAnnotationProcessor
2026-03-16T23:45:28.892+0700 [DEBUG] [org.gradle.internal.operations.DefaultBuildOperationRunner] Build operation 'Execute container callback action' completed
2026-03-16T23:45:28.892+0700 [DEBUG] [com.android.build.gradle.internal.dependency.SourceSetManager] Creating configuration releaseApi
2026-03-16T23:45:28.892+0700 [DEBUG] [org.gradle.internal.operations.DefaultBuildOperationRunner] Build operation 'Execute container callback action' completed
2026-03-16T23:45:28.892+0700 [DEBUG] [com.android.build.gradle.internal.dependency.SourceSetManager] Creating configuration releaseImplementation
2026-03-16T23:45:28.893+0700 [DEBUG] [org.gradle.internal.operations.DefaultBuildOperationRunner] Build operation 'Execute container callback action' completed
2026-03-16T23:45:28.893+0700 [DEBUG] [com.android.build.gradle.internal.dependency.SourceSetManager] Creating configuration releaseRuntimeOnly
2026-03-16T23:45:28.893+0700 [DEBUG] [org.gradle.internal.operations.DefaultBuildOperationRunner] Build operation 'Execute container callback action' completed
2026-03-16T23:45:28.893+0700 [DEBUG] [com.android.build.gradle.internal.dependency.SourceSetManager] Creating configuration releaseCompileOnly
2026-03-16T23:45:28.893+0700 [DEBUG] [org.gradle.internal.operations.DefaultBuildOperationRunner] Build operation 'Execute container callback action' completed
2026-03-16T23:45:28.893+0700 [DEBUG] [com.android.build.gradle.internal.dependency.SourceSetManager] Creating configuration releaseCompileOnlyApi
2026-03-16T23:45:28.893+0700 [DEBUG] [org.gradle.internal.operations.DefaultBuildOperationRunner] Build operation 'Execute container callback action' completed
2026-03-16T23:45:28.893+0700 [DEBUG] [com.android.build.gradle.internal.dependency.SourceSetManager] Creating configuration releaseAnnotationProcessor
2026-03-16T23:45:28.894+0700 [DEBUG] [org.gradle.internal.operations.DefaultBuildOperationRunner] Build operation 'Execute container callback action' completed
2026-03-16T23:45:28.894+0700 [DEBUG] [org.gradle.internal.operations.DefaultBuildOperationRunner] Build operation 'Execute container callback action' completed
2026-03-16T23:45:28.894+0700 [DEBUG] [org.gradle.api.Project] Creating configuration androidTestUtil
2026-03-16T23:45:28.895+0700 [DEBUG] [org.gradle.internal.operations.DefaultBuildOperationRunner] Build operation 'Execute container callback action' completed
2026-03-16T23:45:28.895+0700 [DEBUG] [org.gradle.internal.operations.DefaultBuildOperationRunner] Build operation 'Register task :app:uninstallAll' completed
2026-03-16T23:45:28.895+0700 [DEBUG] [org.gradle.internal.operations.DefaultBuildOperationRunner] Build operation 'Register task :app:deviceCheck' completed
2026-03-16T23:45:28.896+0700 [DEBUG] [org.gradle.internal.operations.DefaultBuildOperationRunner] Build operation 'Register task :app:connectedCheck' completed
2026-03-16T23:45:28.896+0700 [DEBUG] [org.gradle.internal.operations.DefaultBuildOperationRunner] Build operation 'Register task :app:preBuild' completed
2026-03-16T23:45:28.896+0700 [DEBUG] [org.gradle.internal.operations.DefaultBuildOperationRunner] Build operation 'Register task :app:extractProguardFiles' completed
2026-03-16T23:45:28.896+0700 [DEBUG] [org.gradle.internal.operations.DefaultBuildOperationRunner] Build operation 'Register task :app:assembleAndroidTest' completed
2026-03-16T23:45:28.896+0700 [DEBUG] [org.gradle.internal.operations.DefaultBuildOperationRunner] Build operation 'Register task :app:assembleUnitTest' completed
2026-03-16T23:45:28.897+0700 [DEBUG] [org.gradle.internal.operations.DefaultBuildOperationRunner] Build operation 'Register task :app:compileLint' completed
2026-03-16T23:45:28.897+0700 [DEBUG] [org.gradle.internal.operations.DefaultBuildOperationRunner] Build operation 'Register task :app:lintFix' completed
2026-03-16T23:45:28.897+0700 [DEBUG] [org.gradle.internal.operations.DefaultBuildOperationRunner] Build operation 'Register task :app:lint' completed
2026-03-16T23:45:28.898+0700 [DEBUG] [org.gradle.internal.operations.DefaultBuildOperationRunner] Build operation 'Register task :app:updateLintBaseline' completed
2026-03-16T23:45:28.898+0700 [DEBUG] [org.gradle.internal.operations.DefaultBuildOperationRunner] Build operation 'Register task :app:resolveConfigAttr' completed
2026-03-16T23:45:28.898+0700 [DEBUG] [org.gradle.internal.operations.DefaultBuildOperationRunner] Build operation 'Register task :app:consumeConfigAttr' completed
2026-03-16T23:45:28.900+0700 [DEBUG] [org.gradle.internal.operations.DefaultBuildOperationRunner] Build operation 'Apply plugin com.android.build.gradle.api.AndroidBasePlugin to project ':app'' completed
2026-03-16T23:45:28.900+0700 [DEBUG] [org.gradle.internal.operations.DefaultBuildOperationRunner] Build operation 'Apply plugin com.android.internal.application to project ':app'' completed
2026-03-16T23:45:28.901+0700 [DEBUG] [org.gradle.internal.operations.DefaultBuildOperationRunner] Build operation 'Execute container callback action' completed
2026-03-16T23:45:28.901+0700 [DEBUG] [org.gradle.internal.operations.DefaultBuildOperationRunner] Build operation 'Apply plugin com.android.application to project ':app'' completed
2026-03-16T23:45:28.902+0700 [DEBUG] [org.gradle.internal.operations.DefaultBuildOperationRunner] Build operation 'Register task :app:kotlinDslAccessorsReport' completed
2026-03-16T23:45:28.902+0700 [DEBUG] [org.gradle.internal.operations.DefaultBuildOperationRunner] Build operation 'Apply plugin org.gradle.kotlin.dsl.provider.plugins.KotlinScriptBasePlugin to project ':app'' completed
2026-03-16T23:45:28.905+0700 [DEBUG] [org.gradle.internal.operations.DefaultBuildOperationRunner] Build operation 'Execute container callback action' completed
2026-03-16T23:45:28.905+0700 [DEBUG] [org.gradle.internal.operations.DefaultBuildOperationRunner] Build operation 'Execute container callback action' completed
2026-03-16T23:45:28.905+0700 [DEBUG] [org.gradle.internal.operations.DefaultBuildOperationRunner] Build operation 'Execute container callback action' completed
2026-03-16T23:45:28.905+0700 [DEBUG] [org.gradle.internal.operations.DefaultBuildOperationRunner] Build operation 'Execute container callback action' completed
2026-03-16T23:45:28.912+0700 [DEBUG] [org.gradle.internal.file.impl.DefaultDeleter] Deleting C:\Users\USER\.gradle\caches\9.3.1\kotlin-dsl\scripts\6ee7105e040a5cb5a50e6ae861037de9\workspace
2026-03-16T23:45:28.917+0700 [DEBUG] [org.gradle.internal.vfs.impl.AbstractVirtualFileSystem] Invalidating VFS paths: [C:\Users\USER\.gradle\caches\9.3.1\kotlin-dsl\scripts\6ee7105e040a5cb5a50e6ae861037de9\workspace]
2026-03-16T23:45:28.918+0700 [DEBUG] [org.gradle.internal.execution.steps.AbstractCaptureStateBeforeExecutionStep] Implementation for Kotlin DSL script compilation (Project/TopLevel/stage2): org.gradle.kotlin.dsl.provider.StandardKotlinScriptEvaluator$KotlinScriptCompilationAndInstrumentation@0fe2552bd2b931ed258b6857d8ab9e9f
2026-03-16T23:45:28.918+0700 [DEBUG] [org.gradle.internal.execution.steps.AbstractCaptureStateBeforeExecutionStep] Additional implementations for Kotlin DSL script compilation (Project/TopLevel/stage2): []
2026-03-16T23:45:28.918+0700 [DEBUG] [org.gradle.internal.operations.DefaultBuildOperationRunner] Build operation 'Snapshot inputs and outputs before executing Kotlin DSL script compilation (Project/TopLevel/stage2)' completed
2026-03-16T23:45:28.918+0700 [INFO] [org.gradle.internal.execution.steps.AbstractResolveCachingStateStep] Caching disabled for Kotlin DSL script compilation (Project/TopLevel/stage2) because:
  Build cache is disabled
2026-03-16T23:45:28.919+0700 [DEBUG] [org.gradle.internal.vfs.impl.AbstractVirtualFileSystem] Invalidating VFS paths: [C:\Users\USER\.gradle\caches\9.3.1\kotlin-dsl\scripts\6ee7105e040a5cb5a50e6ae861037de9\workspace\instrumented\classes, C:\Users\USER\.gradle\caches\9.3.1\kotlin-dsl\scripts\6ee7105e040a5cb5a50e6ae861037de9\workspace\reports\gradle-intercepted-methods.report]
2026-03-16T23:45:28.919+0700 [DEBUG] [org.gradle.internal.execution.steps.PreCreateOutputParentsStep] Ensuring directory exists for property instrumentedOutput at C:\Users\USER\.gradle\caches\9.3.1\kotlin-dsl\scripts\6ee7105e040a5cb5a50e6ae861037de9\workspace\instrumented\classes
2026-03-16T23:45:28.921+0700 [DEBUG] [org.gradle.internal.execution.steps.PreCreateOutputParentsStep] Ensuring parent directory exists for property propertyUpgradeReportOutput at C:\Users\USER\.gradle\caches\9.3.1\kotlin-dsl\scripts\6ee7105e040a5cb5a50e6ae861037de9\workspace\reports\gradle-intercepted-methods.report
2026-03-16T23:45:28.923+0700 [DEBUG] [org.gradle.kotlin.dsl.execution.Interpreter] Compiling Project/TopLevel/stage2 from build file 'D:\Projects\HealthCareFitness_Android\app\build.gradle.kts'
2026-03-16T23:45:30.071+0700 [DEBUG] [org.gradle.internal.operations.DefaultBuildOperationRunner] Build operation 'Compile script build.gradle.kts (BODY)' completed
2026-03-16T23:45:30.074+0700 [DEBUG] [org.gradle.internal.operations.DefaultBuildOperationRunner] Build operation 'Executing Kotlin DSL script compilation (Project/TopLevel/stage2)' completed
2026-03-16T23:45:30.074+0700 [DEBUG] [org.gradle.internal.vfs.impl.AbstractVirtualFileSystem] Invalidating VFS paths: [C:\Users\USER\.gradle\caches\9.3.1\kotlin-dsl\scripts\6ee7105e040a5cb5a50e6ae861037de9\workspace\instrumented\classes, C:\Users\USER\.gradle\caches\9.3.1\kotlin-dsl\scripts\6ee7105e040a5cb5a50e6ae861037de9\workspace\reports\gradle-intercepted-methods.report]
2026-03-16T23:45:30.060+0700 [ERROR] [org.gradle.kotlin.dsl.execution.Interpreter] e: file:///D:/Projects/HealthCareFitness_Android/app/build.gradle.kts:18:31: Unresolved reference 'util'.
2026-03-16T23:45:30.075+0700 [DEBUG] [org.gradle.internal.operations.DefaultBuildOperationRunner] Build operation 'Snapshot outputs after executing Kotlin DSL script compilation (Project/TopLevel/stage2)' completed
2026-03-16T23:45:30.075+0700 [DEBUG] [org.gradle.internal.operations.DefaultBuildOperationRunner] Build operation 'Apply build file 'app\build.gradle.kts' to project ':app'' completed
2026-03-16T23:45:30.076+0700 [DEBUG] [org.gradle.configuration.project.BuildScriptProcessor] Timing: Running the build script took 1.281 secs
2026-03-16T23:45:30.078+0700 [DEBUG] [org.gradle.internal.operations.DefaultBuildOperationRunner] Build operation 'Execute Project.afterEvaluate listener' completed
2026-03-16T23:45:30.079+0700 [DEBUG] [org.gradle.internal.operations.DefaultBuildOperationRunner] Build operation 'Notify afterEvaluate listeners of :app' completed
2026-03-16T23:45:30.079+0700 [DEBUG] [org.gradle.internal.resources.AbstractTrackedResourceLock] Daemon worker Thread 4: released lock on state of build :
2026-03-16T23:45:30.079+0700 [DEBUG] [org.gradle.internal.operations.DefaultBuildOperationRunner] Completing Build operation 'Configure project :app'
2026-03-16T23:45:30.079+0700 [DEBUG] [org.gradle.internal.operations.DefaultBuildOperationRunner] Build operation 'Configure project :app' completed
2026-03-16T23:45:30.079+0700 [DEBUG] [org.gradle.internal.operations.DefaultBuildOperationRunner] Completing Build operation 'Configure build'
2026-03-16T23:45:30.080+0700 [DEBUG] [org.gradle.internal.operations.DefaultBuildOperationRunner] Build operation 'Configure build' completed
2026-03-16T23:45:30.080+0700 [DEBUG] [org.gradle.internal.operations.DefaultBuildOperationRunner] Build operation 'Finish root build tree' started
2026-03-16T23:45:30.083+0700 [DEBUG] [org.gradle.internal.resources.AbstractTrackedResourceLock] Daemon worker Thread 4: acquired lock on All projects of :
2026-03-16T23:45:30.084+0700 [DEBUG] [org.jetbrains.kotlin.gradle.plugin.statistics.FlowActionBuildFusService$Inject_] Executing [reportGlobalMetrics]
2026-03-16T23:45:30.084+0700 [DEBUG] [org.jetbrains.kotlin.gradle.plugin.statistics.FlowActionBuildFusService$Inject_] Executing [reportBuildFinish]
2026-03-16T23:45:30.085+0700 [DEBUG] [org.jetbrains.kotlin.gradle.plugin.statistics.KotlinBuildStatsLoggerService] Executing [class org.jetbrains.kotlin.gradle.plugin.statistics.KotlinBuildStatsLoggerService.initSessionLogger]
2026-03-16T23:45:30.085+0700 [DEBUG] [org.jetbrains.kotlin.gradle.plugin.statistics.KotlinBuildStatsLoggerService] Executing [class org.jetbrains.kotlin.gradle.plugin.statistics.KotlinBuildStatsLoggerService.reportBuildFinish]
2026-03-16T23:45:30.154+0700 [DEBUG] [org.gradle.internal.resources.AbstractTrackedResourceLock] Daemon worker Thread 4: released lock on All projects of :
2026-03-16T23:45:30.154+0700 [DEBUG] [org.jetbrains.kotlin.gradle.plugin.statistics.KotlinBuildStatsBeanService] Executing [class org.jetbrains.kotlin.gradle.plugin.statistics.KotlinBuildStatsBeanService.buildFinished]
2026-03-16T23:45:30.154+0700 [DEBUG] [org.jetbrains.kotlin.gradle.plugin.statistics.KotlinBuildStatsBeanService] Unregistered org.jetbrains.kotlin.gradle.plugin.statistics.old.Pre232IdeaKotlinBuildStatsBeanService@3f134d4a
2026-03-16T23:45:30.155+0700 [DEBUG] [org.jetbrains.kotlin.gradle.plugin.statistics.KotlinBuildStatsBeanService] Executing [class org.jetbrains.kotlin.gradle.plugin.statistics.KotlinBuildStatsBeanService.buildFinished]
2026-03-16T23:45:30.155+0700 [DEBUG] [org.jetbrains.kotlin.gradle.plugin.statistics.KotlinBuildStatsBeanService] Unregistered org.jetbrains.kotlin.gradle.plugin.statistics.DefaultKotlinBuildStatsBeanService@61634459
2026-03-16T23:45:30.155+0700 [DEBUG] [org.jetbrains.kotlin.gradle.plugin.statistics.FlowActionBuildFusService$Inject_] [KOTLIN] Close FlowActionBuildFusService$Inject_
2026-03-16T23:45:30.155+0700 [DEBUG] [org.jetbrains.kotlin.gradle.plugin.statistics.FlowActionBuildFusService$Inject_] FlowActionBuildFusService$Inject_ 415462019 is closed
2026-03-16T23:45:30.155+0700 [DEBUG] [org.jetbrains.kotlin.gradle.plugin.KotlinGradleBuildServices$Inject_] [KOTLIN] Disposed KotlinGradleBuildServices
2026-03-16T23:45:30.156+0700 [INFO] [org.jetbrains.kotlin.gradle.fus.BuildUidService$Inject_] Build b91d31e7-5ef0-474d-91d6-8325151d7fce is closed
2026-03-16T23:45:30.157+0700 [DEBUG] [org.gradle.internal.operations.DefaultBuildOperationRunner] Completing Build operation 'Finish root build tree'
2026-03-16T23:45:30.157+0700 [DEBUG] [org.gradle.internal.operations.DefaultBuildOperationRunner] Build operation 'Finish root build tree' completed
2026-03-16T23:45:30.163+0700 [ERROR] [org.gradle.internal.buildevents.BuildExceptionReporter] 
2026-03-16T23:45:30.164+0700 [ERROR] [org.gradle.internal.buildevents.BuildExceptionReporter] FAILURE: Build failed with an exception.
2026-03-16T23:45:30.164+0700 [ERROR] [org.gradle.internal.buildevents.BuildExceptionReporter] 
2026-03-16T23:45:30.164+0700 [ERROR] [org.gradle.internal.buildevents.BuildExceptionReporter] * Where:
2026-03-16T23:45:30.164+0700 [ERROR] [org.gradle.internal.buildevents.BuildExceptionReporter] Build file 'D:\Projects\HealthCareFitness_Android\app\build.gradle.kts' line: 18
2026-03-16T23:45:30.164+0700 [ERROR] [org.gradle.internal.buildevents.BuildExceptionReporter] 
2026-03-16T23:45:30.164+0700 [ERROR] [org.gradle.internal.buildevents.BuildExceptionReporter] * What went wrong:
2026-03-16T23:45:30.165+0700 [ERROR] [org.gradle.internal.buildevents.BuildExceptionReporter] Script compilation error:
2026-03-16T23:45:30.165+0700 [ERROR] [org.gradle.internal.buildevents.BuildExceptionReporter] 
2026-03-16T23:45:30.165+0700 [ERROR] [org.gradle.internal.buildevents.BuildExceptionReporter]   Line 18:         val properties = java.util.Properties()
2026-03-16T23:45:30.165+0700 [ERROR] [org.gradle.internal.buildevents.BuildExceptionReporter]                                          ^ Unresolved reference 'util'.
2026-03-16T23:45:30.166+0700 [ERROR] [org.gradle.internal.buildevents.BuildExceptionReporter] 
2026-03-16T23:45:30.166+0700 [ERROR] [org.gradle.internal.buildevents.BuildExceptionReporter] 1 error
2026-03-16T23:45:30.166+0700 [ERROR] [org.gradle.internal.buildevents.BuildExceptionReporter] 
2026-03-16T23:45:30.166+0700 [ERROR] [org.gradle.internal.buildevents.BuildExceptionReporter] * Try:
2026-03-16T23:45:30.167+0700 [ERROR] [org.gradle.internal.buildevents.BuildExceptionReporter] > Run with --scan to get full insights from a Build Scan (powered by Develocity).
2026-03-16T23:45:30.167+0700 [ERROR] [org.gradle.internal.buildevents.BuildExceptionReporter] > Get more help at https://help.gradle.org.
2026-03-16T23:45:30.168+0700 [ERROR] [org.gradle.internal.buildevents.BuildExceptionReporter] 
2026-03-16T23:45:30.168+0700 [ERROR] [org.gradle.internal.buildevents.BuildExceptionReporter] * Exception is:
2026-03-16T23:45:30.169+0700 [ERROR] [org.gradle.internal.buildevents.BuildExceptionReporter] ScriptCompilationException(scriptCompilationErrors=[ScriptCompilationError(message=Unresolved reference 'util'., location=C:\Users\USER\.gradle\.tmp\gradle-kotlin-dsl-13740924204911465275.tmp\build.gradle.kts (18:31))])
2026-03-16T23:45:30.169+0700 [ERROR] [org.gradle.internal.buildevents.BuildExceptionReporter] 	at org.gradle.kotlin.dsl.support.KotlinCompilerKt.reportToMessageCollectorAndThrowOnErrors(KotlinCompiler.kt:214)
2026-03-16T23:45:30.169+0700 [ERROR] [org.gradle.internal.buildevents.BuildExceptionReporter] 	at org.gradle.kotlin.dsl.support.KotlinCompilerKt.compileKotlinScriptModuleTo(KotlinCompiler.kt:183)
2026-03-16T23:45:30.169+0700 [ERROR] [org.gradle.internal.buildevents.BuildExceptionReporter] 	at org.gradle.kotlin.dsl.support.KotlinCompilerKt.compileKotlinScriptToDirectory(KotlinCompiler.kt:137)
2026-03-16T23:45:30.170+0700 [ERROR] [org.gradle.internal.buildevents.BuildExceptionReporter] 	at org.gradle.kotlin.dsl.execution.ResidualProgramCompiler.compileScript_C5AE47M$lambda$0(ResidualProgramCompiler.kt:713)
2026-03-16T23:45:30.170+0700 [ERROR] [org.gradle.internal.buildevents.BuildExceptionReporter] 	at org.gradle.kotlin.dsl.provider.StandardKotlinScriptEvaluator$InterpreterHost$runCompileBuildOperation$1.call(KotlinScriptEvaluator.kt:209)
2026-03-16T23:45:30.170+0700 [ERROR] [org.gradle.internal.buildevents.BuildExceptionReporter] 	at org.gradle.kotlin.dsl.provider.StandardKotlinScriptEvaluator$InterpreterHost$runCompileBuildOperation$1.call(KotlinScriptEvaluator.kt:206)
2026-03-16T23:45:30.170+0700 [ERROR] [org.gradle.internal.buildevents.BuildExceptionReporter] 	at org.gradle.internal.operations.DefaultBuildOperationRunner$CallableBuildOperationWorker.execute(DefaultBuildOperationRunner.java:209)
2026-03-16T23:45:30.171+0700 [ERROR] [org.gradle.internal.buildevents.BuildExceptionReporter] 	at org.gradle.internal.operations.DefaultBuildOperationRunner$CallableBuildOperationWorker.execute(DefaultBuildOperationRunner.java:204)
2026-03-16T23:45:30.171+0700 [ERROR] [org.gradle.internal.buildevents.BuildExceptionReporter] 	at org.gradle.internal.operations.DefaultBuildOperationRunner$2.execute(DefaultBuildOperationRunner.java:66)
2026-03-16T23:45:30.171+0700 [ERROR] [org.gradle.internal.buildevents.BuildExceptionReporter] 	at org.gradle.internal.operations.DefaultBuildOperationRunner$2.execute(DefaultBuildOperationRunner.java:59)
2026-03-16T23:45:30.171+0700 [ERROR] [org.gradle.internal.buildevents.BuildExceptionReporter] 	at org.gradle.internal.operations.DefaultBuildOperationRunner.execute(DefaultBuildOperationRunner.java:166)
2026-03-16T23:45:30.171+0700 [ERROR] [org.gradle.internal.buildevents.BuildExceptionReporter] 	at org.gradle.internal.operations.DefaultBuildOperationRunner.execute(DefaultBuildOperationRunner.java:59)
2026-03-16T23:45:30.172+0700 [ERROR] [org.gradle.internal.buildevents.BuildExceptionReporter] 	at org.gradle.internal.operations.DefaultBuildOperationRunner.call(DefaultBuildOperationRunner.java:53)
2026-03-16T23:45:30.172+0700 [ERROR] [org.gradle.internal.buildevents.BuildExceptionReporter] 	at org.gradle.kotlin.dsl.provider.StandardKotlinScriptEvaluator$InterpreterHost.runCompileBuildOperation(KotlinScriptEvaluator.kt:206)
2026-03-16T23:45:30.172+0700 [ERROR] [org.gradle.internal.buildevents.BuildExceptionReporter] 	at org.gradle.kotlin.dsl.execution.Interpreter$ProgramHost$compileSecondStageOf$cacheDir$1$1$1$1$1.invoke(Interpreter.kt:492)
2026-03-16T23:45:30.172+0700 [ERROR] [org.gradle.internal.buildevents.BuildExceptionReporter] 	at org.gradle.kotlin.dsl.execution.Interpreter$ProgramHost$compileSecondStageOf$cacheDir$1$1$1$1$1.invoke(Interpreter.kt:492)
2026-03-16T23:45:30.172+0700 [ERROR] [org.gradle.internal.buildevents.BuildExceptionReporter] 	at org.gradle.kotlin.dsl.execution.ResidualProgramCompiler.compileScript-C5AE47M(ResidualProgramCompiler.kt:712)
2026-03-16T23:45:30.173+0700 [ERROR] [org.gradle.internal.buildevents.BuildExceptionReporter] 	at org.gradle.kotlin.dsl.execution.ResidualProgramCompiler.compileScript-C5AE47M$default(ResidualProgramCompiler.kt:705)
2026-03-16T23:45:30.173+0700 [ERROR] [org.gradle.internal.buildevents.BuildExceptionReporter] 	at org.gradle.kotlin.dsl.execution.ResidualProgramCompiler.emitStage2ProgramFor(ResidualProgramCompiler.kt:364)
2026-03-16T23:45:30.173+0700 [ERROR] [org.gradle.internal.buildevents.BuildExceptionReporter] 	at org.gradle.kotlin.dsl.execution.Interpreter$ProgramHost.compileSecondStageOf$lambda$0(Interpreter.kt:493)
2026-03-16T23:45:30.173+0700 [ERROR] [org.gradle.internal.buildevents.BuildExceptionReporter] 	at org.gradle.kotlin.dsl.provider.StandardKotlinScriptEvaluator$KotlinScriptCompilationAndInstrumentation.compile(KotlinScriptEvaluator.kt:440)
2026-03-16T23:45:30.173+0700 [ERROR] [org.gradle.internal.buildevents.BuildExceptionReporter] 	at org.gradle.internal.scripts.BuildScriptCompilationAndInstrumentation.execute(BuildScriptCompilationAndInstrumentation.java:140)
2026-03-16T23:45:30.173+0700 [ERROR] [org.gradle.internal.buildevents.BuildExceptionReporter] 	at org.gradle.internal.execution.steps.ExecuteStep.executeInternal(ExecuteStep.java:110)
2026-03-16T23:45:30.174+0700 [ERROR] [org.gradle.internal.buildevents.BuildExceptionReporter] 	at org.gradle.internal.execution.steps.ExecuteStep.access$000(ExecuteStep.java:47)
2026-03-16T23:45:30.174+0700 [ERROR] [org.gradle.internal.buildevents.BuildExceptionReporter] 	at org.gradle.internal.execution.steps.ExecuteStep$1.call(ExecuteStep.java:64)
2026-03-16T23:45:30.174+0700 [ERROR] [org.gradle.internal.buildevents.BuildExceptionReporter] 	at org.gradle.internal.execution.steps.ExecuteStep$1.call(ExecuteStep.java:61)
2026-03-16T23:45:30.174+0700 [ERROR] [org.gradle.internal.buildevents.BuildExceptionReporter] 	at org.gradle.internal.operations.DefaultBuildOperationRunner$CallableBuildOperationWorker.execute(DefaultBuildOperationRunner.java:209)
2026-03-16T23:45:30.175+0700 [ERROR] [org.gradle.internal.buildevents.BuildExceptionReporter] 	at org.gradle.internal.operations.DefaultBuildOperationRunner$CallableBuildOperationWorker.execute(DefaultBuildOperationRunner.java:204)
2026-03-16T23:45:30.175+0700 [ERROR] [org.gradle.internal.buildevents.BuildExceptionReporter] 	at org.gradle.internal.operations.DefaultBuildOperationRunner$2.execute(DefaultBuildOperationRunner.java:66)
2026-03-16T23:45:30.175+0700 [ERROR] [org.gradle.internal.buildevents.BuildExceptionReporter] 	at org.gradle.internal.operations.DefaultBuildOperationRunner$2.execute(DefaultBuildOperationRunner.java:59)
2026-03-16T23:45:30.175+0700 [ERROR] [org.gradle.internal.buildevents.BuildExceptionReporter] 	at org.gradle.internal.operations.DefaultBuildOperationRunner.execute(DefaultBuildOperationRunner.java:166)
2026-03-16T23:45:30.175+0700 [ERROR] [org.gradle.internal.buildevents.BuildExceptionReporter] 	at org.gradle.internal.operations.DefaultBuildOperationRunner.execute(DefaultBuildOperationRunner.java:59)
2026-03-16T23:45:30.175+0700 [ERROR] [org.gradle.internal.buildevents.BuildExceptionReporter] 	at org.gradle.internal.operations.DefaultBuildOperationRunner.call(DefaultBuildOperationRunner.java:53)
2026-03-16T23:45:30.176+0700 [ERROR] [org.gradle.internal.buildevents.BuildExceptionReporter] 	at org.gradle.internal.execution.steps.ExecuteStep.execute(ExecuteStep.java:61)
2026-03-16T23:45:30.176+0700 [ERROR] [org.gradle.internal.buildevents.BuildExceptionReporter] 	at org.gradle.internal.execution.steps.ExecuteStep.execute(ExecuteStep.java:47)
2026-03-16T23:45:30.176+0700 [ERROR] [org.gradle.internal.buildevents.BuildExceptionReporter] 	at org.gradle.internal.execution.steps.CancelExecutionStep.execute(CancelExecutionStep.java:42)
2026-03-16T23:45:30.177+0700 [ERROR] [org.gradle.internal.buildevents.BuildExceptionReporter] 	at org.gradle.internal.execution.steps.TimeoutStep.executeWithoutTimeout(TimeoutStep.java:75)
2026-03-16T23:45:30.177+0700 [ERROR] [org.gradle.internal.buildevents.BuildExceptionReporter] 	at org.gradle.internal.execution.steps.TimeoutStep.execute(TimeoutStep.java:55)
2026-03-16T23:45:30.178+0700 [ERROR] [org.gradle.internal.buildevents.BuildExceptionReporter] 	at org.gradle.internal.execution.steps.PreCreateOutputParentsStep.execute(PreCreateOutputParentsStep.java:51)
2026-03-16T23:45:30.178+0700 [ERROR] [org.gradle.internal.buildevents.BuildExceptionReporter] 	at org.gradle.internal.execution.steps.PreCreateOutputParentsStep.execute(PreCreateOutputParentsStep.java:29)
2026-03-16T23:45:30.178+0700 [ERROR] [org.gradle.internal.buildevents.BuildExceptionReporter] 	at org.gradle.internal.execution.steps.BroadcastChangingOutputsStep.execute(BroadcastChangingOutputsStep.java:62)
2026-03-16T23:45:30.178+0700 [ERROR] [org.gradle.internal.buildevents.BuildExceptionReporter] 	at org.gradle.internal.execution.steps.BroadcastChangingOutputsStep.execute(BroadcastChangingOutputsStep.java:27)
2026-03-16T23:45:30.178+0700 [ERROR] [org.gradle.internal.buildevents.BuildExceptionReporter] 	at org.gradle.internal.execution.steps.CaptureOutputsAfterExecutionStep.execute(CaptureOutputsAfterExecutionStep.java:69)
2026-03-16T23:45:30.178+0700 [ERROR] [org.gradle.internal.buildevents.BuildExceptionReporter] 	at org.gradle.internal.execution.steps.CaptureOutputsAfterExecutionStep.execute(CaptureOutputsAfterExecutionStep.java:46)
2026-03-16T23:45:30.179+0700 [ERROR] [org.gradle.internal.buildevents.BuildExceptionReporter] 	at org.gradle.internal.execution.steps.NoInputChangesStep.execute(NoInputChangesStep.java:30)
2026-03-16T23:45:30.179+0700 [ERROR] [org.gradle.internal.buildevents.BuildExceptionReporter] 	at org.gradle.internal.execution.steps.NoInputChangesStep.execute(NoInputChangesStep.java:21)
2026-03-16T23:45:30.179+0700 [ERROR] [org.gradle.internal.buildevents.BuildExceptionReporter] 	at org.gradle.internal.execution.steps.BuildCacheStep.executeWithoutCache(BuildCacheStep.java:192)
2026-03-16T23:45:30.179+0700 [ERROR] [org.gradle.internal.buildevents.BuildExceptionReporter] 	at org.gradle.internal.execution.steps.BuildCacheStep.lambda$execute$1(BuildCacheStep.java:76)
2026-03-16T23:45:30.179+0700 [ERROR] [org.gradle.internal.buildevents.BuildExceptionReporter] 	at org.gradle.internal.Either$Right.fold(Either.java:176)
2026-03-16T23:45:30.180+0700 [ERROR] [org.gradle.internal.buildevents.BuildExceptionReporter] 	at org.gradle.internal.execution.caching.CachingState.fold(CachingState.java:62)
2026-03-16T23:45:30.180+0700 [ERROR] [org.gradle.internal.buildevents.BuildExceptionReporter] 	at org.gradle.internal.execution.steps.BuildCacheStep.execute(BuildCacheStep.java:74)
2026-03-16T23:45:30.180+0700 [ERROR] [org.gradle.internal.buildevents.BuildExceptionReporter] 	at org.gradle.internal.execution.steps.BuildCacheStep.execute(BuildCacheStep.java:49)
2026-03-16T23:45:30.180+0700 [ERROR] [org.gradle.internal.buildevents.BuildExceptionReporter] 	at org.gradle.internal.execution.steps.NeverUpToDateStep.execute(NeverUpToDateStep.java:34)
2026-03-16T23:45:30.181+0700 [ERROR] [org.gradle.internal.buildevents.BuildExceptionReporter] 	at org.gradle.internal.execution.steps.NeverUpToDateStep.execute(NeverUpToDateStep.java:22)
2026-03-16T23:45:30.181+0700 [ERROR] [org.gradle.internal.buildevents.BuildExceptionReporter] 	at org.gradle.internal.execution.steps.legacy.MarkSnapshottingInputsFinishedStep.execute(MarkSnapshottingInputsFinishedStep.java:37)
2026-03-16T23:45:30.181+0700 [ERROR] [org.gradle.internal.buildevents.BuildExceptionReporter] 	at org.gradle.internal.execution.steps.legacy.MarkSnapshottingInputsFinishedStep.execute(MarkSnapshottingInputsFinishedStep.java:27)
2026-03-16T23:45:30.182+0700 [ERROR] [org.gradle.internal.buildevents.BuildExceptionReporter] 	at org.gradle.internal.execution.steps.ResolveNonIncrementalCachingStateStep.executeDelegate(ResolveNonIncrementalCachingStateStep.java:50)
2026-03-16T23:45:30.182+0700 [ERROR] [org.gradle.internal.buildevents.BuildExceptionReporter] 	at org.gradle.internal.execution.steps.AbstractResolveCachingStateStep.execute(AbstractResolveCachingStateStep.java:71)
2026-03-16T23:45:30.182+0700 [ERROR] [org.gradle.internal.buildevents.BuildExceptionReporter] 	at org.gradle.internal.execution.steps.AbstractResolveCachingStateStep.execute(AbstractResolveCachingStateStep.java:39)
2026-03-16T23:45:30.182+0700 [ERROR] [org.gradle.internal.buildevents.BuildExceptionReporter] 	at org.gradle.internal.execution.steps.ValidateStep.execute(ValidateStep.java:64)
2026-03-16T23:45:30.183+0700 [ERROR] [org.gradle.internal.buildevents.BuildExceptionReporter] 	at org.gradle.internal.execution.steps.ValidateStep.execute(ValidateStep.java:42)
2026-03-16T23:45:30.183+0700 [ERROR] [org.gradle.internal.buildevents.BuildExceptionReporter] 	at org.gradle.internal.execution.steps.AbstractCaptureStateBeforeExecutionStep.execute(AbstractCaptureStateBeforeExecutionStep.java:77)
2026-03-16T23:45:30.183+0700 [ERROR] [org.gradle.internal.buildevents.BuildExceptionReporter] 	at org.gradle.internal.execution.steps.AbstractCaptureStateBeforeExecutionStep.execute(AbstractCaptureStateBeforeExecutionStep.java:46)
2026-03-16T23:45:30.183+0700 [ERROR] [org.gradle.internal.buildevents.BuildExceptionReporter] 	at org.gradle.internal.execution.steps.legacy.MarkSnapshottingInputsStartedStep.execute(MarkSnapshottingInputsStartedStep.java:38)
2026-03-16T23:45:30.183+0700 [ERROR] [org.gradle.internal.buildevents.BuildExceptionReporter] 	at org.gradle.internal.execution.steps.AssignImmutableWorkspaceStep.executeInWorkspace(AssignImmutableWorkspaceStep.java:260)
2026-03-16T23:45:30.183+0700 [ERROR] [org.gradle.internal.buildevents.BuildExceptionReporter] 	at org.gradle.internal.execution.steps.AssignImmutableWorkspaceStep.lambda$execute$0(AssignImmutableWorkspaceStep.java:150)
2026-03-16T23:45:30.184+0700 [ERROR] [org.gradle.internal.buildevents.BuildExceptionReporter] 	at org.gradle.internal.execution.steps.AssignImmutableWorkspaceStep.lambda$execute$1(AssignImmutableWorkspaceStep.java:148)
2026-03-16T23:45:30.184+0700 [ERROR] [org.gradle.internal.buildevents.BuildExceptionReporter] 	at org.gradle.internal.execution.workspace.impl.CacheBasedImmutableWorkspaceProvider$CacheContainer.lambda$withFileLock$0(CacheBasedImmutableWorkspaceProvider.java:178)
2026-03-16T23:45:30.184+0700 [ERROR] [org.gradle.internal.buildevents.BuildExceptionReporter] 	at org.gradle.cache.internal.LockOnDemandCrossProcessCacheAccess.withFileLock(LockOnDemandCrossProcessCacheAccess.java:90)
2026-03-16T23:45:30.184+0700 [ERROR] [org.gradle.internal.buildevents.BuildExceptionReporter] 	at org.gradle.cache.internal.DefaultCacheCoordinator.withFileLock(DefaultCacheCoordinator.java:226)
2026-03-16T23:45:30.184+0700 [ERROR] [org.gradle.internal.buildevents.BuildExceptionReporter] 	at org.gradle.cache.internal.DefaultPersistentDirectoryStore.withFileLock(DefaultPersistentDirectoryStore.java:147)
2026-03-16T23:45:30.185+0700 [ERROR] [org.gradle.internal.buildevents.BuildExceptionReporter] 	at org.gradle.cache.internal.DefaultCacheFactory$ReferenceTrackingCache.withFileLock(DefaultCacheFactory.java:203)
2026-03-16T23:45:30.185+0700 [ERROR] [org.gradle.internal.buildevents.BuildExceptionReporter] 	at org.gradle.internal.execution.workspace.impl.CacheBasedImmutableWorkspaceProvider$CacheContainer.withFileLock(CacheBasedImmutableWorkspaceProvider.java:175)
2026-03-16T23:45:30.185+0700 [ERROR] [org.gradle.internal.buildevents.BuildExceptionReporter] 	at org.gradle.internal.execution.workspace.impl.CacheBasedImmutableWorkspaceProvider$2.withWorkspaceLock(CacheBasedImmutableWorkspaceProvider.java:155)
2026-03-16T23:45:30.185+0700 [ERROR] [org.gradle.internal.buildevents.BuildExceptionReporter] 	at org.gradle.internal.execution.steps.AssignImmutableWorkspaceStep.execute(AssignImmutableWorkspaceStep.java:146)
2026-03-16T23:45:30.185+0700 [ERROR] [org.gradle.internal.buildevents.BuildExceptionReporter] 	at org.gradle.internal.execution.steps.AssignImmutableWorkspaceStep.execute(AssignImmutableWorkspaceStep.java:92)
2026-03-16T23:45:30.185+0700 [ERROR] [org.gradle.internal.buildevents.BuildExceptionReporter] 	at org.gradle.internal.execution.steps.ChoosePipelineStep.execute(ChoosePipelineStep.java:38)
2026-03-16T23:45:30.186+0700 [ERROR] [org.gradle.internal.buildevents.BuildExceptionReporter] 	at org.gradle.internal.execution.steps.ChoosePipelineStep.execute(ChoosePipelineStep.java:23)
2026-03-16T23:45:30.186+0700 [ERROR] [org.gradle.internal.buildevents.BuildExceptionReporter] 	at org.gradle.internal.execution.steps.ExecuteWorkBuildOperationFiringStep.lambda$execute$2(ExecuteWorkBuildOperationFiringStep.java:67)
2026-03-16T23:45:30.186+0700 [ERROR] [org.gradle.internal.buildevents.BuildExceptionReporter] 	at org.gradle.internal.execution.steps.ExecuteWorkBuildOperationFiringStep.execute(ExecuteWorkBuildOperationFiringStep.java:67)
2026-03-16T23:45:30.186+0700 [ERROR] [org.gradle.internal.buildevents.BuildExceptionReporter] 	at org.gradle.internal.execution.steps.ExecuteWorkBuildOperationFiringStep.execute(ExecuteWorkBuildOperationFiringStep.java:39)
2026-03-16T23:45:30.187+0700 [ERROR] [org.gradle.internal.buildevents.BuildExceptionReporter] 	at org.gradle.internal.execution.steps.IdentityCacheStep.execute(IdentityCacheStep.java:46)
2026-03-16T23:45:30.187+0700 [ERROR] [org.gradle.internal.buildevents.BuildExceptionReporter] 	at org.gradle.internal.execution.steps.IdentityCacheStep.execute(IdentityCacheStep.java:34)
2026-03-16T23:45:30.187+0700 [ERROR] [org.gradle.internal.buildevents.BuildExceptionReporter] 	at org.gradle.internal.execution.steps.IdentifyStep.execute(IdentifyStep.java:44)
2026-03-16T23:45:30.187+0700 [ERROR] [org.gradle.internal.buildevents.BuildExceptionReporter] 	at org.gradle.internal.execution.steps.IdentifyStep.execute(IdentifyStep.java:31)
2026-03-16T23:45:30.187+0700 [ERROR] [org.gradle.internal.buildevents.BuildExceptionReporter] 	at org.gradle.internal.execution.impl.DefaultExecutionEngine$1.execute(DefaultExecutionEngine.java:68)
2026-03-16T23:45:30.187+0700 [ERROR] [org.gradle.internal.buildevents.BuildExceptionReporter] 	at org.gradle.kotlin.dsl.provider.StandardKotlinScriptEvaluator$InterpreterHost.cachedDirFor(KotlinScriptEvaluator.kt:304)
2026-03-16T23:45:30.188+0700 [ERROR] [org.gradle.internal.buildevents.BuildExceptionReporter] 	at org.gradle.kotlin.dsl.execution.Interpreter$ProgramHost.compileSecondStageOf(Interpreter.kt:469)
2026-03-16T23:45:30.188+0700 [ERROR] [org.gradle.internal.buildevents.BuildExceptionReporter] 	at Program.loadSecondStageFor(Unknown Source)
2026-03-16T23:45:30.188+0700 [ERROR] [org.gradle.internal.buildevents.BuildExceptionReporter] 	at org.gradle.kotlin.dsl.execution.Interpreter$ProgramHost.evaluateSecondStageOf(Interpreter.kt:433)
2026-03-16T23:45:30.188+0700 [ERROR] [org.gradle.internal.buildevents.BuildExceptionReporter] 	at Program.execute(Unknown Source)
2026-03-16T23:45:30.188+0700 [ERROR] [org.gradle.internal.buildevents.BuildExceptionReporter] 	at org.gradle.kotlin.dsl.execution.Interpreter$ProgramHost.eval(Interpreter.kt:516)
2026-03-16T23:45:30.188+0700 [ERROR] [org.gradle.internal.buildevents.BuildExceptionReporter] 	at org.gradle.kotlin.dsl.execution.Interpreter.eval(Interpreter.kt:194)
2026-03-16T23:45:30.189+0700 [ERROR] [org.gradle.internal.buildevents.BuildExceptionReporter] 	at org.gradle.kotlin.dsl.provider.StandardKotlinScriptEvaluator.evaluate(KotlinScriptEvaluator.kt:133)
2026-03-16T23:45:30.189+0700 [ERROR] [org.gradle.internal.buildevents.BuildExceptionReporter] 	at org.gradle.kotlin.dsl.provider.KotlinScriptPluginFactory.create$lambda$0(KotlinScriptPluginFactory.kt:61)
2026-03-16T23:45:30.189+0700 [ERROR] [org.gradle.internal.buildevents.BuildExceptionReporter] 	at org.gradle.kotlin.dsl.provider.KotlinScriptPlugin.apply(KotlinScriptPlugin.kt:35)
2026-03-16T23:45:30.189+0700 [ERROR] [org.gradle.internal.buildevents.BuildExceptionReporter] 	at org.gradle.configuration.BuildOperationScriptPlugin$1.run(BuildOperationScriptPlugin.java:68)
2026-03-16T23:45:30.189+0700 [ERROR] [org.gradle.internal.buildevents.BuildExceptionReporter] 	at org.gradle.internal.operations.DefaultBuildOperationRunner$1.execute(DefaultBuildOperationRunner.java:29)
2026-03-16T23:45:30.189+0700 [ERROR] [org.gradle.internal.buildevents.BuildExceptionReporter] 	at org.gradle.internal.operations.DefaultBuildOperationRunner$1.execute(DefaultBuildOperationRunner.java:26)
2026-03-16T23:45:30.190+0700 [ERROR] [org.gradle.internal.buildevents.BuildExceptionReporter] 	at org.gradle.internal.operations.DefaultBuildOperationRunner$2.execute(DefaultBuildOperationRunner.java:66)
2026-03-16T23:45:30.190+0700 [ERROR] [org.gradle.internal.buildevents.BuildExceptionReporter] 	at org.gradle.internal.operations.DefaultBuildOperationRunner$2.execute(DefaultBuildOperationRunner.java:59)
2026-03-16T23:45:30.190+0700 [ERROR] [org.gradle.internal.buildevents.BuildExceptionReporter] 	at org.gradle.internal.operations.DefaultBuildOperationRunner.execute(DefaultBuildOperationRunner.java:166)
2026-03-16T23:45:30.190+0700 [ERROR] [org.gradle.internal.buildevents.BuildExceptionReporter] 	at org.gradle.internal.operations.DefaultBuildOperationRunner.execute(DefaultBuildOperationRunner.java:59)
2026-03-16T23:45:30.190+0700 [ERROR] [org.gradle.internal.buildevents.BuildExceptionReporter] 	at org.gradle.internal.operations.DefaultBuildOperationRunner.run(DefaultBuildOperationRunner.java:47)
2026-03-16T23:45:30.191+0700 [ERROR] [org.gradle.internal.buildevents.BuildExceptionReporter] 	at org.gradle.configuration.BuildOperationScriptPlugin.lambda$apply$0(BuildOperationScriptPlugin.java:65)
2026-03-16T23:45:30.191+0700 [ERROR] [org.gradle.internal.buildevents.BuildExceptionReporter] 	at org.gradle.internal.code.DefaultUserCodeApplicationContext.apply(DefaultUserCodeApplicationContext.java:44)
2026-03-16T23:45:30.191+0700 [ERROR] [org.gradle.internal.buildevents.BuildExceptionReporter] 	at org.gradle.configuration.BuildOperationScriptPlugin.apply(BuildOperationScriptPlugin.java:65)
2026-03-16T23:45:30.191+0700 [ERROR] [org.gradle.internal.buildevents.BuildExceptionReporter] 	at org.gradle.api.internal.project.DefaultProjectStateRegistry$ProjectStateImpl.lambda$applyToMutableState$0(DefaultProjectStateRegistry.java:443)
2026-03-16T23:45:30.192+0700 [ERROR] [org.gradle.internal.buildevents.BuildExceptionReporter] 	at org.gradle.api.internal.project.DefaultProjectStateRegistry$ProjectStateImpl.lambda$fromMutableState$1(DefaultProjectStateRegistry.java:450)
2026-03-16T23:45:30.192+0700 [ERROR] [org.gradle.internal.buildevents.BuildExceptionReporter] 	at org.gradle.api.internal.project.DefaultProjectStateRegistry$ProjectStateImpl.runWithModelLock(DefaultProjectStateRegistry.java:466)
2026-03-16T23:45:30.192+0700 [ERROR] [org.gradle.internal.buildevents.BuildExceptionReporter] 	at org.gradle.api.internal.project.DefaultProjectStateRegistry$ProjectStateImpl.fromMutableState(DefaultProjectStateRegistry.java:450)
2026-03-16T23:45:30.192+0700 [ERROR] [org.gradle.internal.buildevents.BuildExceptionReporter] 	at org.gradle.api.internal.project.DefaultProjectStateRegistry$ProjectStateImpl.applyToMutableState(DefaultProjectStateRegistry.java:442)
2026-03-16T23:45:30.192+0700 [ERROR] [org.gradle.internal.buildevents.BuildExceptionReporter] 	at org.gradle.configuration.project.BuildScriptProcessor.execute(BuildScriptProcessor.java:46)
2026-03-16T23:45:30.193+0700 [ERROR] [org.gradle.internal.buildevents.BuildExceptionReporter] 	at org.gradle.configuration.project.BuildScriptProcessor.execute(BuildScriptProcessor.java:27)
2026-03-16T23:45:30.193+0700 [ERROR] [org.gradle.internal.buildevents.BuildExceptionReporter] 	at org.gradle.configuration.project.ConfigureActionsProjectEvaluator.evaluate(ConfigureActionsProjectEvaluator.java:35)
2026-03-16T23:45:30.193+0700 [ERROR] [org.gradle.internal.buildevents.BuildExceptionReporter] 	at org.gradle.configuration.project.LifecycleProjectEvaluator$EvaluateProject.lambda$run$0(LifecycleProjectEvaluator.java:109)
2026-03-16T23:45:30.193+0700 [ERROR] [org.gradle.internal.buildevents.BuildExceptionReporter] 	at org.gradle.api.internal.project.DefaultProjectStateRegistry$ProjectStateImpl.lambda$applyToMutableState$0(DefaultProjectStateRegistry.java:443)
2026-03-16T23:45:30.194+0700 [ERROR] [org.gradle.internal.buildevents.BuildExceptionReporter] 	at org.gradle.api.internal.project.DefaultProjectStateRegistry$ProjectStateImpl.lambda$fromMutableState$1(DefaultProjectStateRegistry.java:450)
2026-03-16T23:45:30.194+0700 [ERROR] [org.gradle.internal.buildevents.BuildExceptionReporter] 	at org.gradle.internal.work.DefaultWorkerLeaseService.lambda$withLocksAcquired$0(DefaultWorkerLeaseService.java:269)
2026-03-16T23:45:30.194+0700 [ERROR] [org.gradle.internal.buildevents.BuildExceptionReporter] 	at org.gradle.internal.work.ResourceLockStatistics$1.measure(ResourceLockStatistics.java:42)
2026-03-16T23:45:30.195+0700 [ERROR] [org.gradle.internal.buildevents.BuildExceptionReporter] 	at org.gradle.internal.work.DefaultWorkerLeaseService.withLocksAcquired(DefaultWorkerLeaseService.java:267)
2026-03-16T23:45:30.195+0700 [ERROR] [org.gradle.internal.buildevents.BuildExceptionReporter] 	at org.gradle.internal.work.DefaultWorkerLeaseService.lambda$withReplacedLocks$3(DefaultWorkerLeaseService.java:365)
2026-03-16T23:45:30.196+0700 [ERROR] [org.gradle.internal.buildevents.BuildExceptionReporter] 	at org.gradle.internal.work.DefaultWorkerLeaseService.withoutLocks(DefaultWorkerLeaseService.java:337)
2026-03-16T23:45:30.196+0700 [ERROR] [org.gradle.internal.buildevents.BuildExceptionReporter] 	at org.gradle.internal.work.DefaultWorkerLeaseService.withReplacedLocks(DefaultWorkerLeaseService.java:364)
2026-03-16T23:45:30.196+0700 [ERROR] [org.gradle.internal.buildevents.BuildExceptionReporter] 	at org.gradle.api.internal.project.DefaultProjectStateRegistry$ProjectStateImpl.runWithModelLock(DefaultProjectStateRegistry.java:471)
2026-03-16T23:45:30.196+0700 [ERROR] [org.gradle.internal.buildevents.BuildExceptionReporter] 	at org.gradle.api.internal.project.DefaultProjectStateRegistry$ProjectStateImpl.fromMutableState(DefaultProjectStateRegistry.java:450)
2026-03-16T23:45:30.197+0700 [ERROR] [org.gradle.internal.buildevents.BuildExceptionReporter] 	at org.gradle.api.internal.project.DefaultProjectStateRegistry$ProjectStateImpl.applyToMutableState(DefaultProjectStateRegistry.java:442)
2026-03-16T23:45:30.197+0700 [ERROR] [org.gradle.internal.buildevents.BuildExceptionReporter] 	at org.gradle.configuration.project.LifecycleProjectEvaluator$EvaluateProject.run(LifecycleProjectEvaluator.java:100)
2026-03-16T23:45:30.197+0700 [ERROR] [org.gradle.internal.buildevents.BuildExceptionReporter] 	at org.gradle.internal.operations.DefaultBuildOperationRunner$1.execute(DefaultBuildOperationRunner.java:29)
2026-03-16T23:45:30.198+0700 [ERROR] [org.gradle.internal.buildevents.BuildExceptionReporter] 	at org.gradle.internal.operations.DefaultBuildOperationRunner$1.execute(DefaultBuildOperationRunner.java:26)
2026-03-16T23:45:30.199+0700 [ERROR] [org.gradle.internal.buildevents.BuildExceptionReporter] 	at org.gradle.internal.operations.DefaultBuildOperationRunner$2.execute(DefaultBuildOperationRunner.java:66)
2026-03-16T23:45:30.199+0700 [ERROR] [org.gradle.internal.buildevents.BuildExceptionReporter] 	at org.gradle.internal.operations.DefaultBuildOperationRunner$2.execute(DefaultBuildOperationRunner.java:59)
2026-03-16T23:45:30.200+0700 [ERROR] [org.gradle.internal.buildevents.BuildExceptionReporter] 	at org.gradle.internal.operations.DefaultBuildOperationRunner.execute(DefaultBuildOperationRunner.java:166)
2026-03-16T23:45:30.200+0700 [ERROR] [org.gradle.internal.buildevents.BuildExceptionReporter] 	at org.gradle.internal.operations.DefaultBuildOperationRunner.execute(DefaultBuildOperationRunner.java:59)
2026-03-16T23:45:30.200+0700 [ERROR] [org.gradle.internal.buildevents.BuildExceptionReporter] 	at org.gradle.internal.operations.DefaultBuildOperationRunner.run(DefaultBuildOperationRunner.java:47)
2026-03-16T23:45:30.200+0700 [ERROR] [org.gradle.internal.buildevents.BuildExceptionReporter] 	at org.gradle.configuration.project.LifecycleProjectEvaluator.evaluate(LifecycleProjectEvaluator.java:72)
2026-03-16T23:45:30.200+0700 [ERROR] [org.gradle.internal.buildevents.BuildExceptionReporter] 	at org.gradle.api.internal.project.DefaultProject.evaluateUnchecked(DefaultProject.java:796)
2026-03-16T23:45:30.201+0700 [ERROR] [org.gradle.internal.buildevents.BuildExceptionReporter] 	at org.gradle.api.internal.project.ProjectLifecycleController.lambda$ensureSelfConfigured$2(ProjectLifecycleController.java:93)
2026-03-16T23:45:30.201+0700 [ERROR] [org.gradle.internal.buildevents.BuildExceptionReporter] 	at org.gradle.internal.model.StateTransitionController.lambda$doTransition$14(StateTransitionController.java:265)
2026-03-16T23:45:30.201+0700 [ERROR] [org.gradle.internal.buildevents.BuildExceptionReporter] 	at org.gradle.internal.model.StateTransitionController.doTransition(StateTransitionController.java:276)
2026-03-16T23:45:30.201+0700 [ERROR] [org.gradle.internal.buildevents.BuildExceptionReporter] 	at org.gradle.internal.model.StateTransitionController.doTransition(StateTransitionController.java:264)
2026-03-16T23:45:30.202+0700 [ERROR] [org.gradle.internal.buildevents.BuildExceptionReporter] 	at org.gradle.internal.model.StateTransitionController.lambda$maybeTransitionIfNotCurrentlyTransitioning$10(StateTransitionController.java:209)
2026-03-16T23:45:30.202+0700 [ERROR] [org.gradle.internal.buildevents.BuildExceptionReporter] 	at org.gradle.internal.work.DefaultSynchronizer.withLock(DefaultSynchronizer.java:35)
2026-03-16T23:45:30.202+0700 [ERROR] [org.gradle.internal.buildevents.BuildExceptionReporter] 	at org.gradle.internal.model.StateTransitionController.maybeTransitionIfNotCurrentlyTransitioning(StateTransitionController.java:205)
2026-03-16T23:45:30.203+0700 [ERROR] [org.gradle.internal.buildevents.BuildExceptionReporter] 	at org.gradle.api.internal.project.ProjectLifecycleController.ensureSelfConfigured(ProjectLifecycleController.java:93)
2026-03-16T23:45:30.204+0700 [ERROR] [org.gradle.internal.buildevents.BuildExceptionReporter] 	at org.gradle.api.internal.project.DefaultProjectStateRegistry$ProjectStateImpl.ensureConfigured(DefaultProjectStateRegistry.java:408)
2026-03-16T23:45:30.204+0700 [ERROR] [org.gradle.internal.buildevents.BuildExceptionReporter] 	at org.gradle.execution.TaskPathProjectEvaluator.configure(TaskPathProjectEvaluator.java:71)
2026-03-16T23:45:30.204+0700 [ERROR] [org.gradle.internal.buildevents.BuildExceptionReporter] 	at org.gradle.execution.TaskPathProjectEvaluator.configureHierarchy(TaskPathProjectEvaluator.java:87)
2026-03-16T23:45:30.204+0700 [ERROR] [org.gradle.internal.buildevents.BuildExceptionReporter] 	at org.gradle.configuration.DefaultProjectsPreparer.prepareProjects(DefaultProjectsPreparer.java:50)
2026-03-16T23:45:30.204+0700 [ERROR] [org.gradle.internal.buildevents.BuildExceptionReporter] 	at org.gradle.configuration.BuildTreePreparingProjectsPreparer.prepareProjects(BuildTreePreparingProjectsPreparer.java:65)
2026-03-16T23:45:30.205+0700 [ERROR] [org.gradle.internal.buildevents.BuildExceptionReporter] 	at org.gradle.configuration.BuildOperationFiringProjectsPreparer$ConfigureBuild.run(BuildOperationFiringProjectsPreparer.java:52)
2026-03-16T23:45:30.205+0700 [ERROR] [org.gradle.internal.buildevents.BuildExceptionReporter] 	at org.gradle.internal.operations.DefaultBuildOperationRunner$1.execute(DefaultBuildOperationRunner.java:29)
2026-03-16T23:45:30.205+0700 [ERROR] [org.gradle.internal.buildevents.BuildExceptionReporter] 	at org.gradle.internal.operations.DefaultBuildOperationRunner$1.execute(DefaultBuildOperationRunner.java:26)
2026-03-16T23:45:30.205+0700 [ERROR] [org.gradle.internal.buildevents.BuildExceptionReporter] 	at org.gradle.internal.operations.DefaultBuildOperationRunner$2.execute(DefaultBuildOperationRunner.java:66)
2026-03-16T23:45:30.205+0700 [ERROR] [org.gradle.internal.buildevents.BuildExceptionReporter] 	at org.gradle.internal.operations.DefaultBuildOperationRunner$2.execute(DefaultBuildOperationRunner.java:59)
2026-03-16T23:45:30.205+0700 [ERROR] [org.gradle.internal.buildevents.BuildExceptionReporter] 	at org.gradle.internal.operations.DefaultBuildOperationRunner.execute(DefaultBuildOperationRunner.java:166)
2026-03-16T23:45:30.205+0700 [ERROR] [org.gradle.internal.buildevents.BuildExceptionReporter] 	at org.gradle.internal.operations.DefaultBuildOperationRunner.execute(DefaultBuildOperationRunner.java:59)
2026-03-16T23:45:30.205+0700 [ERROR] [org.gradle.internal.buildevents.BuildExceptionReporter] 	at org.gradle.internal.operations.DefaultBuildOperationRunner.run(DefaultBuildOperationRunner.java:47)
2026-03-16T23:45:30.206+0700 [ERROR] [org.gradle.internal.buildevents.BuildExceptionReporter] 	at org.gradle.configuration.BuildOperationFiringProjectsPreparer.prepareProjects(BuildOperationFiringProjectsPreparer.java:40)
2026-03-16T23:45:30.206+0700 [ERROR] [org.gradle.internal.buildevents.BuildExceptionReporter] 	at org.gradle.initialization.VintageBuildModelController.lambda$prepareProjects$2(VintageBuildModelController.java:83)
2026-03-16T23:45:30.206+0700 [ERROR] [org.gradle.internal.buildevents.BuildExceptionReporter] 	at org.gradle.internal.model.StateTransitionController.lambda$doTransition$14(StateTransitionController.java:265)
2026-03-16T23:45:30.206+0700 [ERROR] [org.gradle.internal.buildevents.BuildExceptionReporter] 	at org.gradle.internal.model.StateTransitionController.doTransition(StateTransitionController.java:276)
2026-03-16T23:45:30.206+0700 [ERROR] [org.gradle.internal.buildevents.BuildExceptionReporter] 	at org.gradle.internal.model.StateTransitionController.doTransition(StateTransitionController.java:264)
2026-03-16T23:45:30.206+0700 [ERROR] [org.gradle.internal.buildevents.BuildExceptionReporter] 	at org.gradle.internal.model.StateTransitionController.lambda$transitionIfNotPreviously$11(StateTransitionController.java:223)
2026-03-16T23:45:30.206+0700 [ERROR] [org.gradle.internal.buildevents.BuildExceptionReporter] 	at org.gradle.internal.work.DefaultSynchronizer.withLock(DefaultSynchronizer.java:35)
2026-03-16T23:45:30.207+0700 [ERROR] [org.gradle.internal.buildevents.BuildExceptionReporter] 	at org.gradle.internal.model.StateTransitionController.transitionIfNotPreviously(StateTransitionController.java:219)
2026-03-16T23:45:30.207+0700 [ERROR] [org.gradle.internal.buildevents.BuildExceptionReporter] 	at org.gradle.initialization.VintageBuildModelController.prepareProjects(VintageBuildModelController.java:83)
2026-03-16T23:45:30.207+0700 [ERROR] [org.gradle.internal.buildevents.BuildExceptionReporter] 	at org.gradle.initialization.VintageBuildModelController.prepareToScheduleTasks(VintageBuildModelController.java:70)
2026-03-16T23:45:30.207+0700 [ERROR] [org.gradle.internal.buildevents.BuildExceptionReporter] 	at org.gradle.internal.build.DefaultBuildLifecycleController.lambda$prepareToScheduleTasks$6(DefaultBuildLifecycleController.java:175)
2026-03-16T23:45:30.207+0700 [ERROR] [org.gradle.internal.buildevents.BuildExceptionReporter] 	at org.gradle.internal.model.StateTransitionController.lambda$doTransition$14(StateTransitionController.java:265)
2026-03-16T23:45:30.207+0700 [ERROR] [org.gradle.internal.buildevents.BuildExceptionReporter] 	at org.gradle.internal.model.StateTransitionController.doTransition(StateTransitionController.java:276)
2026-03-16T23:45:30.207+0700 [ERROR] [org.gradle.internal.buildevents.BuildExceptionReporter] 	at org.gradle.internal.model.StateTransitionController.doTransition(StateTransitionController.java:264)
2026-03-16T23:45:30.207+0700 [ERROR] [org.gradle.internal.buildevents.BuildExceptionReporter] 	at org.gradle.internal.model.StateTransitionController.lambda$maybeTransition$9(StateTransitionController.java:200)
2026-03-16T23:45:30.208+0700 [ERROR] [org.gradle.internal.buildevents.BuildExceptionReporter] 	at org.gradle.internal.work.DefaultSynchronizer.withLock(DefaultSynchronizer.java:35)
2026-03-16T23:45:30.208+0700 [ERROR] [org.gradle.internal.buildevents.BuildExceptionReporter] 	at org.gradle.internal.model.StateTransitionController.maybeTransition(StateTransitionController.java:196)
2026-03-16T23:45:30.208+0700 [ERROR] [org.gradle.internal.buildevents.BuildExceptionReporter] 	at org.gradle.internal.build.DefaultBuildLifecycleController.prepareToScheduleTasks(DefaultBuildLifecycleController.java:173)
2026-03-16T23:45:30.208+0700 [ERROR] [org.gradle.internal.buildevents.BuildExceptionReporter] 	at org.gradle.internal.buildtree.DefaultBuildTreeWorkPreparer.scheduleRequestedTasks(DefaultBuildTreeWorkPreparer.java:35)
2026-03-16T23:45:30.208+0700 [ERROR] [org.gradle.internal.buildevents.BuildExceptionReporter] 	at org.gradle.internal.cc.impl.barrier.BarrierAwareBuildTreeWorkPreparer.scheduleRequestedTasks$lambda$0(BarrierAwareBuildTreeWorkPreparer.kt:34)
2026-03-16T23:45:30.208+0700 [ERROR] [org.gradle.internal.buildevents.BuildExceptionReporter] 	at org.gradle.internal.cc.impl.barrier.VintageConfigurationTimeActionRunner.runConfigurationTimeAction(VintageConfigurationTimeActionRunner.kt:48)
2026-03-16T23:45:30.208+0700 [ERROR] [org.gradle.internal.buildevents.BuildExceptionReporter] 	at org.gradle.internal.cc.impl.barrier.BarrierAwareBuildTreeWorkPreparer.scheduleRequestedTasks(BarrierAwareBuildTreeWorkPreparer.kt:33)
2026-03-16T23:45:30.208+0700 [ERROR] [org.gradle.internal.buildevents.BuildExceptionReporter] 	at org.gradle.internal.cc.impl.VintageBuildTreeWorkController$scheduleAndRunRequestedTasks$1.apply(VintageBuildTreeWorkController.kt:36)
2026-03-16T23:45:30.208+0700 [ERROR] [org.gradle.internal.buildevents.BuildExceptionReporter] 	at org.gradle.internal.cc.impl.VintageBuildTreeWorkController$scheduleAndRunRequestedTasks$1.apply(VintageBuildTreeWorkController.kt:35)
2026-03-16T23:45:30.208+0700 [ERROR] [org.gradle.internal.buildevents.BuildExceptionReporter] 	at org.gradle.composite.internal.DefaultIncludedBuildTaskGraph.withNewWorkGraph(DefaultIncludedBuildTaskGraph.java:114)
2026-03-16T23:45:30.208+0700 [ERROR] [org.gradle.internal.buildevents.BuildExceptionReporter] 	at org.gradle.internal.cc.impl.VintageBuildTreeWorkController.scheduleAndRunRequestedTasks(VintageBuildTreeWorkController.kt:35)
2026-03-16T23:45:30.208+0700 [ERROR] [org.gradle.internal.buildevents.BuildExceptionReporter] 	at org.gradle.internal.buildtree.DefaultBuildTreeLifecycleController.lambda$scheduleAndRunTasks$1(DefaultBuildTreeLifecycleController.java:77)
2026-03-16T23:45:30.209+0700 [ERROR] [org.gradle.internal.buildevents.BuildExceptionReporter] 	at org.gradle.internal.buildtree.DefaultBuildTreeLifecycleController.lambda$runBuild$4(DefaultBuildTreeLifecycleController.java:120)
2026-03-16T23:45:30.209+0700 [ERROR] [org.gradle.internal.buildevents.BuildExceptionReporter] 	at org.gradle.internal.model.StateTransitionController.lambda$transition$6(StateTransitionController.java:179)
2026-03-16T23:45:30.209+0700 [ERROR] [org.gradle.internal.buildevents.BuildExceptionReporter] 	at org.gradle.internal.model.StateTransitionController.doTransition(StateTransitionController.java:276)
2026-03-16T23:45:30.209+0700 [ERROR] [org.gradle.internal.buildevents.BuildExceptionReporter] 	at org.gradle.internal.model.StateTransitionController.lambda$transition$7(StateTransitionController.java:179)
2026-03-16T23:45:30.209+0700 [ERROR] [org.gradle.internal.buildevents.BuildExceptionReporter] 	at org.gradle.internal.work.DefaultSynchronizer.withLock(DefaultSynchronizer.java:45)
2026-03-16T23:45:30.209+0700 [ERROR] [org.gradle.internal.buildevents.BuildExceptionReporter] 	at org.gradle.internal.model.StateTransitionController.transition(StateTransitionController.java:179)
2026-03-16T23:45:30.209+0700 [ERROR] [org.gradle.internal.buildevents.BuildExceptionReporter] 	at org.gradle.internal.buildtree.DefaultBuildTreeLifecycleController.runBuild(DefaultBuildTreeLifecycleController.java:117)
2026-03-16T23:45:30.209+0700 [ERROR] [org.gradle.internal.buildevents.BuildExceptionReporter] 	at org.gradle.internal.buildtree.DefaultBuildTreeLifecycleController.scheduleAndRunTasks(DefaultBuildTreeLifecycleController.java:77)
2026-03-16T23:45:30.209+0700 [ERROR] [org.gradle.internal.buildevents.BuildExceptionReporter] 	at org.gradle.internal.buildtree.DefaultBuildTreeLifecycleController.scheduleAndRunTasks(DefaultBuildTreeLifecycleController.java:72)
2026-03-16T23:45:30.210+0700 [ERROR] [org.gradle.internal.buildevents.BuildExceptionReporter] 	at org.gradle.tooling.internal.provider.ExecuteBuildActionRunner.run(ExecuteBuildActionRunner.java:31)
2026-03-16T23:45:30.210+0700 [ERROR] [org.gradle.internal.buildevents.BuildExceptionReporter] 	at org.gradle.launcher.exec.ChainingBuildActionRunner.run(ChainingBuildActionRunner.java:35)
2026-03-16T23:45:30.210+0700 [ERROR] [org.gradle.internal.buildevents.BuildExceptionReporter] 	at org.gradle.internal.buildtree.ProblemReportingBuildActionRunner.run(ProblemReportingBuildActionRunner.java:54)
2026-03-16T23:45:30.210+0700 [ERROR] [org.gradle.internal.buildevents.BuildExceptionReporter] 	at org.gradle.launcher.exec.BuildOutcomeReportingBuildActionRunner.run(BuildOutcomeReportingBuildActionRunner.java:83)
2026-03-16T23:45:30.210+0700 [ERROR] [org.gradle.internal.buildevents.BuildExceptionReporter] 	at org.gradle.tooling.internal.provider.FileSystemWatchingBuildActionRunner.run(FileSystemWatchingBuildActionRunner.java:135)
2026-03-16T23:45:30.210+0700 [ERROR] [org.gradle.internal.buildevents.BuildExceptionReporter] 	at org.gradle.launcher.exec.BuildCompletionNotifyingBuildActionRunner.run(BuildCompletionNotifyingBuildActionRunner.java:54)
2026-03-16T23:45:30.210+0700 [ERROR] [org.gradle.internal.buildevents.BuildExceptionReporter] 	at org.gradle.launcher.exec.RootBuildLifecycleBuildActionExecutor.lambda$execute$0(RootBuildLifecycleBuildActionExecutor.java:101)
2026-03-16T23:45:30.210+0700 [ERROR] [org.gradle.internal.buildevents.BuildExceptionReporter] 	at org.gradle.composite.internal.DefaultRootBuildState.run(DefaultRootBuildState.java:126)
2026-03-16T23:45:30.210+0700 [ERROR] [org.gradle.internal.buildevents.BuildExceptionReporter] 	at org.gradle.launcher.exec.RootBuildLifecycleBuildActionExecutor.execute(RootBuildLifecycleBuildActionExecutor.java:101)
2026-03-16T23:45:30.210+0700 [ERROR] [org.gradle.internal.buildevents.BuildExceptionReporter] 	at org.gradle.launcher.exec.BuildTreeLifecycleBuildActionExecutor.runRootBuildAction(BuildTreeLifecycleBuildActionExecutor.java:98)
2026-03-16T23:45:30.211+0700 [ERROR] [org.gradle.internal.buildevents.BuildExceptionReporter] 	at org.gradle.launcher.exec.BuildTreeLifecycleBuildActionExecutor.execute(BuildTreeLifecycleBuildActionExecutor.java:69)
2026-03-16T23:45:30.211+0700 [ERROR] [org.gradle.internal.buildevents.BuildExceptionReporter] 	at org.gradle.launcher.exec.RunAsBuildOperationBuildActionExecutor$2.call(RunAsBuildOperationBuildActionExecutor.java:65)
2026-03-16T23:45:30.211+0700 [ERROR] [org.gradle.internal.buildevents.BuildExceptionReporter] 	at org.gradle.launcher.exec.RunAsBuildOperationBuildActionExecutor$2.call(RunAsBuildOperationBuildActionExecutor.java:61)
2026-03-16T23:45:30.211+0700 [ERROR] [org.gradle.internal.buildevents.BuildExceptionReporter] 	at org.gradle.internal.operations.DefaultBuildOperationRunner$CallableBuildOperationWorker.execute(DefaultBuildOperationRunner.java:209)
2026-03-16T23:45:30.211+0700 [ERROR] [org.gradle.internal.buildevents.BuildExceptionReporter] 	at org.gradle.internal.operations.DefaultBuildOperationRunner$CallableBuildOperationWorker.execute(DefaultBuildOperationRunner.java:204)
2026-03-16T23:45:30.211+0700 [ERROR] [org.gradle.internal.buildevents.BuildExceptionReporter] 	at org.gradle.internal.operations.DefaultBuildOperationRunner$2.execute(DefaultBuildOperationRunner.java:66)
2026-03-16T23:45:30.211+0700 [ERROR] [org.gradle.internal.buildevents.BuildExceptionReporter] 	at org.gradle.internal.operations.DefaultBuildOperationRunner$2.execute(DefaultBuildOperationRunner.java:59)
2026-03-16T23:45:30.211+0700 [ERROR] [org.gradle.internal.buildevents.BuildExceptionReporter] 	at org.gradle.internal.operations.DefaultBuildOperationRunner.execute(DefaultBuildOperationRunner.java:166)
2026-03-16T23:45:30.211+0700 [ERROR] [org.gradle.internal.buildevents.BuildExceptionReporter] 	at org.gradle.internal.operations.DefaultBuildOperationRunner.execute(DefaultBuildOperationRunner.java:59)
2026-03-16T23:45:30.212+0700 [ERROR] [org.gradle.internal.buildevents.BuildExceptionReporter] 	at org.gradle.internal.operations.DefaultBuildOperationRunner.call(DefaultBuildOperationRunner.java:53)
2026-03-16T23:45:30.212+0700 [ERROR] [org.gradle.internal.buildevents.BuildExceptionReporter] 	at org.gradle.launcher.exec.RunAsBuildOperationBuildActionExecutor.execute(RunAsBuildOperationBuildActionExecutor.java:61)
2026-03-16T23:45:30.212+0700 [ERROR] [org.gradle.internal.buildevents.BuildExceptionReporter] 	at org.gradle.launcher.exec.RunAsWorkerThreadBuildActionExecutor.lambda$execute$0(RunAsWorkerThreadBuildActionExecutor.java:36)
2026-03-16T23:45:30.212+0700 [ERROR] [org.gradle.internal.buildevents.BuildExceptionReporter] 	at org.gradle.internal.work.DefaultWorkerLeaseService.lambda$withLocksAcquired$0(DefaultWorkerLeaseService.java:269)
2026-03-16T23:45:30.212+0700 [ERROR] [org.gradle.internal.buildevents.BuildExceptionReporter] 	at org.gradle.internal.work.ResourceLockStatistics$1.measure(ResourceLockStatistics.java:42)
2026-03-16T23:45:30.212+0700 [ERROR] [org.gradle.internal.buildevents.BuildExceptionReporter] 	at org.gradle.internal.work.DefaultWorkerLeaseService.withLocksAcquired(DefaultWorkerLeaseService.java:267)
2026-03-16T23:45:30.212+0700 [ERROR] [org.gradle.internal.buildevents.BuildExceptionReporter] 	at org.gradle.internal.work.DefaultWorkerLeaseService.withLocks(DefaultWorkerLeaseService.java:259)
2026-03-16T23:45:30.213+0700 [ERROR] [org.gradle.internal.buildevents.BuildExceptionReporter] 	at org.gradle.internal.work.DefaultWorkerLeaseService.runAsWorkerThread(DefaultWorkerLeaseService.java:127)
2026-03-16T23:45:30.213+0700 [ERROR] [org.gradle.internal.buildevents.BuildExceptionReporter] 	at org.gradle.launcher.exec.RunAsWorkerThreadBuildActionExecutor.execute(RunAsWorkerThreadBuildActionExecutor.java:36)
2026-03-16T23:45:30.213+0700 [ERROR] [org.gradle.internal.buildevents.BuildExceptionReporter] 	at org.gradle.tooling.internal.provider.continuous.ContinuousBuildActionExecutor.execute(ContinuousBuildActionExecutor.java:110)
2026-03-16T23:45:30.213+0700 [ERROR] [org.gradle.internal.buildevents.BuildExceptionReporter] 	at org.gradle.tooling.internal.provider.SubscribableBuildActionExecutor.execute(SubscribableBuildActionExecutor.java:64)
2026-03-16T23:45:30.213+0700 [ERROR] [org.gradle.internal.buildevents.BuildExceptionReporter] 	at org.gradle.internal.session.DefaultBuildSessionContext.execute(DefaultBuildSessionContext.java:46)
2026-03-16T23:45:30.213+0700 [ERROR] [org.gradle.internal.buildevents.BuildExceptionReporter] 	at org.gradle.internal.buildprocess.execution.BuildSessionLifecycleBuildActionExecutor$ActionImpl.apply(BuildSessionLifecycleBuildActionExecutor.java:106)
2026-03-16T23:45:30.213+0700 [ERROR] [org.gradle.internal.buildevents.BuildExceptionReporter] 	at org.gradle.internal.buildprocess.execution.BuildSessionLifecycleBuildActionExecutor$ActionImpl.apply(BuildSessionLifecycleBuildActionExecutor.java:94)
2026-03-16T23:45:30.214+0700 [ERROR] [org.gradle.internal.buildevents.BuildExceptionReporter] 	at org.gradle.internal.session.BuildSessionState.run(BuildSessionState.java:73)
2026-03-16T23:45:30.214+0700 [ERROR] [org.gradle.internal.buildevents.BuildExceptionReporter] 	at org.gradle.internal.buildprocess.execution.BuildSessionLifecycleBuildActionExecutor.execute(BuildSessionLifecycleBuildActionExecutor.java:67)
2026-03-16T23:45:30.214+0700 [ERROR] [org.gradle.internal.buildevents.BuildExceptionReporter] 	at org.gradle.internal.buildprocess.execution.BuildSessionLifecycleBuildActionExecutor.execute(BuildSessionLifecycleBuildActionExecutor.java:45)
2026-03-16T23:45:30.214+0700 [ERROR] [org.gradle.internal.buildevents.BuildExceptionReporter] 	at org.gradle.internal.buildprocess.execution.StartParamsValidatingActionExecutor.execute(StartParamsValidatingActionExecutor.java:57)
2026-03-16T23:45:30.214+0700 [ERROR] [org.gradle.internal.buildevents.BuildExceptionReporter] 	at org.gradle.internal.buildprocess.execution.StartParamsValidatingActionExecutor.execute(StartParamsValidatingActionExecutor.java:32)
2026-03-16T23:45:30.214+0700 [ERROR] [org.gradle.internal.buildevents.BuildExceptionReporter] 	at org.gradle.internal.buildprocess.execution.SessionFailureReportingActionExecutor.execute(SessionFailureReportingActionExecutor.java:51)
2026-03-16T23:45:30.214+0700 [ERROR] [org.gradle.internal.buildevents.BuildExceptionReporter] 	at org.gradle.internal.buildprocess.execution.SessionFailureReportingActionExecutor.execute(SessionFailureReportingActionExecutor.java:39)
2026-03-16T23:45:30.215+0700 [ERROR] [org.gradle.internal.buildevents.BuildExceptionReporter] 	at org.gradle.internal.buildprocess.execution.SetupLoggingActionExecutor.execute(SetupLoggingActionExecutor.java:47)
2026-03-16T23:45:30.215+0700 [ERROR] [org.gradle.internal.buildevents.BuildExceptionReporter] 	at org.gradle.internal.buildprocess.execution.SetupLoggingActionExecutor.execute(SetupLoggingActionExecutor.java:31)
2026-03-16T23:45:30.215+0700 [ERROR] [org.gradle.internal.buildevents.BuildExceptionReporter] 	at org.gradle.launcher.daemon.server.exec.ExecuteBuild.doBuild(ExecuteBuild.java:70)
2026-03-16T23:45:30.215+0700 [ERROR] [org.gradle.internal.buildevents.BuildExceptionReporter] 	at org.gradle.launcher.daemon.server.exec.BuildCommandOnly.execute(BuildCommandOnly.java:37)
2026-03-16T23:45:30.215+0700 [ERROR] [org.gradle.internal.buildevents.BuildExceptionReporter] 	at org.gradle.launcher.daemon.server.api.DaemonCommandExecution.proceed(DaemonCommandExecution.java:104)
2026-03-16T23:45:30.216+0700 [ERROR] [org.gradle.internal.buildevents.BuildExceptionReporter] 	at org.gradle.launcher.daemon.server.exec.WatchForDisconnection.execute(WatchForDisconnection.java:39)
2026-03-16T23:45:30.216+0700 [ERROR] [org.gradle.internal.buildevents.BuildExceptionReporter] 	at org.gradle.launcher.daemon.server.api.DaemonCommandExecution.proceed(DaemonCommandExecution.java:104)
2026-03-16T23:45:30.216+0700 [ERROR] [org.gradle.internal.buildevents.BuildExceptionReporter] 	at org.gradle.launcher.daemon.server.exec.ResetDeprecationLogger.execute(ResetDeprecationLogger.java:29)
2026-03-16T23:45:30.216+0700 [ERROR] [org.gradle.internal.buildevents.BuildExceptionReporter] 	at org.gradle.launcher.daemon.server.api.DaemonCommandExecution.proceed(DaemonCommandExecution.java:104)
2026-03-16T23:45:30.216+0700 [ERROR] [org.gradle.internal.buildevents.BuildExceptionReporter] 	at org.gradle.launcher.daemon.server.exec.RequestStopIfSingleUsedDaemon.execute(RequestStopIfSingleUsedDaemon.java:35)
2026-03-16T23:45:30.216+0700 [ERROR] [org.gradle.internal.buildevents.BuildExceptionReporter] 	at org.gradle.launcher.daemon.server.api.DaemonCommandExecution.proceed(DaemonCommandExecution.java:104)
2026-03-16T23:45:30.216+0700 [ERROR] [org.gradle.internal.buildevents.BuildExceptionReporter] 	at org.gradle.launcher.daemon.server.exec.ForwardClientInput.lambda$execute$0(ForwardClientInput.java:40)
2026-03-16T23:45:30.217+0700 [ERROR] [org.gradle.internal.buildevents.BuildExceptionReporter] 	at org.gradle.internal.daemon.clientinput.ClientInputForwarder.forwardInput(ClientInputForwarder.java:80)
2026-03-16T23:45:30.217+0700 [ERROR] [org.gradle.internal.buildevents.BuildExceptionReporter] 	at org.gradle.launcher.daemon.server.exec.ForwardClientInput.execute(ForwardClientInput.java:37)
2026-03-16T23:45:30.217+0700 [ERROR] [org.gradle.internal.buildevents.BuildExceptionReporter] 	at org.gradle.launcher.daemon.server.api.DaemonCommandExecution.proceed(DaemonCommandExecution.java:104)
2026-03-16T23:45:30.217+0700 [ERROR] [org.gradle.internal.buildevents.BuildExceptionReporter] 	at org.gradle.launcher.daemon.server.exec.LogAndCheckHealth.execute(LogAndCheckHealth.java:64)
2026-03-16T23:45:30.217+0700 [ERROR] [org.gradle.internal.buildevents.BuildExceptionReporter] 	at org.gradle.launcher.daemon.server.api.DaemonCommandExecution.proceed(DaemonCommandExecution.java:104)
2026-03-16T23:45:30.217+0700 [ERROR] [org.gradle.internal.buildevents.BuildExceptionReporter] 	at org.gradle.launcher.daemon.server.exec.LogToClient.doBuild(LogToClient.java:63)
2026-03-16T23:45:30.217+0700 [ERROR] [org.gradle.internal.buildevents.BuildExceptionReporter] 	at org.gradle.launcher.daemon.server.exec.BuildCommandOnly.execute(BuildCommandOnly.java:37)
2026-03-16T23:45:30.217+0700 [ERROR] [org.gradle.internal.buildevents.BuildExceptionReporter] 	at org.gradle.launcher.daemon.server.api.DaemonCommandExecution.proceed(DaemonCommandExecution.java:104)
2026-03-16T23:45:30.217+0700 [ERROR] [org.gradle.internal.buildevents.BuildExceptionReporter] 	at org.gradle.launcher.daemon.server.exec.EstablishBuildEnvironment.doBuild(EstablishBuildEnvironment.java:84)
2026-03-16T23:45:30.218+0700 [ERROR] [org.gradle.internal.buildevents.BuildExceptionReporter] 	at org.gradle.launcher.daemon.server.exec.BuildCommandOnly.execute(BuildCommandOnly.java:37)
2026-03-16T23:45:30.218+0700 [ERROR] [org.gradle.internal.buildevents.BuildExceptionReporter] 	at org.gradle.launcher.daemon.server.api.DaemonCommandExecution.proceed(DaemonCommandExecution.java:104)
2026-03-16T23:45:30.218+0700 [ERROR] [org.gradle.internal.buildevents.BuildExceptionReporter] 	at org.gradle.launcher.daemon.server.exec.StartBuildOrRespondWithBusy$1.run(StartBuildOrRespondWithBusy.java:52)
2026-03-16T23:45:30.218+0700 [ERROR] [org.gradle.internal.buildevents.BuildExceptionReporter] 	at org.gradle.launcher.daemon.server.DaemonStateCoordinator.lambda$runCommand$0(DaemonStateCoordinator.java:321)
2026-03-16T23:45:30.218+0700 [ERROR] [org.gradle.internal.buildevents.BuildExceptionReporter] 	at org.gradle.internal.concurrent.ExecutorPolicy$CatchAndRecordFailures.onExecute(ExecutorPolicy.java:64)
2026-03-16T23:45:30.218+0700 [ERROR] [org.gradle.internal.buildevents.BuildExceptionReporter] 	at org.gradle.internal.concurrent.AbstractManagedExecutor$1.run(AbstractManagedExecutor.java:47)
2026-03-16T23:45:30.218+0700 [ERROR] [org.gradle.internal.buildevents.BuildExceptionReporter] 
2026-03-16T23:45:30.218+0700 [ERROR] [org.gradle.internal.buildevents.BuildResultLogger] 
2026-03-16T23:45:30.218+0700 [ERROR] [org.gradle.internal.buildevents.BuildResultLogger] BUILD FAILED in 3s
2026-03-16T23:45:30.219+0700 [DEBUG] [org.gradle.internal.operations.DefaultBuildOperationRunner] Build operation 'Build finished for file system watching' started
2026-03-16T23:45:30.221+0700 [INFO] [org.gradle.internal.watch.registry.impl.HierarchicalFileWatcherUpdater] Watched directory hierarchies: []
2026-03-16T23:45:30.222+0700 [DEBUG] [org.gradle.internal.operations.DefaultBuildOperationRunner] Completing Build operation 'Build finished for file system watching'
2026-03-16T23:45:30.222+0700 [DEBUG] [org.gradle.internal.operations.DefaultBuildOperationRunner] Build operation 'Build finished for file system watching' completed
2026-03-16T23:45:30.225+0700 [DEBUG] [org.gradle.cache.internal.LockOnDemandCrossProcessCacheAccess] Releasing file lock for cache directory md-supplier (C:\Users\USER\.gradle\caches\9.3.1\md-supplier)
2026-03-16T23:45:30.225+0700 [DEBUG] [org.gradle.cache.internal.DefaultFileLockManager] Releasing lock on cache directory md-supplier (C:\Users\USER\.gradle\caches\9.3.1\md-supplier).
2026-03-16T23:45:30.227+0700 [DEBUG] [org.gradle.cache.internal.LockOnDemandCrossProcessCacheAccess] Releasing file lock for Build Output Cleanup Cache (D:\Projects\HealthCareFitness_Android\.gradle\buildOutputCleanup)
2026-03-16T23:45:30.227+0700 [DEBUG] [org.gradle.cache.internal.DefaultFileLockManager] Releasing lock on Build Output Cleanup Cache (D:\Projects\HealthCareFitness_Android\.gradle\buildOutputCleanup).
2026-03-16T23:45:30.228+0700 [DEBUG] [org.gradle.cache.internal.LockOnDemandCrossProcessCacheAccess] Releasing file lock for cache directory md-rule (C:\Users\USER\.gradle\caches\9.3.1\md-rule)
2026-03-16T23:45:30.228+0700 [DEBUG] [org.gradle.cache.internal.DefaultFileLockManager] Releasing lock on cache directory md-rule (C:\Users\USER\.gradle\caches\9.3.1\md-rule).
2026-03-16T23:45:30.230+0700 [DEBUG] [org.gradle.api.internal.artifacts.ivyservice.resolveengine.store.CachedStoreFactory] Resolution result cache closed. Cache reads: 0, disk reads: 0 (avg: 0.0 secs, total: 0.0 secs)
2026-03-16T23:45:30.232+0700 [DEBUG] [org.gradle.api.internal.artifacts.ivyservice.resolveengine.store.CachedStoreFactory] Resolution result cache closed. Cache reads: 0, disk reads: 0 (avg: 0.0 secs, total: 0.0 secs)
2026-03-16T23:45:30.233+0700 [DEBUG] [org.gradle.api.internal.artifacts.ivyservice.resolveengine.store.ResolutionResultsStoreFactory] Deleted 2 resolution results binary files in 0.003 secs
2026-03-16T23:45:30.233+0700 [DEBUG] [org.gradle.internal.operations.DefaultBuildOperationRunner] Completing Build operation 'Run build'
2026-03-16T23:45:30.233+0700 [DEBUG] [org.gradle.internal.operations.DefaultBuildOperationRunner] Build operation 'Run build' completed
2026-03-16T23:45:30.233+0700 [DEBUG] [org.gradle.internal.resources.AbstractTrackedResourceLock] Daemon worker Thread 4: released lock on worker lease
2026-03-16T23:45:30.239+0700 [DEBUG] [org.gradle.deployment.internal.DefaultDeploymentRegistry] Stopping 0 deployment handles
2026-03-16T23:45:30.240+0700 [DEBUG] [org.gradle.deployment.internal.DefaultDeploymentRegistry] Stopped deployment handles
2026-03-16T23:45:30.240+0700 [DEBUG] [org.gradle.cache.internal.LockOnDemandCrossProcessCacheAccess] Releasing file lock for file hash cache (D:\Projects\HealthCareFitness_Android\.gradle\9.3.1\fileHashes)
2026-03-16T23:45:30.241+0700 [DEBUG] [org.gradle.cache.internal.DefaultFileLockManager] Releasing lock on file hash cache (D:\Projects\HealthCareFitness_Android\.gradle\9.3.1\fileHashes).
2026-03-16T23:45:30.242+0700 [DEBUG] [org.gradle.cache.internal.LockOnDemandCrossProcessCacheAccess] Releasing file lock for checksums cache (D:\Projects\HealthCareFitness_Android\.gradle\9.3.1\checksums)
2026-03-16T23:45:30.242+0700 [DEBUG] [org.gradle.cache.internal.DefaultFileLockManager] Releasing lock on checksums cache (D:\Projects\HealthCareFitness_Android\.gradle\9.3.1\checksums).
2026-03-16T23:45:30.243+0700 [DEBUG] [org.gradle.cache.internal.DefaultCacheCleanupExecutor] VCS Checkout Cache (D:\Projects\HealthCareFitness_Android\.gradle\vcs-1) has last been fully cleaned up 0 hours ago
2026-03-16T23:45:30.244+0700 [DEBUG] [org.gradle.cache.internal.DefaultCacheCleanupExecutor] Skipping cleanup for VCS Checkout Cache (D:\Projects\HealthCareFitness_Android\.gradle\vcs-1) as it is not yet due
2026-03-16T23:45:30.244+0700 [DEBUG] [org.gradle.cache.internal.DefaultCacheCoordinator] Cache VCS Checkout Cache (D:\Projects\HealthCareFitness_Android\.gradle\vcs-1) was closed 0 times.
2026-03-16T23:45:30.244+0700 [DEBUG] [org.gradle.cache.internal.DefaultCacheCoordinator] Cache VCS metadata (D:\Projects\HealthCareFitness_Android\.gradle\9.3.1\vcsMetadata) was closed 0 times.
2026-03-16T23:45:30.244+0700 [DEBUG] [org.gradle.cache.internal.DefaultCacheCoordinator] Cache Compressed Files Expansion Cache (D:\Projects\HealthCareFitness_Android\.gradle\9.3.1\expanded) was closed 0 times.
2026-03-16T23:45:30.244+0700 [DEBUG] [org.gradle.internal.operations.DefaultBuildOperationRunner] Build operation 'Deleting unused version-specific caches in D:\Projects\HealthCareFitness_Android\.gradle' started
2026-03-16T23:45:30.245+0700 [DEBUG] [org.gradle.internal.operations.DefaultBuildOperationRunner] Completing Build operation 'Deleting unused version-specific caches in D:\Projects\HealthCareFitness_Android\.gradle'
2026-03-16T23:45:30.245+0700 [DEBUG] [org.gradle.internal.operations.DefaultBuildOperationRunner] Build operation 'Deleting unused version-specific caches in D:\Projects\HealthCareFitness_Android\.gradle' completed
2026-03-16T23:45:30.245+0700 [DEBUG] [org.gradle.cache.internal.LockOnDemandCrossProcessCacheAccess] Releasing file lock for cache directory 19666b7ee7477488faba75fa6199859f9eeb0a35 (C:\Users\USER\.gradle\caches\9.3.1\dependencies-accessors\19666b7ee7477488faba75fa6199859f9eeb0a35)
2026-03-16T23:45:30.245+0700 [DEBUG] [org.gradle.cache.internal.DefaultFileLockManager] Releasing lock on cache directory 19666b7ee7477488faba75fa6199859f9eeb0a35 (C:\Users\USER\.gradle\caches\9.3.1\dependencies-accessors\19666b7ee7477488faba75fa6199859f9eeb0a35).
2026-03-16T23:45:30.246+0700 [DEBUG] [org.gradle.cache.internal.DefaultCacheCleanupExecutor] dependencies-accessors (C:\Users\USER\.gradle\caches\9.3.1\dependencies-accessors) has last been fully cleaned up 0 hours ago
2026-03-16T23:45:30.246+0700 [DEBUG] [org.gradle.cache.internal.DefaultCacheCleanupExecutor] Skipping cleanup for dependencies-accessors (C:\Users\USER\.gradle\caches\9.3.1\dependencies-accessors) as it is not yet due
2026-03-16T23:45:30.246+0700 [DEBUG] [org.gradle.cache.internal.DefaultCacheCoordinator] Cache dependencies-accessors (C:\Users\USER\.gradle\caches\9.3.1\dependencies-accessors) was closed 0 times.
2026-03-16T23:45:30.257+0700 [DEBUG] [org.gradle.launcher.daemon.server.exec.ExecuteBuild] The daemon has finished executing the build.
2026-03-16T23:45:30.315+0700 [DEBUG] [org.gradle.launcher.daemon.client.DaemonClientConnection] thread 3: dispatching class org.gradle.launcher.daemon.protocol.CloseInput
2026-03-16T23:45:30.316+0700 [DEBUG] [org.gradle.launcher.daemon.client.DaemonClient] Received result Success[value=org.gradle.launcher.exec.BuildActionResult@4e70a728] from daemon DaemonInfo{pid=33984, address=[b9f39e0f-41c8-4e41-9fe6-503cdd462b0a port:58426, addresses:[/127.0.0.1]], state=Idle, lastBusy=1773679409690, context=DefaultDaemonContext[uid=06f531bd-5e7d-448b-908d-d98f7ae92f3c,javaHome=C:\Program Files\Java\jdk-24,javaVersion=24,javaVendor=Oracle Corporation,daemonRegistryDir=C:\Users\USER\.gradle\daemon,pid=33984,idleTimeout=10800000,priority=NORMAL,applyInstrumentationAgent=true,nativeServicesMode=ENABLED,daemonOpts=-Xmx2048m,-Dfile.encoding=UTF-8,-Duser.country=US,-Duser.language=en,-Duser.variant]} (build should be done).
2026-03-16T23:45:30.316+0700 [DEBUG] [org.gradle.launcher.daemon.client.DaemonClientConnection] thread 3: dispatching class org.gradle.launcher.daemon.protocol.Finished
2026-03-16T23:45:30.316+0700 [DEBUG] [org.gradle.launcher.daemon.client.DaemonClientConnection] thread 3: connection stop
2026-03-16T23:45:30.319+0700 [DEBUG] [org.gradle.cache.internal.DefaultCacheCoordinator] Cache cache directory jvms (C:\Users\USER\.gradle\caches\9.3.1\jvms) was closed 0 times.
2026-03-16T23:45:30.319+0700 [LIFECYCLE] [org.gradle.launcher.cli.DebugLoggerWarningAction] 
#############################################################################
   WARNING WARNING WARNING WARNING WARNING WARNING WARNING WARNING WARNING

   Debug level logging will leak security sensitive information!

   For more details, please refer to https://docs.gradle.org/9.3.1/userguide/logging.html#sec:debug_security in the Gradle documentation.
#############################################################################

